[0;32mRunning all MIDAS tests...[0m

[0;32m✓ Postgres is already running[0m
[1;33mWaiting for Postgres to be ready...[0m
[0;32m✓ Postgres is ready[0m
[1;33mInitializing database schema...[0m
[0;32m✓ Database schema initialized[0m

[1;33mRunning:[0m go test -p 1 -count=1 ./... -v -timeout 120s
go: downloading github.com/google/uuid v1.6.0
go: downloading github.com/segmentio/kafka-go v0.4.50
go: downloading github.com/coreos/go-oidc/v3 v3.17.0
go: downloading golang.org/x/crypto v0.49.0
go: downloading golang.org/x/oauth2 v0.36.0
go: downloading github.com/lib/pq v1.11.2
go: downloading gopkg.in/yaml.v3 v3.0.1
go: downloading github.com/go-jose/go-jose/v4 v4.1.3
go: downloading github.com/klauspost/compress v1.18.4
go: downloading github.com/pierrec/lz4/v4 v4.1.25
=== RUN   TestBuildAuthenticator_NilWhenNoTokens
--- PASS: TestBuildAuthenticator_NilWhenNoTokens (0.00s)
=== RUN   TestBuildAuthenticator_BuildsFromTokenEntries
--- PASS: TestBuildAuthenticator_BuildsFromTokenEntries (0.00s)
=== RUN   TestBuildAuthenticator_MultipleRoles
--- PASS: TestBuildAuthenticator_MultipleRoles (0.00s)
=== RUN   TestBuildAuthenticator_NoRoles
--- PASS: TestBuildAuthenticator_NoRoles (0.00s)
=== RUN   TestProductionWiring_ApproveSurface_EndpointIsWired
--- PASS: TestProductionWiring_ApproveSurface_EndpointIsWired (0.00s)
PASS
ok  	github.com/accept-io/midas/cmd/midas	0.012s
=== RUN   TestAgentType_IsValid
=== RUN   TestAgentType_IsValid/ai
=== RUN   TestAgentType_IsValid/service
=== RUN   TestAgentType_IsValid/operator
=== RUN   TestAgentType_IsValid/empty
=== RUN   TestAgentType_IsValid/stale_human
=== RUN   TestAgentType_IsValid/stale_system
=== RUN   TestAgentType_IsValid/stale_hybrid
=== RUN   TestAgentType_IsValid/arbitrary
--- PASS: TestAgentType_IsValid (0.00s)
    --- PASS: TestAgentType_IsValid/ai (0.00s)
    --- PASS: TestAgentType_IsValid/service (0.00s)
    --- PASS: TestAgentType_IsValid/operator (0.00s)
    --- PASS: TestAgentType_IsValid/empty (0.00s)
    --- PASS: TestAgentType_IsValid/stale_human (0.00s)
    --- PASS: TestAgentType_IsValid/stale_system (0.00s)
    --- PASS: TestAgentType_IsValid/stale_hybrid (0.00s)
    --- PASS: TestAgentType_IsValid/arbitrary (0.00s)
=== RUN   TestAgentType_Validate
=== RUN   TestAgentType_Validate/valid_types_return_nil
=== RUN   TestAgentType_Validate/stale_DB_values_return_ErrInvalidAgentType
=== RUN   TestAgentType_Validate/error_message_includes_the_invalid_value
--- PASS: TestAgentType_Validate (0.00s)
    --- PASS: TestAgentType_Validate/valid_types_return_nil (0.00s)
    --- PASS: TestAgentType_Validate/stale_DB_values_return_ErrInvalidAgentType (0.00s)
    --- PASS: TestAgentType_Validate/error_message_includes_the_invalid_value (0.00s)
PASS
ok  	github.com/accept-io/midas/internal/agent	0.007s
=== RUN   TestNewEvent_NormalizesNilPayload
--- PASS: TestNewEvent_NormalizesNilPayload (0.00s)
=== RUN   TestNewEvent_SetsBasicFields
--- PASS: TestNewEvent_SetsBasicFields (0.00s)
=== RUN   TestNewEvent_SetsOccurredAt
--- PASS: TestNewEvent_SetsOccurredAt (0.00s)
=== RUN   TestNewEvent_InitializesEventIdentityAndLeavesComputedFieldsUnset
--- PASS: TestNewEvent_InitializesEventIdentityAndLeavesComputedFieldsUnset (0.00s)
=== RUN   TestComputeEventHash_Deterministic
--- PASS: TestComputeEventHash_Deterministic (0.00s)
=== RUN   TestComputeEventHash_PayloadChangeChangesHash
--- PASS: TestComputeEventHash_PayloadChangeChangesHash (0.00s)
=== RUN   TestComputeEventHash_PrevHashAffectsHash
--- PASS: TestComputeEventHash_PrevHashAffectsHash (0.00s)
=== RUN   TestComputeEventHash_PayloadKeyOrderDoesNotAffectHash
--- PASS: TestComputeEventHash_PayloadKeyOrderDoesNotAffectHash (0.00s)
=== RUN   TestVerifyAuditIntegrity_ValidChain
--- PASS: TestVerifyAuditIntegrity_ValidChain (0.00s)
=== RUN   TestVerifyAuditIntegrity_HashMismatch
--- PASS: TestVerifyAuditIntegrity_HashMismatch (0.00s)
=== RUN   TestVerifyAuditIntegrity_StateMismatch
--- PASS: TestVerifyAuditIntegrity_StateMismatch (0.00s)
=== RUN   TestVerifyAuditIntegrity_FirstEventWrongSequence
--- PASS: TestVerifyAuditIntegrity_FirstEventWrongSequence (0.00s)
=== RUN   TestVerifyAuditIntegrity_FirstEventNonEmptyPrevHash
--- PASS: TestVerifyAuditIntegrity_FirstEventNonEmptyPrevHash (0.00s)
=== RUN   TestVerifyAuditIntegrity_SequenceGap
--- PASS: TestVerifyAuditIntegrity_SequenceGap (0.00s)
=== RUN   TestVerifyAuditIntegrity_ChainBreak
--- PASS: TestVerifyAuditIntegrity_ChainBreak (0.00s)
=== RUN   TestVerifyAuditIntegrity_FinalEventNotStateTransition
--- PASS: TestVerifyAuditIntegrity_FinalEventNotStateTransition (0.00s)
=== RUN   TestVerifyAuditIntegrity_NoAuditTrail
--- PASS: TestVerifyAuditIntegrity_NoAuditTrail (0.00s)
=== RUN   TestMemoryRepository_Append_AssignsSequenceNumbersPerEnvelope
--- PASS: TestMemoryRepository_Append_AssignsSequenceNumbersPerEnvelope (0.00s)
=== RUN   TestMemoryRepository_Append_SetsHashChain
--- PASS: TestMemoryRepository_Append_SetsHashChain (0.00s)
=== RUN   TestMemoryRepository_ListByEnvelopeID_ReturnsOrderedEvents
--- PASS: TestMemoryRepository_ListByEnvelopeID_ReturnsOrderedEvents (0.00s)
=== RUN   TestMemoryRepository_ListByRequestID_ReturnsEvents
--- PASS: TestMemoryRepository_ListByRequestID_ReturnsEvents (0.00s)
=== RUN   TestMemoryRepository_SequenceNumbersAreIndependentPerEnvelope
--- PASS: TestMemoryRepository_SequenceNumbersAreIndependentPerEnvelope (0.00s)
=== RUN   TestMemoryRepository_ListMethods_ReturnCopiesOfSlices
--- PASS: TestMemoryRepository_ListMethods_ReturnCopiesOfSlices (0.00s)
=== RUN   TestPostgresRepository_Append_AssignsSequenceAndHashChain
--- PASS: TestPostgresRepository_Append_AssignsSequenceAndHashChain (0.13s)
=== RUN   TestPostgresRepository_ListByEnvelopeID_ReturnsOrderedEvents
--- PASS: TestPostgresRepository_ListByEnvelopeID_ReturnsOrderedEvents (0.03s)
=== RUN   TestPostgresRepository_ListByRequestID_ReturnsEvents
--- PASS: TestPostgresRepository_ListByRequestID_ReturnsEvents (0.03s)
PASS
ok  	github.com/accept-io/midas/internal/audit	0.193s
=== RUN   TestStaticTokenAuthenticator_ValidToken
--- PASS: TestStaticTokenAuthenticator_ValidToken (0.00s)
=== RUN   TestStaticTokenAuthenticator_UnknownToken
--- PASS: TestStaticTokenAuthenticator_UnknownToken (0.00s)
=== RUN   TestStaticTokenAuthenticator_NoHeader
--- PASS: TestStaticTokenAuthenticator_NoHeader (0.00s)
=== RUN   TestStaticTokenAuthenticator_NonBearerScheme
--- PASS: TestStaticTokenAuthenticator_NonBearerScheme (0.00s)
=== RUN   TestParseBearerToken
--- PASS: TestParseBearerToken (0.00s)
=== RUN   TestLoadStaticTokensFromEnv_Empty
--- PASS: TestLoadStaticTokensFromEnv_Empty (0.00s)
=== RUN   TestLoadStaticTokensFromEnv_Valid
--- PASS: TestLoadStaticTokensFromEnv_Valid (0.00s)
=== RUN   TestLoadStaticTokensFromEnv_Malformed
--- PASS: TestLoadStaticTokensFromEnv_Malformed (0.00s)
PASS
ok  	github.com/accept-io/midas/internal/auth	0.007s
?   	github.com/accept-io/midas/internal/authority	[no test files]
=== RUN   TestApplyServiceWiring_WithRepos_PersistsAllKinds
--- PASS: TestApplyServiceWiring_WithRepos_PersistsAllKinds (0.00s)
=== RUN   TestValidate_DispatcherDisabled_NoKafka_Valid
--- PASS: TestValidate_DispatcherDisabled_NoKafka_Valid (0.00s)
=== RUN   TestValidate_DispatcherDisabled_KafkaPresent_Valid
--- PASS: TestValidate_DispatcherDisabled_KafkaPresent_Valid (0.00s)
=== RUN   TestValidate_DispatcherEnabled_PublisherNone_Invalid
--- PASS: TestValidate_DispatcherEnabled_PublisherNone_Invalid (0.00s)
=== RUN   TestValidate_DispatcherEnabled_EmptyPublisher_Invalid
--- PASS: TestValidate_DispatcherEnabled_EmptyPublisher_Invalid (0.00s)
=== RUN   TestValidate_DispatcherDisabled_PublisherNone_Valid
--- PASS: TestValidate_DispatcherDisabled_PublisherNone_Valid (0.00s)
=== RUN   TestValidate_DispatcherEnabled_KafkaWithBrokers_Valid
--- PASS: TestValidate_DispatcherEnabled_KafkaWithBrokers_Valid (0.00s)
=== RUN   TestValidate_DispatcherEnabled_KafkaNoBrokers_Invalid
--- PASS: TestValidate_DispatcherEnabled_KafkaNoBrokers_Invalid (0.00s)
=== RUN   TestValidate_DispatcherEnabled_UnknownPublisher_Invalid
--- PASS: TestValidate_DispatcherEnabled_UnknownPublisher_Invalid (0.00s)
=== RUN   TestLoadAppConfig_Defaults
--- PASS: TestLoadAppConfig_Defaults (0.00s)
=== RUN   TestLoadAppConfig_DispatcherEnabled_KafkaBrokers
--- PASS: TestLoadAppConfig_DispatcherEnabled_KafkaBrokers (0.00s)
=== RUN   TestLoadAppConfig_InvalidBoolEnabled_ReturnsError
--- PASS: TestLoadAppConfig_InvalidBoolEnabled_ReturnsError (0.00s)
=== RUN   TestLoadAppConfig_InvalidBatchSize_ReturnsError
--- PASS: TestLoadAppConfig_InvalidBatchSize_ReturnsError (0.00s)
=== RUN   TestLoadAppConfig_InvalidPollInterval_ReturnsError
--- PASS: TestLoadAppConfig_InvalidPollInterval_ReturnsError (0.00s)
=== RUN   TestLoadAppConfig_InvalidRequiredAcks_ReturnsError
--- PASS: TestLoadAppConfig_InvalidRequiredAcks_ReturnsError (0.00s)
=== RUN   TestBuildDispatcher_DispatcherDisabled_ReturnsNilDispatcher
--- PASS: TestBuildDispatcher_DispatcherDisabled_ReturnsNilDispatcher (0.00s)
=== RUN   TestBuildDispatcher_EnabledPublisherNone_ReturnsError
--- PASS: TestBuildDispatcher_EnabledPublisherNone_ReturnsError (0.00s)
=== RUN   TestBuildDispatcher_EnabledNilRepo_ReturnsError
--- PASS: TestBuildDispatcher_EnabledNilRepo_ReturnsError (0.00s)
=== RUN   TestBuildDispatcher_KafkaWithBrokers_ReturnsDispatcher
--- PASS: TestBuildDispatcher_KafkaWithBrokers_ReturnsDispatcher (0.00s)
=== RUN   TestBuildDispatcher_KafkaNoBrokers_ReturnsError
--- PASS: TestBuildDispatcher_KafkaNoBrokers_ReturnsError (0.00s)
=== RUN   TestBuildDispatcher_Disabled_ReturnsNilWiringNoError
--- PASS: TestBuildDispatcher_Disabled_ReturnsNilWiringNoError (0.00s)
=== RUN   TestBuildDispatcher_Disabled_CloseIsSafe
--- PASS: TestBuildDispatcher_Disabled_CloseIsSafe (0.00s)
=== RUN   TestBuildDispatcher_EnabledKafkaWithRepo_ReturnsNonNilDispatcher
--- PASS: TestBuildDispatcher_EnabledKafkaWithRepo_ReturnsNonNilDispatcher (0.00s)
=== RUN   TestBuildDispatcher_EnabledNilOutboxRepo_ReturnsError
--- PASS: TestBuildDispatcher_EnabledNilOutboxRepo_ReturnsError (0.00s)
=== RUN   TestBuildDispatcher_EnabledPublisherNone_ReturnsError_Wiring
--- PASS: TestBuildDispatcher_EnabledPublisherNone_ReturnsError_Wiring (0.00s)
=== RUN   TestBuildDispatcher_EnabledEmptyPublisher_ReturnsError
--- PASS: TestBuildDispatcher_EnabledEmptyPublisher_ReturnsError (0.00s)
=== RUN   TestBuildDispatcher_EnabledUnknownPublisher_ReturnsError
--- PASS: TestBuildDispatcher_EnabledUnknownPublisher_ReturnsError (0.00s)
PASS
ok  	github.com/accept-io/midas/internal/bootstrap	0.012s
=== RUN   TestDefaultConfig
--- PASS: TestDefaultConfig (0.00s)
=== RUN   TestDefaultConfig_Values
=== RUN   TestDefaultConfig_Values/version
=== RUN   TestDefaultConfig_Values/profile
=== RUN   TestDefaultConfig_Values/store.backend
=== RUN   TestDefaultConfig_Values/auth.mode
=== RUN   TestDefaultConfig_Values/server.port
=== RUN   TestDefaultConfig_Values/observability.log_level
=== RUN   TestDefaultConfig_Values/observability.log_format
=== RUN   TestDefaultConfig_Values/local_iam.enabled
=== RUN   TestDefaultConfig_Values/dispatcher.enabled
=== RUN   TestDefaultConfig_Values/dispatcher.publisher
=== RUN   TestDefaultConfig_Values/dispatcher.batch_size
=== RUN   TestDefaultConfig_Values/kafka.client_id
=== RUN   TestDefaultConfig_Values/kafka.required_acks
--- PASS: TestDefaultConfig_Values (0.00s)
    --- PASS: TestDefaultConfig_Values/version (0.00s)
    --- PASS: TestDefaultConfig_Values/profile (0.00s)
    --- PASS: TestDefaultConfig_Values/store.backend (0.00s)
    --- PASS: TestDefaultConfig_Values/auth.mode (0.00s)
    --- PASS: TestDefaultConfig_Values/server.port (0.00s)
    --- PASS: TestDefaultConfig_Values/observability.log_level (0.00s)
    --- PASS: TestDefaultConfig_Values/observability.log_format (0.00s)
    --- PASS: TestDefaultConfig_Values/local_iam.enabled (0.00s)
    --- PASS: TestDefaultConfig_Values/dispatcher.enabled (0.00s)
    --- PASS: TestDefaultConfig_Values/dispatcher.publisher (0.00s)
    --- PASS: TestDefaultConfig_Values/dispatcher.batch_size (0.00s)
    --- PASS: TestDefaultConfig_Values/kafka.client_id (0.00s)
    --- PASS: TestDefaultConfig_Values/kafka.required_acks (0.00s)
=== RUN   TestDuration_UnmarshalYAML
=== RUN   TestDuration_UnmarshalYAML/30s
=== RUN   TestDuration_UnmarshalYAML/2m
=== RUN   TestDuration_UnmarshalYAML/1h30m
=== RUN   TestDuration_UnmarshalYAML/500ms
--- PASS: TestDuration_UnmarshalYAML (0.00s)
    --- PASS: TestDuration_UnmarshalYAML/30s (0.00s)
    --- PASS: TestDuration_UnmarshalYAML/2m (0.00s)
    --- PASS: TestDuration_UnmarshalYAML/1h30m (0.00s)
    --- PASS: TestDuration_UnmarshalYAML/500ms (0.00s)
=== RUN   TestParseEnvTokens_ValidSingle
--- PASS: TestParseEnvTokens_ValidSingle (0.00s)
=== RUN   TestParseEnvTokens_Multiple
--- PASS: TestParseEnvTokens_Multiple (0.00s)
=== RUN   TestParseEnvTokens_NoRoles
--- PASS: TestParseEnvTokens_NoRoles (0.00s)
=== RUN   TestParseEnvTokens_SkipsEmptyEntries
--- PASS: TestParseEnvTokens_SkipsEmptyEntries (0.00s)
=== RUN   TestParseEnvTokens_MalformedEntry
--- PASS: TestParseEnvTokens_MalformedEntry (0.00s)
=== RUN   TestParseEnvTokens_EmptyToken
--- PASS: TestParseEnvTokens_EmptyToken (0.00s)
=== RUN   TestParseEnvTokens_EmptyPrincipal
--- PASS: TestParseEnvTokens_EmptyPrincipal (0.00s)
=== RUN   TestLoad_PureDefaults
--- PASS: TestLoad_PureDefaults (0.00s)
=== RUN   TestLoad_EnvOverridesDefaults
--- PASS: TestLoad_EnvOverridesDefaults (0.00s)
=== RUN   TestLoad_AuthTokensFromEnv
--- PASS: TestLoad_AuthTokensFromEnv (0.00s)
=== RUN   TestLoad_KafkaBrokersFromEnv
--- PASS: TestLoad_KafkaBrokersFromEnv (0.00s)
=== RUN   TestLoad_InvalidServerPort
--- PASS: TestLoad_InvalidServerPort (0.00s)
=== RUN   TestLoad_InvalidDispatcherEnabled
--- PASS: TestLoad_InvalidDispatcherEnabled (0.00s)
=== RUN   TestLoad_FileOverridesDefaults
--- PASS: TestLoad_FileOverridesDefaults (0.00s)
=== RUN   TestLoad_EnvOverridesFile
--- PASS: TestLoad_EnvOverridesFile (0.00s)
=== RUN   TestLoad_UnknownFieldsRejected
--- PASS: TestLoad_UnknownFieldsRejected (0.00s)
=== RUN   TestLoad_PlaceholderExpansion
--- PASS: TestLoad_PlaceholderExpansion (0.00s)
=== RUN   TestLoad_UnresolvedPlaceholderFails
--- PASS: TestLoad_UnresolvedPlaceholderFails (0.00s)
=== RUN   TestLoad_MIDASSConfigEnvVar
--- PASS: TestLoad_MIDASSConfigEnvVar (0.00s)
=== RUN   TestLoad_EnvOverridePlaceholder_DoesNotExpandUnusedPlaceholder
--- PASS: TestLoad_EnvOverridePlaceholder_DoesNotExpandUnusedPlaceholder (0.00s)
=== RUN   TestLoad_PlaceholderExpanded_AfterEnvOverlay
--- PASS: TestLoad_PlaceholderExpanded_AfterEnvOverlay (0.00s)
=== RUN   TestLoad_UnresolvedPlaceholder_FailsWhenActive
--- PASS: TestLoad_UnresolvedPlaceholder_FailsWhenActive (0.00s)
=== RUN   TestLoad_MIDAS_STORE_BACKEND_Recognized
--- PASS: TestLoad_MIDAS_STORE_BACKEND_Recognized (0.00s)
=== RUN   TestLoad_MIDAS_STORE_KIND_NotRecognized
--- PASS: TestLoad_MIDAS_STORE_KIND_NotRecognized (0.00s)
=== RUN   TestLoad_MIDAS_LOCAL_IAM_ENABLED_FalseOverridesDefault
--- PASS: TestLoad_MIDAS_LOCAL_IAM_ENABLED_FalseOverridesDefault (0.00s)
=== RUN   TestLoad_MIDAS_LOCAL_IAM_ENABLED_OverridesFile
--- PASS: TestLoad_MIDAS_LOCAL_IAM_ENABLED_OverridesFile (0.00s)
=== RUN   TestLoad_MIDAS_OIDC_ENABLED_OverridesFile
--- PASS: TestLoad_MIDAS_OIDC_ENABLED_OverridesFile (0.00s)
=== RUN   TestLoad_MIDAS_OIDC_CLIENT_ID_OverridesFile
--- PASS: TestLoad_MIDAS_OIDC_CLIENT_ID_OverridesFile (0.00s)
=== RUN   TestLoad_MIDAS_OIDC_CLIENT_SECRET_OverridesFile
--- PASS: TestLoad_MIDAS_OIDC_CLIENT_SECRET_OverridesFile (0.00s)
=== RUN   TestLoad_MIDAS_CONTROL_PLANE_ENABLED_OverridesDefault
--- PASS: TestLoad_MIDAS_CONTROL_PLANE_ENABLED_OverridesDefault (0.00s)
=== RUN   TestLoad_FileValues_UsedWhenEnvAbsent
--- PASS: TestLoad_FileValues_UsedWhenEnvAbsent (0.00s)
=== RUN   TestLoad_DirectEnvAndPlaceholder_WorkTogether
--- PASS: TestLoad_DirectEnvAndPlaceholder_WorkTogether (0.00s)
=== RUN   TestLoad_LocalIAMAndPlatformOIDC_InSources_PureDefaults
--- PASS: TestLoad_LocalIAMAndPlatformOIDC_InSources_PureDefaults (0.00s)
=== RUN   TestLoad_LocalIAMAndPlatformOIDC_InSources_FromFile
--- PASS: TestLoad_LocalIAMAndPlatformOIDC_InSources_FromFile (0.00s)
=== RUN   TestLoad_ServerHeadless_DefaultsFalse
--- PASS: TestLoad_ServerHeadless_DefaultsFalse (0.00s)
=== RUN   TestLoad_MIDAS_SERVER_HEADLESS_OverridesDefault
--- PASS: TestLoad_MIDAS_SERVER_HEADLESS_OverridesDefault (0.00s)
=== RUN   TestLoad_MIDAS_SERVER_HEADLESS_OverridesFile
--- PASS: TestLoad_MIDAS_SERVER_HEADLESS_OverridesFile (0.00s)
=== RUN   TestLoad_HeadlessWithLocalIAMEnabled_TriggersFatalValidation
--- PASS: TestLoad_HeadlessWithLocalIAMEnabled_TriggersFatalValidation (0.00s)
=== RUN   TestLoad_InvalidBooleanEnvVars_ReturnErrors
=== RUN   TestLoad_InvalidBooleanEnvVars_ReturnErrors/MIDAS_LOCAL_IAM_ENABLED
=== RUN   TestLoad_InvalidBooleanEnvVars_ReturnErrors/MIDAS_OIDC_ENABLED
=== RUN   TestLoad_InvalidBooleanEnvVars_ReturnErrors/MIDAS_CONTROL_PLANE_ENABLED
--- PASS: TestLoad_InvalidBooleanEnvVars_ReturnErrors (0.00s)
    --- PASS: TestLoad_InvalidBooleanEnvVars_ReturnErrors/MIDAS_LOCAL_IAM_ENABLED (0.00s)
    --- PASS: TestLoad_InvalidBooleanEnvVars_ReturnErrors/MIDAS_OIDC_ENABLED (0.00s)
    --- PASS: TestLoad_InvalidBooleanEnvVars_ReturnErrors/MIDAS_CONTROL_PLANE_ENABLED (0.00s)
=== RUN   TestLoad_MIDAS_DEV_SEED_DEMO_USER_SetsFlag
--- PASS: TestLoad_MIDAS_DEV_SEED_DEMO_USER_SetsFlag (0.00s)
=== RUN   TestLoad_MIDAS_DEV_SEED_DEMO_USER_DefaultFalse
--- PASS: TestLoad_MIDAS_DEV_SEED_DEMO_USER_DefaultFalse (0.00s)
=== RUN   TestExplorerUnauthenticated
=== RUN   TestExplorerUnauthenticated/explorer_enabled_no_iam_no_oidc_warns
=== RUN   TestExplorerUnauthenticated/explorer_enabled_local_iam_active_no_warn
=== RUN   TestExplorerUnauthenticated/explorer_enabled_oidc_active_no_warn
=== RUN   TestExplorerUnauthenticated/headless_no_warn
=== RUN   TestExplorerUnauthenticated/explorer_disabled_no_warn
--- PASS: TestExplorerUnauthenticated (0.00s)
    --- PASS: TestExplorerUnauthenticated/explorer_enabled_no_iam_no_oidc_warns (0.00s)
    --- PASS: TestExplorerUnauthenticated/explorer_enabled_local_iam_active_no_warn (0.00s)
    --- PASS: TestExplorerUnauthenticated/explorer_enabled_oidc_active_no_warn (0.00s)
    --- PASS: TestExplorerUnauthenticated/headless_no_warn (0.00s)
    --- PASS: TestExplorerUnauthenticated/explorer_disabled_no_warn (0.00s)
=== RUN   TestValidateStructural_ValidDefaults
--- PASS: TestValidateStructural_ValidDefaults (0.00s)
=== RUN   TestValidateStructural_UnsupportedVersion
--- PASS: TestValidateStructural_UnsupportedVersion (0.00s)
=== RUN   TestValidateStructural_InvalidProfile
--- PASS: TestValidateStructural_InvalidProfile (0.00s)
=== RUN   TestValidateStructural_InvalidAuthMode
--- PASS: TestValidateStructural_InvalidAuthMode (0.00s)
=== RUN   TestValidateStructural_InvalidStoreBackend
--- PASS: TestValidateStructural_InvalidStoreBackend (0.00s)
=== RUN   TestValidateStructural_InvalidLogLevel
--- PASS: TestValidateStructural_InvalidLogLevel (0.00s)
=== RUN   TestValidateStructural_InvalidLogFormat
--- PASS: TestValidateStructural_InvalidLogFormat (0.00s)
=== RUN   TestValidateStructural_InvalidPort
--- PASS: TestValidateStructural_InvalidPort (0.00s)
=== RUN   TestValidateStructural_MultipleErrors
--- PASS: TestValidateStructural_MultipleErrors (0.00s)
=== RUN   TestValidateSemantic_ValidDefaults
--- PASS: TestValidateSemantic_ValidDefaults (0.00s)
=== RUN   TestValidateSemantic_PostgresRequiresDSN
--- PASS: TestValidateSemantic_PostgresRequiresDSN (0.00s)
=== RUN   TestValidateSemantic_ProductionRequiresPostgres
--- PASS: TestValidateSemantic_ProductionRequiresPostgres (0.00s)
=== RUN   TestValidateSemantic_ProductionRequiresRequiredAuth
--- PASS: TestValidateSemantic_ProductionRequiresRequiredAuth (0.00s)
=== RUN   TestValidateSemantic_ProductionValid
--- PASS: TestValidateSemantic_ProductionValid (0.00s)
=== RUN   TestValidateSemantic_RequiredAuthNeedsTokens
--- PASS: TestValidateSemantic_RequiredAuthNeedsTokens (0.00s)
=== RUN   TestValidateSemantic_EmptyTokenValue
--- PASS: TestValidateSemantic_EmptyTokenValue (0.00s)
=== RUN   TestValidateSemantic_EmptyPrincipal
--- PASS: TestValidateSemantic_EmptyPrincipal (0.00s)
=== RUN   TestValidateSemantic_DispatcherEnabledNoPublisher
--- PASS: TestValidateSemantic_DispatcherEnabledNoPublisher (0.00s)
=== RUN   TestValidateSemantic_DispatcherKafkaNoBrokers
--- PASS: TestValidateSemantic_DispatcherKafkaNoBrokers (0.00s)
=== RUN   TestValidateSemantic_DispatcherKafkaValid
--- PASS: TestValidateSemantic_DispatcherKafkaValid (0.00s)
=== RUN   TestValidateSemantic_Headless_DefaultsValid
--- PASS: TestValidateSemantic_Headless_DefaultsValid (0.00s)
=== RUN   TestValidateSemantic_Headless_WithRequiredAuth_Valid
--- PASS: TestValidateSemantic_Headless_WithRequiredAuth_Valid (0.00s)
=== RUN   TestValidateSemantic_Headless_NoLocalIAMOrOIDC_Valid
--- PASS: TestValidateSemantic_Headless_NoLocalIAMOrOIDC_Valid (0.00s)
=== RUN   TestValidateSemantic_Headless_ConflictsWithExplorerEnabled
--- PASS: TestValidateSemantic_Headless_ConflictsWithExplorerEnabled (0.00s)
=== RUN   TestValidateSemantic_Headless_ConflictsWithLocalIAM
--- PASS: TestValidateSemantic_Headless_ConflictsWithLocalIAM (0.00s)
=== RUN   TestValidateSemantic_Headless_ConflictsWithOIDC
--- PASS: TestValidateSemantic_Headless_ConflictsWithOIDC (0.00s)
=== RUN   TestValidateSemantic_Headless_AllConflicts_ReturnsAllErrors
--- PASS: TestValidateSemantic_Headless_AllConflicts_ReturnsAllErrors (0.00s)
=== RUN   TestValidateSemantic_NotHeadless_ExplorerAndIAMEnabled_Valid
--- PASS: TestValidateSemantic_NotHeadless_ExplorerAndIAMEnabled_Valid (0.00s)
=== RUN   TestValidationErrors_Error
--- PASS: TestValidationErrors_Error (0.00s)
=== RUN   TestMaskDSN
=== RUN   TestMaskDSN/#00
=== RUN   TestMaskDSN/postgres://user:pass@localhost:5432/mydb?sslmode=disable
=== RUN   TestMaskDSN/postgresql://user:secret@db.example.com/prod
=== RUN   TestMaskDSN/postgres://host/db
=== RUN   TestMaskDSN/localhost:5432/mydb
--- PASS: TestMaskDSN (0.00s)
    --- PASS: TestMaskDSN/#00 (0.00s)
    --- PASS: TestMaskDSN/postgres://user:pass@localhost:5432/mydb?sslmode=disable (0.00s)
    --- PASS: TestMaskDSN/postgresql://user:secret@db.example.com/prod (0.00s)
    --- PASS: TestMaskDSN/postgres://host/db (0.00s)
    --- PASS: TestMaskDSN/localhost:5432/mydb (0.00s)
PASS
ok  	github.com/accept-io/midas/internal/config	0.046s
=== RUN   TestNewSurfaceCreatedRecord
--- PASS: TestNewSurfaceCreatedRecord (0.00s)
=== RUN   TestNewProfileCreatedRecord
--- PASS: TestNewProfileCreatedRecord (0.00s)
=== RUN   TestNewProfileVersionedRecord
--- PASS: TestNewProfileVersionedRecord (0.00s)
=== RUN   TestNewAgentCreatedRecord
--- PASS: TestNewAgentCreatedRecord (0.00s)
=== RUN   TestNewGrantCreatedRecord
--- PASS: TestNewGrantCreatedRecord (0.00s)
=== RUN   TestNewSurfaceApprovedRecord
--- PASS: TestNewSurfaceApprovedRecord (0.00s)
=== RUN   TestNewSurfaceDeprecatedRecord
--- PASS: TestNewSurfaceDeprecatedRecord (0.00s)
=== RUN   TestRecord_IDIsUUID
--- PASS: TestRecord_IDIsUUID (0.00s)
=== RUN   TestRecord_IDsAreUnique
--- PASS: TestRecord_IDsAreUnique (0.00s)
=== RUN   TestSummaryContainsResourceID
--- PASS: TestSummaryContainsResourceID (0.00s)
PASS
ok  	github.com/accept-io/midas/internal/controlaudit	0.007s
?   	github.com/accept-io/midas/internal/controlplane	[no test files]
=== RUN   TestPlan_ValidNewResources_AllCreate
--- PASS: TestPlan_ValidNewResources_AllCreate (0.00s)
=== RUN   TestPlan_WithRepo_ValidNewSurface_Create
--- PASS: TestPlan_WithRepo_ValidNewSurface_Create (0.00s)
=== RUN   TestPlan_RepoConflict_SurfaceInReview_Conflict
--- PASS: TestPlan_RepoConflict_SurfaceInReview_Conflict (0.00s)
=== RUN   TestPlan_RepoConflict_ExistingAgent_Conflict
--- PASS: TestPlan_RepoConflict_ExistingAgent_Conflict (0.00s)
=== RUN   TestPlan_ValidationFailure_ActionInvalid
--- PASS: TestPlan_ValidationFailure_ActionInvalid (0.00s)
=== RUN   TestPlan_ValidationFailure_AllKinds_ActionInvalid
--- PASS: TestPlan_ValidationFailure_AllKinds_ActionInvalid (0.00s)
=== RUN   TestPlan_RefIntegrity_MissingSurface_Invalid
--- PASS: TestPlan_RefIntegrity_MissingSurface_Invalid (0.00s)
=== RUN   TestPlan_RefIntegrity_MissingAgentAndProfile_BothErrors
--- PASS: TestPlan_RefIntegrity_MissingAgentAndProfile_BothErrors (0.00s)
=== RUN   TestPlan_BundleDependency_ProfileReferencesInBundleSurface
--- PASS: TestPlan_BundleDependency_ProfileReferencesInBundleSurface (0.00s)
=== RUN   TestPlan_BundleDependency_GrantReferencesInBundleAgentAndProfile
--- PASS: TestPlan_BundleDependency_GrantReferencesInBundleAgentAndProfile (0.00s)
=== RUN   TestPlan_PerformsNoWrites
--- PASS: TestPlan_PerformsNoWrites (0.00s)
=== RUN   TestPlanBundle_PerformsNoWrites
--- PASS: TestPlanBundle_PerformsNoWrites (0.00s)
=== RUN   TestApply_CallsPlan_ThenExecutes
--- PASS: TestApply_CallsPlan_ThenExecutes (0.00s)
=== RUN   TestPlanResultFromPlan_ValidPlan_WouldApplyTrue
--- PASS: TestPlanResultFromPlan_ValidPlan_WouldApplyTrue (0.00s)
=== RUN   TestPlanResultFromPlan_InvalidPlan_WouldApplyFalse
--- PASS: TestPlanResultFromPlan_InvalidPlan_WouldApplyFalse (0.00s)
=== RUN   TestPlanResultFromPlan_ConflictPlan_WouldApplyFalse
--- PASS: TestPlanResultFromPlan_ConflictPlan_WouldApplyFalse (0.00s)
=== RUN   TestPlanResultFromPlan_PreservesDecisionSource
--- PASS: TestPlanResultFromPlan_PreservesDecisionSource (0.00s)
=== RUN   TestPlanResultFromPlan_PreservesValidationErrors
--- PASS: TestPlanResultFromPlan_PreservesValidationErrors (0.00s)
=== RUN   TestPlanBundle_ParseError_WrapsErrInvalidBundle
--- PASS: TestPlanBundle_ParseError_WrapsErrInvalidBundle (0.00s)
=== RUN   TestErrInvalidBundle_IsCheckable
--- PASS: TestErrInvalidBundle_IsCheckable (0.00s)
=== RUN   TestApplyBundle_ParseError_WrapsErrInvalidBundle
--- PASS: TestApplyBundle_ParseError_WrapsErrInvalidBundle (0.00s)
=== RUN   TestApplyBundle_EmptyBundle_WrapsErrInvalidBundle
--- PASS: TestApplyBundle_EmptyBundle_WrapsErrInvalidBundle (0.00s)
=== RUN   TestBuildApplyPlan_ValidDocs_AllActionCreate
--- PASS: TestBuildApplyPlan_ValidDocs_AllActionCreate (0.00s)
=== RUN   TestBuildApplyPlan_InvalidDoc_ActionInvalid
--- PASS: TestBuildApplyPlan_InvalidDoc_ActionInvalid (0.00s)
=== RUN   TestBuildApplyPlan_MixedDocs_CorrectActions
--- PASS: TestBuildApplyPlan_MixedDocs_CorrectActions (0.00s)
=== RUN   TestBuildApplyPlan_DocumentIndexIsOneBased
--- PASS: TestBuildApplyPlan_DocumentIndexIsOneBased (0.00s)
=== RUN   TestBuildApplyPlan_ValidationErrors_PreserveFieldInfo
--- PASS: TestBuildApplyPlan_ValidationErrors_PreserveFieldInfo (0.00s)
=== RUN   TestExecutePlan_ValidPlan_ProducesCreatedResults
--- PASS: TestExecutePlan_ValidPlan_ProducesCreatedResults (0.00s)
=== RUN   TestExecutePlan_InvalidPlan_ReturnsValidationErrorsOnly
--- PASS: TestExecutePlan_InvalidPlan_ReturnsValidationErrorsOnly (0.00s)
=== RUN   TestApplyMatchesBuildPlanThenExecutePlan
--- PASS: TestApplyMatchesBuildPlanThenExecutePlan (0.00s)
=== RUN   TestApplyPlan_HasInvalid
--- PASS: TestApplyPlan_HasInvalid (0.00s)
=== RUN   TestApplyPlan_HasConflict
--- PASS: TestApplyPlan_HasConflict (0.00s)
=== RUN   TestBuildApplyPlan_SurfaceNotFound_ActionCreate
--- PASS: TestBuildApplyPlan_SurfaceNotFound_ActionCreate (0.00s)
=== RUN   TestBuildApplyPlan_SurfaceInReview_ActionConflict
--- PASS: TestBuildApplyPlan_SurfaceInReview_ActionConflict (0.00s)
=== RUN   TestBuildApplyPlan_SurfaceActive_ActionCreate
--- PASS: TestBuildApplyPlan_SurfaceActive_ActionCreate (0.00s)
=== RUN   TestBuildApplyPlan_SurfaceRepoError_ActionInvalid
--- PASS: TestBuildApplyPlan_SurfaceRepoError_ActionInvalid (0.00s)
=== RUN   TestExecutePlan_ConflictEntry_NoCreateCall
--- PASS: TestExecutePlan_ConflictEntry_NoCreateCall (0.00s)
=== RUN   TestExecutePlan_UnchangedEntry_NoCreateCall
--- PASS: TestExecutePlan_UnchangedEntry_NoCreateCall (0.00s)
=== RUN   TestApply_ConflictSurface_ReturnsConflictResult
--- PASS: TestApply_ConflictSurface_ReturnsConflictResult (0.00s)
=== RUN   TestApply_NewSurface_WithRepo_ReturnsCreated
--- PASS: TestApply_NewSurface_WithRepo_ReturnsCreated (0.00s)
=== RUN   TestApply_InvalidBundle_WithRepo_StillRejectsAll
--- PASS: TestApply_InvalidBundle_WithRepo_StillRejectsAll (0.00s)
=== RUN   TestApplyProfile_SetsStatusToReview
--- PASS: TestApplyProfile_SetsStatusToReview (0.00s)
=== RUN   TestApplyProfile_IncrementsVersion
--- PASS: TestApplyProfile_IncrementsVersion (0.00s)
=== RUN   TestApplyProfile_WithoutRepo_FallsBackToCreated
--- PASS: TestApplyProfile_WithoutRepo_FallsBackToCreated (0.00s)
=== RUN   TestRefIntegrity_Profile_PersistedSurface_Succeeds
--- PASS: TestRefIntegrity_Profile_PersistedSurface_Succeeds (0.00s)
=== RUN   TestRefIntegrity_Profile_InBundleSurface_Succeeds
--- PASS: TestRefIntegrity_Profile_InBundleSurface_Succeeds (0.00s)
=== RUN   TestRefIntegrity_Profile_MissingSurface_Fails
--- PASS: TestRefIntegrity_Profile_MissingSurface_Fails (0.00s)
=== RUN   TestRefIntegrity_Profile_ErrReferentialIntegrity_IsWrapped
--- PASS: TestRefIntegrity_Profile_ErrReferentialIntegrity_IsWrapped (0.00s)
=== RUN   TestRefIntegrity_Grant_PersistedAgent_Succeeds
--- PASS: TestRefIntegrity_Grant_PersistedAgent_Succeeds (0.00s)
=== RUN   TestRefIntegrity_Grant_InBundleAgentAndProfile_Succeeds
--- PASS: TestRefIntegrity_Grant_InBundleAgentAndProfile_Succeeds (0.00s)
=== RUN   TestRefIntegrity_Grant_MissingAgent_Fails
--- PASS: TestRefIntegrity_Grant_MissingAgent_Fails (0.00s)
=== RUN   TestRefIntegrity_Grant_MissingProfile_Fails
--- PASS: TestRefIntegrity_Grant_MissingProfile_Fails (0.00s)
=== RUN   TestRefIntegrity_MixedBundle_DependencyOrderPreserved
--- PASS: TestRefIntegrity_MixedBundle_DependencyOrderPreserved (0.00s)
=== RUN   TestRefIntegrity_InvalidDependency_NothingPersisted
--- PASS: TestRefIntegrity_InvalidDependency_NothingPersisted (0.00s)
=== RUN   TestRefIntegrity_ExistingProfileSatisfiesGrantRef
--- PASS: TestRefIntegrity_ExistingProfileSatisfiesGrantRef (0.00s)
=== RUN   TestMapAgentType_ValidDocTypes
=== RUN   TestMapAgentType_ValidDocTypes/llm_agent
=== RUN   TestMapAgentType_ValidDocTypes/copilot
=== RUN   TestMapAgentType_ValidDocTypes/workflow
=== RUN   TestMapAgentType_ValidDocTypes/automation
=== RUN   TestMapAgentType_ValidDocTypes/rpa
--- PASS: TestMapAgentType_ValidDocTypes (0.00s)
    --- PASS: TestMapAgentType_ValidDocTypes/llm_agent (0.00s)
    --- PASS: TestMapAgentType_ValidDocTypes/copilot (0.00s)
    --- PASS: TestMapAgentType_ValidDocTypes/workflow (0.00s)
    --- PASS: TestMapAgentType_ValidDocTypes/automation (0.00s)
    --- PASS: TestMapAgentType_ValidDocTypes/rpa (0.00s)
=== RUN   TestMapAgentType_InvalidDocType
--- PASS: TestMapAgentType_InvalidDocType (0.00s)
=== RUN   TestMapAgentDocumentToAgent_ServiceType
--- PASS: TestMapAgentDocumentToAgent_ServiceType (0.00s)
=== RUN   TestMapAgentDocumentToAgent_InvalidType
--- PASS: TestMapAgentDocumentToAgent_InvalidType (0.00s)
=== RUN   TestMapSurfaceDocument_ProcessID
=== RUN   TestMapSurfaceDocument_ProcessID/process_id_mapped_correctly
=== RUN   TestMapSurfaceDocument_ProcessID/absent_process_id_maps_to_empty_string
--- PASS: TestMapSurfaceDocument_ProcessID (0.00s)
    --- PASS: TestMapSurfaceDocument_ProcessID/process_id_mapped_correctly (0.00s)
    --- PASS: TestMapSurfaceDocument_ProcessID/absent_process_id_maps_to_empty_string (0.00s)
=== RUN   TestBuildApplyPlan_Agent_Invalid_ActionInvalid
--- PASS: TestBuildApplyPlan_Agent_Invalid_ActionInvalid (0.00s)
=== RUN   TestBuildApplyPlan_Agent_NotFound_ActionCreate
--- PASS: TestBuildApplyPlan_Agent_NotFound_ActionCreate (0.00s)
=== RUN   TestBuildApplyPlan_Agent_Exists_ActionConflict
--- PASS: TestBuildApplyPlan_Agent_Exists_ActionConflict (0.00s)
=== RUN   TestBuildApplyPlan_Agent_RepoError_ActionInvalid
--- PASS: TestBuildApplyPlan_Agent_RepoError_ActionInvalid (0.00s)
=== RUN   TestBuildApplyPlan_Profile_Invalid_ActionInvalid
--- PASS: TestBuildApplyPlan_Profile_Invalid_ActionInvalid (0.00s)
=== RUN   TestBuildApplyPlan_Profile_NotFound_ActionCreate
--- PASS: TestBuildApplyPlan_Profile_NotFound_ActionCreate (0.00s)
=== RUN   TestBuildApplyPlan_Profile_Exists_CreatesNewVersion
--- PASS: TestBuildApplyPlan_Profile_Exists_CreatesNewVersion (0.00s)
=== RUN   TestBuildApplyPlan_Profile_New_AssignsVersion1
--- PASS: TestBuildApplyPlan_Profile_New_AssignsVersion1 (0.00s)
=== RUN   TestBuildApplyPlan_Profile_VersionIncrement
--- PASS: TestBuildApplyPlan_Profile_VersionIncrement (0.00s)
=== RUN   TestBuildApplyPlan_Profile_RepoError_ActionInvalid
--- PASS: TestBuildApplyPlan_Profile_RepoError_ActionInvalid (0.00s)
=== RUN   TestBuildApplyPlan_Grant_Invalid_ActionInvalid
--- PASS: TestBuildApplyPlan_Grant_Invalid_ActionInvalid (0.00s)
=== RUN   TestBuildApplyPlan_Grant_NotFound_ActionCreate
--- PASS: TestBuildApplyPlan_Grant_NotFound_ActionCreate (0.00s)
=== RUN   TestBuildApplyPlan_Grant_Exists_ActionConflict
--- PASS: TestBuildApplyPlan_Grant_Exists_ActionConflict (0.00s)
=== RUN   TestBuildApplyPlan_Grant_RepoError_ActionInvalid
--- PASS: TestBuildApplyPlan_Grant_RepoError_ActionInvalid (0.00s)
=== RUN   TestExecutePlan_AgentConflict_NoCreateCall
--- PASS: TestExecutePlan_AgentConflict_NoCreateCall (0.00s)
=== RUN   TestExecutePlan_AgentCreate_CallsRepository
--- PASS: TestExecutePlan_AgentCreate_CallsRepository (0.00s)
=== RUN   TestExecutePlan_ProfileConflict_NoCreateCall
--- PASS: TestExecutePlan_ProfileConflict_NoCreateCall (0.00s)
=== RUN   TestExecutePlan_ProfileCreate_CallsRepository
--- PASS: TestExecutePlan_ProfileCreate_CallsRepository (0.00s)
=== RUN   TestExecutePlan_GrantConflict_NoCreateCall
--- PASS: TestExecutePlan_GrantConflict_NoCreateCall (0.00s)
=== RUN   TestExecutePlan_GrantCreate_CallsRepository
--- PASS: TestExecutePlan_GrantCreate_CallsRepository (0.00s)
=== RUN   TestApply_FullBundle_AllNew_AllCreated
--- PASS: TestApply_FullBundle_AllNew_AllCreated (0.00s)
=== RUN   TestApply_FullBundle_ExistingAgent_ConflictResult
--- PASS: TestApply_FullBundle_ExistingAgent_ConflictResult (0.00s)
=== RUN   TestApply_NoRepos_AllResourceKinds_AllCreated
--- PASS: TestApply_NoRepos_AllResourceKinds_AllCreated (0.00s)
=== RUN   TestApply_InvalidAgentInBundle_RejectsWholeBundle
--- PASS: TestApply_InvalidAgentInBundle_RejectsWholeBundle (0.00s)
=== RUN   TestNewServiceWithRepos_AllNil_ValidatesOnly
--- PASS: TestNewServiceWithRepos_AllNil_ValidatesOnly (0.00s)
=== RUN   TestNewService
--- PASS: TestNewService (0.00s)
=== RUN   TestServiceApply_EmptyBundle
--- PASS: TestServiceApply_EmptyBundle (0.00s)
=== RUN   TestServiceApply_ValidBundle_ReturnsCreatedResults
--- PASS: TestServiceApply_ValidBundle_ReturnsCreatedResults (0.00s)
=== RUN   TestServiceApply_InvalidBundle_ReturnsValidationErrorsOnly
--- PASS: TestServiceApply_InvalidBundle_ReturnsValidationErrorsOnly (0.00s)
=== RUN   TestServiceApply_MixedInvalidBundle_ReturnsNoCreatedResults
--- PASS: TestServiceApply_MixedInvalidBundle_ReturnsNoCreatedResults (0.00s)
=== RUN   TestNewServiceWithRepo
--- PASS: TestNewServiceWithRepo (0.00s)
=== RUN   TestSurface_ProcessID_Empty_Rejected
--- PASS: TestSurface_ProcessID_Empty_Rejected (0.00s)
=== RUN   TestSurface_ProcessID_Whitespace_Rejected
--- PASS: TestSurface_ProcessID_Whitespace_Rejected (0.00s)
=== RUN   TestSurface_ProcessID_Missing_Rejected
--- PASS: TestSurface_ProcessID_Missing_Rejected (0.00s)
=== RUN   TestSurface_WithProcessID_ProcessExists_Creates
--- PASS: TestSurface_WithProcessID_ProcessExists_Creates (0.00s)
=== RUN   TestSurface_WithProcessID_ProcessNotFound_Invalid
--- PASS: TestSurface_WithProcessID_ProcessNotFound_Invalid (0.00s)
=== RUN   TestSurface_WithProcessID_RepoError_Invalid
--- PASS: TestSurface_WithProcessID_RepoError_Invalid (0.00s)
=== RUN   TestApply_WithProcessID_ProcessExists_Succeeds
--- PASS: TestApply_WithProcessID_ProcessExists_Succeeds (0.00s)
=== RUN   TestApply_WithProcessID_ProcessNotFound_Rejected
--- PASS: TestApply_WithProcessID_ProcessNotFound_Rejected (0.00s)
=== RUN   TestApply_NoProcessID_Rejected
--- PASS: TestApply_NoProcessID_Rejected (0.00s)
=== RUN   TestApply_WithProcessID_NoProcessRepo_Rejected
--- PASS: TestApply_WithProcessID_NoProcessRepo_Rejected (0.00s)
=== RUN   TestSurface_WithProcessID_NoProcessRepo_Invalid
--- PASS: TestSurface_WithProcessID_NoProcessRepo_Invalid (0.00s)
=== RUN   TestApplyAudit_SurfaceCreated
--- PASS: TestApplyAudit_SurfaceCreated (0.00s)
=== RUN   TestApplyAudit_AgentCreated
--- PASS: TestApplyAudit_AgentCreated (0.00s)
=== RUN   TestApplyAudit_ProfileCreatedV1
--- PASS: TestApplyAudit_ProfileCreatedV1 (0.00s)
=== RUN   TestApplyAudit_ProfileVersioned
--- PASS: TestApplyAudit_ProfileVersioned (0.00s)
=== RUN   TestApplyAudit_GrantCreated
--- PASS: TestApplyAudit_GrantCreated (0.00s)
=== RUN   TestApplyAudit_ActorDefaultsToSystem
--- PASS: TestApplyAudit_ActorDefaultsToSystem (0.00s)
=== RUN   TestApplyAudit_NoRepoNoAudit
--- PASS: TestApplyAudit_NoRepoNoAudit (0.00s)
=== RUN   TestModification_Surface_FirstApply_CreatesVersion1
--- PASS: TestModification_Surface_FirstApply_CreatesVersion1 (0.00s)
=== RUN   TestModification_Surface_Reapply_ActiveVersion_CreatesNewVersion
--- PASS: TestModification_Surface_Reapply_ActiveVersion_CreatesNewVersion (0.00s)
=== RUN   TestModification_Surface_Reapply_ReviewVersion_Conflict
--- PASS: TestModification_Surface_Reapply_ReviewVersion_Conflict (0.00s)
=== RUN   TestModification_Profile_Reapply_CreatesNewVersion
--- PASS: TestModification_Profile_Reapply_CreatesNewVersion (0.00s)
=== RUN   TestModification_Agent_Reapply_Conflict
--- PASS: TestModification_Agent_Reapply_Conflict (0.00s)
=== RUN   TestModification_Grant_Reapply_Conflict
--- PASS: TestModification_Grant_Reapply_Conflict (0.00s)
=== RUN   TestModification_Surface_LatestVsActive_DistinctDuringReviewCycle
--- PASS: TestModification_Surface_LatestVsActive_DistinctDuringReviewCycle (0.00s)
=== RUN   TestApplyWithRepos_AllFourKindsPersisted
--- PASS: TestApplyWithRepos_AllFourKindsPersisted (0.00s)
=== RUN   TestApplyWithoutRepos_ReportsCreatedButDoesNotPersist
--- PASS: TestApplyWithoutRepos_ReportsCreatedButDoesNotPersist (0.00s)
PASS
ok  	github.com/accept-io/midas/internal/controlplane/apply	0.018s
=== RUN   TestApprovalAudit_SurfaceApproved_EmitsRecord
--- PASS: TestApprovalAudit_SurfaceApproved_EmitsRecord (0.00s)
=== RUN   TestApprovalAudit_SurfaceApproved_NotEmittedOnFailure
--- PASS: TestApprovalAudit_SurfaceApproved_NotEmittedOnFailure (0.00s)
=== RUN   TestApprovalAudit_SurfaceDeprecated_EmitsRecord
--- PASS: TestApprovalAudit_SurfaceDeprecated_EmitsRecord (0.00s)
=== RUN   TestApprovalAudit_SurfaceDeprecated_NotEmittedOnFailure
--- PASS: TestApprovalAudit_SurfaceDeprecated_NotEmittedOnFailure (0.00s)
=== RUN   TestApprovalAudit_NilRepo_NoOp
--- PASS: TestApprovalAudit_NilRepo_NoOp (0.00s)
=== RUN   TestSuspendGrant_ActiveToSuspended_Success
--- PASS: TestSuspendGrant_ActiveToSuspended_Success (0.00s)
=== RUN   TestSuspendGrant_CapturesActorAndReason
--- PASS: TestSuspendGrant_CapturesActorAndReason (0.00s)
=== RUN   TestSuspendGrant_EmitsOutboxEvent
--- PASS: TestSuspendGrant_EmitsOutboxEvent (0.00s)
=== RUN   TestSuspendGrant_EmitsControlAuditRecord
--- PASS: TestSuspendGrant_EmitsControlAuditRecord (0.00s)
=== RUN   TestSuspendGrant_NotActive_ReturnsError
--- PASS: TestSuspendGrant_NotActive_ReturnsError (0.00s)
=== RUN   TestSuspendGrant_Revoked_ReturnsError
--- PASS: TestSuspendGrant_Revoked_ReturnsError (0.00s)
=== RUN   TestSuspendGrant_NotFound_ReturnsError
--- PASS: TestSuspendGrant_NotFound_ReturnsError (0.00s)
=== RUN   TestRevokeGrant_ActiveToRevoked_Success
--- PASS: TestRevokeGrant_ActiveToRevoked_Success (0.00s)
=== RUN   TestRevokeGrant_SuspendedToRevoked_Success
--- PASS: TestRevokeGrant_SuspendedToRevoked_Success (0.00s)
=== RUN   TestRevokeGrant_CapturesActorAndReason
--- PASS: TestRevokeGrant_CapturesActorAndReason (0.00s)
=== RUN   TestRevokeGrant_EmitsOutboxEvent
--- PASS: TestRevokeGrant_EmitsOutboxEvent (0.00s)
=== RUN   TestRevokeGrant_EmitsControlAuditRecord
--- PASS: TestRevokeGrant_EmitsControlAuditRecord (0.00s)
=== RUN   TestRevokeGrant_AlreadyRevoked_ReturnsError
--- PASS: TestRevokeGrant_AlreadyRevoked_ReturnsError (0.00s)
=== RUN   TestRevokeGrant_NotFound_ReturnsError
--- PASS: TestRevokeGrant_NotFound_ReturnsError (0.00s)
=== RUN   TestReinstateGrant_SuspendedToActive_Success
--- PASS: TestReinstateGrant_SuspendedToActive_Success (0.00s)
=== RUN   TestReinstateGrant_EmitsOutboxEvent
--- PASS: TestReinstateGrant_EmitsOutboxEvent (0.00s)
=== RUN   TestReinstateGrant_EmitsControlAuditRecord
--- PASS: TestReinstateGrant_EmitsControlAuditRecord (0.00s)
=== RUN   TestReinstateGrant_NotSuspended_ReturnsError
--- PASS: TestReinstateGrant_NotSuspended_ReturnsError (0.00s)
=== RUN   TestReinstateGrant_Revoked_ReturnsError
--- PASS: TestReinstateGrant_Revoked_ReturnsError (0.00s)
=== RUN   TestGrantService_NilOutbox_DoesNotPanic
--- PASS: TestGrantService_NilOutbox_DoesNotPanic (0.00s)
=== RUN   TestApproveProfile_ReviewToActive_Success
--- PASS: TestApproveProfile_ReviewToActive_Success (0.00s)
=== RUN   TestApproveProfile_CapturesApproverAndTimestamp
--- PASS: TestApproveProfile_CapturesApproverAndTimestamp (0.00s)
=== RUN   TestApproveProfile_NotFound_ReturnsError
--- PASS: TestApproveProfile_NotFound_ReturnsError (0.00s)
=== RUN   TestApproveProfile_WrongStatus_NotInReview
--- PASS: TestApproveProfile_WrongStatus_NotInReview (0.00s)
=== RUN   TestApproveProfile_NilProfileRepo_ReturnsError
--- PASS: TestApproveProfile_NilProfileRepo_ReturnsError (0.00s)
=== RUN   TestDeprecateProfile_ActiveToDeprecated_Success
--- PASS: TestDeprecateProfile_ActiveToDeprecated_Success (0.00s)
=== RUN   TestDeprecateProfile_WrongStatus_NotActive
--- PASS: TestDeprecateProfile_WrongStatus_NotActive (0.00s)
=== RUN   TestDeprecateProfile_NotFound_ReturnsError
--- PASS: TestDeprecateProfile_NotFound_ReturnsError (0.00s)
=== RUN   TestApproveProfile_EmitsOutboxEvent
--- PASS: TestApproveProfile_EmitsOutboxEvent (0.00s)
=== RUN   TestDeprecateProfile_EmitsOutboxEvent
--- PASS: TestDeprecateProfile_EmitsOutboxEvent (0.00s)
=== RUN   TestApproveProfile_NilOutbox_DoesNotEmitEvent
--- PASS: TestApproveProfile_NilOutbox_DoesNotEmitEvent (0.00s)
=== RUN   TestApproveSurface_EmitsOutboxEvent_OnSuccess
--- PASS: TestApproveSurface_EmitsOutboxEvent_OnSuccess (0.00s)
=== RUN   TestApproveSurface_NoOutboxEvent_OnFailure
--- PASS: TestApproveSurface_NoOutboxEvent_OnFailure (0.00s)
=== RUN   TestApproveSurface_NoOutboxEvent_WhenOutboxNil
--- PASS: TestApproveSurface_NoOutboxEvent_WhenOutboxNil (0.00s)
=== RUN   TestApproveSurface_SelfReview_NoOutboxEvent
--- PASS: TestApproveSurface_SelfReview_NoOutboxEvent (0.00s)
=== RUN   TestDeprecateSurface_EmitsOutboxEvent_OnSuccess
--- PASS: TestDeprecateSurface_EmitsOutboxEvent_OnSuccess (0.00s)
=== RUN   TestDeprecateSurface_DeprecatedByPopulatedInEvent
--- PASS: TestDeprecateSurface_DeprecatedByPopulatedInEvent (0.00s)
=== RUN   TestDeprecateSurface_NoOutboxEvent_OnFailure
--- PASS: TestDeprecateSurface_NoOutboxEvent_OnFailure (0.00s)
=== RUN   TestDeprecateSurface_NoOutboxEvent_WhenOutboxNil
--- PASS: TestDeprecateSurface_NoOutboxEvent_WhenOutboxNil (0.00s)
=== RUN   TestLifecycle_ReviewToDeprecated_OutboxEvents
--- PASS: TestLifecycle_ReviewToDeprecated_OutboxEvents (0.00s)
=== RUN   TestApproveSurface_Success
--- PASS: TestApproveSurface_Success (0.00s)
=== RUN   TestApproveSurface_RejectsDraft
--- PASS: TestApproveSurface_RejectsDraft (0.00s)
=== RUN   TestApproveSurface_RejectsActive
--- PASS: TestApproveSurface_RejectsActive (0.00s)
=== RUN   TestApproveSurface_RejectsDeprecated
--- PASS: TestApproveSurface_RejectsDeprecated (0.00s)
=== RUN   TestApproveSurface_SurfaceNotFound
--- PASS: TestApproveSurface_SurfaceNotFound (0.00s)
=== RUN   TestApproveSurface_ForbidsSelfReview
--- PASS: TestApproveSurface_ForbidsSelfReview (0.00s)
=== RUN   TestDeprecateSurface_Success
--- PASS: TestDeprecateSurface_Success (0.00s)
=== RUN   TestDeprecateSurface_RejectsReview
--- PASS: TestDeprecateSurface_RejectsReview (0.00s)
=== RUN   TestDeprecateSurface_RejectsDraft
--- PASS: TestDeprecateSurface_RejectsDraft (0.00s)
=== RUN   TestDeprecateSurface_SurfaceNotFound
--- PASS: TestDeprecateSurface_SurfaceNotFound (0.00s)
=== RUN   TestLifecyclePromotion_ReviewToActiveToDeprecated
--- PASS: TestLifecyclePromotion_ReviewToActiveToDeprecated (0.00s)
PASS
ok  	github.com/accept-io/midas/internal/controlplane/approval	0.012s
=== RUN   TestParseYAML_AllKinds
=== RUN   TestParseYAML_AllKinds/Surface
=== RUN   TestParseYAML_AllKinds/Agent
=== RUN   TestParseYAML_AllKinds/Profile
=== RUN   TestParseYAML_AllKinds/Grant
--- PASS: TestParseYAML_AllKinds (0.00s)
    --- PASS: TestParseYAML_AllKinds/Surface (0.00s)
    --- PASS: TestParseYAML_AllKinds/Agent (0.00s)
    --- PASS: TestParseYAML_AllKinds/Profile (0.00s)
    --- PASS: TestParseYAML_AllKinds/Grant (0.00s)
=== RUN   TestParsedDocument_InterfaceContracts
=== RUN   TestParsedDocument_InterfaceContracts/Surface
=== RUN   TestParsedDocument_InterfaceContracts/Agent
=== RUN   TestParsedDocument_InterfaceContracts/Profile
=== RUN   TestParsedDocument_InterfaceContracts/Grant
--- PASS: TestParsedDocument_InterfaceContracts (0.00s)
    --- PASS: TestParsedDocument_InterfaceContracts/Surface (0.00s)
    --- PASS: TestParsedDocument_InterfaceContracts/Agent (0.00s)
    --- PASS: TestParsedDocument_InterfaceContracts/Profile (0.00s)
    --- PASS: TestParsedDocument_InterfaceContracts/Grant (0.00s)
=== RUN   TestParseYAML_MissingID_CurrentBehavior
=== RUN   TestParseYAML_MissingID_CurrentBehavior/Surface_without_ID
=== RUN   TestParseYAML_MissingID_CurrentBehavior/Agent_without_ID
=== RUN   TestParseYAML_MissingID_CurrentBehavior/Profile_without_ID
=== RUN   TestParseYAML_MissingID_CurrentBehavior/Grant_without_ID
--- PASS: TestParseYAML_MissingID_CurrentBehavior (0.00s)
    --- PASS: TestParseYAML_MissingID_CurrentBehavior/Surface_without_ID (0.00s)
    --- PASS: TestParseYAML_MissingID_CurrentBehavior/Agent_without_ID (0.00s)
    --- PASS: TestParseYAML_MissingID_CurrentBehavior/Profile_without_ID (0.00s)
    --- PASS: TestParseYAML_MissingID_CurrentBehavior/Grant_without_ID (0.00s)
=== RUN   TestParseYAML_EmptyID_CurrentBehavior
--- PASS: TestParseYAML_EmptyID_CurrentBehavior (0.00s)
=== RUN   TestParseYAML_IDWithWhitespace_CurrentBehavior
=== RUN   TestParseYAML_IDWithWhitespace_CurrentBehavior/leading_space
=== RUN   TestParseYAML_IDWithWhitespace_CurrentBehavior/trailing_space
=== RUN   TestParseYAML_IDWithWhitespace_CurrentBehavior/internal_spaces
--- PASS: TestParseYAML_IDWithWhitespace_CurrentBehavior (0.00s)
    --- PASS: TestParseYAML_IDWithWhitespace_CurrentBehavior/leading_space (0.00s)
    --- PASS: TestParseYAML_IDWithWhitespace_CurrentBehavior/trailing_space (0.00s)
    --- PASS: TestParseYAML_IDWithWhitespace_CurrentBehavior/internal_spaces (0.00s)
=== RUN   TestParseYAML_MissingMetadataBlock_CurrentBehavior
--- PASS: TestParseYAML_MissingMetadataBlock_CurrentBehavior (0.00s)
=== RUN   TestParseYAML_MissingAPIVersion
--- PASS: TestParseYAML_MissingAPIVersion (0.00s)
=== RUN   TestParseYAML_MissingKind
--- PASS: TestParseYAML_MissingKind (0.00s)
=== RUN   TestParseYAML_UnsupportedAPIVersion
=== RUN   TestParseYAML_UnsupportedAPIVersion/future_version
=== RUN   TestParseYAML_UnsupportedAPIVersion/past_version
=== RUN   TestParseYAML_UnsupportedAPIVersion/wrong_format
=== RUN   TestParseYAML_UnsupportedAPIVersion/completely_wrong
--- PASS: TestParseYAML_UnsupportedAPIVersion (0.00s)
    --- PASS: TestParseYAML_UnsupportedAPIVersion/future_version (0.00s)
    --- PASS: TestParseYAML_UnsupportedAPIVersion/past_version (0.00s)
    --- PASS: TestParseYAML_UnsupportedAPIVersion/wrong_format (0.00s)
    --- PASS: TestParseYAML_UnsupportedAPIVersion/completely_wrong (0.00s)
=== RUN   TestParseYAML_UnsupportedKind
=== RUN   TestParseYAML_UnsupportedKind/PolicySet
=== RUN   TestParseYAML_UnsupportedKind/Deployment
=== RUN   TestParseYAML_UnsupportedKind/lowercase
=== RUN   TestParseYAML_UnsupportedKind/plural
=== RUN   TestParseYAML_UnsupportedKind/typo
--- PASS: TestParseYAML_UnsupportedKind (0.00s)
    --- PASS: TestParseYAML_UnsupportedKind/PolicySet (0.00s)
    --- PASS: TestParseYAML_UnsupportedKind/Deployment (0.00s)
    --- PASS: TestParseYAML_UnsupportedKind/lowercase (0.00s)
    --- PASS: TestParseYAML_UnsupportedKind/plural (0.00s)
    --- PASS: TestParseYAML_UnsupportedKind/typo (0.00s)
=== RUN   TestParseYAML_InvalidYAML
=== RUN   TestParseYAML_InvalidYAML/unclosed_array
=== RUN   TestParseYAML_InvalidYAML/malformed_mapping
=== RUN   TestParseYAML_InvalidYAML/broken_sequence_indentation
--- PASS: TestParseYAML_InvalidYAML (0.00s)
    --- PASS: TestParseYAML_InvalidYAML/unclosed_array (0.00s)
    --- PASS: TestParseYAML_InvalidYAML/malformed_mapping (0.00s)
    --- PASS: TestParseYAML_InvalidYAML/broken_sequence_indentation (0.00s)
=== RUN   TestParseYAML_Surface_SpecificFields
--- PASS: TestParseYAML_Surface_SpecificFields (0.00s)
=== RUN   TestParseYAML_Agent_NestedRuntime
--- PASS: TestParseYAML_Agent_NestedRuntime (0.00s)
=== RUN   TestParseYAML_Profile_ComplexNesting
--- PASS: TestParseYAML_Profile_ComplexNesting (0.00s)
=== RUN   TestParseYAML_Agent_InvalidRuntimeShape
--- PASS: TestParseYAML_Agent_InvalidRuntimeShape (0.00s)
=== RUN   TestParseYAMLStream_MultipleDocuments
--- PASS: TestParseYAMLStream_MultipleDocuments (0.00s)
=== RUN   TestParseYAMLStream_PreservesOrder
--- PASS: TestParseYAMLStream_PreservesOrder (0.00s)
=== RUN   TestParseYAMLStream_SkipsEmptyDocuments
--- PASS: TestParseYAMLStream_SkipsEmptyDocuments (0.00s)
=== RUN   TestParseYAMLStream_InvalidDocumentInStream
--- PASS: TestParseYAMLStream_InvalidDocumentInStream (0.00s)
=== RUN   TestParseYAMLStream_FirstInvalidDocumentReported
--- PASS: TestParseYAMLStream_FirstInvalidDocumentReported (0.00s)
=== RUN   TestParseYAMLStream_AtomicFailure
--- PASS: TestParseYAMLStream_AtomicFailure (0.00s)
=== RUN   TestParseYAMLStream_NoDocumentsFound
=== RUN   TestParseYAMLStream_NoDocumentsFound/only_separators
=== RUN   TestParseYAMLStream_NoDocumentsFound/empty_input
=== RUN   TestParseYAMLStream_NoDocumentsFound/whitespace_only
=== RUN   TestParseYAMLStream_NoDocumentsFound/comments_only
--- PASS: TestParseYAMLStream_NoDocumentsFound (0.00s)
    --- PASS: TestParseYAMLStream_NoDocumentsFound/only_separators (0.00s)
    --- PASS: TestParseYAMLStream_NoDocumentsFound/empty_input (0.00s)
    --- PASS: TestParseYAMLStream_NoDocumentsFound/whitespace_only (0.00s)
    --- PASS: TestParseYAMLStream_NoDocumentsFound/comments_only (0.00s)
=== RUN   TestParseYAML_WindowsLineEndings
--- PASS: TestParseYAML_WindowsLineEndings (0.00s)
=== RUN   TestParseYAML_TabsInsteadOfSpaces
--- PASS: TestParseYAML_TabsInsteadOfSpaces (0.00s)
=== RUN   TestParseYAML_LeadingTrailingWhitespace
--- PASS: TestParseYAML_LeadingTrailingWhitespace (0.00s)
=== RUN   TestParseYAML_TypeAssertionSafety
=== RUN   TestParseYAML_TypeAssertionSafety/Surface
=== RUN   TestParseYAML_TypeAssertionSafety/Agent
=== RUN   TestParseYAML_TypeAssertionSafety/Profile
=== RUN   TestParseYAML_TypeAssertionSafety/Grant
--- PASS: TestParseYAML_TypeAssertionSafety (0.00s)
    --- PASS: TestParseYAML_TypeAssertionSafety/Surface (0.00s)
    --- PASS: TestParseYAML_TypeAssertionSafety/Agent (0.00s)
    --- PASS: TestParseYAML_TypeAssertionSafety/Profile (0.00s)
    --- PASS: TestParseYAML_TypeAssertionSafety/Grant (0.00s)
PASS
ok  	github.com/accept-io/midas/internal/controlplane/parser	0.019s
=== RUN   TestSurfaceDocument_JSONRoundTrip
--- PASS: TestSurfaceDocument_JSONRoundTrip (0.00s)
=== RUN   TestSurfaceDocument_YAMLRoundTrip
--- PASS: TestSurfaceDocument_YAMLRoundTrip (0.00s)
=== RUN   TestSurfaceDocument_GetKindAndID
--- PASS: TestSurfaceDocument_GetKindAndID (0.00s)
=== RUN   TestAgentDocument_JSONRoundTrip
--- PASS: TestAgentDocument_JSONRoundTrip (0.00s)
=== RUN   TestAgentDocument_YAMLRoundTrip
--- PASS: TestAgentDocument_YAMLRoundTrip (0.00s)
=== RUN   TestProfileDocument_YAMLRoundTrip_WithNestedFields
--- PASS: TestProfileDocument_YAMLRoundTrip_WithNestedFields (0.00s)
=== RUN   TestProfileDocument_RiskRatingConsequenceThreshold
--- PASS: TestProfileDocument_RiskRatingConsequenceThreshold (0.00s)
=== RUN   TestGrantDocument_JSONRoundTrip
--- PASS: TestGrantDocument_JSONRoundTrip (0.00s)
=== RUN   TestGrantDocument_YAMLRoundTrip
--- PASS: TestGrantDocument_YAMLRoundTrip (0.00s)
=== RUN   TestDocumentInterface
--- PASS: TestDocumentInterface (0.00s)
=== RUN   TestKindConstants
--- PASS: TestKindConstants (0.00s)
=== RUN   TestAPIVersionConstant
--- PASS: TestAPIVersionConstant (0.00s)
=== RUN   TestApplyResult_AddCreated
--- PASS: TestApplyResult_AddCreated (0.00s)
=== RUN   TestApplyResult_AddConflict
--- PASS: TestApplyResult_AddConflict (0.00s)
=== RUN   TestApplyResult_AddError
--- PASS: TestApplyResult_AddError (0.00s)
=== RUN   TestApplyResult_AddFieldError
--- PASS: TestApplyResult_AddFieldError (0.00s)
=== RUN   TestApplyResult_AddValidationError
--- PASS: TestApplyResult_AddValidationError (0.00s)
=== RUN   TestApplyResult_AddUnchanged
--- PASS: TestApplyResult_AddUnchanged (0.00s)
=== RUN   TestApplyResult_CreatedCount
--- PASS: TestApplyResult_CreatedCount (0.00s)
=== RUN   TestApplyResult_ConflictCount
--- PASS: TestApplyResult_ConflictCount (0.00s)
=== RUN   TestApplyResult_ApplyErrorCount
--- PASS: TestApplyResult_ApplyErrorCount (0.00s)
=== RUN   TestApplyResult_ValidationErrorCount
--- PASS: TestApplyResult_ValidationErrorCount (0.00s)
=== RUN   TestApplyResult_UnchangedCount
--- PASS: TestApplyResult_UnchangedCount (0.00s)
=== RUN   TestApplyResult_HasValidationErrors
--- PASS: TestApplyResult_HasValidationErrors (0.00s)
=== RUN   TestApplyResult_IsValid
--- PASS: TestApplyResult_IsValid (0.00s)
=== RUN   TestApplyResult_Success_AllCreated
--- PASS: TestApplyResult_Success_AllCreated (0.00s)
=== RUN   TestApplyResult_Success_WithConflicts
--- PASS: TestApplyResult_Success_WithConflicts (0.00s)
=== RUN   TestApplyResult_Success_WithApplyErrors
--- PASS: TestApplyResult_Success_WithApplyErrors (0.00s)
=== RUN   TestApplyResult_Success_WithValidationErrors
--- PASS: TestApplyResult_Success_WithValidationErrors (0.00s)
=== RUN   TestApplyResult_JSONSerialization
--- PASS: TestApplyResult_JSONSerialization (0.00s)
=== RUN   TestResourceStatusConstants
--- PASS: TestResourceStatusConstants (0.00s)
PASS
ok  	github.com/accept-io/midas/internal/controlplane/types	0.012s
=== RUN   TestValidateIDFormat_Valid
=== RUN   TestValidateIDFormat_Valid/payment.execute
=== RUN   TestValidateIDFormat_Valid/agent-1
=== RUN   TestValidateIDFormat_Valid/profile_tier_1
=== RUN   TestValidateIDFormat_Valid/a
=== RUN   TestValidateIDFormat_Valid/0
=== RUN   TestValidateIDFormat_Valid/a0
=== RUN   TestValidateIDFormat_Valid/my-resource.id_v2
=== RUN   TestValidateIDFormat_Valid/payment-execution-v1.2.3
--- PASS: TestValidateIDFormat_Valid (0.00s)
    --- PASS: TestValidateIDFormat_Valid/payment.execute (0.00s)
    --- PASS: TestValidateIDFormat_Valid/agent-1 (0.00s)
    --- PASS: TestValidateIDFormat_Valid/profile_tier_1 (0.00s)
    --- PASS: TestValidateIDFormat_Valid/a (0.00s)
    --- PASS: TestValidateIDFormat_Valid/0 (0.00s)
    --- PASS: TestValidateIDFormat_Valid/a0 (0.00s)
    --- PASS: TestValidateIDFormat_Valid/my-resource.id_v2 (0.00s)
    --- PASS: TestValidateIDFormat_Valid/payment-execution-v1.2.3 (0.00s)
=== RUN   TestValidateIDFormat_Invalid
=== RUN   TestValidateIDFormat_Invalid/leading_space
=== RUN   TestValidateIDFormat_Invalid/trailing_space
=== RUN   TestValidateIDFormat_Invalid/internal_space
=== RUN   TestValidateIDFormat_Invalid/uppercase_letter
=== RUN   TestValidateIDFormat_Invalid/special_character_at_start
=== RUN   TestValidateIDFormat_Invalid/invalid_character
=== RUN   TestValidateIDFormat_Invalid/whitespace_only
--- PASS: TestValidateIDFormat_Invalid (0.00s)
    --- PASS: TestValidateIDFormat_Invalid/leading_space (0.00s)
    --- PASS: TestValidateIDFormat_Invalid/trailing_space (0.00s)
    --- PASS: TestValidateIDFormat_Invalid/internal_space (0.00s)
    --- PASS: TestValidateIDFormat_Invalid/uppercase_letter (0.00s)
    --- PASS: TestValidateIDFormat_Invalid/special_character_at_start (0.00s)
    --- PASS: TestValidateIDFormat_Invalid/invalid_character (0.00s)
    --- PASS: TestValidateIDFormat_Invalid/whitespace_only (0.00s)
=== RUN   TestValidateIDFormat_MaxLength
--- PASS: TestValidateIDFormat_MaxLength (0.00s)
=== RUN   TestValidateIdentity_MissingID
--- PASS: TestValidateIdentity_MissingID (0.00s)
=== RUN   TestValidateIdentity_InvalidIDFormat
--- PASS: TestValidateIdentity_InvalidIDFormat (0.00s)
=== RUN   TestValidateSurface_Valid
--- PASS: TestValidateSurface_Valid (0.00s)
=== RUN   TestValidateSurface_MissingRequiredFields
=== RUN   TestValidateSurface_MissingRequiredFields/missing_name
=== RUN   TestValidateSurface_MissingRequiredFields/missing_category
=== RUN   TestValidateSurface_MissingRequiredFields/missing_risk_tier
=== RUN   TestValidateSurface_MissingRequiredFields/missing_status
--- PASS: TestValidateSurface_MissingRequiredFields (0.00s)
    --- PASS: TestValidateSurface_MissingRequiredFields/missing_name (0.00s)
    --- PASS: TestValidateSurface_MissingRequiredFields/missing_category (0.00s)
    --- PASS: TestValidateSurface_MissingRequiredFields/missing_risk_tier (0.00s)
    --- PASS: TestValidateSurface_MissingRequiredFields/missing_status (0.00s)
=== RUN   TestValidateSurface_InvalidEnumValues
=== RUN   TestValidateSurface_InvalidEnumValues/invalid_risk_tier
=== RUN   TestValidateSurface_InvalidEnumValues/invalid_status
--- PASS: TestValidateSurface_InvalidEnumValues (0.00s)
    --- PASS: TestValidateSurface_InvalidEnumValues/invalid_risk_tier (0.00s)
    --- PASS: TestValidateSurface_InvalidEnumValues/invalid_status (0.00s)
=== RUN   TestValidateSurface_FieldLengthLimits
=== RUN   TestValidateSurface_FieldLengthLimits/name_exceeds_max_length
=== RUN   TestValidateSurface_FieldLengthLimits/category_exceeds_max_length
=== RUN   TestValidateSurface_FieldLengthLimits/description_exceeds_max_length
--- PASS: TestValidateSurface_FieldLengthLimits (0.00s)
    --- PASS: TestValidateSurface_FieldLengthLimits/name_exceeds_max_length (0.00s)
    --- PASS: TestValidateSurface_FieldLengthLimits/category_exceeds_max_length (0.00s)
    --- PASS: TestValidateSurface_FieldLengthLimits/description_exceeds_max_length (0.00s)
=== RUN   TestValidateSurface_ProcessID
=== RUN   TestValidateSurface_ProcessID/absent_is_valid
=== RUN   TestValidateSurface_ProcessID/valid_id
=== RUN   TestValidateSurface_ProcessID/invalid_id_with_spaces
=== RUN   TestValidateSurface_ProcessID/invalid_id_uppercase
=== RUN   TestValidateSurface_ProcessID/invalid_id_leading_hyphen
--- PASS: TestValidateSurface_ProcessID (0.00s)
    --- PASS: TestValidateSurface_ProcessID/absent_is_valid (0.00s)
    --- PASS: TestValidateSurface_ProcessID/valid_id (0.00s)
    --- PASS: TestValidateSurface_ProcessID/invalid_id_with_spaces (0.00s)
    --- PASS: TestValidateSurface_ProcessID/invalid_id_uppercase (0.00s)
    --- PASS: TestValidateSurface_ProcessID/invalid_id_leading_hyphen (0.00s)
=== RUN   TestValidateAgent_Valid
--- PASS: TestValidateAgent_Valid (0.00s)
=== RUN   TestValidateAgent_MissingRequiredFields
=== RUN   TestValidateAgent_MissingRequiredFields/missing_name
=== RUN   TestValidateAgent_MissingRequiredFields/missing_type
=== RUN   TestValidateAgent_MissingRequiredFields/missing_runtime.model_for_llm_agent
=== RUN   TestValidateAgent_MissingRequiredFields/missing_runtime.provider_for_llm_agent
=== RUN   TestValidateAgent_MissingRequiredFields/missing_status
--- PASS: TestValidateAgent_MissingRequiredFields (0.00s)
    --- PASS: TestValidateAgent_MissingRequiredFields/missing_name (0.00s)
    --- PASS: TestValidateAgent_MissingRequiredFields/missing_type (0.00s)
    --- PASS: TestValidateAgent_MissingRequiredFields/missing_runtime.model_for_llm_agent (0.00s)
    --- PASS: TestValidateAgent_MissingRequiredFields/missing_runtime.provider_for_llm_agent (0.00s)
    --- PASS: TestValidateAgent_MissingRequiredFields/missing_status (0.00s)
=== RUN   TestValidateAgent_InvalidEnumValues
=== RUN   TestValidateAgent_InvalidEnumValues/invalid_type
=== RUN   TestValidateAgent_InvalidEnumValues/invalid_status
--- PASS: TestValidateAgent_InvalidEnumValues (0.00s)
    --- PASS: TestValidateAgent_InvalidEnumValues/invalid_type (0.00s)
    --- PASS: TestValidateAgent_InvalidEnumValues/invalid_status (0.00s)
=== RUN   TestValidateAgent_NonLLMAgentDoesNotRequireRuntime
--- PASS: TestValidateAgent_NonLLMAgentDoesNotRequireRuntime (0.00s)
=== RUN   TestValidateProfile_Valid
--- PASS: TestValidateProfile_Valid (0.00s)
=== RUN   TestValidateProfile_MissingRequiredFields
=== RUN   TestValidateProfile_MissingRequiredFields/missing_name
=== RUN   TestValidateProfile_MissingRequiredFields/missing_surface_id
=== RUN   TestValidateProfile_MissingRequiredFields/missing_policy.reference
=== RUN   TestValidateProfile_MissingRequiredFields/missing_policy.fail_mode
--- PASS: TestValidateProfile_MissingRequiredFields (0.00s)
    --- PASS: TestValidateProfile_MissingRequiredFields/missing_name (0.00s)
    --- PASS: TestValidateProfile_MissingRequiredFields/missing_surface_id (0.00s)
    --- PASS: TestValidateProfile_MissingRequiredFields/missing_policy.reference (0.00s)
    --- PASS: TestValidateProfile_MissingRequiredFields/missing_policy.fail_mode (0.00s)
=== RUN   TestValidateProfile_InvalidSurfaceIDFormat
--- PASS: TestValidateProfile_InvalidSurfaceIDFormat (0.00s)
=== RUN   TestValidateProfile_ConfidenceThresholdRange
=== RUN   TestValidateProfile_ConfidenceThresholdRange/valid_0.0
=== RUN   TestValidateProfile_ConfidenceThresholdRange/valid_0.5
=== RUN   TestValidateProfile_ConfidenceThresholdRange/valid_1.0
=== RUN   TestValidateProfile_ConfidenceThresholdRange/invalid_-0.1
=== RUN   TestValidateProfile_ConfidenceThresholdRange/invalid_1.1
=== RUN   TestValidateProfile_ConfidenceThresholdRange/invalid_-1.0
=== RUN   TestValidateProfile_ConfidenceThresholdRange/invalid_2.0
--- PASS: TestValidateProfile_ConfidenceThresholdRange (0.00s)
    --- PASS: TestValidateProfile_ConfidenceThresholdRange/valid_0.0 (0.00s)
    --- PASS: TestValidateProfile_ConfidenceThresholdRange/valid_0.5 (0.00s)
    --- PASS: TestValidateProfile_ConfidenceThresholdRange/valid_1.0 (0.00s)
    --- PASS: TestValidateProfile_ConfidenceThresholdRange/invalid_-0.1 (0.00s)
    --- PASS: TestValidateProfile_ConfidenceThresholdRange/invalid_1.1 (0.00s)
    --- PASS: TestValidateProfile_ConfidenceThresholdRange/invalid_-1.0 (0.00s)
    --- PASS: TestValidateProfile_ConfidenceThresholdRange/invalid_2.0 (0.00s)
=== RUN   TestValidateProfile_ConsequenceThreshold_Monetary
=== RUN   TestValidateProfile_ConsequenceThreshold_Monetary/valid_monetary_threshold
=== RUN   TestValidateProfile_ConsequenceThreshold_Monetary/negative_monetary_amount
=== RUN   TestValidateProfile_ConsequenceThreshold_Monetary/missing_currency_for_monetary_type
--- PASS: TestValidateProfile_ConsequenceThreshold_Monetary (0.00s)
    --- PASS: TestValidateProfile_ConsequenceThreshold_Monetary/valid_monetary_threshold (0.00s)
    --- PASS: TestValidateProfile_ConsequenceThreshold_Monetary/negative_monetary_amount (0.00s)
    --- PASS: TestValidateProfile_ConsequenceThreshold_Monetary/missing_currency_for_monetary_type (0.00s)
=== RUN   TestValidateProfile_ConsequenceThreshold_RiskRating
=== RUN   TestValidateProfile_ConsequenceThreshold_RiskRating/valid_risk_rating_threshold
=== RUN   TestValidateProfile_ConsequenceThreshold_RiskRating/missing_risk_rating_for_risk_rating_type
--- PASS: TestValidateProfile_ConsequenceThreshold_RiskRating (0.00s)
    --- PASS: TestValidateProfile_ConsequenceThreshold_RiskRating/valid_risk_rating_threshold (0.00s)
    --- PASS: TestValidateProfile_ConsequenceThreshold_RiskRating/missing_risk_rating_for_risk_rating_type (0.00s)
=== RUN   TestValidateProfile_InvalidConsequenceThresholdType
--- PASS: TestValidateProfile_InvalidConsequenceThresholdType (0.00s)
=== RUN   TestValidateProfile_EmptyRequiredContext
--- PASS: TestValidateProfile_EmptyRequiredContext (0.00s)
=== RUN   TestValidateGrant_Valid
--- PASS: TestValidateGrant_Valid (0.00s)
=== RUN   TestValidateGrant_MissingRequiredFields
=== RUN   TestValidateGrant_MissingRequiredFields/missing_agent_id
=== RUN   TestValidateGrant_MissingRequiredFields/missing_profile_id
=== RUN   TestValidateGrant_MissingRequiredFields/missing_granted_by
=== RUN   TestValidateGrant_MissingRequiredFields/missing_granted_at
=== RUN   TestValidateGrant_MissingRequiredFields/missing_effective_from
=== RUN   TestValidateGrant_MissingRequiredFields/missing_status
--- PASS: TestValidateGrant_MissingRequiredFields (0.00s)
    --- PASS: TestValidateGrant_MissingRequiredFields/missing_agent_id (0.00s)
    --- PASS: TestValidateGrant_MissingRequiredFields/missing_profile_id (0.00s)
    --- PASS: TestValidateGrant_MissingRequiredFields/missing_granted_by (0.00s)
    --- PASS: TestValidateGrant_MissingRequiredFields/missing_granted_at (0.00s)
    --- PASS: TestValidateGrant_MissingRequiredFields/missing_effective_from (0.00s)
    --- PASS: TestValidateGrant_MissingRequiredFields/missing_status (0.00s)
=== RUN   TestValidateGrant_InvalidIDFormats
=== RUN   TestValidateGrant_InvalidIDFormats/invalid_agent_id_format
=== RUN   TestValidateGrant_InvalidIDFormats/invalid_profile_id_format
--- PASS: TestValidateGrant_InvalidIDFormats (0.00s)
    --- PASS: TestValidateGrant_InvalidIDFormats/invalid_agent_id_format (0.00s)
    --- PASS: TestValidateGrant_InvalidIDFormats/invalid_profile_id_format (0.00s)
=== RUN   TestValidateGrant_InvalidTimestampFormat
=== RUN   TestValidateGrant_InvalidTimestampFormat/invalid_granted_at_format
=== RUN   TestValidateGrant_InvalidTimestampFormat/invalid_effective_from_format
=== RUN   TestValidateGrant_InvalidTimestampFormat/invalid_effective_until_format
--- PASS: TestValidateGrant_InvalidTimestampFormat (0.00s)
    --- PASS: TestValidateGrant_InvalidTimestampFormat/invalid_granted_at_format (0.00s)
    --- PASS: TestValidateGrant_InvalidTimestampFormat/invalid_effective_from_format (0.00s)
    --- PASS: TestValidateGrant_InvalidTimestampFormat/invalid_effective_until_format (0.00s)
=== RUN   TestValidateGrant_TemporalConsistency
=== RUN   TestValidateGrant_TemporalConsistency/effective_from_after_effective_until
=== RUN   TestValidateGrant_TemporalConsistency/granted_at_after_effective_from
=== RUN   TestValidateGrant_TemporalConsistency/equal_timestamps_are_valid
--- PASS: TestValidateGrant_TemporalConsistency (0.00s)
    --- PASS: TestValidateGrant_TemporalConsistency/effective_from_after_effective_until (0.00s)
    --- PASS: TestValidateGrant_TemporalConsistency/granted_at_after_effective_from (0.00s)
    --- PASS: TestValidateGrant_TemporalConsistency/equal_timestamps_are_valid (0.00s)
=== RUN   TestValidateGrant_InvalidStatus
--- PASS: TestValidateGrant_InvalidStatus (0.00s)
=== RUN   TestValidateDocument_AllTypes
=== RUN   TestValidateDocument_AllTypes/Surface
=== RUN   TestValidateDocument_AllTypes/Agent
=== RUN   TestValidateDocument_AllTypes/Profile
=== RUN   TestValidateDocument_AllTypes/Grant
--- PASS: TestValidateDocument_AllTypes (0.00s)
    --- PASS: TestValidateDocument_AllTypes/Surface (0.00s)
    --- PASS: TestValidateDocument_AllTypes/Agent (0.00s)
    --- PASS: TestValidateDocument_AllTypes/Profile (0.00s)
    --- PASS: TestValidateDocument_AllTypes/Grant (0.00s)
=== RUN   TestValidateDocument_UnsupportedType
--- PASS: TestValidateDocument_UnsupportedType (0.00s)
=== RUN   TestValidateBundle_AllValid
--- PASS: TestValidateBundle_AllValid (0.00s)
=== RUN   TestValidateBundle_DuplicateIDs
--- PASS: TestValidateBundle_DuplicateIDs (0.00s)
=== RUN   TestValidateBundle_DuplicateIDsAcrossDifferentKinds
--- PASS: TestValidateBundle_DuplicateIDsAcrossDifferentKinds (0.00s)
=== RUN   TestValidateBundle_DocumentIndexAnnotation
--- PASS: TestValidateBundle_DocumentIndexAnnotation (0.00s)
=== RUN   TestValidateBundle_EmptyBundle
--- PASS: TestValidateBundle_EmptyBundle (0.00s)
=== RUN   TestValidateBundle_SkipsEmptyIDsInDuplicateDetection
--- PASS: TestValidateBundle_SkipsEmptyIDsInDuplicateDetection (0.00s)
=== RUN   TestContains
--- PASS: TestContains (0.00s)
PASS
ok  	github.com/accept-io/midas/internal/controlplane/validate	0.012s
=== RUN   TestClassifyFailure_ExplicitWrapper
=== RUN   TestClassifyFailure_ExplicitWrapper/envelope_persistence
=== RUN   TestClassifyFailure_ExplicitWrapper/audit_append
=== RUN   TestClassifyFailure_ExplicitWrapper/invalid_transition
=== RUN   TestClassifyFailure_ExplicitWrapper/policy_evaluation
=== RUN   TestClassifyFailure_ExplicitWrapper/authority_resolution
=== RUN   TestClassifyFailure_ExplicitWrapper/resolve_review
=== RUN   TestClassifyFailure_ExplicitWrapper/unknown
--- PASS: TestClassifyFailure_ExplicitWrapper (0.00s)
    --- PASS: TestClassifyFailure_ExplicitWrapper/envelope_persistence (0.00s)
    --- PASS: TestClassifyFailure_ExplicitWrapper/audit_append (0.00s)
    --- PASS: TestClassifyFailure_ExplicitWrapper/invalid_transition (0.00s)
    --- PASS: TestClassifyFailure_ExplicitWrapper/policy_evaluation (0.00s)
    --- PASS: TestClassifyFailure_ExplicitWrapper/authority_resolution (0.00s)
    --- PASS: TestClassifyFailure_ExplicitWrapper/resolve_review (0.00s)
    --- PASS: TestClassifyFailure_ExplicitWrapper/unknown (0.00s)
=== RUN   TestClassifyFailure_ExplicitWrapper_PreservesChain
--- PASS: TestClassifyFailure_ExplicitWrapper_PreservesChain (0.00s)
=== RUN   TestClassifyFailure_ExplicitWrapper_NestedInFmtErrorf
--- PASS: TestClassifyFailure_ExplicitWrapper_NestedInFmtErrorf (0.00s)
=== RUN   TestClassifyFailure_Sentinels
=== RUN   TestClassifyFailure_Sentinels/ErrEnvelopeNotFound
=== RUN   TestClassifyFailure_Sentinels/ErrEnvelopeNotAwaitingReview
=== RUN   TestClassifyFailure_Sentinels/ErrEnvelopeAlreadyClosed
--- PASS: TestClassifyFailure_Sentinels (0.00s)
    --- PASS: TestClassifyFailure_Sentinels/ErrEnvelopeNotFound (0.00s)
    --- PASS: TestClassifyFailure_Sentinels/ErrEnvelopeNotAwaitingReview (0.00s)
    --- PASS: TestClassifyFailure_Sentinels/ErrEnvelopeAlreadyClosed (0.00s)
=== RUN   TestClassifyFailure_Sentinels_Wrapped
--- PASS: TestClassifyFailure_Sentinels_Wrapped (0.00s)
=== RUN   TestClassifyFailure_Heuristic_Policy
--- PASS: TestClassifyFailure_Heuristic_Policy (0.00s)
=== RUN   TestClassifyFailure_Heuristic_AuthorityResolution
=== RUN   TestClassifyFailure_Heuristic_AuthorityResolution/authority
=== RUN   TestClassifyFailure_Heuristic_AuthorityResolution/grant
=== RUN   TestClassifyFailure_Heuristic_AuthorityResolution/profile
=== RUN   TestClassifyFailure_Heuristic_AuthorityResolution/surface
=== RUN   TestClassifyFailure_Heuristic_AuthorityResolution/agent
--- PASS: TestClassifyFailure_Heuristic_AuthorityResolution (0.00s)
    --- PASS: TestClassifyFailure_Heuristic_AuthorityResolution/authority (0.00s)
    --- PASS: TestClassifyFailure_Heuristic_AuthorityResolution/grant (0.00s)
    --- PASS: TestClassifyFailure_Heuristic_AuthorityResolution/profile (0.00s)
    --- PASS: TestClassifyFailure_Heuristic_AuthorityResolution/surface (0.00s)
    --- PASS: TestClassifyFailure_Heuristic_AuthorityResolution/agent (0.00s)
=== RUN   TestClassifyFailure_Heuristic_Unknown
--- PASS: TestClassifyFailure_Heuristic_Unknown (0.00s)
=== RUN   TestClassifyFailure_Nil
--- PASS: TestClassifyFailure_Nil (0.00s)
=== RUN   TestCategorizePersistErr_Nil
--- PASS: TestCategorizePersistErr_Nil (0.00s)
=== RUN   TestCategorizePersistErr_AuditAppend
--- PASS: TestCategorizePersistErr_AuditAppend (0.00s)
=== RUN   TestCategorizePersistErr_EnvelopeCreate
--- PASS: TestCategorizePersistErr_EnvelopeCreate (0.00s)
=== RUN   TestCategorizePersistErr_ScopeConflict_IsIdempotencyConflict
--- PASS: TestCategorizePersistErr_ScopeConflict_IsIdempotencyConflict (0.00s)
=== RUN   TestCategorizePersistErr_EnvelopeUpdate
--- PASS: TestCategorizePersistErr_EnvelopeUpdate (0.00s)
=== RUN   TestClassifyFailure_TransitionViaWrapFailure
--- PASS: TestClassifyFailure_TransitionViaWrapFailure (0.00s)
=== RUN   TestClassifyFailure_TransitionViaWrapFailure_ThroughWithTx
--- PASS: TestClassifyFailure_TransitionViaWrapFailure_ThroughWithTx (0.00s)
=== RUN   TestAccumulatorNew_Validation
=== RUN   TestAccumulatorNew_Validation/nil_envelope_returns_errAccumulatorNilEnvelope
=== RUN   TestAccumulatorNew_Validation/non-RECEIVED_state_returns_errAccumulatorWrongState
=== RUN   TestAccumulatorNew_Validation/valid_RECEIVED_envelope_succeeds
--- PASS: TestAccumulatorNew_Validation (0.00s)
    --- PASS: TestAccumulatorNew_Validation/nil_envelope_returns_errAccumulatorNilEnvelope (0.00s)
    --- PASS: TestAccumulatorNew_Validation/non-RECEIVED_state_returns_errAccumulatorWrongState (0.00s)
    --- PASS: TestAccumulatorNew_Validation/valid_RECEIVED_envelope_succeeds (0.00s)
=== RUN   TestAccumulatorTransition_ValidatesStateMachine
=== RUN   TestAccumulatorTransition_ValidatesStateMachine/valid_transition_advances_in-memory_state
=== RUN   TestAccumulatorTransition_ValidatesStateMachine/invalid_edge_returns_wrapped_ErrInvalidTransition
=== RUN   TestAccumulatorTransition_ValidatesStateMachine/error_message_includes_from-state_and_to-state
=== RUN   TestAccumulatorTransition_ValidatesStateMachine/missing_Explanation_blocks_OUTCOME_RECORDED
=== RUN   TestAccumulatorTransition_ValidatesStateMachine/missing_Outcome_or_ReasonCode_blocks_CLOSED
=== RUN   TestAccumulatorTransition_ValidatesStateMachine/returns_errAccumulatorAlreadyPersisted_after_persist
--- PASS: TestAccumulatorTransition_ValidatesStateMachine (0.00s)
    --- PASS: TestAccumulatorTransition_ValidatesStateMachine/valid_transition_advances_in-memory_state (0.00s)
    --- PASS: TestAccumulatorTransition_ValidatesStateMachine/invalid_edge_returns_wrapped_ErrInvalidTransition (0.00s)
    --- PASS: TestAccumulatorTransition_ValidatesStateMachine/error_message_includes_from-state_and_to-state (0.00s)
    --- PASS: TestAccumulatorTransition_ValidatesStateMachine/missing_Explanation_blocks_OUTCOME_RECORDED (0.00s)
    --- PASS: TestAccumulatorTransition_ValidatesStateMachine/missing_Outcome_or_ReasonCode_blocks_CLOSED (0.00s)
    --- PASS: TestAccumulatorTransition_ValidatesStateMachine/returns_errAccumulatorAlreadyPersisted_after_persist (0.00s)
=== RUN   TestAccumulatorRecordEvent_Validation
=== RUN   TestAccumulatorRecordEvent_Validation/nil_event_returns_errAccumulatorNilEvent
=== RUN   TestAccumulatorRecordEvent_Validation/wrong_EnvelopeID_returns_errAccumulatorWrongEnvelope
=== RUN   TestAccumulatorRecordEvent_Validation/pre-populated_Hash_returns_errAccumulatorPreHashedEvent
=== RUN   TestAccumulatorRecordEvent_Validation/pre-populated_PrevHash_returns_errAccumulatorPreHashedEvent
=== RUN   TestAccumulatorRecordEvent_Validation/pre-populated_SequenceNo_returns_errAccumulatorPreHashedEvent
=== RUN   TestAccumulatorRecordEvent_Validation/returns_errAccumulatorAlreadyPersisted_after_persist
--- PASS: TestAccumulatorRecordEvent_Validation (0.00s)
    --- PASS: TestAccumulatorRecordEvent_Validation/nil_event_returns_errAccumulatorNilEvent (0.00s)
    --- PASS: TestAccumulatorRecordEvent_Validation/wrong_EnvelopeID_returns_errAccumulatorWrongEnvelope (0.00s)
    --- PASS: TestAccumulatorRecordEvent_Validation/pre-populated_Hash_returns_errAccumulatorPreHashedEvent (0.00s)
    --- PASS: TestAccumulatorRecordEvent_Validation/pre-populated_PrevHash_returns_errAccumulatorPreHashedEvent (0.00s)
    --- PASS: TestAccumulatorRecordEvent_Validation/pre-populated_SequenceNo_returns_errAccumulatorPreHashedEvent (0.00s)
    --- PASS: TestAccumulatorRecordEvent_Validation/returns_errAccumulatorAlreadyPersisted_after_persist (0.00s)
=== RUN   TestAccumulatorRecord_QueuesWithoutPersisting
--- PASS: TestAccumulatorRecord_QueuesWithoutPersisting (0.00s)
=== RUN   TestAccumulatorAbsorbPersistedEvent_UpdatesIntegrity
--- PASS: TestAccumulatorAbsorbPersistedEvent_UpdatesIntegrity (0.00s)
=== RUN   TestAccumulatorPersist_PreflightChecks
=== RUN   TestAccumulatorPersist_PreflightChecks/non-terminal_state_returns_errAccumulatorNonTerminalState
=== RUN   TestAccumulatorPersist_PreflightChecks/missing_outcome_returns_errAccumulatorMissingOutcome
=== RUN   TestAccumulatorPersist_PreflightChecks/empty_queue_returns_error_(evaluation_incomplete)
=== RUN   TestAccumulatorPersist_PreflightChecks/returns_errAccumulatorAlreadyPersisted_on_double_persistNew
--- PASS: TestAccumulatorPersist_PreflightChecks (0.00s)
    --- PASS: TestAccumulatorPersist_PreflightChecks/non-terminal_state_returns_errAccumulatorNonTerminalState (0.00s)
    --- PASS: TestAccumulatorPersist_PreflightChecks/missing_outcome_returns_errAccumulatorMissingOutcome (0.00s)
    --- PASS: TestAccumulatorPersist_PreflightChecks/empty_queue_returns_error_(evaluation_incomplete) (0.00s)
    --- PASS: TestAccumulatorPersist_PreflightChecks/returns_errAccumulatorAlreadyPersisted_on_double_persistNew (0.00s)
=== RUN   TestAccumulatorPersist_CallOrder
--- PASS: TestAccumulatorPersist_CallOrder (0.00s)
=== RUN   TestAccumulatorPersist_CreateFailure
--- PASS: TestAccumulatorPersist_CreateFailure (0.00s)
=== RUN   TestAccumulatorPersist_UpdateFailure
--- PASS: TestAccumulatorPersist_UpdateFailure (0.00s)
=== RUN   TestAccumulatorPersist_AppendFailure
--- PASS: TestAccumulatorPersist_AppendFailure (0.00s)
=== RUN   TestAccumulatorPersist_PartialAppendFailure
--- PASS: TestAccumulatorPersist_PartialAppendFailure (0.00s)
=== RUN   TestExistingEnvelopeAccumulator_Validation
=== RUN   TestExistingEnvelopeAccumulator_Validation/nil_envelope_returns_errAccumulatorNilEnvelope
=== RUN   TestExistingEnvelopeAccumulator_Validation/non-AWAITING_REVIEW_state_returns_errAccumulatorWrongState
=== RUN   TestExistingEnvelopeAccumulator_Validation/AWAITING_REVIEW_envelope_succeeds
--- PASS: TestExistingEnvelopeAccumulator_Validation (0.00s)
    --- PASS: TestExistingEnvelopeAccumulator_Validation/nil_envelope_returns_errAccumulatorNilEnvelope (0.00s)
    --- PASS: TestExistingEnvelopeAccumulator_Validation/non-AWAITING_REVIEW_state_returns_errAccumulatorWrongState (0.00s)
    --- PASS: TestExistingEnvelopeAccumulator_Validation/AWAITING_REVIEW_envelope_succeeds (0.00s)
=== RUN   TestAccumulatorPersistUpdate_CallOrder
--- PASS: TestAccumulatorPersistUpdate_CallOrder (0.00s)
=== RUN   TestAccumulatorPersistUpdate_CreateNotCalled
--- PASS: TestAccumulatorPersistUpdate_CreateNotCalled (0.00s)
=== RUN   TestAccumulatorPersistUpdate_AppendFailure
--- PASS: TestAccumulatorPersistUpdate_AppendFailure (0.00s)
=== RUN   TestAccumulatorPersistUpdate_UpdateFailure
--- PASS: TestAccumulatorPersistUpdate_UpdateFailure (0.00s)
=== RUN   TestAccumulatorPersistUpdate_AlreadyPersisted
--- PASS: TestAccumulatorPersistUpdate_AlreadyPersisted (0.00s)
=== RUN   TestAccumulatorPersistUpdate_EmptyQueue
--- PASS: TestAccumulatorPersistUpdate_EmptyQueue (0.00s)
=== RUN   TestAccumulatorRecordOutbox_Validation
=== RUN   TestAccumulatorRecordOutbox_Validation/nil_event_returns_errAccumulatorNilOutboxEvent
=== RUN   TestAccumulatorRecordOutbox_Validation/returns_errAccumulatorAlreadyPersisted_after_persist
=== RUN   TestAccumulatorRecordOutbox_Validation/queues_without_persisting
=== RUN   TestAccumulatorRecordOutbox_Validation/multiple_events_queued_in_order
--- PASS: TestAccumulatorRecordOutbox_Validation (0.00s)
    --- PASS: TestAccumulatorRecordOutbox_Validation/nil_event_returns_errAccumulatorNilOutboxEvent (0.00s)
    --- PASS: TestAccumulatorRecordOutbox_Validation/returns_errAccumulatorAlreadyPersisted_after_persist (0.00s)
    --- PASS: TestAccumulatorRecordOutbox_Validation/queues_without_persisting (0.00s)
    --- PASS: TestAccumulatorRecordOutbox_Validation/multiple_events_queued_in_order (0.00s)
=== RUN   TestAccumulatorPersistNew_FlushesOutboxEvents
=== RUN   TestAccumulatorPersistNew_FlushesOutboxEvents/outbox_event_flushed_after_audit_events_and_before_update
=== RUN   TestAccumulatorPersistNew_FlushesOutboxEvents/nil_repos.Outbox_skips_outbox_flush_without_error
=== RUN   TestAccumulatorPersistNew_FlushesOutboxEvents/outbox_append_failure_propagates_and_blocks_update
--- PASS: TestAccumulatorPersistNew_FlushesOutboxEvents (0.00s)
    --- PASS: TestAccumulatorPersistNew_FlushesOutboxEvents/outbox_event_flushed_after_audit_events_and_before_update (0.00s)
    --- PASS: TestAccumulatorPersistNew_FlushesOutboxEvents/nil_repos.Outbox_skips_outbox_flush_without_error (0.00s)
    --- PASS: TestAccumulatorPersistNew_FlushesOutboxEvents/outbox_append_failure_propagates_and_blocks_update (0.00s)
=== RUN   TestAccumulatorPersistExisting_FlushesOutboxEvents
=== RUN   TestAccumulatorPersistExisting_FlushesOutboxEvents/outbox_event_flushed_after_audit_events_and_before_update
=== RUN   TestAccumulatorPersistExisting_FlushesOutboxEvents/nil_repos.Outbox_skips_outbox_flush_without_error
--- PASS: TestAccumulatorPersistExisting_FlushesOutboxEvents (0.00s)
    --- PASS: TestAccumulatorPersistExisting_FlushesOutboxEvents/outbox_event_flushed_after_audit_events_and_before_update (0.00s)
    --- PASS: TestAccumulatorPersistExisting_FlushesOutboxEvents/nil_repos.Outbox_skips_outbox_flush_without_error (0.00s)
=== RUN   TestAccumulatorRegression_PersistenceCount_HappyPath
2026/04/04 17:56:26 INFO evaluation_started request_source=test-source request_id=req-test-001 surface_id=surface-payments-v1 agent_id=agent-processor-a
2026/04/04 17:56:26 INFO evaluation_completed request_source=test-source request_id=req-test-001 envelope_id=3a36a5cb-5fc6-48e1-af5e-5022eda8b60f outcome=accept reason_code=WITHIN_AUTHORITY explanation="Request is within granted authority and may proceed." duration_ms=0
--- PASS: TestAccumulatorRegression_PersistenceCount_HappyPath (0.00s)
=== RUN   TestAuditEventOrdering_AllOutcomePaths
=== RUN   TestAuditEventOrdering_AllOutcomePaths/Accept
2026/04/04 17:56:26 INFO evaluation_started request_source=test-source request_id=req-test-001 surface_id=surface-payments-v1 agent_id=agent-processor-a
2026/04/04 17:56:26 INFO evaluation_completed request_source=test-source request_id=req-test-001 envelope_id=9837410c-e735-462f-ae4d-204c9d16f7c1 outcome=accept reason_code=WITHIN_AUTHORITY explanation="Request is within granted authority and may proceed." duration_ms=0
=== RUN   TestAuditEventOrdering_AllOutcomePaths/EarlyReject_SurfaceNotFound
2026/04/04 17:56:26 INFO evaluation_started request_source=test-source request_id=req-test-001 surface_id=surface-does-not-exist agent_id=agent-processor-a
2026/04/04 17:56:26 INFO evaluation_completed request_source=test-source request_id=req-test-001 envelope_id=13bed9d4-5a27-4292-96d3-f34239ac7044 outcome=reject reason_code=SURFACE_NOT_FOUND explanation="The requested decision surface was not found." duration_ms=0
=== RUN   TestAuditEventOrdering_AllOutcomePaths/Escalate_ConfidenceBelowThreshold
2026/04/04 17:56:26 INFO evaluation_started request_source=test-source request_id=req-test-001 surface_id=surface-payments-v1 agent_id=agent-processor-a
2026/04/04 17:56:26 INFO evaluation_completed request_source=test-source request_id=req-test-001 envelope_id=e2b21866-e42f-449a-81d5-b95c5085b713 outcome=escalate reason_code=CONFIDENCE_BELOW_THRESHOLD explanation="Confidence 0.10 is below required threshold 0.80." duration_ms=0
=== RUN   TestAuditEventOrdering_AllOutcomePaths/Accept_WithPolicy
2026/04/04 17:56:26 INFO evaluation_started request_source=test-source request_id=req-test-001 surface_id=surface-payments-v1 agent_id=agent-processor-a
2026/04/04 17:56:26 INFO evaluation_completed request_source=test-source request_id=req-test-001 envelope_id=e5159cb2-26fe-447e-8713-6de8c10a0628 outcome=accept reason_code=WITHIN_AUTHORITY explanation="Request is within granted authority and may proceed." duration_ms=0
--- PASS: TestAuditEventOrdering_AllOutcomePaths (0.00s)
    --- PASS: TestAuditEventOrdering_AllOutcomePaths/Accept (0.00s)
    --- PASS: TestAuditEventOrdering_AllOutcomePaths/EarlyReject_SurfaceNotFound (0.00s)
    --- PASS: TestAuditEventOrdering_AllOutcomePaths/Escalate_ConfidenceBelowThreshold (0.00s)
    --- PASS: TestAuditEventOrdering_AllOutcomePaths/Accept_WithPolicy (0.00s)
=== RUN   TestIntegrityAnchors_HashChainCorrectness
2026/04/04 17:56:26 INFO evaluation_started request_source=test-source request_id=req-test-001 surface_id=surface-payments-v1 agent_id=agent-processor-a
2026/04/04 17:56:26 INFO evaluation_completed request_source=test-source request_id=req-test-001 envelope_id=548ac360-037e-4956-b020-c6bfd81c0396 outcome=accept reason_code=WITHIN_AUTHORITY explanation="Request is within granted authority and may proceed." duration_ms=0
--- PASS: TestIntegrityAnchors_HashChainCorrectness (0.00s)
=== RUN   TestAccumulatorRegression_Rollback_AuditAppendFailure
2026/04/04 17:56:26 INFO evaluation_started request_source=test-source request_id=req-test-001 surface_id=surface-payments-v1 agent_id=agent-processor-a
2026/04/04 17:56:26 ERROR evaluation_failed request_source=test-source request_id=req-test-001 surface_id=surface-payments-v1 agent_id=agent-processor-a failure_kind=audit_append error="persist evaluation: audit append SURFACE_RESOLVED [envelope 14819051-6db5-4082-8e73-1ec9da605789]: audit backend unavailable: disk full" duration_ms=0
2026/04/04 17:56:26 INFO evaluation_started request_source=test-source request_id=req-test-001 surface_id=surface-payments-v1 agent_id=agent-processor-a
2026/04/04 17:56:26 INFO evaluation_completed request_source=test-source request_id=req-test-001 envelope_id=7f390c28-8d48-4475-970e-5c44fa379f14 outcome=accept reason_code=WITHIN_AUTHORITY explanation="Request is within granted authority and may proceed." duration_ms=0
--- PASS: TestAccumulatorRegression_Rollback_AuditAppendFailure (0.00s)
=== RUN   TestTransitionInvariants_ValidationPreserved
=== RUN   TestTransitionInvariants_ValidationPreserved/OutcomeRecorded_RequiresExplanation
=== RUN   TestTransitionInvariants_ValidationPreserved/Escalated_RequiresExplanation
=== RUN   TestTransitionInvariants_ValidationPreserved/Closed_RequiresOutcomeAndReasonCode
=== RUN   TestTransitionInvariants_ValidationPreserved/ClosedFromAwaitingReview_RequiresReview
=== RUN   TestTransitionInvariants_ValidationPreserved/ClosedEnvelope_ImmutableToFurtherTransitions
--- PASS: TestTransitionInvariants_ValidationPreserved (0.00s)
    --- PASS: TestTransitionInvariants_ValidationPreserved/OutcomeRecorded_RequiresExplanation (0.00s)
    --- PASS: TestTransitionInvariants_ValidationPreserved/Escalated_RequiresExplanation (0.00s)
    --- PASS: TestTransitionInvariants_ValidationPreserved/Closed_RequiresOutcomeAndReasonCode (0.00s)
    --- PASS: TestTransitionInvariants_ValidationPreserved/ClosedFromAwaitingReview_RequiresReview (0.00s)
    --- PASS: TestTransitionInvariants_ValidationPreserved/ClosedEnvelope_ImmutableToFurtherTransitions (0.00s)
=== RUN   TestResolveEscalation_PersistenceCount
2026/04/04 17:56:26 INFO evaluation_started request_source=test-source request_id=req-resolve-count-001 surface_id=surface-payments-v1 agent_id=agent-processor-a
2026/04/04 17:56:26 INFO evaluation_completed request_source=test-source request_id=req-resolve-count-001 envelope_id=7cfcdeb9-c924-49d8-bc07-6bba0eb04e6e outcome=escalate reason_code=CONFIDENCE_BELOW_THRESHOLD explanation="Confidence 0.10 is below required threshold 0.80." duration_ms=0
2026/04/04 17:56:26 INFO escalation_resolved envelope_id=7cfcdeb9-c924-49d8-bc07-6bba0eb04e6e request_source=test-source request_id=req-resolve-count-001 decision=APPROVED reviewer_id=reviewer-jane
--- PASS: TestResolveEscalation_PersistenceCount (0.00s)
=== RUN   TestGrantRuntime_SuspendedGrant_Rejected
2026/04/04 17:56:26 INFO evaluation_started request_source=test-source request_id="" surface_id=surface-1 agent_id=agent-1
2026/04/04 17:56:26 INFO evaluation_completed request_source=test-source request_id="" envelope_id=5b427317-53e2-4944-a330-33dd60d85c2a outcome=reject reason_code=PROFILE_NOT_FOUND explanation="No active authority profile could be resolved for the agent." duration_ms=0
--- PASS: TestGrantRuntime_SuspendedGrant_Rejected (0.00s)
=== RUN   TestGrantRuntime_RevokedGrant_Rejected
2026/04/04 17:56:26 INFO evaluation_started request_source=test-source request_id="" surface_id=surface-1 agent_id=agent-1
2026/04/04 17:56:26 INFO evaluation_completed request_source=test-source request_id="" envelope_id=6b896fb7-79fc-4bca-8d60-e09c52196880 outcome=reject reason_code=PROFILE_NOT_FOUND explanation="No active authority profile could be resolved for the agent." duration_ms=0
--- PASS: TestGrantRuntime_RevokedGrant_Rejected (0.00s)
=== RUN   TestGrantRuntime_ExpiredGrant_StillAccepted
2026/04/04 17:56:26 INFO evaluation_started request_source=test-source request_id="" surface_id=surface-1 agent_id=agent-1
2026/04/04 17:56:26 INFO evaluation_completed request_source=test-source request_id="" envelope_id=0c7dff45-65a1-4266-85d5-3ec8ab8eef7e outcome=accept reason_code=WITHIN_AUTHORITY explanation="Request is within granted authority and may proceed." duration_ms=0
--- PASS: TestGrantRuntime_ExpiredGrant_StillAccepted (0.00s)
=== RUN   TestGrantRuntime_ActiveGrant_Succeeds
2026/04/04 17:56:26 INFO evaluation_started request_source=test-source request_id="" surface_id=surface-1 agent_id=agent-1
2026/04/04 17:56:26 INFO evaluation_completed request_source=test-source request_id="" envelope_id=74a773de-f79d-49d9-a866-3088a769652c outcome=accept reason_code=WITHIN_AUTHORITY explanation="Request is within granted authority and may proceed." duration_ms=0
--- PASS: TestGrantRuntime_ActiveGrant_Succeeds (0.00s)
=== RUN   TestGrantRuntime_ReinstatedGrant_Succeeds
2026/04/04 17:56:26 INFO evaluation_started request_source=test-source request_id="" surface_id=surface-1 agent_id=agent-1
2026/04/04 17:56:26 INFO evaluation_completed request_source=test-source request_id="" envelope_id=426d5bbe-7e99-42a5-85d6-472030908cc5 outcome=accept reason_code=WITHIN_AUTHORITY explanation="Request is within granted authority and may proceed." duration_ms=0
--- PASS: TestGrantRuntime_ReinstatedGrant_Succeeds (0.00s)
=== RUN   TestIdempotency_FirstSubmissionCreatesEnvelope
2026/04/04 17:56:26 INFO evaluation_started request_source=svc-a request_id=req-001 surface_id=surface-payments-v1 agent_id=agent-processor-a
2026/04/04 17:56:26 INFO evaluation_completed request_source=svc-a request_id=req-001 envelope_id=c991b97d-99d6-4d3f-8cce-b404ba5d3221 outcome=accept reason_code=WITHIN_AUTHORITY explanation="Request is within granted authority and may proceed." duration_ms=0
--- PASS: TestIdempotency_FirstSubmissionCreatesEnvelope (0.00s)
=== RUN   TestIdempotency_ExactReplayReturnsSameResult
2026/04/04 17:56:26 INFO evaluation_started request_source=svc-a request_id=req-002 surface_id=surface-payments-v1 agent_id=agent-processor-a
2026/04/04 17:56:26 INFO evaluation_completed request_source=svc-a request_id=req-002 envelope_id=46d12db9-f441-4012-9e12-8a2a7522eab0 outcome=accept reason_code=WITHIN_AUTHORITY explanation="Request is within granted authority and may proceed." duration_ms=0
2026/04/04 17:56:26 INFO evaluation_started request_source=svc-a request_id=req-002 surface_id=surface-payments-v1 agent_id=agent-processor-a
2026/04/04 17:56:26 INFO evaluation_replayed request_source=svc-a request_id=req-002 envelope_id=46d12db9-f441-4012-9e12-8a2a7522eab0 outcome=accept reason_code=WITHIN_AUTHORITY
2026/04/04 17:56:26 INFO evaluation_completed request_source=svc-a request_id=req-002 envelope_id=46d12db9-f441-4012-9e12-8a2a7522eab0 outcome=accept reason_code=WITHIN_AUTHORITY explanation=WITHIN_AUTHORITY duration_ms=0
--- PASS: TestIdempotency_ExactReplayReturnsSameResult (0.00s)
=== RUN   TestIdempotency_DifferentPayloadReturnsScopedConflictError
2026/04/04 17:56:26 INFO evaluation_started request_source=svc-a request_id=req-003 surface_id=surface-payments-v1 agent_id=agent-processor-a
2026/04/04 17:56:26 INFO evaluation_completed request_source=svc-a request_id=req-003 envelope_id=facb26c2-9c02-42a8-a73a-3de73c457e01 outcome=accept reason_code=WITHIN_AUTHORITY explanation="Request is within granted authority and may proceed." duration_ms=0
2026/04/04 17:56:26 INFO evaluation_started request_source=svc-a request_id=req-003 surface_id=surface-payments-v1 agent_id=agent-processor-a
2026/04/04 17:56:26 WARN idempotency_conflict request_source=svc-a request_id=req-003 existing_envelope_id=facb26c2-9c02-42a8-a73a-3de73c457e01 existing_hash=aa36c1076ca355a78bfb444aa787590da94923f062ece1afa0ee81d47ea7a1dc submitted_hash=a863a0cfaa60d6d32c9578d603a0ad4da17efab2dd1682b8b9b6a466a24a5e19
2026/04/04 17:56:26 ERROR evaluation_failed request_source=svc-a request_id=req-003 surface_id=surface-payments-v1 agent_id=agent-processor-a failure_kind=idempotency_conflict error="scoped request conflict: same (request_source, request_id) submitted with a different payload" duration_ms=0
--- PASS: TestIdempotency_DifferentPayloadReturnsScopedConflictError (0.00s)
=== RUN   TestIdempotency_SameRequestIDDifferentSourceIsIndependent
2026/04/04 17:56:26 INFO evaluation_started request_source=svc-a request_id=req-004 surface_id=surface-payments-v1 agent_id=agent-processor-a
2026/04/04 17:56:26 INFO evaluation_completed request_source=svc-a request_id=req-004 envelope_id=cecf5dd2-abc7-41cf-a4cb-e5027a41aadc outcome=accept reason_code=WITHIN_AUTHORITY explanation="Request is within granted authority and may proceed." duration_ms=0
2026/04/04 17:56:26 INFO evaluation_started request_source=svc-b request_id=req-004 surface_id=surface-payments-v1 agent_id=agent-processor-a
2026/04/04 17:56:26 INFO evaluation_completed request_source=svc-b request_id=req-004 envelope_id=2c2b4875-5a3a-4cb7-b310-31990144b32d outcome=accept reason_code=WITHIN_AUTHORITY explanation="Request is within granted authority and may proceed." duration_ms=0
--- PASS: TestIdempotency_SameRequestIDDifferentSourceIsIndependent (0.00s)
=== RUN   TestIdempotency_GetEnvelopeByRequestScopeReturnsCorrectEnvelope
2026/04/04 17:56:26 INFO evaluation_started request_source=svc-retrieval request_id=req-005 surface_id=surface-payments-v1 agent_id=agent-processor-a
2026/04/04 17:56:26 INFO evaluation_completed request_source=svc-retrieval request_id=req-005 envelope_id=cbd85164-90d4-426b-a2b5-6f843168179f outcome=accept reason_code=WITHIN_AUTHORITY explanation="Request is within granted authority and may proceed." duration_ms=0
--- PASS: TestIdempotency_GetEnvelopeByRequestScopeReturnsCorrectEnvelope (0.00s)
=== RUN   TestIdempotency_ReplayNeverReturnsError
2026/04/04 17:56:26 INFO evaluation_started request_source=svc-replay request_id=req-006 surface_id=surface-payments-v1 agent_id=agent-processor-a
2026/04/04 17:56:26 INFO evaluation_completed request_source=svc-replay request_id=req-006 envelope_id=b3fbe4a4-6602-468e-97d2-db254bdb1645 outcome=accept reason_code=WITHIN_AUTHORITY explanation="Request is within granted authority and may proceed." duration_ms=0
2026/04/04 17:56:26 INFO evaluation_started request_source=svc-replay request_id=req-006 surface_id=surface-payments-v1 agent_id=agent-processor-a
2026/04/04 17:56:26 INFO evaluation_replayed request_source=svc-replay request_id=req-006 envelope_id=b3fbe4a4-6602-468e-97d2-db254bdb1645 outcome=accept reason_code=WITHIN_AUTHORITY
2026/04/04 17:56:26 INFO evaluation_completed request_source=svc-replay request_id=req-006 envelope_id=b3fbe4a4-6602-468e-97d2-db254bdb1645 outcome=accept reason_code=WITHIN_AUTHORITY explanation=WITHIN_AUTHORITY duration_ms=0
2026/04/04 17:56:26 INFO evaluation_started request_source=svc-replay request_id=req-006 surface_id=surface-payments-v1 agent_id=agent-processor-a
2026/04/04 17:56:26 INFO evaluation_replayed request_source=svc-replay request_id=req-006 envelope_id=b3fbe4a4-6602-468e-97d2-db254bdb1645 outcome=accept reason_code=WITHIN_AUTHORITY
2026/04/04 17:56:26 INFO evaluation_completed request_source=svc-replay request_id=req-006 envelope_id=b3fbe4a4-6602-468e-97d2-db254bdb1645 outcome=accept reason_code=WITHIN_AUTHORITY explanation=WITHIN_AUTHORITY duration_ms=0
2026/04/04 17:56:26 INFO evaluation_started request_source=svc-replay request_id=req-006 surface_id=surface-payments-v1 agent_id=agent-processor-a
2026/04/04 17:56:26 INFO evaluation_replayed request_source=svc-replay request_id=req-006 envelope_id=b3fbe4a4-6602-468e-97d2-db254bdb1645 outcome=accept reason_code=WITHIN_AUTHORITY
2026/04/04 17:56:26 INFO evaluation_completed request_source=svc-replay request_id=req-006 envelope_id=b3fbe4a4-6602-468e-97d2-db254bdb1645 outcome=accept reason_code=WITHIN_AUTHORITY explanation=WITHIN_AUTHORITY duration_ms=0
2026/04/04 17:56:26 INFO evaluation_started request_source=svc-replay request_id=req-006 surface_id=surface-payments-v1 agent_id=agent-processor-a
2026/04/04 17:56:26 INFO evaluation_replayed request_source=svc-replay request_id=req-006 envelope_id=b3fbe4a4-6602-468e-97d2-db254bdb1645 outcome=accept reason_code=WITHIN_AUTHORITY
2026/04/04 17:56:26 INFO evaluation_completed request_source=svc-replay request_id=req-006 envelope_id=b3fbe4a4-6602-468e-97d2-db254bdb1645 outcome=accept reason_code=WITHIN_AUTHORITY explanation=WITHIN_AUTHORITY duration_ms=0
2026/04/04 17:56:26 INFO evaluation_started request_source=svc-replay request_id=req-006 surface_id=surface-payments-v1 agent_id=agent-processor-a
2026/04/04 17:56:26 INFO evaluation_replayed request_source=svc-replay request_id=req-006 envelope_id=b3fbe4a4-6602-468e-97d2-db254bdb1645 outcome=accept reason_code=WITHIN_AUTHORITY
2026/04/04 17:56:26 INFO evaluation_completed request_source=svc-replay request_id=req-006 envelope_id=b3fbe4a4-6602-468e-97d2-db254bdb1645 outcome=accept reason_code=WITHIN_AUTHORITY explanation=WITHIN_AUTHORITY duration_ms=0
--- PASS: TestIdempotency_ReplayNeverReturnsError (0.00s)
=== RUN   TestDecision_RejectsDraftSurface
2026/04/04 17:56:26 INFO evaluation_started request_source=test-source request_id="" surface_id=surf-draft agent_id=agent-1
2026/04/04 17:56:26 INFO evaluation_completed request_source=test-source request_id="" envelope_id=2a4761e8-bba3-4201-a7a8-b7644ee53c86 outcome=reject reason_code=SURFACE_INACTIVE explanation="The requested decision surface is not active." duration_ms=0
--- PASS: TestDecision_RejectsDraftSurface (0.00s)
=== RUN   TestDecision_RejectsReviewSurface
2026/04/04 17:56:26 INFO evaluation_started request_source=test-source request_id="" surface_id=surf-review agent_id=agent-1
2026/04/04 17:56:26 INFO evaluation_completed request_source=test-source request_id="" envelope_id=64eb44ab-ad35-4913-9215-2e588b202171 outcome=reject reason_code=SURFACE_INACTIVE explanation="The requested decision surface is not active." duration_ms=0
--- PASS: TestDecision_RejectsReviewSurface (0.00s)
=== RUN   TestDecision_RejectsDeprecatedSurface
2026/04/04 17:56:26 INFO evaluation_started request_source=test-source request_id="" surface_id=surf-deprecated agent_id=agent-1
2026/04/04 17:56:26 INFO evaluation_completed request_source=test-source request_id="" envelope_id=e048c429-61b2-4b7b-88ab-daf63ebdcfcb outcome=reject reason_code=SURFACE_INACTIVE explanation="The requested decision surface is not active." duration_ms=0
--- PASS: TestDecision_RejectsDeprecatedSurface (0.00s)
=== RUN   TestDecision_RejectsRetiredSurface
2026/04/04 17:56:26 INFO evaluation_started request_source=test-source request_id="" surface_id=surf-retired agent_id=agent-1
2026/04/04 17:56:26 INFO evaluation_completed request_source=test-source request_id="" envelope_id=2a3da2d1-ee3c-4bab-ad38-893706193f02 outcome=reject reason_code=SURFACE_INACTIVE explanation="The requested decision surface is not active." duration_ms=0
--- PASS: TestDecision_RejectsRetiredSurface (0.00s)
=== RUN   TestDecision_AcceptsActiveSurface
2026/04/04 17:56:26 INFO evaluation_started request_source=test-source request_id="" surface_id=surf-active agent_id=agent-active
2026/04/04 17:56:26 INFO evaluation_completed request_source=test-source request_id="" envelope_id=6fd3c18c-54dc-435d-8030-18099392bb4d outcome=accept reason_code=WITHIN_AUTHORITY explanation="Request is within granted authority and may proceed." duration_ms=0
--- PASS: TestDecision_AcceptsActiveSurface (0.00s)
=== RUN   TestDecision_AllNonActiveStatusesRejected
=== RUN   TestDecision_AllNonActiveStatusesRejected/draft
2026/04/04 17:56:26 INFO evaluation_started request_source=test-source request_id="" surface_id=surf-draft agent_id=agent-1
2026/04/04 17:56:26 INFO evaluation_completed request_source=test-source request_id="" envelope_id=052f1534-7945-49db-ba25-663ec5c2d501 outcome=reject reason_code=SURFACE_INACTIVE explanation="The requested decision surface is not active." duration_ms=0
=== RUN   TestDecision_AllNonActiveStatusesRejected/review
2026/04/04 17:56:26 INFO evaluation_started request_source=test-source request_id="" surface_id=surf-review agent_id=agent-1
2026/04/04 17:56:26 INFO evaluation_completed request_source=test-source request_id="" envelope_id=59c9e964-4bdd-41e8-b148-98cc5cda7988 outcome=reject reason_code=SURFACE_INACTIVE explanation="The requested decision surface is not active." duration_ms=0
=== RUN   TestDecision_AllNonActiveStatusesRejected/deprecated
2026/04/04 17:56:26 INFO evaluation_started request_source=test-source request_id="" surface_id=surf-deprecated agent_id=agent-1
2026/04/04 17:56:26 INFO evaluation_completed request_source=test-source request_id="" envelope_id=202725db-f09e-4299-873e-107d70a2f7ef outcome=reject reason_code=SURFACE_INACTIVE explanation="The requested decision surface is not active." duration_ms=0
=== RUN   TestDecision_AllNonActiveStatusesRejected/retired
2026/04/04 17:56:26 INFO evaluation_started request_source=test-source request_id="" surface_id=surf-retired agent_id=agent-1
2026/04/04 17:56:26 INFO evaluation_completed request_source=test-source request_id="" envelope_id=b4943d80-5d23-4bf8-bdc7-6af47bbb3f5e outcome=reject reason_code=SURFACE_INACTIVE explanation="The requested decision surface is not active." duration_ms=0
--- PASS: TestDecision_AllNonActiveStatusesRejected (0.00s)
    --- PASS: TestDecision_AllNonActiveStatusesRejected/draft (0.00s)
    --- PASS: TestDecision_AllNonActiveStatusesRejected/review (0.00s)
    --- PASS: TestDecision_AllNonActiveStatusesRejected/deprecated (0.00s)
    --- PASS: TestDecision_AllNonActiveStatusesRejected/retired (0.00s)
=== RUN   TestLifecycle_Execute
2026/04/04 17:56:26 INFO evaluation_started request_source=test-source request_id=req-test-001 surface_id=surface-payments-v1 agent_id=agent-processor-a
2026/04/04 17:56:26 INFO evaluation_completed request_source=test-source request_id=req-test-001 envelope_id=3e900673-e1ce-4377-aff5-30f8cdda7ffe outcome=accept reason_code=WITHIN_AUTHORITY explanation="Request is within granted authority and may proceed." duration_ms=0
--- PASS: TestLifecycle_Execute (0.00s)
=== RUN   TestLifecycle_EscalateOnConfidence
2026/04/04 17:56:26 INFO evaluation_started request_source=test-source request_id=req-test-001 surface_id=surface-payments-v1 agent_id=agent-processor-a
2026/04/04 17:56:26 INFO evaluation_completed request_source=test-source request_id=req-test-001 envelope_id=3657463c-7070-4e78-9760-842eb5dc589a outcome=escalate reason_code=CONFIDENCE_BELOW_THRESHOLD explanation="Confidence 0.50 is below required threshold 0.80." duration_ms=0
--- PASS: TestLifecycle_EscalateOnConfidence (0.00s)
=== RUN   TestLifecycle_EscalateOnPolicy
2026/04/04 17:56:26 INFO evaluation_started request_source=test-source request_id=req-test-001 surface_id=surface-payments-v1 agent_id=agent-processor-a
2026/04/04 17:56:26 INFO policy_denied request_id=req-test-001 policy_reference=payments/deny-all duration_ms=0
2026/04/04 17:56:26 INFO evaluation_completed request_source=test-source request_id=req-test-001 envelope_id=72592f7a-be4a-44f1-8903-5d1ded315ab2 outcome=escalate reason_code=POLICY_DENY explanation="Policy payments/deny-all did not permit the request and escalation is required." duration_ms=0
--- PASS: TestLifecycle_EscalateOnPolicy (0.00s)
=== RUN   TestLifecycle_ResolveEscalation
2026/04/04 17:56:26 INFO evaluation_started request_source=test-source request_id=req-test-001 surface_id=surface-payments-v1 agent_id=agent-processor-a
2026/04/04 17:56:26 INFO evaluation_completed request_source=test-source request_id=req-test-001 envelope_id=2a3e742f-48f4-484c-926c-deaeca7309b4 outcome=escalate reason_code=CONFIDENCE_BELOW_THRESHOLD explanation="Confidence 0.50 is below required threshold 0.80." duration_ms=0
2026/04/04 17:56:26 INFO escalation_resolved envelope_id=2a3e742f-48f4-484c-926c-deaeca7309b4 request_source=test-source request_id=req-test-001 decision=APPROVED reviewer_id=reviewer-jane
--- PASS: TestLifecycle_ResolveEscalation (0.00s)
=== RUN   TestLifecycle_AuditFailureRollback
2026/04/04 17:56:26 INFO evaluation_started request_source=test-source request_id=req-test-001 surface_id=surface-payments-v1 agent_id=agent-processor-a
2026/04/04 17:56:26 ERROR evaluation_failed request_source=test-source request_id=req-test-001 surface_id=surface-payments-v1 agent_id=agent-processor-a failure_kind=audit_append error="persist evaluation: audit append EVALUATION_STARTED [envelope 82e0ed44-56c1-4126-b63c-65f62a2e1811]: audit backend unavailable" duration_ms=0
--- PASS: TestLifecycle_AuditFailureRollback (0.00s)
=== RUN   TestLifecycle_FailedResolveDoesNotLeakReview
2026/04/04 17:56:26 INFO evaluation_started request_source=test-source request_id=req-test-001 surface_id=surface-payments-v1 agent_id=agent-processor-a
2026/04/04 17:56:26 INFO evaluation_completed request_source=test-source request_id=req-test-001 envelope_id=7db8b50e-78d2-4c88-a256-7e3c7bf25eb6 outcome=escalate reason_code=CONFIDENCE_BELOW_THRESHOLD explanation="Confidence 0.50 is below required threshold 0.80." duration_ms=0
--- PASS: TestLifecycle_FailedResolveDoesNotLeakReview (0.00s)
=== RUN   TestLifecycle_SurfaceNotFound
2026/04/04 17:56:26 INFO evaluation_started request_source=test-source request_id=req-test-001 surface_id=surface-does-not-exist agent_id=agent-processor-a
2026/04/04 17:56:26 INFO evaluation_completed request_source=test-source request_id=req-test-001 envelope_id=b3dc9b79-6071-4593-9f78-693a1c694e23 outcome=reject reason_code=SURFACE_NOT_FOUND explanation="The requested decision surface was not found." duration_ms=0
--- PASS: TestLifecycle_SurfaceNotFound (0.00s)
=== RUN   TestGetEnvelopeByID_EmptyID
--- PASS: TestGetEnvelopeByID_EmptyID (0.00s)
=== RUN   TestOrchestrator_Outbox_DecisionCompleted
2026/04/04 17:56:26 INFO evaluation_started request_source=outbox-test-src request_id=req-outbox-accept surface_id=surf-outbox-1 agent_id=agent-outbox-1
2026/04/04 17:56:26 INFO evaluation_completed request_source=outbox-test-src request_id=req-outbox-accept envelope_id=c4918f42-92c6-454e-b0cd-6617742fa625 outcome=accept reason_code=WITHIN_AUTHORITY explanation="Request is within granted authority and may proceed." duration_ms=31
--- PASS: TestOrchestrator_Outbox_DecisionCompleted (0.10s)
=== RUN   TestOrchestrator_Outbox_DecisionEscalated
2026/04/04 17:56:26 INFO evaluation_started request_source=outbox-test-src request_id=req-outbox-escalate surface_id=surf-outbox-1 agent_id=agent-outbox-1
2026/04/04 17:56:26 INFO evaluation_completed request_source=outbox-test-src request_id=req-outbox-escalate envelope_id=77eed95a-6694-43e0-951c-c9fea5dad531 outcome=escalate reason_code=CONFIDENCE_BELOW_THRESHOLD explanation="Confidence 0.10 is below required threshold 0.50." duration_ms=24
--- PASS: TestOrchestrator_Outbox_DecisionEscalated (0.07s)
=== RUN   TestOrchestrator_Outbox_ReviewResolved
2026/04/04 17:56:26 INFO evaluation_started request_source=outbox-test-src request_id=req-outbox-review surface_id=surf-outbox-1 agent_id=agent-outbox-1
2026/04/04 17:56:26 INFO evaluation_completed request_source=outbox-test-src request_id=req-outbox-review envelope_id=52514b57-9dac-4ae6-b1ee-bed93183fe8a outcome=escalate reason_code=CONFIDENCE_BELOW_THRESHOLD explanation="Confidence 0.10 is below required threshold 0.50." duration_ms=27
2026/04/04 17:56:26 INFO escalation_resolved envelope_id=52514b57-9dac-4ae6-b1ee-bed93183fe8a request_source=outbox-test-src request_id=req-outbox-review decision=APPROVED reviewer_id=reviewer-1
--- PASS: TestOrchestrator_Outbox_ReviewResolved (0.08s)
=== RUN   TestOrchestrator_Outbox_RollbackLeavesNoOutboxRow
2026/04/04 17:56:26 INFO evaluation_started request_source=outbox-test-src request_id=req-outbox-rollback surface_id=surf-outbox-1 agent_id=agent-outbox-1
2026/04/04 17:56:26 ERROR evaluation_failed request_source=outbox-test-src request_id=req-outbox-rollback surface_id=surf-outbox-1 agent_id=agent-outbox-1 failure_kind=audit_append error="persist evaluation: audit append EVALUATION_STARTED [envelope 9e67250d-bbf8-4fe6-979b-513404538bf9]: forced audit append failure" duration_ms=11
--- PASS: TestOrchestrator_Outbox_RollbackLeavesNoOutboxRow (0.06s)
=== RUN   TestOrchestrator_Outbox_IdempotentReplayNoNewOutboxRow
2026/04/04 17:56:26 INFO evaluation_started request_source=outbox-test-src request_id=req-outbox-idempotent surface_id=surf-outbox-1 agent_id=agent-outbox-1
2026/04/04 17:56:26 INFO evaluation_completed request_source=outbox-test-src request_id=req-outbox-idempotent envelope_id=1344f838-d198-4a9a-ac2d-04d99b177735 outcome=accept reason_code=WITHIN_AUTHORITY explanation="Request is within granted authority and may proceed." duration_ms=25
2026/04/04 17:56:26 INFO evaluation_started request_source=outbox-test-src request_id=req-outbox-idempotent surface_id=surf-outbox-1 agent_id=agent-outbox-1
2026/04/04 17:56:26 INFO evaluation_replayed request_source=outbox-test-src request_id=req-outbox-idempotent envelope_id=1344f838-d198-4a9a-ac2d-04d99b177735 outcome=accept reason_code=WITHIN_AUTHORITY
2026/04/04 17:56:26 INFO evaluation_completed request_source=outbox-test-src request_id=req-outbox-idempotent envelope_id=1344f838-d198-4a9a-ac2d-04d99b177735 outcome=accept reason_code=WITHIN_AUTHORITY explanation=WITHIN_AUTHORITY duration_ms=1
--- PASS: TestOrchestrator_Outbox_IdempotentReplayNoNewOutboxRow (0.07s)
=== RUN   TestOrchestrator_Outbox_RejectEmitsExternalEvents
2026/04/04 17:56:26 INFO evaluation_started request_source=outbox-reject-src request_id=req-reject-nooutbox surface_id=surf-reject-1 agent_id=agent-does-not-exist
2026/04/04 17:56:26 INFO evaluation_completed request_source=outbox-reject-src request_id=req-reject-nooutbox envelope_id=a8e4a697-4143-4901-80fd-1402bd4a18bf outcome=reject reason_code=AGENT_NOT_FOUND explanation="The specified agent was not found." duration_ms=16
--- PASS: TestOrchestrator_Outbox_RejectEmitsExternalEvents (0.05s)
=== RUN   TestOrchestrator_Outbox_RequestClarificationEmitsExternalEvents
2026/04/04 17:56:26 INFO evaluation_started request_source=outbox-clarify-src request_id=req-clarify-nooutbox surface_id=surf-clarify-ctx-1 agent_id=agent-clarify-ctx-1
2026/04/04 17:56:26 INFO evaluation_completed request_source=outbox-clarify-src request_id=req-clarify-nooutbox envelope_id=bf19a49a-5db5-4970-9a23-fc79dd702f54 outcome=request_clarification reason_code=INSUFFICIENT_CONTEXT explanation="Required context is missing; more information is needed before a decision can be made." duration_ms=25
--- PASS: TestOrchestrator_Outbox_RequestClarificationEmitsExternalEvents (0.06s)
=== RUN   TestOrchestrator_Outbox_ExternalOutcomeRecorded_AcceptPayload
2026/04/04 17:56:26 INFO evaluation_started request_source=outbox-test-src request_id=req-ext-accept-payload surface_id=surf-outbox-1 agent_id=agent-outbox-1
2026/04/04 17:56:26 INFO evaluation_completed request_source=outbox-test-src request_id=req-ext-accept-payload envelope_id=91ba1575-b58d-4735-8e72-837295be1044 outcome=accept reason_code=WITHIN_AUTHORITY explanation="Request is within granted authority and may proceed." duration_ms=26
--- PASS: TestOrchestrator_Outbox_ExternalOutcomeRecorded_AcceptPayload (0.07s)
=== RUN   TestOrchestrator_Outbox_ExternalEnvelopeClosed_AcceptPayload
2026/04/04 17:56:26 INFO evaluation_started request_source=outbox-test-src request_id=req-ext-closed-accept surface_id=surf-outbox-1 agent_id=agent-outbox-1
2026/04/04 17:56:26 INFO evaluation_completed request_source=outbox-test-src request_id=req-ext-closed-accept envelope_id=786a31c5-fa10-4759-80e1-db27cacf7d6e outcome=accept reason_code=WITHIN_AUTHORITY explanation="Request is within granted authority and may proceed." duration_ms=26
--- PASS: TestOrchestrator_Outbox_ExternalEnvelopeClosed_AcceptPayload (0.07s)
=== RUN   TestOrchestrator_Outbox_ExternalEnvelopeClosed_PostReviewPayload
2026/04/04 17:56:27 INFO evaluation_started request_source=outbox-test-src request_id=req-ext-review-closed surface_id=surf-outbox-1 agent_id=agent-outbox-1
2026/04/04 17:56:27 INFO evaluation_completed request_source=outbox-test-src request_id=req-ext-review-closed envelope_id=f73212a7-ecf8-4b9c-9d61-a432f82025a2 outcome=escalate reason_code=CONFIDENCE_BELOW_THRESHOLD explanation="Confidence 0.10 is below required threshold 0.50." duration_ms=24
2026/04/04 17:56:27 INFO escalation_resolved envelope_id=f73212a7-ecf8-4b9c-9d61-a432f82025a2 request_source=outbox-test-src request_id=req-ext-review-closed decision=APPROVED reviewer_id=human:alice
--- PASS: TestOrchestrator_Outbox_ExternalEnvelopeClosed_PostReviewPayload (0.07s)
=== RUN   TestOrchestrator_Postgres_RollsBackEnvelopeAndAuditOnMidEvaluationFailure
2026/04/04 17:56:27 INFO evaluation_started request_source=test-source request_id=req-atomicity-1 surface_id=surf-atomic-1 agent_id=agent-atomic-1
2026/04/04 17:56:27 ERROR evaluation_failed request_source=test-source request_id=req-atomicity-1 surface_id=surf-atomic-1 agent_id=agent-atomic-1 failure_kind=audit_append error="persist evaluation: audit append EVALUATION_STARTED [envelope cc904998-89b2-4f1a-9d62-6aa85ad2db3f]: forced audit append failure" duration_ms=9
--- PASS: TestOrchestrator_Postgres_RollsBackEnvelopeAndAuditOnMidEvaluationFailure (0.05s)
=== RUN   TestOrchestrator_Postgres_PersistsCompleteDecisionRecord
2026/04/04 17:56:27 INFO evaluation_started request_source=test-source request_id=req-postgres-1 surface_id=surf-1 agent_id=agent-1
2026/04/04 17:56:27 INFO evaluation_completed request_source=test-source request_id=req-postgres-1 envelope_id=5373342b-49d8-4f1b-8a94-1b208d94d979 outcome=accept reason_code=WITHIN_AUTHORITY explanation="Request is within granted authority and may proceed." duration_ms=25
--- PASS: TestOrchestrator_Postgres_PersistsCompleteDecisionRecord (0.07s)
=== RUN   TestEvaluate_ProfileInReview_RejectsWithProfileNotFound
2026/04/04 17:56:27 INFO evaluation_started request_source=test-source request_id="" surface_id=surface-1 agent_id=agent-1
2026/04/04 17:56:27 INFO evaluation_completed request_source=test-source request_id="" envelope_id=36789b6b-1ba4-44ea-9e92-a16f50e0e36c outcome=reject reason_code=PROFILE_NOT_FOUND explanation="No active authority profile could be resolved for the agent." duration_ms=0
--- PASS: TestEvaluate_ProfileInReview_RejectsWithProfileNotFound (0.00s)
=== RUN   TestEvaluate_ProfileDeprecated_RejectsWithProfileNotFound
2026/04/04 17:56:27 INFO evaluation_started request_source=test-source request_id="" surface_id=surface-1 agent_id=agent-1
2026/04/04 17:56:27 INFO evaluation_completed request_source=test-source request_id="" envelope_id=f7411896-40f1-4310-9168-e8d394bf41a1 outcome=reject reason_code=PROFILE_NOT_FOUND explanation="No active authority profile could be resolved for the agent." duration_ms=0
--- PASS: TestEvaluate_ProfileDeprecated_RejectsWithProfileNotFound (0.00s)
=== RUN   TestEvaluate_ProfileActive_Succeeds
2026/04/04 17:56:27 INFO evaluation_started request_source=test-source request_id="" surface_id=surface-1 agent_id=agent-1
2026/04/04 17:56:27 INFO evaluation_completed request_source=test-source request_id="" envelope_id=39275967-489a-496d-915f-2fed05c0210b outcome=accept reason_code=WITHIN_AUTHORITY explanation="Request is within granted authority and may proceed." duration_ms=0
--- PASS: TestEvaluate_ProfileActive_Succeeds (0.00s)
=== RUN   TestEvaluate_WithinAuthority
2026/04/04 17:56:27 INFO evaluation_started request_source=test-source request_id="" surface_id=surf-1 agent_id=agent-1
2026/04/04 17:56:27 INFO evaluation_completed request_source=test-source request_id="" envelope_id=78548f6c-1c2a-48b5-a7f4-1e2b5801f6d4 outcome=accept reason_code=WITHIN_AUTHORITY explanation="Request is within granted authority and may proceed." duration_ms=0
--- PASS: TestEvaluate_WithinAuthority (0.00s)
=== RUN   TestEvaluate_EmitsInitialAuditEvents
2026/04/04 17:56:27 INFO evaluation_started request_source=test-source request_id="" surface_id=surf-1 agent_id=agent-1
2026/04/04 17:56:27 INFO evaluation_completed request_source=test-source request_id="" envelope_id=ceaff8e3-7af7-42ea-96d5-d7fee36ba2f9 outcome=accept reason_code=WITHIN_AUTHORITY explanation="Request is within granted authority and may proceed." duration_ms=0
--- PASS: TestEvaluate_EmitsInitialAuditEvents (0.00s)
=== RUN   TestEvaluate_EmitsPolicyEvaluatedEvent
2026/04/04 17:56:27 INFO evaluation_started request_source=test-source request_id="" surface_id=surf-1 agent_id=agent-1
2026/04/04 17:56:27 INFO evaluation_completed request_source=test-source request_id="" envelope_id=8cce3980-e3be-48d4-b150-3f98a3ad2c65 outcome=accept reason_code=WITHIN_AUTHORITY explanation="Request is within granted authority and may proceed." duration_ms=0
--- PASS: TestEvaluate_EmitsPolicyEvaluatedEvent (0.00s)
=== RUN   TestEvaluate_SurfaceNotFound
2026/04/04 17:56:27 INFO evaluation_started request_source=test-source request_id="" surface_id=surf-missing agent_id=agent-1
2026/04/04 17:56:27 INFO evaluation_completed request_source=test-source request_id="" envelope_id=6b6fceec-56ad-4b51-b3c2-c98ecadeb6e7 outcome=reject reason_code=SURFACE_NOT_FOUND explanation="The requested decision surface was not found." duration_ms=0
--- PASS: TestEvaluate_SurfaceNotFound (0.00s)
=== RUN   TestEvaluate_SurfaceInactive
2026/04/04 17:56:27 INFO evaluation_started request_source=test-source request_id="" surface_id=surf-1 agent_id=agent-1
2026/04/04 17:56:27 INFO evaluation_completed request_source=test-source request_id="" envelope_id=00ebfad9-10ec-4300-91e1-203bf31855bd outcome=reject reason_code=SURFACE_INACTIVE explanation="The requested decision surface is not active." duration_ms=0
--- PASS: TestEvaluate_SurfaceInactive (0.00s)
=== RUN   TestEvaluate_AgentNotFound
2026/04/04 17:56:27 INFO evaluation_started request_source=test-source request_id="" surface_id=surf-1 agent_id=agent-missing
2026/04/04 17:56:27 INFO evaluation_completed request_source=test-source request_id="" envelope_id=7fd3d2be-a4e3-4dea-a1da-dd1c4f641270 outcome=reject reason_code=AGENT_NOT_FOUND explanation="The specified agent was not found." duration_ms=0
--- PASS: TestEvaluate_AgentNotFound (0.00s)
=== RUN   TestEvaluate_NoActiveGrant
2026/04/04 17:56:27 INFO evaluation_started request_source=test-source request_id="" surface_id=surf-1 agent_id=agent-1
2026/04/04 17:56:27 INFO evaluation_completed request_source=test-source request_id="" envelope_id=70f98a84-52bb-4120-bd07-6411dd0a7c8a outcome=reject reason_code=NO_ACTIVE_GRANT explanation="The agent does not have an active authority grant." duration_ms=0
--- PASS: TestEvaluate_NoActiveGrant (0.00s)
=== RUN   TestEvaluate_ProfileNotFound
2026/04/04 17:56:27 INFO evaluation_started request_source=test-source request_id="" surface_id=surf-1 agent_id=agent-1
2026/04/04 17:56:27 INFO evaluation_completed request_source=test-source request_id="" envelope_id=a68d4b79-bf55-4ae1-bf95-2b7c42942dae outcome=reject reason_code=PROFILE_NOT_FOUND explanation="No active authority profile could be resolved for the agent." duration_ms=0
--- PASS: TestEvaluate_ProfileNotFound (0.00s)
=== RUN   TestEvaluate_GrantProfileSurfaceMismatch
2026/04/04 17:56:27 INFO evaluation_started request_source=test-source request_id="" surface_id=surf-1 agent_id=agent-1
2026/04/04 17:56:27 INFO evaluation_completed request_source=test-source request_id="" envelope_id=27ffacc8-14ab-460f-b68e-7b16e2e5bde2 outcome=reject reason_code=GRANT_PROFILE_SURFACE_MISMATCH explanation="The agent's authority profile does not apply to the requested surface." duration_ms=0
--- PASS: TestEvaluate_GrantProfileSurfaceMismatch (0.00s)
=== RUN   TestEvaluate_InsufficientContext
2026/04/04 17:56:27 INFO evaluation_started request_source=test-source request_id="" surface_id=surf-1 agent_id=agent-1
2026/04/04 17:56:27 INFO evaluation_completed request_source=test-source request_id="" envelope_id=09c74082-1df4-4afb-aae7-ea417f0b321d outcome=request_clarification reason_code=INSUFFICIENT_CONTEXT explanation="Required context is missing; more information is needed before a decision can be made." duration_ms=0
--- PASS: TestEvaluate_InsufficientContext (0.00s)
=== RUN   TestEvaluate_ConfidenceBelowThreshold
2026/04/04 17:56:27 INFO evaluation_started request_source=test-source request_id="" surface_id=surf-1 agent_id=agent-1
2026/04/04 17:56:27 INFO evaluation_completed request_source=test-source request_id="" envelope_id=884cdce5-67e5-481c-b674-a656dd90435c outcome=escalate reason_code=CONFIDENCE_BELOW_THRESHOLD explanation="Confidence 0.50 is below required threshold 0.80." duration_ms=0
--- PASS: TestEvaluate_ConfidenceBelowThreshold (0.00s)
=== RUN   TestEvaluate_ConsequenceExceedsLimit
2026/04/04 17:56:27 INFO evaluation_started request_source=test-source request_id="" surface_id=surf-1 agent_id=agent-1
2026/04/04 17:56:27 INFO evaluation_completed request_source=test-source request_id="" envelope_id=129db7f1-c656-41a7-8c9b-63299b2c8196 outcome=escalate reason_code=CONSEQUENCE_EXCEEDS_LIMIT explanation="Consequence risk rating critical exceeds allowed threshold high." duration_ms=0
--- PASS: TestEvaluate_ConsequenceExceedsLimit (0.00s)
=== RUN   TestEvaluate_PolicyMode_IsNoop_WhenNoOpEvaluatorUsed
2026/04/04 17:56:27 INFO evaluation_started request_source=test-source request_id="" surface_id=surf-1 agent_id=agent-1
2026/04/04 17:56:27 INFO evaluation_completed request_source=test-source request_id="" envelope_id=d3748f91-96e5-4e4c-9f0b-a5be207ea1f5 outcome=accept reason_code=WITHIN_AUTHORITY explanation="Request is within granted authority and may proceed." duration_ms=0
--- PASS: TestEvaluate_PolicyMode_IsNoop_WhenNoOpEvaluatorUsed (0.00s)
=== RUN   TestEvaluate_PolicyMode_IsUnknown_WhenEvaluatorDoesNotImplementPolicyModer
2026/04/04 17:56:27 INFO evaluation_started request_source=test-source request_id="" surface_id=surf-1 agent_id=agent-1
2026/04/04 17:56:27 INFO evaluation_completed request_source=test-source request_id="" envelope_id=773ac416-e222-4a22-9cc0-09344b844d42 outcome=accept reason_code=WITHIN_AUTHORITY explanation="Request is within granted authority and may proceed." duration_ms=0
--- PASS: TestEvaluate_PolicyMode_IsUnknown_WhenEvaluatorDoesNotImplementPolicyModer (0.00s)
=== RUN   TestEvaluate_PolicySkipped_True_WhenProfileHasPolicyRef_AndNoopActive
2026/04/04 17:56:27 INFO evaluation_started request_source=test-source request_id="" surface_id=surf-1 agent_id=agent-1
2026/04/04 17:56:27 INFO evaluation_completed request_source=test-source request_id="" envelope_id=2b843efb-99e9-46d9-bcf0-13bbb7e61950 outcome=accept reason_code=WITHIN_AUTHORITY explanation="Request is within granted authority and may proceed." duration_ms=0
--- PASS: TestEvaluate_PolicySkipped_True_WhenProfileHasPolicyRef_AndNoopActive (0.00s)
=== RUN   TestEvaluate_PolicySkipped_False_WhenProfileHasNoPolicyRef
2026/04/04 17:56:27 INFO evaluation_started request_source=test-source request_id="" surface_id=surf-1 agent_id=agent-1
2026/04/04 17:56:27 INFO evaluation_completed request_source=test-source request_id="" envelope_id=5debd42f-f868-44db-9a38-67ed0e8d5817 outcome=accept reason_code=WITHIN_AUTHORITY explanation="Request is within granted authority and may proceed." duration_ms=0
--- PASS: TestEvaluate_PolicySkipped_False_WhenProfileHasNoPolicyRef (0.00s)
=== RUN   TestEvaluate_PolicySkipped_False_WhenNonNoopEvaluator
2026/04/04 17:56:27 INFO evaluation_started request_source=test-source request_id="" surface_id=surf-1 agent_id=agent-1
2026/04/04 17:56:27 INFO evaluation_completed request_source=test-source request_id="" envelope_id=6b627923-ed1d-48fe-907a-0f212d3cbee7 outcome=accept reason_code=WITHIN_AUTHORITY explanation="Request is within granted authority and may proceed." duration_ms=0
--- PASS: TestEvaluate_PolicySkipped_False_WhenNonNoopEvaluator (0.00s)
=== RUN   TestEvaluate_PolicyReference_EchoesProfileRef_WhenSet
2026/04/04 17:56:27 INFO evaluation_started request_source=test-source request_id="" surface_id=surf-1 agent_id=agent-1
2026/04/04 17:56:27 INFO evaluation_completed request_source=test-source request_id="" envelope_id=a2c144f0-aefe-4606-8230-183cab49d0a2 outcome=accept reason_code=WITHIN_AUTHORITY explanation="Request is within granted authority and may proceed." duration_ms=0
--- PASS: TestEvaluate_PolicyReference_EchoesProfileRef_WhenSet (0.00s)
=== RUN   TestEvaluate_PolicyReference_Empty_WhenProfileHasNoPolicyRef
2026/04/04 17:56:27 INFO evaluation_started request_source=test-source request_id="" surface_id=surf-1 agent_id=agent-1
2026/04/04 17:56:27 INFO evaluation_completed request_source=test-source request_id="" envelope_id=36cbcce3-9845-463d-b3eb-642bdb6a08bf outcome=accept reason_code=WITHIN_AUTHORITY explanation="Request is within granted authority and may proceed." duration_ms=0
--- PASS: TestEvaluate_PolicyReference_Empty_WhenProfileHasNoPolicyRef (0.00s)
=== RUN   TestEvaluate_PolicyMode_PresentOnEarlyExit_SurfaceNotFound
2026/04/04 17:56:27 INFO evaluation_started request_source=test-source request_id="" surface_id=nonexistent-surf agent_id=agent-1
2026/04/04 17:56:27 INFO evaluation_completed request_source=test-source request_id="" envelope_id=9026c991-4d63-408c-a296-6d20effc46f4 outcome=reject reason_code=SURFACE_NOT_FOUND explanation="The requested decision surface was not found." duration_ms=0
--- PASS: TestEvaluate_PolicyMode_PresentOnEarlyExit_SurfaceNotFound (0.00s)
PASS
ok  	github.com/accept-io/midas/internal/decision	0.858s
=== RUN   TestNewDispatcher_NilRepo_ReturnsError
--- PASS: TestNewDispatcher_NilRepo_ReturnsError (0.00s)
=== RUN   TestNewDispatcher_NilPublisher_ReturnsError
--- PASS: TestNewDispatcher_NilPublisher_ReturnsError (0.00s)
=== RUN   TestNewDispatcher_ZeroBatchSize_ReturnsError
--- PASS: TestNewDispatcher_ZeroBatchSize_ReturnsError (0.00s)
=== RUN   TestNewDispatcher_ZeroPollInterval_ReturnsError
--- PASS: TestNewDispatcher_ZeroPollInterval_ReturnsError (0.00s)
=== RUN   TestDispatcher_EmptyQueue_DoesNothing
2026/04/04 17:56:27 INFO outbox_dispatcher_started batch_size=10 poll_interval=5ms max_backoff=10ms
2026/04/04 17:56:27 INFO outbox_dispatcher_stopped
--- PASS: TestDispatcher_EmptyQueue_DoesNothing (0.03s)
=== RUN   TestDispatcher_OneEvent_PublishedAndMarked
2026/04/04 17:56:27 INFO outbox_dispatcher_started batch_size=10 poll_interval=5ms max_backoff=10ms
2026/04/04 17:56:27 INFO outbox_event_dispatched event_id=671a27fe-6fac-470e-a2df-14bb92a95526 event_type=decision.completed aggregate_type=envelope aggregate_id=env-1 topic=midas.decisions
2026/04/04 17:56:27 INFO outbox_batch_dispatched count=1 claimed=1
2026/04/04 17:56:27 INFO outbox_dispatcher_stopped
--- PASS: TestDispatcher_OneEvent_PublishedAndMarked (0.50s)
=== RUN   TestDispatcher_PublishFailure_LeavesRowUnpublished
2026/04/04 17:56:27 INFO outbox_dispatcher_started batch_size=10 poll_interval=5ms max_backoff=10ms
2026/04/04 17:56:27 WARN outbox_publish_failed event_id=5b0decb9-5c93-4444-9da2-8b3406e3ca11 event_type=decision.completed aggregate_type=envelope aggregate_id=env-fail topic=midas.decisions error="broker unavailable"
2026/04/04 17:56:27 WARN outbox_publish_failed event_id=5b0decb9-5c93-4444-9da2-8b3406e3ca11 event_type=decision.completed aggregate_type=envelope aggregate_id=env-fail topic=midas.decisions error="broker unavailable"
2026/04/04 17:56:27 WARN outbox_publish_failed event_id=5b0decb9-5c93-4444-9da2-8b3406e3ca11 event_type=decision.completed aggregate_type=envelope aggregate_id=env-fail topic=midas.decisions error="broker unavailable"
2026/04/04 17:56:27 WARN outbox_publish_failed event_id=5b0decb9-5c93-4444-9da2-8b3406e3ca11 event_type=decision.completed aggregate_type=envelope aggregate_id=env-fail topic=midas.decisions error="broker unavailable"
2026/04/04 17:56:27 WARN outbox_publish_failed event_id=5b0decb9-5c93-4444-9da2-8b3406e3ca11 event_type=decision.completed aggregate_type=envelope aggregate_id=env-fail topic=midas.decisions error="broker unavailable"
2026/04/04 17:56:27 INFO outbox_dispatcher_stopped
--- PASS: TestDispatcher_PublishFailure_LeavesRowUnpublished (0.03s)
=== RUN   TestDispatcher_MarkPublishedFailure_AcceptedAsAtLeastOnce
2026/04/04 17:56:27 INFO outbox_dispatcher_started batch_size=10 poll_interval=5ms max_backoff=10ms
2026/04/04 17:56:27 WARN outbox_mark_published_failed event_id=0c33ac02-0d40-4136-96dc-0557c2432f02 event_type=decision.completed aggregate_type=envelope aggregate_id=env-mark-fail topic=midas.decisions error="postgres connection lost"
2026/04/04 17:56:27 INFO outbox_batch_dispatched count=1 claimed=1
2026/04/04 17:56:27 WARN outbox_mark_published_failed event_id=0c33ac02-0d40-4136-96dc-0557c2432f02 event_type=decision.completed aggregate_type=envelope aggregate_id=env-mark-fail topic=midas.decisions error="postgres connection lost"
2026/04/04 17:56:27 INFO outbox_batch_dispatched count=1 claimed=1
2026/04/04 17:56:27 WARN outbox_mark_published_failed event_id=0c33ac02-0d40-4136-96dc-0557c2432f02 event_type=decision.completed aggregate_type=envelope aggregate_id=env-mark-fail topic=midas.decisions error="postgres connection lost"
2026/04/04 17:56:27 INFO outbox_batch_dispatched count=1 claimed=1
2026/04/04 17:56:27 WARN outbox_mark_published_failed event_id=0c33ac02-0d40-4136-96dc-0557c2432f02 event_type=decision.completed aggregate_type=envelope aggregate_id=env-mark-fail topic=midas.decisions error="postgres connection lost"
2026/04/04 17:56:27 INFO outbox_batch_dispatched count=1 claimed=1
2026/04/04 17:56:27 WARN outbox_mark_published_failed event_id=0c33ac02-0d40-4136-96dc-0557c2432f02 event_type=decision.completed aggregate_type=envelope aggregate_id=env-mark-fail topic=midas.decisions error="postgres connection lost"
2026/04/04 17:56:27 INFO outbox_batch_dispatched count=1 claimed=1
2026/04/04 17:56:27 WARN outbox_mark_published_failed event_id=0c33ac02-0d40-4136-96dc-0557c2432f02 event_type=decision.completed aggregate_type=envelope aggregate_id=env-mark-fail topic=midas.decisions error="postgres connection lost"
2026/04/04 17:56:27 INFO outbox_batch_dispatched count=1 claimed=1
2026/04/04 17:56:27 WARN outbox_mark_published_failed event_id=0c33ac02-0d40-4136-96dc-0557c2432f02 event_type=decision.completed aggregate_type=envelope aggregate_id=env-mark-fail topic=midas.decisions error="postgres connection lost"
2026/04/04 17:56:27 INFO outbox_batch_dispatched count=1 claimed=1
2026/04/04 17:56:27 WARN outbox_mark_published_failed event_id=0c33ac02-0d40-4136-96dc-0557c2432f02 event_type=decision.completed aggregate_type=envelope aggregate_id=env-mark-fail topic=midas.decisions error="postgres connection lost"
2026/04/04 17:56:27 INFO outbox_batch_dispatched count=1 claimed=1
2026/04/04 17:56:27 WARN outbox_mark_published_failed event_id=0c33ac02-0d40-4136-96dc-0557c2432f02 event_type=decision.completed aggregate_type=envelope aggregate_id=env-mark-fail topic=midas.decisions error="postgres connection lost"
2026/04/04 17:56:27 INFO outbox_batch_dispatched count=1 claimed=1
2026/04/04 17:56:27 WARN outbox_mark_published_failed event_id=0c33ac02-0d40-4136-96dc-0557c2432f02 event_type=decision.completed aggregate_type=envelope aggregate_id=env-mark-fail topic=midas.decisions error="postgres connection lost"
2026/04/04 17:56:27 INFO outbox_batch_dispatched count=1 claimed=1
2026/04/04 17:56:27 WARN outbox_mark_published_failed event_id=0c33ac02-0d40-4136-96dc-0557c2432f02 event_type=decision.completed aggregate_type=envelope aggregate_id=env-mark-fail topic=midas.decisions error="postgres connection lost"
2026/04/04 17:56:27 INFO outbox_batch_dispatched count=1 claimed=1
2026/04/04 17:56:27 WARN outbox_mark_published_failed event_id=0c33ac02-0d40-4136-96dc-0557c2432f02 event_type=decision.completed aggregate_type=envelope aggregate_id=env-mark-fail topic=midas.decisions error="postgres connection lost"
2026/04/04 17:56:27 INFO outbox_batch_dispatched count=1 claimed=1
2026/04/04 17:56:27 WARN outbox_mark_published_failed event_id=0c33ac02-0d40-4136-96dc-0557c2432f02 event_type=decision.completed aggregate_type=envelope aggregate_id=env-mark-fail topic=midas.decisions error="postgres connection lost"
2026/04/04 17:56:27 INFO outbox_batch_dispatched count=1 claimed=1
2026/04/04 17:56:27 WARN outbox_mark_published_failed event_id=0c33ac02-0d40-4136-96dc-0557c2432f02 event_type=decision.completed aggregate_type=envelope aggregate_id=env-mark-fail topic=midas.decisions error="postgres connection lost"
2026/04/04 17:56:27 INFO outbox_batch_dispatched count=1 claimed=1
2026/04/04 17:56:27 WARN outbox_mark_published_failed event_id=0c33ac02-0d40-4136-96dc-0557c2432f02 event_type=decision.completed aggregate_type=envelope aggregate_id=env-mark-fail topic=midas.decisions error="postgres connection lost"
2026/04/04 17:56:27 INFO outbox_batch_dispatched count=1 claimed=1
2026/04/04 17:56:27 WARN outbox_mark_published_failed event_id=0c33ac02-0d40-4136-96dc-0557c2432f02 event_type=decision.completed aggregate_type=envelope aggregate_id=env-mark-fail topic=midas.decisions error="postgres connection lost"
2026/04/04 17:56:27 INFO outbox_batch_dispatched count=1 claimed=1
2026/04/04 17:56:27 WARN outbox_mark_published_failed event_id=0c33ac02-0d40-4136-96dc-0557c2432f02 event_type=decision.completed aggregate_type=envelope aggregate_id=env-mark-fail topic=midas.decisions error="postgres connection lost"
2026/04/04 17:56:27 INFO outbox_batch_dispatched count=1 claimed=1
2026/04/04 17:56:27 WARN outbox_mark_published_failed event_id=0c33ac02-0d40-4136-96dc-0557c2432f02 event_type=decision.completed aggregate_type=envelope aggregate_id=env-mark-fail topic=midas.decisions error="postgres connection lost"
2026/04/04 17:56:27 INFO outbox_batch_dispatched count=1 claimed=1
2026/04/04 17:56:27 WARN outbox_mark_published_failed event_id=0c33ac02-0d40-4136-96dc-0557c2432f02 event_type=decision.completed aggregate_type=envelope aggregate_id=env-mark-fail topic=midas.decisions error="postgres connection lost"
2026/04/04 17:56:27 INFO outbox_batch_dispatched count=1 claimed=1
2026/04/04 17:56:27 WARN outbox_mark_published_failed event_id=0c33ac02-0d40-4136-96dc-0557c2432f02 event_type=decision.completed aggregate_type=envelope aggregate_id=env-mark-fail topic=midas.decisions error="postgres connection lost"
2026/04/04 17:56:27 INFO outbox_batch_dispatched count=1 claimed=1
2026/04/04 17:56:27 WARN outbox_mark_published_failed event_id=0c33ac02-0d40-4136-96dc-0557c2432f02 event_type=decision.completed aggregate_type=envelope aggregate_id=env-mark-fail topic=midas.decisions error="postgres connection lost"
2026/04/04 17:56:27 INFO outbox_batch_dispatched count=1 claimed=1
2026/04/04 17:56:27 WARN outbox_mark_published_failed event_id=0c33ac02-0d40-4136-96dc-0557c2432f02 event_type=decision.completed aggregate_type=envelope aggregate_id=env-mark-fail topic=midas.decisions error="postgres connection lost"
2026/04/04 17:56:27 INFO outbox_batch_dispatched count=1 claimed=1
2026/04/04 17:56:27 WARN outbox_mark_published_failed event_id=0c33ac02-0d40-4136-96dc-0557c2432f02 event_type=decision.completed aggregate_type=envelope aggregate_id=env-mark-fail topic=midas.decisions error="postgres connection lost"
2026/04/04 17:56:27 INFO outbox_batch_dispatched count=1 claimed=1
2026/04/04 17:56:27 WARN outbox_mark_published_failed event_id=0c33ac02-0d40-4136-96dc-0557c2432f02 event_type=decision.completed aggregate_type=envelope aggregate_id=env-mark-fail topic=midas.decisions error="postgres connection lost"
2026/04/04 17:56:27 INFO outbox_batch_dispatched count=1 claimed=1
2026/04/04 17:56:27 WARN outbox_mark_published_failed event_id=0c33ac02-0d40-4136-96dc-0557c2432f02 event_type=decision.completed aggregate_type=envelope aggregate_id=env-mark-fail topic=midas.decisions error="postgres connection lost"
2026/04/04 17:56:27 INFO outbox_batch_dispatched count=1 claimed=1
2026/04/04 17:56:27 WARN outbox_mark_published_failed event_id=0c33ac02-0d40-4136-96dc-0557c2432f02 event_type=decision.completed aggregate_type=envelope aggregate_id=env-mark-fail topic=midas.decisions error="postgres connection lost"
2026/04/04 17:56:27 INFO outbox_batch_dispatched count=1 claimed=1
2026/04/04 17:56:27 WARN outbox_mark_published_failed event_id=0c33ac02-0d40-4136-96dc-0557c2432f02 event_type=decision.completed aggregate_type=envelope aggregate_id=env-mark-fail topic=midas.decisions error="postgres connection lost"
2026/04/04 17:56:27 INFO outbox_batch_dispatched count=1 claimed=1
2026/04/04 17:56:27 WARN outbox_mark_published_failed event_id=0c33ac02-0d40-4136-96dc-0557c2432f02 event_type=decision.completed aggregate_type=envelope aggregate_id=env-mark-fail topic=midas.decisions error="postgres connection lost"
2026/04/04 17:56:27 INFO outbox_batch_dispatched count=1 claimed=1
2026/04/04 17:56:27 WARN outbox_mark_published_failed event_id=0c33ac02-0d40-4136-96dc-0557c2432f02 event_type=decision.completed aggregate_type=envelope aggregate_id=env-mark-fail topic=midas.decisions error="postgres connection lost"
2026/04/04 17:56:27 INFO outbox_batch_dispatched count=1 claimed=1
2026/04/04 17:56:27 WARN outbox_mark_published_failed event_id=0c33ac02-0d40-4136-96dc-0557c2432f02 event_type=decision.completed aggregate_type=envelope aggregate_id=env-mark-fail topic=midas.decisions error="postgres connection lost"
2026/04/04 17:56:27 INFO outbox_batch_dispatched count=1 claimed=1
2026/04/04 17:56:27 WARN outbox_mark_published_failed event_id=0c33ac02-0d40-4136-96dc-0557c2432f02 event_type=decision.completed aggregate_type=envelope aggregate_id=env-mark-fail topic=midas.decisions error="postgres connection lost"
2026/04/04 17:56:27 INFO outbox_batch_dispatched count=1 claimed=1
2026/04/04 17:56:27 WARN outbox_mark_published_failed event_id=0c33ac02-0d40-4136-96dc-0557c2432f02 event_type=decision.completed aggregate_type=envelope aggregate_id=env-mark-fail topic=midas.decisions error="postgres connection lost"
2026/04/04 17:56:27 INFO outbox_batch_dispatched count=1 claimed=1
2026/04/04 17:56:27 WARN outbox_mark_published_failed event_id=0c33ac02-0d40-4136-96dc-0557c2432f02 event_type=decision.completed aggregate_type=envelope aggregate_id=env-mark-fail topic=midas.decisions error="postgres connection lost"
2026/04/04 17:56:27 INFO outbox_batch_dispatched count=1 claimed=1
2026/04/04 17:56:27 WARN outbox_mark_published_failed event_id=0c33ac02-0d40-4136-96dc-0557c2432f02 event_type=decision.completed aggregate_type=envelope aggregate_id=env-mark-fail topic=midas.decisions error="postgres connection lost"
2026/04/04 17:56:27 INFO outbox_batch_dispatched count=1 claimed=1
2026/04/04 17:56:27 WARN outbox_mark_published_failed event_id=0c33ac02-0d40-4136-96dc-0557c2432f02 event_type=decision.completed aggregate_type=envelope aggregate_id=env-mark-fail topic=midas.decisions error="postgres connection lost"
2026/04/04 17:56:27 INFO outbox_batch_dispatched count=1 claimed=1
2026/04/04 17:56:27 WARN outbox_mark_published_failed event_id=0c33ac02-0d40-4136-96dc-0557c2432f02 event_type=decision.completed aggregate_type=envelope aggregate_id=env-mark-fail topic=midas.decisions error="postgres connection lost"
2026/04/04 17:56:27 INFO outbox_batch_dispatched count=1 claimed=1
2026/04/04 17:56:27 WARN outbox_mark_published_failed event_id=0c33ac02-0d40-4136-96dc-0557c2432f02 event_type=decision.completed aggregate_type=envelope aggregate_id=env-mark-fail topic=midas.decisions error="postgres connection lost"
2026/04/04 17:56:27 INFO outbox_batch_dispatched count=1 claimed=1
2026/04/04 17:56:27 WARN outbox_mark_published_failed event_id=0c33ac02-0d40-4136-96dc-0557c2432f02 event_type=decision.completed aggregate_type=envelope aggregate_id=env-mark-fail topic=midas.decisions error="postgres connection lost"
2026/04/04 17:56:27 INFO outbox_batch_dispatched count=1 claimed=1
2026/04/04 17:56:27 WARN outbox_mark_published_failed event_id=0c33ac02-0d40-4136-96dc-0557c2432f02 event_type=decision.completed aggregate_type=envelope aggregate_id=env-mark-fail topic=midas.decisions error="postgres connection lost"
2026/04/04 17:56:27 INFO outbox_batch_dispatched count=1 claimed=1
2026/04/04 17:56:27 WARN outbox_mark_published_failed event_id=0c33ac02-0d40-4136-96dc-0557c2432f02 event_type=decision.completed aggregate_type=envelope aggregate_id=env-mark-fail topic=midas.decisions error="postgres connection lost"
2026/04/04 17:56:27 INFO outbox_batch_dispatched count=1 claimed=1
2026/04/04 17:56:27 WARN outbox_mark_published_failed event_id=0c33ac02-0d40-4136-96dc-0557c2432f02 event_type=decision.completed aggregate_type=envelope aggregate_id=env-mark-fail topic=midas.decisions error="postgres connection lost"
2026/04/04 17:56:27 INFO outbox_batch_dispatched count=1 claimed=1
2026/04/04 17:56:27 WARN outbox_mark_published_failed event_id=0c33ac02-0d40-4136-96dc-0557c2432f02 event_type=decision.completed aggregate_type=envelope aggregate_id=env-mark-fail topic=midas.decisions error="postgres connection lost"
2026/04/04 17:56:27 INFO outbox_batch_dispatched count=1 claimed=1
2026/04/04 17:56:27 WARN outbox_mark_published_failed event_id=0c33ac02-0d40-4136-96dc-0557c2432f02 event_type=decision.completed aggregate_type=envelope aggregate_id=env-mark-fail topic=midas.decisions error="postgres connection lost"
2026/04/04 17:56:27 INFO outbox_batch_dispatched count=1 claimed=1
2026/04/04 17:56:27 WARN outbox_mark_published_failed event_id=0c33ac02-0d40-4136-96dc-0557c2432f02 event_type=decision.completed aggregate_type=envelope aggregate_id=env-mark-fail topic=midas.decisions error="postgres connection lost"
2026/04/04 17:56:27 INFO outbox_batch_dispatched count=1 claimed=1
2026/04/04 17:56:27 WARN outbox_mark_published_failed event_id=0c33ac02-0d40-4136-96dc-0557c2432f02 event_type=decision.completed aggregate_type=envelope aggregate_id=env-mark-fail topic=midas.decisions error="postgres connection lost"
2026/04/04 17:56:27 INFO outbox_batch_dispatched count=1 claimed=1
2026/04/04 17:56:27 WARN outbox_mark_published_failed event_id=0c33ac02-0d40-4136-96dc-0557c2432f02 event_type=decision.completed aggregate_type=envelope aggregate_id=env-mark-fail topic=midas.decisions error="postgres connection lost"
2026/04/04 17:56:27 INFO outbox_batch_dispatched count=1 claimed=1
2026/04/04 17:56:27 WARN outbox_mark_published_failed event_id=0c33ac02-0d40-4136-96dc-0557c2432f02 event_type=decision.completed aggregate_type=envelope aggregate_id=env-mark-fail topic=midas.decisions error="postgres connection lost"
2026/04/04 17:56:27 INFO outbox_batch_dispatched count=1 claimed=1
2026/04/04 17:56:27 WARN outbox_mark_published_failed event_id=0c33ac02-0d40-4136-96dc-0557c2432f02 event_type=decision.completed aggregate_type=envelope aggregate_id=env-mark-fail topic=midas.decisions error="postgres connection lost"
2026/04/04 17:56:27 INFO outbox_batch_dispatched count=1 claimed=1
2026/04/04 17:56:27 WARN outbox_mark_published_failed event_id=0c33ac02-0d40-4136-96dc-0557c2432f02 event_type=decision.completed aggregate_type=envelope aggregate_id=env-mark-fail topic=midas.decisions error="postgres connection lost"
2026/04/04 17:56:27 INFO outbox_batch_dispatched count=1 claimed=1
2026/04/04 17:56:27 WARN outbox_mark_published_failed event_id=0c33ac02-0d40-4136-96dc-0557c2432f02 event_type=decision.completed aggregate_type=envelope aggregate_id=env-mark-fail topic=midas.decisions error="postgres connection lost"
2026/04/04 17:56:27 INFO outbox_batch_dispatched count=1 claimed=1
2026/04/04 17:56:27 WARN outbox_mark_published_failed event_id=0c33ac02-0d40-4136-96dc-0557c2432f02 event_type=decision.completed aggregate_type=envelope aggregate_id=env-mark-fail topic=midas.decisions error="postgres connection lost"
2026/04/04 17:56:27 INFO outbox_batch_dispatched count=1 claimed=1
2026/04/04 17:56:27 WARN outbox_mark_published_failed event_id=0c33ac02-0d40-4136-96dc-0557c2432f02 event_type=decision.completed aggregate_type=envelope aggregate_id=env-mark-fail topic=midas.decisions error="postgres connection lost"
2026/04/04 17:56:27 INFO outbox_batch_dispatched count=1 claimed=1
2026/04/04 17:56:27 WARN outbox_mark_published_failed event_id=0c33ac02-0d40-4136-96dc-0557c2432f02 event_type=decision.completed aggregate_type=envelope aggregate_id=env-mark-fail topic=midas.decisions error="postgres connection lost"
2026/04/04 17:56:27 INFO outbox_batch_dispatched count=1 claimed=1
2026/04/04 17:56:27 WARN outbox_mark_published_failed event_id=0c33ac02-0d40-4136-96dc-0557c2432f02 event_type=decision.completed aggregate_type=envelope aggregate_id=env-mark-fail topic=midas.decisions error="postgres connection lost"
2026/04/04 17:56:27 INFO outbox_batch_dispatched count=1 claimed=1
2026/04/04 17:56:27 WARN outbox_mark_published_failed event_id=0c33ac02-0d40-4136-96dc-0557c2432f02 event_type=decision.completed aggregate_type=envelope aggregate_id=env-mark-fail topic=midas.decisions error="postgres connection lost"
2026/04/04 17:56:27 INFO outbox_batch_dispatched count=1 claimed=1
2026/04/04 17:56:27 WARN outbox_mark_published_failed event_id=0c33ac02-0d40-4136-96dc-0557c2432f02 event_type=decision.completed aggregate_type=envelope aggregate_id=env-mark-fail topic=midas.decisions error="postgres connection lost"
2026/04/04 17:56:27 INFO outbox_batch_dispatched count=1 claimed=1
2026/04/04 17:56:27 WARN outbox_mark_published_failed event_id=0c33ac02-0d40-4136-96dc-0557c2432f02 event_type=decision.completed aggregate_type=envelope aggregate_id=env-mark-fail topic=midas.decisions error="postgres connection lost"
2026/04/04 17:56:27 INFO outbox_batch_dispatched count=1 claimed=1
2026/04/04 17:56:27 WARN outbox_mark_published_failed event_id=0c33ac02-0d40-4136-96dc-0557c2432f02 event_type=decision.completed aggregate_type=envelope aggregate_id=env-mark-fail topic=midas.decisions error="postgres connection lost"
2026/04/04 17:56:27 INFO outbox_batch_dispatched count=1 claimed=1
2026/04/04 17:56:27 WARN outbox_mark_published_failed event_id=0c33ac02-0d40-4136-96dc-0557c2432f02 event_type=decision.completed aggregate_type=envelope aggregate_id=env-mark-fail topic=midas.decisions error="postgres connection lost"
2026/04/04 17:56:27 INFO outbox_batch_dispatched count=1 claimed=1
2026/04/04 17:56:27 WARN outbox_mark_published_failed event_id=0c33ac02-0d40-4136-96dc-0557c2432f02 event_type=decision.completed aggregate_type=envelope aggregate_id=env-mark-fail topic=midas.decisions error="postgres connection lost"
2026/04/04 17:56:27 INFO outbox_batch_dispatched count=1 claimed=1
2026/04/04 17:56:27 WARN outbox_mark_published_failed event_id=0c33ac02-0d40-4136-96dc-0557c2432f02 event_type=decision.completed aggregate_type=envelope aggregate_id=env-mark-fail topic=midas.decisions error="postgres connection lost"
2026/04/04 17:56:27 INFO outbox_batch_dispatched count=1 claimed=1
2026/04/04 17:56:27 WARN outbox_mark_published_failed event_id=0c33ac02-0d40-4136-96dc-0557c2432f02 event_type=decision.completed aggregate_type=envelope aggregate_id=env-mark-fail topic=midas.decisions error="postgres connection lost"
2026/04/04 17:56:27 INFO outbox_batch_dispatched count=1 claimed=1
2026/04/04 17:56:27 WARN outbox_mark_published_failed event_id=0c33ac02-0d40-4136-96dc-0557c2432f02 event_type=decision.completed aggregate_type=envelope aggregate_id=env-mark-fail topic=midas.decisions error="postgres connection lost"
2026/04/04 17:56:27 INFO outbox_batch_dispatched count=1 claimed=1
2026/04/04 17:56:27 WARN outbox_mark_published_failed event_id=0c33ac02-0d40-4136-96dc-0557c2432f02 event_type=decision.completed aggregate_type=envelope aggregate_id=env-mark-fail topic=midas.decisions error="postgres connection lost"
2026/04/04 17:56:27 INFO outbox_batch_dispatched count=1 claimed=1
2026/04/04 17:56:27 WARN outbox_mark_published_failed event_id=0c33ac02-0d40-4136-96dc-0557c2432f02 event_type=decision.completed aggregate_type=envelope aggregate_id=env-mark-fail topic=midas.decisions error="postgres connection lost"
2026/04/04 17:56:27 INFO outbox_batch_dispatched count=1 claimed=1
2026/04/04 17:56:27 WARN outbox_mark_published_failed event_id=0c33ac02-0d40-4136-96dc-0557c2432f02 event_type=decision.completed aggregate_type=envelope aggregate_id=env-mark-fail topic=midas.decisions error="postgres connection lost"
2026/04/04 17:56:27 INFO outbox_batch_dispatched count=1 claimed=1
2026/04/04 17:56:27 WARN outbox_mark_published_failed event_id=0c33ac02-0d40-4136-96dc-0557c2432f02 event_type=decision.completed aggregate_type=envelope aggregate_id=env-mark-fail topic=midas.decisions error="postgres connection lost"
2026/04/04 17:56:27 INFO outbox_batch_dispatched count=1 claimed=1
2026/04/04 17:56:27 WARN outbox_mark_published_failed event_id=0c33ac02-0d40-4136-96dc-0557c2432f02 event_type=decision.completed aggregate_type=envelope aggregate_id=env-mark-fail topic=midas.decisions error="postgres connection lost"
2026/04/04 17:56:27 INFO outbox_batch_dispatched count=1 claimed=1
2026/04/04 17:56:27 WARN outbox_mark_published_failed event_id=0c33ac02-0d40-4136-96dc-0557c2432f02 event_type=decision.completed aggregate_type=envelope aggregate_id=env-mark-fail topic=midas.decisions error="postgres connection lost"
2026/04/04 17:56:27 INFO outbox_batch_dispatched count=1 claimed=1
2026/04/04 17:56:27 WARN outbox_mark_published_failed event_id=0c33ac02-0d40-4136-96dc-0557c2432f02 event_type=decision.completed aggregate_type=envelope aggregate_id=env-mark-fail topic=midas.decisions error="postgres connection lost"
2026/04/04 17:56:27 INFO outbox_batch_dispatched count=1 claimed=1
2026/04/04 17:56:27 WARN outbox_mark_published_failed event_id=0c33ac02-0d40-4136-96dc-0557c2432f02 event_type=decision.completed aggregate_type=envelope aggregate_id=env-mark-fail topic=midas.decisions error="postgres connection lost"
2026/04/04 17:56:27 INFO outbox_batch_dispatched count=1 claimed=1
2026/04/04 17:56:27 WARN outbox_mark_published_failed event_id=0c33ac02-0d40-4136-96dc-0557c2432f02 event_type=decision.completed aggregate_type=envelope aggregate_id=env-mark-fail topic=midas.decisions error="postgres connection lost"
2026/04/04 17:56:27 INFO outbox_batch_dispatched count=1 claimed=1
2026/04/04 17:56:27 WARN outbox_mark_published_failed event_id=0c33ac02-0d40-4136-96dc-0557c2432f02 event_type=decision.completed aggregate_type=envelope aggregate_id=env-mark-fail topic=midas.decisions error="postgres connection lost"
2026/04/04 17:56:27 INFO outbox_batch_dispatched count=1 claimed=1
2026/04/04 17:56:27 WARN outbox_mark_published_failed event_id=0c33ac02-0d40-4136-96dc-0557c2432f02 event_type=decision.completed aggregate_type=envelope aggregate_id=env-mark-fail topic=midas.decisions error="postgres connection lost"
2026/04/04 17:56:27 INFO outbox_batch_dispatched count=1 claimed=1
2026/04/04 17:56:27 WARN outbox_mark_published_failed event_id=0c33ac02-0d40-4136-96dc-0557c2432f02 event_type=decision.completed aggregate_type=envelope aggregate_id=env-mark-fail topic=midas.decisions error="postgres connection lost"
2026/04/04 17:56:27 INFO outbox_batch_dispatched count=1 claimed=1
2026/04/04 17:56:27 WARN outbox_mark_published_failed event_id=0c33ac02-0d40-4136-96dc-0557c2432f02 event_type=decision.completed aggregate_type=envelope aggregate_id=env-mark-fail topic=midas.decisions error="postgres connection lost"
2026/04/04 17:56:27 INFO outbox_batch_dispatched count=1 claimed=1
2026/04/04 17:56:27 WARN outbox_mark_published_failed event_id=0c33ac02-0d40-4136-96dc-0557c2432f02 event_type=decision.completed aggregate_type=envelope aggregate_id=env-mark-fail topic=midas.decisions error="postgres connection lost"
2026/04/04 17:56:27 INFO outbox_batch_dispatched count=1 claimed=1
2026/04/04 17:56:27 WARN outbox_mark_published_failed event_id=0c33ac02-0d40-4136-96dc-0557c2432f02 event_type=decision.completed aggregate_type=envelope aggregate_id=env-mark-fail topic=midas.decisions error="postgres connection lost"
2026/04/04 17:56:27 INFO outbox_batch_dispatched count=1 claimed=1
2026/04/04 17:56:27 WARN outbox_mark_published_failed event_id=0c33ac02-0d40-4136-96dc-0557c2432f02 event_type=decision.completed aggregate_type=envelope aggregate_id=env-mark-fail topic=midas.decisions error="postgres connection lost"
2026/04/04 17:56:27 INFO outbox_batch_dispatched count=1 claimed=1
2026/04/04 17:56:27 WARN outbox_mark_published_failed event_id=0c33ac02-0d40-4136-96dc-0557c2432f02 event_type=decision.completed aggregate_type=envelope aggregate_id=env-mark-fail topic=midas.decisions error="postgres connection lost"
2026/04/04 17:56:27 INFO outbox_batch_dispatched count=1 claimed=1
2026/04/04 17:56:27 WARN outbox_mark_published_failed event_id=0c33ac02-0d40-4136-96dc-0557c2432f02 event_type=decision.completed aggregate_type=envelope aggregate_id=env-mark-fail topic=midas.decisions error="postgres connection lost"
2026/04/04 17:56:27 INFO outbox_batch_dispatched count=1 claimed=1
2026/04/04 17:56:27 WARN outbox_mark_published_failed event_id=0c33ac02-0d40-4136-96dc-0557c2432f02 event_type=decision.completed aggregate_type=envelope aggregate_id=env-mark-fail topic=midas.decisions error="postgres connection lost"
2026/04/04 17:56:27 INFO outbox_batch_dispatched count=1 claimed=1
2026/04/04 17:56:27 WARN outbox_mark_published_failed event_id=0c33ac02-0d40-4136-96dc-0557c2432f02 event_type=decision.completed aggregate_type=envelope aggregate_id=env-mark-fail topic=midas.decisions error="postgres connection lost"
2026/04/04 17:56:27 INFO outbox_batch_dispatched count=1 claimed=1
2026/04/04 17:56:27 WARN outbox_mark_published_failed event_id=0c33ac02-0d40-4136-96dc-0557c2432f02 event_type=decision.completed aggregate_type=envelope aggregate_id=env-mark-fail topic=midas.decisions error="postgres connection lost"
2026/04/04 17:56:27 INFO outbox_batch_dispatched count=1 claimed=1
2026/04/04 17:56:27 WARN outbox_mark_published_failed event_id=0c33ac02-0d40-4136-96dc-0557c2432f02 event_type=decision.completed aggregate_type=envelope aggregate_id=env-mark-fail topic=midas.decisions error="postgres connection lost"
2026/04/04 17:56:27 INFO outbox_batch_dispatched count=1 claimed=1
2026/04/04 17:56:27 WARN outbox_mark_published_failed event_id=0c33ac02-0d40-4136-96dc-0557c2432f02 event_type=decision.completed aggregate_type=envelope aggregate_id=env-mark-fail topic=midas.decisions error="postgres connection lost"
2026/04/04 17:56:27 INFO outbox_batch_dispatched count=1 claimed=1
2026/04/04 17:56:27 WARN outbox_mark_published_failed event_id=0c33ac02-0d40-4136-96dc-0557c2432f02 event_type=decision.completed aggregate_type=envelope aggregate_id=env-mark-fail topic=midas.decisions error="postgres connection lost"
2026/04/04 17:56:27 INFO outbox_batch_dispatched count=1 claimed=1
2026/04/04 17:56:27 WARN outbox_mark_published_failed event_id=0c33ac02-0d40-4136-96dc-0557c2432f02 event_type=decision.completed aggregate_type=envelope aggregate_id=env-mark-fail topic=midas.decisions error="postgres connection lost"
2026/04/04 17:56:27 INFO outbox_batch_dispatched count=1 claimed=1
2026/04/04 17:56:27 WARN outbox_mark_published_failed event_id=0c33ac02-0d40-4136-96dc-0557c2432f02 event_type=decision.completed aggregate_type=envelope aggregate_id=env-mark-fail topic=midas.decisions error="postgres connection lost"
2026/04/04 17:56:27 INFO outbox_batch_dispatched count=1 claimed=1
2026/04/04 17:56:27 WARN outbox_mark_published_failed event_id=0c33ac02-0d40-4136-96dc-0557c2432f02 event_type=decision.completed aggregate_type=envelope aggregate_id=env-mark-fail topic=midas.decisions error="postgres connection lost"
2026/04/04 17:56:27 INFO outbox_batch_dispatched count=1 claimed=1
2026/04/04 17:56:27 WARN outbox_mark_published_failed event_id=0c33ac02-0d40-4136-96dc-0557c2432f02 event_type=decision.completed aggregate_type=envelope aggregate_id=env-mark-fail topic=midas.decisions error="postgres connection lost"
2026/04/04 17:56:27 INFO outbox_batch_dispatched count=1 claimed=1
2026/04/04 17:56:27 WARN outbox_mark_published_failed event_id=0c33ac02-0d40-4136-96dc-0557c2432f02 event_type=decision.completed aggregate_type=envelope aggregate_id=env-mark-fail topic=midas.decisions error="postgres connection lost"
2026/04/04 17:56:27 INFO outbox_batch_dispatched count=1 claimed=1
2026/04/04 17:56:27 WARN outbox_mark_published_failed event_id=0c33ac02-0d40-4136-96dc-0557c2432f02 event_type=decision.completed aggregate_type=envelope aggregate_id=env-mark-fail topic=midas.decisions error="postgres connection lost"
2026/04/04 17:56:27 INFO outbox_batch_dispatched count=1 claimed=1
2026/04/04 17:56:27 WARN outbox_mark_published_failed event_id=0c33ac02-0d40-4136-96dc-0557c2432f02 event_type=decision.completed aggregate_type=envelope aggregate_id=env-mark-fail topic=midas.decisions error="postgres connection lost"
2026/04/04 17:56:27 INFO outbox_batch_dispatched count=1 claimed=1
2026/04/04 17:56:27 WARN outbox_mark_published_failed event_id=0c33ac02-0d40-4136-96dc-0557c2432f02 event_type=decision.completed aggregate_type=envelope aggregate_id=env-mark-fail topic=midas.decisions error="postgres connection lost"
2026/04/04 17:56:27 INFO outbox_batch_dispatched count=1 claimed=1
2026/04/04 17:56:27 WARN outbox_mark_published_failed event_id=0c33ac02-0d40-4136-96dc-0557c2432f02 event_type=decision.completed aggregate_type=envelope aggregate_id=env-mark-fail topic=midas.decisions error="postgres connection lost"
2026/04/04 17:56:27 INFO outbox_batch_dispatched count=1 claimed=1
2026/04/04 17:56:27 WARN outbox_mark_published_failed event_id=0c33ac02-0d40-4136-96dc-0557c2432f02 event_type=decision.completed aggregate_type=envelope aggregate_id=env-mark-fail topic=midas.decisions error="postgres connection lost"
2026/04/04 17:56:27 INFO outbox_batch_dispatched count=1 claimed=1
2026/04/04 17:56:27 WARN outbox_mark_published_failed event_id=0c33ac02-0d40-4136-96dc-0557c2432f02 event_type=decision.completed aggregate_type=envelope aggregate_id=env-mark-fail topic=midas.decisions error="postgres connection lost"
2026/04/04 17:56:27 INFO outbox_batch_dispatched count=1 claimed=1
2026/04/04 17:56:27 WARN outbox_mark_published_failed event_id=0c33ac02-0d40-4136-96dc-0557c2432f02 event_type=decision.completed aggregate_type=envelope aggregate_id=env-mark-fail topic=midas.decisions error="postgres connection lost"
2026/04/04 17:56:27 INFO outbox_batch_dispatched count=1 claimed=1
2026/04/04 17:56:27 WARN outbox_mark_published_failed event_id=0c33ac02-0d40-4136-96dc-0557c2432f02 event_type=decision.completed aggregate_type=envelope aggregate_id=env-mark-fail topic=midas.decisions error="postgres connection lost"
2026/04/04 17:56:27 INFO outbox_batch_dispatched count=1 claimed=1
2026/04/04 17:56:27 WARN outbox_mark_published_failed event_id=0c33ac02-0d40-4136-96dc-0557c2432f02 event_type=decision.completed aggregate_type=envelope aggregate_id=env-mark-fail topic=midas.decisions error="postgres connection lost"
2026/04/04 17:56:27 INFO outbox_batch_dispatched count=1 claimed=1
2026/04/04 17:56:27 WARN outbox_mark_published_failed event_id=0c33ac02-0d40-4136-96dc-0557c2432f02 event_type=decision.completed aggregate_type=envelope aggregate_id=env-mark-fail topic=midas.decisions error="postgres connection lost"
2026/04/04 17:56:27 INFO outbox_batch_dispatched count=1 claimed=1
2026/04/04 17:56:27 WARN outbox_mark_published_failed event_id=0c33ac02-0d40-4136-96dc-0557c2432f02 event_type=decision.completed aggregate_type=envelope aggregate_id=env-mark-fail topic=midas.decisions error="postgres connection lost"
2026/04/04 17:56:27 INFO outbox_batch_dispatched count=1 claimed=1
2026/04/04 17:56:27 WARN outbox_mark_published_failed event_id=0c33ac02-0d40-4136-96dc-0557c2432f02 event_type=decision.completed aggregate_type=envelope aggregate_id=env-mark-fail topic=midas.decisions error="postgres connection lost"
2026/04/04 17:56:27 INFO outbox_batch_dispatched count=1 claimed=1
2026/04/04 17:56:27 WARN outbox_mark_published_failed event_id=0c33ac02-0d40-4136-96dc-0557c2432f02 event_type=decision.completed aggregate_type=envelope aggregate_id=env-mark-fail topic=midas.decisions error="postgres connection lost"
2026/04/04 17:56:27 INFO outbox_batch_dispatched count=1 claimed=1
2026/04/04 17:56:27 WARN outbox_mark_published_failed event_id=0c33ac02-0d40-4136-96dc-0557c2432f02 event_type=decision.completed aggregate_type=envelope aggregate_id=env-mark-fail topic=midas.decisions error="postgres connection lost"
2026/04/04 17:56:27 INFO outbox_batch_dispatched count=1 claimed=1
2026/04/04 17:56:27 WARN outbox_mark_published_failed event_id=0c33ac02-0d40-4136-96dc-0557c2432f02 event_type=decision.completed aggregate_type=envelope aggregate_id=env-mark-fail topic=midas.decisions error="postgres connection lost"
2026/04/04 17:56:27 INFO outbox_batch_dispatched count=1 claimed=1
2026/04/04 17:56:27 WARN outbox_mark_published_failed event_id=0c33ac02-0d40-4136-96dc-0557c2432f02 event_type=decision.completed aggregate_type=envelope aggregate_id=env-mark-fail topic=midas.decisions error="postgres connection lost"
2026/04/04 17:56:27 INFO outbox_batch_dispatched count=1 claimed=1
2026/04/04 17:56:27 WARN outbox_mark_published_failed event_id=0c33ac02-0d40-4136-96dc-0557c2432f02 event_type=decision.completed aggregate_type=envelope aggregate_id=env-mark-fail topic=midas.decisions error="postgres connection lost"
2026/04/04 17:56:27 INFO outbox_batch_dispatched count=1 claimed=1
2026/04/04 17:56:27 WARN outbox_mark_published_failed event_id=0c33ac02-0d40-4136-96dc-0557c2432f02 event_type=decision.completed aggregate_type=envelope aggregate_id=env-mark-fail topic=midas.decisions error="postgres connection lost"
2026/04/04 17:56:27 INFO outbox_batch_dispatched count=1 claimed=1
2026/04/04 17:56:27 WARN outbox_mark_published_failed event_id=0c33ac02-0d40-4136-96dc-0557c2432f02 event_type=decision.completed aggregate_type=envelope aggregate_id=env-mark-fail topic=midas.decisions error="postgres connection lost"
2026/04/04 17:56:27 INFO outbox_batch_dispatched count=1 claimed=1
2026/04/04 17:56:27 WARN outbox_mark_published_failed event_id=0c33ac02-0d40-4136-96dc-0557c2432f02 event_type=decision.completed aggregate_type=envelope aggregate_id=env-mark-fail topic=midas.decisions error="postgres connection lost"
2026/04/04 17:56:27 INFO outbox_batch_dispatched count=1 claimed=1
2026/04/04 17:56:27 WARN outbox_mark_published_failed event_id=0c33ac02-0d40-4136-96dc-0557c2432f02 event_type=decision.completed aggregate_type=envelope aggregate_id=env-mark-fail topic=midas.decisions error="postgres connection lost"
2026/04/04 17:56:27 INFO outbox_batch_dispatched count=1 claimed=1
2026/04/04 17:56:27 WARN outbox_mark_published_failed event_id=0c33ac02-0d40-4136-96dc-0557c2432f02 event_type=decision.completed aggregate_type=envelope aggregate_id=env-mark-fail topic=midas.decisions error="postgres connection lost"
2026/04/04 17:56:27 INFO outbox_batch_dispatched count=1 claimed=1
2026/04/04 17:56:27 WARN outbox_mark_published_failed event_id=0c33ac02-0d40-4136-96dc-0557c2432f02 event_type=decision.completed aggregate_type=envelope aggregate_id=env-mark-fail topic=midas.decisions error="postgres connection lost"
2026/04/04 17:56:27 INFO outbox_batch_dispatched count=1 claimed=1
2026/04/04 17:56:27 WARN outbox_mark_published_failed event_id=0c33ac02-0d40-4136-96dc-0557c2432f02 event_type=decision.completed aggregate_type=envelope aggregate_id=env-mark-fail topic=midas.decisions error="postgres connection lost"
2026/04/04 17:56:27 INFO outbox_batch_dispatched count=1 claimed=1
2026/04/04 17:56:27 WARN outbox_mark_published_failed event_id=0c33ac02-0d40-4136-96dc-0557c2432f02 event_type=decision.completed aggregate_type=envelope aggregate_id=env-mark-fail topic=midas.decisions error="postgres connection lost"
2026/04/04 17:56:27 INFO outbox_batch_dispatched count=1 claimed=1
2026/04/04 17:56:27 WARN outbox_mark_published_failed event_id=0c33ac02-0d40-4136-96dc-0557c2432f02 event_type=decision.completed aggregate_type=envelope aggregate_id=env-mark-fail topic=midas.decisions error="postgres connection lost"
2026/04/04 17:56:27 INFO outbox_batch_dispatched count=1 claimed=1
2026/04/04 17:56:27 WARN outbox_mark_published_failed event_id=0c33ac02-0d40-4136-96dc-0557c2432f02 event_type=decision.completed aggregate_type=envelope aggregate_id=env-mark-fail topic=midas.decisions error="postgres connection lost"
2026/04/04 17:56:27 INFO outbox_batch_dispatched count=1 claimed=1
2026/04/04 17:56:27 WARN outbox_mark_published_failed event_id=0c33ac02-0d40-4136-96dc-0557c2432f02 event_type=decision.completed aggregate_type=envelope aggregate_id=env-mark-fail topic=midas.decisions error="postgres connection lost"
2026/04/04 17:56:27 INFO outbox_batch_dispatched count=1 claimed=1
2026/04/04 17:56:27 WARN outbox_mark_published_failed event_id=0c33ac02-0d40-4136-96dc-0557c2432f02 event_type=decision.completed aggregate_type=envelope aggregate_id=env-mark-fail topic=midas.decisions error="postgres connection lost"
2026/04/04 17:56:27 INFO outbox_batch_dispatched count=1 claimed=1
2026/04/04 17:56:27 WARN outbox_mark_published_failed event_id=0c33ac02-0d40-4136-96dc-0557c2432f02 event_type=decision.completed aggregate_type=envelope aggregate_id=env-mark-fail topic=midas.decisions error="postgres connection lost"
2026/04/04 17:56:27 INFO outbox_batch_dispatched count=1 claimed=1
2026/04/04 17:56:27 WARN outbox_mark_published_failed event_id=0c33ac02-0d40-4136-96dc-0557c2432f02 event_type=decision.completed aggregate_type=envelope aggregate_id=env-mark-fail topic=midas.decisions error="postgres connection lost"
2026/04/04 17:56:27 INFO outbox_batch_dispatched count=1 claimed=1
2026/04/04 17:56:27 WARN outbox_mark_published_failed event_id=0c33ac02-0d40-4136-96dc-0557c2432f02 event_type=decision.completed aggregate_type=envelope aggregate_id=env-mark-fail topic=midas.decisions error="postgres connection lost"
2026/04/04 17:56:27 INFO outbox_batch_dispatched count=1 claimed=1
2026/04/04 17:56:27 WARN outbox_mark_published_failed event_id=0c33ac02-0d40-4136-96dc-0557c2432f02 event_type=decision.completed aggregate_type=envelope aggregate_id=env-mark-fail topic=midas.decisions error="postgres connection lost"
2026/04/04 17:56:27 INFO outbox_batch_dispatched count=1 claimed=1
2026/04/04 17:56:27 WARN outbox_mark_published_failed event_id=0c33ac02-0d40-4136-96dc-0557c2432f02 event_type=decision.completed aggregate_type=envelope aggregate_id=env-mark-fail topic=midas.decisions error="postgres connection lost"
2026/04/04 17:56:27 INFO outbox_batch_dispatched count=1 claimed=1
2026/04/04 17:56:27 WARN outbox_mark_published_failed event_id=0c33ac02-0d40-4136-96dc-0557c2432f02 event_type=decision.completed aggregate_type=envelope aggregate_id=env-mark-fail topic=midas.decisions error="postgres connection lost"
2026/04/04 17:56:27 INFO outbox_batch_dispatched count=1 claimed=1
2026/04/04 17:56:27 WARN outbox_mark_published_failed event_id=0c33ac02-0d40-4136-96dc-0557c2432f02 event_type=decision.completed aggregate_type=envelope aggregate_id=env-mark-fail topic=midas.decisions error="postgres connection lost"
2026/04/04 17:56:27 INFO outbox_batch_dispatched count=1 claimed=1
2026/04/04 17:56:27 WARN outbox_mark_published_failed event_id=0c33ac02-0d40-4136-96dc-0557c2432f02 event_type=decision.completed aggregate_type=envelope aggregate_id=env-mark-fail topic=midas.decisions error="postgres connection lost"
2026/04/04 17:56:27 INFO outbox_batch_dispatched count=1 claimed=1
2026/04/04 17:56:27 WARN outbox_mark_published_failed event_id=0c33ac02-0d40-4136-96dc-0557c2432f02 event_type=decision.completed aggregate_type=envelope aggregate_id=env-mark-fail topic=midas.decisions error="postgres connection lost"
2026/04/04 17:56:27 INFO outbox_batch_dispatched count=1 claimed=1
2026/04/04 17:56:27 WARN outbox_mark_published_failed event_id=0c33ac02-0d40-4136-96dc-0557c2432f02 event_type=decision.completed aggregate_type=envelope aggregate_id=env-mark-fail topic=midas.decisions error="postgres connection lost"
2026/04/04 17:56:27 INFO outbox_batch_dispatched count=1 claimed=1
2026/04/04 17:56:27 WARN outbox_mark_published_failed event_id=0c33ac02-0d40-4136-96dc-0557c2432f02 event_type=decision.completed aggregate_type=envelope aggregate_id=env-mark-fail topic=midas.decisions error="postgres connection lost"
2026/04/04 17:56:27 INFO outbox_batch_dispatched count=1 claimed=1
2026/04/04 17:56:27 WARN outbox_mark_published_failed event_id=0c33ac02-0d40-4136-96dc-0557c2432f02 event_type=decision.completed aggregate_type=envelope aggregate_id=env-mark-fail topic=midas.decisions error="postgres connection lost"
2026/04/04 17:56:27 INFO outbox_batch_dispatched count=1 claimed=1
2026/04/04 17:56:27 WARN outbox_mark_published_failed event_id=0c33ac02-0d40-4136-96dc-0557c2432f02 event_type=decision.completed aggregate_type=envelope aggregate_id=env-mark-fail topic=midas.decisions error="postgres connection lost"
2026/04/04 17:56:27 INFO outbox_batch_dispatched count=1 claimed=1
2026/04/04 17:56:27 WARN outbox_mark_published_failed event_id=0c33ac02-0d40-4136-96dc-0557c2432f02 event_type=decision.completed aggregate_type=envelope aggregate_id=env-mark-fail topic=midas.decisions error="postgres connection lost"
2026/04/04 17:56:27 INFO outbox_batch_dispatched count=1 claimed=1
2026/04/04 17:56:27 WARN outbox_mark_published_failed event_id=0c33ac02-0d40-4136-96dc-0557c2432f02 event_type=decision.completed aggregate_type=envelope aggregate_id=env-mark-fail topic=midas.decisions error="postgres connection lost"
2026/04/04 17:56:27 INFO outbox_batch_dispatched count=1 claimed=1
2026/04/04 17:56:27 WARN outbox_mark_published_failed event_id=0c33ac02-0d40-4136-96dc-0557c2432f02 event_type=decision.completed aggregate_type=envelope aggregate_id=env-mark-fail topic=midas.decisions error="postgres connection lost"
2026/04/04 17:56:27 INFO outbox_batch_dispatched count=1 claimed=1
2026/04/04 17:56:27 WARN outbox_mark_published_failed event_id=0c33ac02-0d40-4136-96dc-0557c2432f02 event_type=decision.completed aggregate_type=envelope aggregate_id=env-mark-fail topic=midas.decisions error="postgres connection lost"
2026/04/04 17:56:27 INFO outbox_batch_dispatched count=1 claimed=1
2026/04/04 17:56:27 WARN outbox_mark_published_failed event_id=0c33ac02-0d40-4136-96dc-0557c2432f02 event_type=decision.completed aggregate_type=envelope aggregate_id=env-mark-fail topic=midas.decisions error="postgres connection lost"
2026/04/04 17:56:27 INFO outbox_batch_dispatched count=1 claimed=1
2026/04/04 17:56:27 WARN outbox_mark_published_failed event_id=0c33ac02-0d40-4136-96dc-0557c2432f02 event_type=decision.completed aggregate_type=envelope aggregate_id=env-mark-fail topic=midas.decisions error="postgres connection lost"
2026/04/04 17:56:27 INFO outbox_batch_dispatched count=1 claimed=1
2026/04/04 17:56:27 WARN outbox_mark_published_failed event_id=0c33ac02-0d40-4136-96dc-0557c2432f02 event_type=decision.completed aggregate_type=envelope aggregate_id=env-mark-fail topic=midas.decisions error="postgres connection lost"
2026/04/04 17:56:27 INFO outbox_batch_dispatched count=1 claimed=1
2026/04/04 17:56:27 WARN outbox_mark_published_failed event_id=0c33ac02-0d40-4136-96dc-0557c2432f02 event_type=decision.completed aggregate_type=envelope aggregate_id=env-mark-fail topic=midas.decisions error="postgres connection lost"
2026/04/04 17:56:27 INFO outbox_batch_dispatched count=1 claimed=1
2026/04/04 17:56:27 WARN outbox_mark_published_failed event_id=0c33ac02-0d40-4136-96dc-0557c2432f02 event_type=decision.completed aggregate_type=envelope aggregate_id=env-mark-fail topic=midas.decisions error="postgres connection lost"
2026/04/04 17:56:27 INFO outbox_batch_dispatched count=1 claimed=1
2026/04/04 17:56:27 WARN outbox_mark_published_failed event_id=0c33ac02-0d40-4136-96dc-0557c2432f02 event_type=decision.completed aggregate_type=envelope aggregate_id=env-mark-fail topic=midas.decisions error="postgres connection lost"
2026/04/04 17:56:27 INFO outbox_batch_dispatched count=1 claimed=1
2026/04/04 17:56:27 WARN outbox_mark_published_failed event_id=0c33ac02-0d40-4136-96dc-0557c2432f02 event_type=decision.completed aggregate_type=envelope aggregate_id=env-mark-fail topic=midas.decisions error="postgres connection lost"
2026/04/04 17:56:27 INFO outbox_batch_dispatched count=1 claimed=1
2026/04/04 17:56:27 WARN outbox_mark_published_failed event_id=0c33ac02-0d40-4136-96dc-0557c2432f02 event_type=decision.completed aggregate_type=envelope aggregate_id=env-mark-fail topic=midas.decisions error="postgres connection lost"
2026/04/04 17:56:27 INFO outbox_batch_dispatched count=1 claimed=1
2026/04/04 17:56:27 WARN outbox_mark_published_failed event_id=0c33ac02-0d40-4136-96dc-0557c2432f02 event_type=decision.completed aggregate_type=envelope aggregate_id=env-mark-fail topic=midas.decisions error="postgres connection lost"
2026/04/04 17:56:27 INFO outbox_batch_dispatched count=1 claimed=1
2026/04/04 17:56:27 WARN outbox_mark_published_failed event_id=0c33ac02-0d40-4136-96dc-0557c2432f02 event_type=decision.completed aggregate_type=envelope aggregate_id=env-mark-fail topic=midas.decisions error="postgres connection lost"
2026/04/04 17:56:27 INFO outbox_batch_dispatched count=1 claimed=1
2026/04/04 17:56:27 WARN outbox_mark_published_failed event_id=0c33ac02-0d40-4136-96dc-0557c2432f02 event_type=decision.completed aggregate_type=envelope aggregate_id=env-mark-fail topic=midas.decisions error="postgres connection lost"
2026/04/04 17:56:27 INFO outbox_batch_dispatched count=1 claimed=1
2026/04/04 17:56:27 WARN outbox_mark_published_failed event_id=0c33ac02-0d40-4136-96dc-0557c2432f02 event_type=decision.completed aggregate_type=envelope aggregate_id=env-mark-fail topic=midas.decisions error="postgres connection lost"
2026/04/04 17:56:27 INFO outbox_batch_dispatched count=1 claimed=1
2026/04/04 17:56:27 WARN outbox_mark_published_failed event_id=0c33ac02-0d40-4136-96dc-0557c2432f02 event_type=decision.completed aggregate_type=envelope aggregate_id=env-mark-fail topic=midas.decisions error="postgres connection lost"
2026/04/04 17:56:27 INFO outbox_batch_dispatched count=1 claimed=1
2026/04/04 17:56:27 WARN outbox_mark_published_failed event_id=0c33ac02-0d40-4136-96dc-0557c2432f02 event_type=decision.completed aggregate_type=envelope aggregate_id=env-mark-fail topic=midas.decisions error="postgres connection lost"
2026/04/04 17:56:27 INFO outbox_batch_dispatched count=1 claimed=1
2026/04/04 17:56:27 WARN outbox_mark_published_failed event_id=0c33ac02-0d40-4136-96dc-0557c2432f02 event_type=decision.completed aggregate_type=envelope aggregate_id=env-mark-fail topic=midas.decisions error="postgres connection lost"
2026/04/04 17:56:27 INFO outbox_batch_dispatched count=1 claimed=1
2026/04/04 17:56:27 WARN outbox_mark_published_failed event_id=0c33ac02-0d40-4136-96dc-0557c2432f02 event_type=decision.completed aggregate_type=envelope aggregate_id=env-mark-fail topic=midas.decisions error="postgres connection lost"
2026/04/04 17:56:27 INFO outbox_batch_dispatched count=1 claimed=1
2026/04/04 17:56:27 WARN outbox_mark_published_failed event_id=0c33ac02-0d40-4136-96dc-0557c2432f02 event_type=decision.completed aggregate_type=envelope aggregate_id=env-mark-fail topic=midas.decisions error="postgres connection lost"
2026/04/04 17:56:27 INFO outbox_batch_dispatched count=1 claimed=1
2026/04/04 17:56:27 WARN outbox_mark_published_failed event_id=0c33ac02-0d40-4136-96dc-0557c2432f02 event_type=decision.completed aggregate_type=envelope aggregate_id=env-mark-fail topic=midas.decisions error="postgres connection lost"
2026/04/04 17:56:27 INFO outbox_batch_dispatched count=1 claimed=1
2026/04/04 17:56:27 WARN outbox_mark_published_failed event_id=0c33ac02-0d40-4136-96dc-0557c2432f02 event_type=decision.completed aggregate_type=envelope aggregate_id=env-mark-fail topic=midas.decisions error="postgres connection lost"
2026/04/04 17:56:27 INFO outbox_batch_dispatched count=1 claimed=1
2026/04/04 17:56:27 WARN outbox_mark_published_failed event_id=0c33ac02-0d40-4136-96dc-0557c2432f02 event_type=decision.completed aggregate_type=envelope aggregate_id=env-mark-fail topic=midas.decisions error="postgres connection lost"
2026/04/04 17:56:27 INFO outbox_batch_dispatched count=1 claimed=1
2026/04/04 17:56:27 WARN outbox_mark_published_failed event_id=0c33ac02-0d40-4136-96dc-0557c2432f02 event_type=decision.completed aggregate_type=envelope aggregate_id=env-mark-fail topic=midas.decisions error="postgres connection lost"
2026/04/04 17:56:27 INFO outbox_batch_dispatched count=1 claimed=1
2026/04/04 17:56:27 WARN outbox_mark_published_failed event_id=0c33ac02-0d40-4136-96dc-0557c2432f02 event_type=decision.completed aggregate_type=envelope aggregate_id=env-mark-fail topic=midas.decisions error="postgres connection lost"
2026/04/04 17:56:27 INFO outbox_batch_dispatched count=1 claimed=1
2026/04/04 17:56:27 WARN outbox_mark_published_failed event_id=0c33ac02-0d40-4136-96dc-0557c2432f02 event_type=decision.completed aggregate_type=envelope aggregate_id=env-mark-fail topic=midas.decisions error="postgres connection lost"
2026/04/04 17:56:27 INFO outbox_batch_dispatched count=1 claimed=1
2026/04/04 17:56:27 WARN outbox_mark_published_failed event_id=0c33ac02-0d40-4136-96dc-0557c2432f02 event_type=decision.completed aggregate_type=envelope aggregate_id=env-mark-fail topic=midas.decisions error="postgres connection lost"
2026/04/04 17:56:27 INFO outbox_batch_dispatched count=1 claimed=1
2026/04/04 17:56:27 WARN outbox_mark_published_failed event_id=0c33ac02-0d40-4136-96dc-0557c2432f02 event_type=decision.completed aggregate_type=envelope aggregate_id=env-mark-fail topic=midas.decisions error="postgres connection lost"
2026/04/04 17:56:27 INFO outbox_batch_dispatched count=1 claimed=1
2026/04/04 17:56:27 WARN outbox_mark_published_failed event_id=0c33ac02-0d40-4136-96dc-0557c2432f02 event_type=decision.completed aggregate_type=envelope aggregate_id=env-mark-fail topic=midas.decisions error="postgres connection lost"
2026/04/04 17:56:27 INFO outbox_batch_dispatched count=1 claimed=1
2026/04/04 17:56:27 WARN outbox_mark_published_failed event_id=0c33ac02-0d40-4136-96dc-0557c2432f02 event_type=decision.completed aggregate_type=envelope aggregate_id=env-mark-fail topic=midas.decisions error="postgres connection lost"
2026/04/04 17:56:27 INFO outbox_batch_dispatched count=1 claimed=1
2026/04/04 17:56:27 WARN outbox_mark_published_failed event_id=0c33ac02-0d40-4136-96dc-0557c2432f02 event_type=decision.completed aggregate_type=envelope aggregate_id=env-mark-fail topic=midas.decisions error="postgres connection lost"
2026/04/04 17:56:27 INFO outbox_batch_dispatched count=1 claimed=1
2026/04/04 17:56:27 WARN outbox_mark_published_failed event_id=0c33ac02-0d40-4136-96dc-0557c2432f02 event_type=decision.completed aggregate_type=envelope aggregate_id=env-mark-fail topic=midas.decisions error="postgres connection lost"
2026/04/04 17:56:27 INFO outbox_batch_dispatched count=1 claimed=1
2026/04/04 17:56:27 WARN outbox_mark_published_failed event_id=0c33ac02-0d40-4136-96dc-0557c2432f02 event_type=decision.completed aggregate_type=envelope aggregate_id=env-mark-fail topic=midas.decisions error="postgres connection lost"
2026/04/04 17:56:27 INFO outbox_batch_dispatched count=1 claimed=1
2026/04/04 17:56:27 WARN outbox_mark_published_failed event_id=0c33ac02-0d40-4136-96dc-0557c2432f02 event_type=decision.completed aggregate_type=envelope aggregate_id=env-mark-fail topic=midas.decisions error="postgres connection lost"
2026/04/04 17:56:27 INFO outbox_batch_dispatched count=1 claimed=1
2026/04/04 17:56:27 WARN outbox_mark_published_failed event_id=0c33ac02-0d40-4136-96dc-0557c2432f02 event_type=decision.completed aggregate_type=envelope aggregate_id=env-mark-fail topic=midas.decisions error="postgres connection lost"
2026/04/04 17:56:27 INFO outbox_batch_dispatched count=1 claimed=1
2026/04/04 17:56:27 WARN outbox_mark_published_failed event_id=0c33ac02-0d40-4136-96dc-0557c2432f02 event_type=decision.completed aggregate_type=envelope aggregate_id=env-mark-fail topic=midas.decisions error="postgres connection lost"
2026/04/04 17:56:27 INFO outbox_batch_dispatched count=1 claimed=1
2026/04/04 17:56:27 WARN outbox_mark_published_failed event_id=0c33ac02-0d40-4136-96dc-0557c2432f02 event_type=decision.completed aggregate_type=envelope aggregate_id=env-mark-fail topic=midas.decisions error="postgres connection lost"
2026/04/04 17:56:27 INFO outbox_batch_dispatched count=1 claimed=1
2026/04/04 17:56:27 WARN outbox_mark_published_failed event_id=0c33ac02-0d40-4136-96dc-0557c2432f02 event_type=decision.completed aggregate_type=envelope aggregate_id=env-mark-fail topic=midas.decisions error="postgres connection lost"
2026/04/04 17:56:27 INFO outbox_batch_dispatched count=1 claimed=1
2026/04/04 17:56:27 WARN outbox_mark_published_failed event_id=0c33ac02-0d40-4136-96dc-0557c2432f02 event_type=decision.completed aggregate_type=envelope aggregate_id=env-mark-fail topic=midas.decisions error="postgres connection lost"
2026/04/04 17:56:27 INFO outbox_batch_dispatched count=1 claimed=1
2026/04/04 17:56:27 WARN outbox_mark_published_failed event_id=0c33ac02-0d40-4136-96dc-0557c2432f02 event_type=decision.completed aggregate_type=envelope aggregate_id=env-mark-fail topic=midas.decisions error="postgres connection lost"
2026/04/04 17:56:27 INFO outbox_batch_dispatched count=1 claimed=1
2026/04/04 17:56:27 WARN outbox_mark_published_failed event_id=0c33ac02-0d40-4136-96dc-0557c2432f02 event_type=decision.completed aggregate_type=envelope aggregate_id=env-mark-fail topic=midas.decisions error="postgres connection lost"
2026/04/04 17:56:27 INFO outbox_batch_dispatched count=1 claimed=1
2026/04/04 17:56:27 WARN outbox_mark_published_failed event_id=0c33ac02-0d40-4136-96dc-0557c2432f02 event_type=decision.completed aggregate_type=envelope aggregate_id=env-mark-fail topic=midas.decisions error="postgres connection lost"
2026/04/04 17:56:27 INFO outbox_batch_dispatched count=1 claimed=1
2026/04/04 17:56:27 WARN outbox_mark_published_failed event_id=0c33ac02-0d40-4136-96dc-0557c2432f02 event_type=decision.completed aggregate_type=envelope aggregate_id=env-mark-fail topic=midas.decisions error="postgres connection lost"
2026/04/04 17:56:27 INFO outbox_batch_dispatched count=1 claimed=1
2026/04/04 17:56:27 WARN outbox_mark_published_failed event_id=0c33ac02-0d40-4136-96dc-0557c2432f02 event_type=decision.completed aggregate_type=envelope aggregate_id=env-mark-fail topic=midas.decisions error="postgres connection lost"
2026/04/04 17:56:27 INFO outbox_batch_dispatched count=1 claimed=1
2026/04/04 17:56:27 WARN outbox_mark_published_failed event_id=0c33ac02-0d40-4136-96dc-0557c2432f02 event_type=decision.completed aggregate_type=envelope aggregate_id=env-mark-fail topic=midas.decisions error="postgres connection lost"
2026/04/04 17:56:27 INFO outbox_batch_dispatched count=1 claimed=1
2026/04/04 17:56:27 WARN outbox_mark_published_failed event_id=0c33ac02-0d40-4136-96dc-0557c2432f02 event_type=decision.completed aggregate_type=envelope aggregate_id=env-mark-fail topic=midas.decisions error="postgres connection lost"
2026/04/04 17:56:27 INFO outbox_batch_dispatched count=1 claimed=1
2026/04/04 17:56:27 WARN outbox_mark_published_failed event_id=0c33ac02-0d40-4136-96dc-0557c2432f02 event_type=decision.completed aggregate_type=envelope aggregate_id=env-mark-fail topic=midas.decisions error="postgres connection lost"
2026/04/04 17:56:27 INFO outbox_batch_dispatched count=1 claimed=1
2026/04/04 17:56:27 WARN outbox_mark_published_failed event_id=0c33ac02-0d40-4136-96dc-0557c2432f02 event_type=decision.completed aggregate_type=envelope aggregate_id=env-mark-fail topic=midas.decisions error="postgres connection lost"
2026/04/04 17:56:27 INFO outbox_batch_dispatched count=1 claimed=1
2026/04/04 17:56:27 WARN outbox_mark_published_failed event_id=0c33ac02-0d40-4136-96dc-0557c2432f02 event_type=decision.completed aggregate_type=envelope aggregate_id=env-mark-fail topic=midas.decisions error="postgres connection lost"
2026/04/04 17:56:27 INFO outbox_batch_dispatched count=1 claimed=1
2026/04/04 17:56:27 WARN outbox_mark_published_failed event_id=0c33ac02-0d40-4136-96dc-0557c2432f02 event_type=decision.completed aggregate_type=envelope aggregate_id=env-mark-fail topic=midas.decisions error="postgres connection lost"
2026/04/04 17:56:27 INFO outbox_batch_dispatched count=1 claimed=1
2026/04/04 17:56:27 WARN outbox_mark_published_failed event_id=0c33ac02-0d40-4136-96dc-0557c2432f02 event_type=decision.completed aggregate_type=envelope aggregate_id=env-mark-fail topic=midas.decisions error="postgres connection lost"
2026/04/04 17:56:27 INFO outbox_batch_dispatched count=1 claimed=1
2026/04/04 17:56:27 WARN outbox_mark_published_failed event_id=0c33ac02-0d40-4136-96dc-0557c2432f02 event_type=decision.completed aggregate_type=envelope aggregate_id=env-mark-fail topic=midas.decisions error="postgres connection lost"
2026/04/04 17:56:27 INFO outbox_batch_dispatched count=1 claimed=1
2026/04/04 17:56:27 WARN outbox_mark_published_failed event_id=0c33ac02-0d40-4136-96dc-0557c2432f02 event_type=decision.completed aggregate_type=envelope aggregate_id=env-mark-fail topic=midas.decisions error="postgres connection lost"
2026/04/04 17:56:27 INFO outbox_batch_dispatched count=1 claimed=1
2026/04/04 17:56:27 WARN outbox_mark_published_failed event_id=0c33ac02-0d40-4136-96dc-0557c2432f02 event_type=decision.completed aggregate_type=envelope aggregate_id=env-mark-fail topic=midas.decisions error="postgres connection lost"
2026/04/04 17:56:27 INFO outbox_batch_dispatched count=1 claimed=1
2026/04/04 17:56:27 WARN outbox_mark_published_failed event_id=0c33ac02-0d40-4136-96dc-0557c2432f02 event_type=decision.completed aggregate_type=envelope aggregate_id=env-mark-fail topic=midas.decisions error="postgres connection lost"
2026/04/04 17:56:27 INFO outbox_batch_dispatched count=1 claimed=1
2026/04/04 17:56:27 WARN outbox_mark_published_failed event_id=0c33ac02-0d40-4136-96dc-0557c2432f02 event_type=decision.completed aggregate_type=envelope aggregate_id=env-mark-fail topic=midas.decisions error="postgres connection lost"
2026/04/04 17:56:27 INFO outbox_batch_dispatched count=1 claimed=1
2026/04/04 17:56:27 WARN outbox_mark_published_failed event_id=0c33ac02-0d40-4136-96dc-0557c2432f02 event_type=decision.completed aggregate_type=envelope aggregate_id=env-mark-fail topic=midas.decisions error="postgres connection lost"
2026/04/04 17:56:27 INFO outbox_batch_dispatched count=1 claimed=1
2026/04/04 17:56:27 WARN outbox_mark_published_failed event_id=0c33ac02-0d40-4136-96dc-0557c2432f02 event_type=decision.completed aggregate_type=envelope aggregate_id=env-mark-fail topic=midas.decisions error="postgres connection lost"
2026/04/04 17:56:27 INFO outbox_batch_dispatched count=1 claimed=1
2026/04/04 17:56:27 WARN outbox_mark_published_failed event_id=0c33ac02-0d40-4136-96dc-0557c2432f02 event_type=decision.completed aggregate_type=envelope aggregate_id=env-mark-fail topic=midas.decisions error="postgres connection lost"
2026/04/04 17:56:27 INFO outbox_batch_dispatched count=1 claimed=1
2026/04/04 17:56:27 WARN outbox_mark_published_failed event_id=0c33ac02-0d40-4136-96dc-0557c2432f02 event_type=decision.completed aggregate_type=envelope aggregate_id=env-mark-fail topic=midas.decisions error="postgres connection lost"
2026/04/04 17:56:27 INFO outbox_batch_dispatched count=1 claimed=1
2026/04/04 17:56:27 WARN outbox_mark_published_failed event_id=0c33ac02-0d40-4136-96dc-0557c2432f02 event_type=decision.completed aggregate_type=envelope aggregate_id=env-mark-fail topic=midas.decisions error="postgres connection lost"
2026/04/04 17:56:27 INFO outbox_batch_dispatched count=1 claimed=1
2026/04/04 17:56:27 WARN outbox_mark_published_failed event_id=0c33ac02-0d40-4136-96dc-0557c2432f02 event_type=decision.completed aggregate_type=envelope aggregate_id=env-mark-fail topic=midas.decisions error="postgres connection lost"
2026/04/04 17:56:27 INFO outbox_batch_dispatched count=1 claimed=1
2026/04/04 17:56:27 WARN outbox_mark_published_failed event_id=0c33ac02-0d40-4136-96dc-0557c2432f02 event_type=decision.completed aggregate_type=envelope aggregate_id=env-mark-fail topic=midas.decisions error="postgres connection lost"
2026/04/04 17:56:27 INFO outbox_batch_dispatched count=1 claimed=1
2026/04/04 17:56:27 WARN outbox_mark_published_failed event_id=0c33ac02-0d40-4136-96dc-0557c2432f02 event_type=decision.completed aggregate_type=envelope aggregate_id=env-mark-fail topic=midas.decisions error="postgres connection lost"
2026/04/04 17:56:27 INFO outbox_batch_dispatched count=1 claimed=1
2026/04/04 17:56:27 WARN outbox_mark_published_failed event_id=0c33ac02-0d40-4136-96dc-0557c2432f02 event_type=decision.completed aggregate_type=envelope aggregate_id=env-mark-fail topic=midas.decisions error="postgres connection lost"
2026/04/04 17:56:27 INFO outbox_batch_dispatched count=1 claimed=1
2026/04/04 17:56:27 WARN outbox_mark_published_failed event_id=0c33ac02-0d40-4136-96dc-0557c2432f02 event_type=decision.completed aggregate_type=envelope aggregate_id=env-mark-fail topic=midas.decisions error="postgres connection lost"
2026/04/04 17:56:27 INFO outbox_batch_dispatched count=1 claimed=1
2026/04/04 17:56:27 WARN outbox_mark_published_failed event_id=0c33ac02-0d40-4136-96dc-0557c2432f02 event_type=decision.completed aggregate_type=envelope aggregate_id=env-mark-fail topic=midas.decisions error="postgres connection lost"
2026/04/04 17:56:27 INFO outbox_batch_dispatched count=1 claimed=1
2026/04/04 17:56:27 WARN outbox_mark_published_failed event_id=0c33ac02-0d40-4136-96dc-0557c2432f02 event_type=decision.completed aggregate_type=envelope aggregate_id=env-mark-fail topic=midas.decisions error="postgres connection lost"
2026/04/04 17:56:27 INFO outbox_batch_dispatched count=1 claimed=1
2026/04/04 17:56:27 WARN outbox_mark_published_failed event_id=0c33ac02-0d40-4136-96dc-0557c2432f02 event_type=decision.completed aggregate_type=envelope aggregate_id=env-mark-fail topic=midas.decisions error="postgres connection lost"
2026/04/04 17:56:27 INFO outbox_batch_dispatched count=1 claimed=1
2026/04/04 17:56:27 WARN outbox_mark_published_failed event_id=0c33ac02-0d40-4136-96dc-0557c2432f02 event_type=decision.completed aggregate_type=envelope aggregate_id=env-mark-fail topic=midas.decisions error="postgres connection lost"
2026/04/04 17:56:27 INFO outbox_batch_dispatched count=1 claimed=1
2026/04/04 17:56:27 WARN outbox_mark_published_failed event_id=0c33ac02-0d40-4136-96dc-0557c2432f02 event_type=decision.completed aggregate_type=envelope aggregate_id=env-mark-fail topic=midas.decisions error="postgres connection lost"
2026/04/04 17:56:27 INFO outbox_batch_dispatched count=1 claimed=1
2026/04/04 17:56:27 WARN outbox_mark_published_failed event_id=0c33ac02-0d40-4136-96dc-0557c2432f02 event_type=decision.completed aggregate_type=envelope aggregate_id=env-mark-fail topic=midas.decisions error="postgres connection lost"
2026/04/04 17:56:27 INFO outbox_batch_dispatched count=1 claimed=1
2026/04/04 17:56:27 WARN outbox_mark_published_failed event_id=0c33ac02-0d40-4136-96dc-0557c2432f02 event_type=decision.completed aggregate_type=envelope aggregate_id=env-mark-fail topic=midas.decisions error="postgres connection lost"
2026/04/04 17:56:27 INFO outbox_batch_dispatched count=1 claimed=1
2026/04/04 17:56:27 WARN outbox_mark_published_failed event_id=0c33ac02-0d40-4136-96dc-0557c2432f02 event_type=decision.completed aggregate_type=envelope aggregate_id=env-mark-fail topic=midas.decisions error="postgres connection lost"
2026/04/04 17:56:27 INFO outbox_batch_dispatched count=1 claimed=1
2026/04/04 17:56:27 WARN outbox_mark_published_failed event_id=0c33ac02-0d40-4136-96dc-0557c2432f02 event_type=decision.completed aggregate_type=envelope aggregate_id=env-mark-fail topic=midas.decisions error="postgres connection lost"
2026/04/04 17:56:27 INFO outbox_batch_dispatched count=1 claimed=1
2026/04/04 17:56:27 WARN outbox_mark_published_failed event_id=0c33ac02-0d40-4136-96dc-0557c2432f02 event_type=decision.completed aggregate_type=envelope aggregate_id=env-mark-fail topic=midas.decisions error="postgres connection lost"
2026/04/04 17:56:27 INFO outbox_batch_dispatched count=1 claimed=1
2026/04/04 17:56:27 WARN outbox_mark_published_failed event_id=0c33ac02-0d40-4136-96dc-0557c2432f02 event_type=decision.completed aggregate_type=envelope aggregate_id=env-mark-fail topic=midas.decisions error="postgres connection lost"
2026/04/04 17:56:27 INFO outbox_batch_dispatched count=1 claimed=1
2026/04/04 17:56:27 WARN outbox_mark_published_failed event_id=0c33ac02-0d40-4136-96dc-0557c2432f02 event_type=decision.completed aggregate_type=envelope aggregate_id=env-mark-fail topic=midas.decisions error="postgres connection lost"
2026/04/04 17:56:27 INFO outbox_batch_dispatched count=1 claimed=1
2026/04/04 17:56:27 WARN outbox_mark_published_failed event_id=0c33ac02-0d40-4136-96dc-0557c2432f02 event_type=decision.completed aggregate_type=envelope aggregate_id=env-mark-fail topic=midas.decisions error="postgres connection lost"
2026/04/04 17:56:27 INFO outbox_batch_dispatched count=1 claimed=1
2026/04/04 17:56:27 WARN outbox_mark_published_failed event_id=0c33ac02-0d40-4136-96dc-0557c2432f02 event_type=decision.completed aggregate_type=envelope aggregate_id=env-mark-fail topic=midas.decisions error="postgres connection lost"
2026/04/04 17:56:27 INFO outbox_batch_dispatched count=1 claimed=1
2026/04/04 17:56:27 WARN outbox_mark_published_failed event_id=0c33ac02-0d40-4136-96dc-0557c2432f02 event_type=decision.completed aggregate_type=envelope aggregate_id=env-mark-fail topic=midas.decisions error="postgres connection lost"
2026/04/04 17:56:27 INFO outbox_batch_dispatched count=1 claimed=1
2026/04/04 17:56:27 WARN outbox_mark_published_failed event_id=0c33ac02-0d40-4136-96dc-0557c2432f02 event_type=decision.completed aggregate_type=envelope aggregate_id=env-mark-fail topic=midas.decisions error="postgres connection lost"
2026/04/04 17:56:27 INFO outbox_batch_dispatched count=1 claimed=1
2026/04/04 17:56:27 WARN outbox_mark_published_failed event_id=0c33ac02-0d40-4136-96dc-0557c2432f02 event_type=decision.completed aggregate_type=envelope aggregate_id=env-mark-fail topic=midas.decisions error="postgres connection lost"
2026/04/04 17:56:27 INFO outbox_batch_dispatched count=1 claimed=1
2026/04/04 17:56:27 WARN outbox_mark_published_failed event_id=0c33ac02-0d40-4136-96dc-0557c2432f02 event_type=decision.completed aggregate_type=envelope aggregate_id=env-mark-fail topic=midas.decisions error="postgres connection lost"
2026/04/04 17:56:27 INFO outbox_batch_dispatched count=1 claimed=1
2026/04/04 17:56:27 WARN outbox_mark_published_failed event_id=0c33ac02-0d40-4136-96dc-0557c2432f02 event_type=decision.completed aggregate_type=envelope aggregate_id=env-mark-fail topic=midas.decisions error="postgres connection lost"
2026/04/04 17:56:27 INFO outbox_batch_dispatched count=1 claimed=1
2026/04/04 17:56:27 WARN outbox_mark_published_failed event_id=0c33ac02-0d40-4136-96dc-0557c2432f02 event_type=decision.completed aggregate_type=envelope aggregate_id=env-mark-fail topic=midas.decisions error="postgres connection lost"
2026/04/04 17:56:27 INFO outbox_batch_dispatched count=1 claimed=1
2026/04/04 17:56:27 WARN outbox_mark_published_failed event_id=0c33ac02-0d40-4136-96dc-0557c2432f02 event_type=decision.completed aggregate_type=envelope aggregate_id=env-mark-fail topic=midas.decisions error="postgres connection lost"
2026/04/04 17:56:27 INFO outbox_batch_dispatched count=1 claimed=1
2026/04/04 17:56:27 WARN outbox_mark_published_failed event_id=0c33ac02-0d40-4136-96dc-0557c2432f02 event_type=decision.completed aggregate_type=envelope aggregate_id=env-mark-fail topic=midas.decisions error="postgres connection lost"
2026/04/04 17:56:27 INFO outbox_batch_dispatched count=1 claimed=1
2026/04/04 17:56:27 WARN outbox_mark_published_failed event_id=0c33ac02-0d40-4136-96dc-0557c2432f02 event_type=decision.completed aggregate_type=envelope aggregate_id=env-mark-fail topic=midas.decisions error="postgres connection lost"
2026/04/04 17:56:27 INFO outbox_batch_dispatched count=1 claimed=1
2026/04/04 17:56:27 WARN outbox_mark_published_failed event_id=0c33ac02-0d40-4136-96dc-0557c2432f02 event_type=decision.completed aggregate_type=envelope aggregate_id=env-mark-fail topic=midas.decisions error="postgres connection lost"
2026/04/04 17:56:27 INFO outbox_batch_dispatched count=1 claimed=1
2026/04/04 17:56:27 WARN outbox_mark_published_failed event_id=0c33ac02-0d40-4136-96dc-0557c2432f02 event_type=decision.completed aggregate_type=envelope aggregate_id=env-mark-fail topic=midas.decisions error="postgres connection lost"
2026/04/04 17:56:27 INFO outbox_batch_dispatched count=1 claimed=1
2026/04/04 17:56:27 WARN outbox_mark_published_failed event_id=0c33ac02-0d40-4136-96dc-0557c2432f02 event_type=decision.completed aggregate_type=envelope aggregate_id=env-mark-fail topic=midas.decisions error="postgres connection lost"
2026/04/04 17:56:27 INFO outbox_batch_dispatched count=1 claimed=1
2026/04/04 17:56:27 WARN outbox_mark_published_failed event_id=0c33ac02-0d40-4136-96dc-0557c2432f02 event_type=decision.completed aggregate_type=envelope aggregate_id=env-mark-fail topic=midas.decisions error="postgres connection lost"
2026/04/04 17:56:27 INFO outbox_batch_dispatched count=1 claimed=1
2026/04/04 17:56:27 WARN outbox_mark_published_failed event_id=0c33ac02-0d40-4136-96dc-0557c2432f02 event_type=decision.completed aggregate_type=envelope aggregate_id=env-mark-fail topic=midas.decisions error="postgres connection lost"
2026/04/04 17:56:27 INFO outbox_batch_dispatched count=1 claimed=1
2026/04/04 17:56:27 WARN outbox_mark_published_failed event_id=0c33ac02-0d40-4136-96dc-0557c2432f02 event_type=decision.completed aggregate_type=envelope aggregate_id=env-mark-fail topic=midas.decisions error="postgres connection lost"
2026/04/04 17:56:27 INFO outbox_batch_dispatched count=1 claimed=1
2026/04/04 17:56:27 WARN outbox_mark_published_failed event_id=0c33ac02-0d40-4136-96dc-0557c2432f02 event_type=decision.completed aggregate_type=envelope aggregate_id=env-mark-fail topic=midas.decisions error="postgres connection lost"
2026/04/04 17:56:27 INFO outbox_batch_dispatched count=1 claimed=1
2026/04/04 17:56:27 WARN outbox_mark_published_failed event_id=0c33ac02-0d40-4136-96dc-0557c2432f02 event_type=decision.completed aggregate_type=envelope aggregate_id=env-mark-fail topic=midas.decisions error="postgres connection lost"
2026/04/04 17:56:27 INFO outbox_batch_dispatched count=1 claimed=1
2026/04/04 17:56:27 WARN outbox_mark_published_failed event_id=0c33ac02-0d40-4136-96dc-0557c2432f02 event_type=decision.completed aggregate_type=envelope aggregate_id=env-mark-fail topic=midas.decisions error="postgres connection lost"
2026/04/04 17:56:27 INFO outbox_batch_dispatched count=1 claimed=1
2026/04/04 17:56:27 WARN outbox_mark_published_failed event_id=0c33ac02-0d40-4136-96dc-0557c2432f02 event_type=decision.completed aggregate_type=envelope aggregate_id=env-mark-fail topic=midas.decisions error="postgres connection lost"
2026/04/04 17:56:27 INFO outbox_batch_dispatched count=1 claimed=1
2026/04/04 17:56:27 WARN outbox_mark_published_failed event_id=0c33ac02-0d40-4136-96dc-0557c2432f02 event_type=decision.completed aggregate_type=envelope aggregate_id=env-mark-fail topic=midas.decisions error="postgres connection lost"
2026/04/04 17:56:27 INFO outbox_batch_dispatched count=1 claimed=1
2026/04/04 17:56:27 WARN outbox_mark_published_failed event_id=0c33ac02-0d40-4136-96dc-0557c2432f02 event_type=decision.completed aggregate_type=envelope aggregate_id=env-mark-fail topic=midas.decisions error="postgres connection lost"
2026/04/04 17:56:27 INFO outbox_batch_dispatched count=1 claimed=1
2026/04/04 17:56:27 WARN outbox_mark_published_failed event_id=0c33ac02-0d40-4136-96dc-0557c2432f02 event_type=decision.completed aggregate_type=envelope aggregate_id=env-mark-fail topic=midas.decisions error="postgres connection lost"
2026/04/04 17:56:27 INFO outbox_batch_dispatched count=1 claimed=1
2026/04/04 17:56:27 WARN outbox_mark_published_failed event_id=0c33ac02-0d40-4136-96dc-0557c2432f02 event_type=decision.completed aggregate_type=envelope aggregate_id=env-mark-fail topic=midas.decisions error="postgres connection lost"
2026/04/04 17:56:27 INFO outbox_batch_dispatched count=1 claimed=1
2026/04/04 17:56:27 WARN outbox_mark_published_failed event_id=0c33ac02-0d40-4136-96dc-0557c2432f02 event_type=decision.completed aggregate_type=envelope aggregate_id=env-mark-fail topic=midas.decisions error="postgres connection lost"
2026/04/04 17:56:27 INFO outbox_batch_dispatched count=1 claimed=1
2026/04/04 17:56:27 WARN outbox_mark_published_failed event_id=0c33ac02-0d40-4136-96dc-0557c2432f02 event_type=decision.completed aggregate_type=envelope aggregate_id=env-mark-fail topic=midas.decisions error="postgres connection lost"
2026/04/04 17:56:27 INFO outbox_batch_dispatched count=1 claimed=1
2026/04/04 17:56:27 WARN outbox_mark_published_failed event_id=0c33ac02-0d40-4136-96dc-0557c2432f02 event_type=decision.completed aggregate_type=envelope aggregate_id=env-mark-fail topic=midas.decisions error="postgres connection lost"
2026/04/04 17:56:27 INFO outbox_batch_dispatched count=1 claimed=1
2026/04/04 17:56:27 WARN outbox_mark_published_failed event_id=0c33ac02-0d40-4136-96dc-0557c2432f02 event_type=decision.completed aggregate_type=envelope aggregate_id=env-mark-fail topic=midas.decisions error="postgres connection lost"
2026/04/04 17:56:27 INFO outbox_batch_dispatched count=1 claimed=1
2026/04/04 17:56:27 WARN outbox_mark_published_failed event_id=0c33ac02-0d40-4136-96dc-0557c2432f02 event_type=decision.completed aggregate_type=envelope aggregate_id=env-mark-fail topic=midas.decisions error="postgres connection lost"
2026/04/04 17:56:27 INFO outbox_batch_dispatched count=1 claimed=1
2026/04/04 17:56:27 WARN outbox_mark_published_failed event_id=0c33ac02-0d40-4136-96dc-0557c2432f02 event_type=decision.completed aggregate_type=envelope aggregate_id=env-mark-fail topic=midas.decisions error="postgres connection lost"
2026/04/04 17:56:27 INFO outbox_batch_dispatched count=1 claimed=1
2026/04/04 17:56:27 WARN outbox_mark_published_failed event_id=0c33ac02-0d40-4136-96dc-0557c2432f02 event_type=decision.completed aggregate_type=envelope aggregate_id=env-mark-fail topic=midas.decisions error="postgres connection lost"
2026/04/04 17:56:27 INFO outbox_batch_dispatched count=1 claimed=1
2026/04/04 17:56:27 WARN outbox_mark_published_failed event_id=0c33ac02-0d40-4136-96dc-0557c2432f02 event_type=decision.completed aggregate_type=envelope aggregate_id=env-mark-fail topic=midas.decisions error="postgres connection lost"
2026/04/04 17:56:27 INFO outbox_batch_dispatched count=1 claimed=1
2026/04/04 17:56:27 WARN outbox_mark_published_failed event_id=0c33ac02-0d40-4136-96dc-0557c2432f02 event_type=decision.completed aggregate_type=envelope aggregate_id=env-mark-fail topic=midas.decisions error="postgres connection lost"
2026/04/04 17:56:27 INFO outbox_batch_dispatched count=1 claimed=1
2026/04/04 17:56:27 WARN outbox_mark_published_failed event_id=0c33ac02-0d40-4136-96dc-0557c2432f02 event_type=decision.completed aggregate_type=envelope aggregate_id=env-mark-fail topic=midas.decisions error="postgres connection lost"
2026/04/04 17:56:27 INFO outbox_batch_dispatched count=1 claimed=1
2026/04/04 17:56:27 WARN outbox_mark_published_failed event_id=0c33ac02-0d40-4136-96dc-0557c2432f02 event_type=decision.completed aggregate_type=envelope aggregate_id=env-mark-fail topic=midas.decisions error="postgres connection lost"
2026/04/04 17:56:27 INFO outbox_batch_dispatched count=1 claimed=1
2026/04/04 17:56:27 WARN outbox_mark_published_failed event_id=0c33ac02-0d40-4136-96dc-0557c2432f02 event_type=decision.completed aggregate_type=envelope aggregate_id=env-mark-fail topic=midas.decisions error="postgres connection lost"
2026/04/04 17:56:27 INFO outbox_batch_dispatched count=1 claimed=1
2026/04/04 17:56:27 WARN outbox_mark_published_failed event_id=0c33ac02-0d40-4136-96dc-0557c2432f02 event_type=decision.completed aggregate_type=envelope aggregate_id=env-mark-fail topic=midas.decisions error="postgres connection lost"
2026/04/04 17:56:27 INFO outbox_batch_dispatched count=1 claimed=1
2026/04/04 17:56:27 WARN outbox_mark_published_failed event_id=0c33ac02-0d40-4136-96dc-0557c2432f02 event_type=decision.completed aggregate_type=envelope aggregate_id=env-mark-fail topic=midas.decisions error="postgres connection lost"
2026/04/04 17:56:27 INFO outbox_batch_dispatched count=1 claimed=1
2026/04/04 17:56:27 WARN outbox_mark_published_failed event_id=0c33ac02-0d40-4136-96dc-0557c2432f02 event_type=decision.completed aggregate_type=envelope aggregate_id=env-mark-fail topic=midas.decisions error="postgres connection lost"
2026/04/04 17:56:27 INFO outbox_batch_dispatched count=1 claimed=1
2026/04/04 17:56:27 WARN outbox_mark_published_failed event_id=0c33ac02-0d40-4136-96dc-0557c2432f02 event_type=decision.completed aggregate_type=envelope aggregate_id=env-mark-fail topic=midas.decisions error="postgres connection lost"
2026/04/04 17:56:27 INFO outbox_batch_dispatched count=1 claimed=1
2026/04/04 17:56:27 WARN outbox_mark_published_failed event_id=0c33ac02-0d40-4136-96dc-0557c2432f02 event_type=decision.completed aggregate_type=envelope aggregate_id=env-mark-fail topic=midas.decisions error="postgres connection lost"
2026/04/04 17:56:27 INFO outbox_batch_dispatched count=1 claimed=1
2026/04/04 17:56:27 WARN outbox_mark_published_failed event_id=0c33ac02-0d40-4136-96dc-0557c2432f02 event_type=decision.completed aggregate_type=envelope aggregate_id=env-mark-fail topic=midas.decisions error="postgres connection lost"
2026/04/04 17:56:27 INFO outbox_batch_dispatched count=1 claimed=1
2026/04/04 17:56:27 WARN outbox_mark_published_failed event_id=0c33ac02-0d40-4136-96dc-0557c2432f02 event_type=decision.completed aggregate_type=envelope aggregate_id=env-mark-fail topic=midas.decisions error="postgres connection lost"
2026/04/04 17:56:27 INFO outbox_batch_dispatched count=1 claimed=1
2026/04/04 17:56:27 WARN outbox_mark_published_failed event_id=0c33ac02-0d40-4136-96dc-0557c2432f02 event_type=decision.completed aggregate_type=envelope aggregate_id=env-mark-fail topic=midas.decisions error="postgres connection lost"
2026/04/04 17:56:27 INFO outbox_batch_dispatched count=1 claimed=1
2026/04/04 17:56:27 WARN outbox_mark_published_failed event_id=0c33ac02-0d40-4136-96dc-0557c2432f02 event_type=decision.completed aggregate_type=envelope aggregate_id=env-mark-fail topic=midas.decisions error="postgres connection lost"
2026/04/04 17:56:27 INFO outbox_batch_dispatched count=1 claimed=1
2026/04/04 17:56:27 WARN outbox_mark_published_failed event_id=0c33ac02-0d40-4136-96dc-0557c2432f02 event_type=decision.completed aggregate_type=envelope aggregate_id=env-mark-fail topic=midas.decisions error="postgres connection lost"
2026/04/04 17:56:27 INFO outbox_batch_dispatched count=1 claimed=1
2026/04/04 17:56:27 WARN outbox_mark_published_failed event_id=0c33ac02-0d40-4136-96dc-0557c2432f02 event_type=decision.completed aggregate_type=envelope aggregate_id=env-mark-fail topic=midas.decisions error="postgres connection lost"
2026/04/04 17:56:27 INFO outbox_batch_dispatched count=1 claimed=1
2026/04/04 17:56:27 WARN outbox_mark_published_failed event_id=0c33ac02-0d40-4136-96dc-0557c2432f02 event_type=decision.completed aggregate_type=envelope aggregate_id=env-mark-fail topic=midas.decisions error="postgres connection lost"
2026/04/04 17:56:27 INFO outbox_batch_dispatched count=1 claimed=1
2026/04/04 17:56:27 WARN outbox_mark_published_failed event_id=0c33ac02-0d40-4136-96dc-0557c2432f02 event_type=decision.completed aggregate_type=envelope aggregate_id=env-mark-fail topic=midas.decisions error="postgres connection lost"
2026/04/04 17:56:27 INFO outbox_batch_dispatched count=1 claimed=1
2026/04/04 17:56:27 WARN outbox_mark_published_failed event_id=0c33ac02-0d40-4136-96dc-0557c2432f02 event_type=decision.completed aggregate_type=envelope aggregate_id=env-mark-fail topic=midas.decisions error="postgres connection lost"
2026/04/04 17:56:27 INFO outbox_batch_dispatched count=1 claimed=1
2026/04/04 17:56:27 WARN outbox_mark_published_failed event_id=0c33ac02-0d40-4136-96dc-0557c2432f02 event_type=decision.completed aggregate_type=envelope aggregate_id=env-mark-fail topic=midas.decisions error="postgres connection lost"
2026/04/04 17:56:27 INFO outbox_batch_dispatched count=1 claimed=1
2026/04/04 17:56:27 WARN outbox_mark_published_failed event_id=0c33ac02-0d40-4136-96dc-0557c2432f02 event_type=decision.completed aggregate_type=envelope aggregate_id=env-mark-fail topic=midas.decisions error="postgres connection lost"
2026/04/04 17:56:27 INFO outbox_batch_dispatched count=1 claimed=1
2026/04/04 17:56:27 WARN outbox_mark_published_failed event_id=0c33ac02-0d40-4136-96dc-0557c2432f02 event_type=decision.completed aggregate_type=envelope aggregate_id=env-mark-fail topic=midas.decisions error="postgres connection lost"
2026/04/04 17:56:27 INFO outbox_batch_dispatched count=1 claimed=1
2026/04/04 17:56:27 WARN outbox_mark_published_failed event_id=0c33ac02-0d40-4136-96dc-0557c2432f02 event_type=decision.completed aggregate_type=envelope aggregate_id=env-mark-fail topic=midas.decisions error="postgres connection lost"
2026/04/04 17:56:27 INFO outbox_batch_dispatched count=1 claimed=1
2026/04/04 17:56:27 WARN outbox_mark_published_failed event_id=0c33ac02-0d40-4136-96dc-0557c2432f02 event_type=decision.completed aggregate_type=envelope aggregate_id=env-mark-fail topic=midas.decisions error="postgres connection lost"
2026/04/04 17:56:27 INFO outbox_batch_dispatched count=1 claimed=1
2026/04/04 17:56:27 WARN outbox_mark_published_failed event_id=0c33ac02-0d40-4136-96dc-0557c2432f02 event_type=decision.completed aggregate_type=envelope aggregate_id=env-mark-fail topic=midas.decisions error="postgres connection lost"
2026/04/04 17:56:27 INFO outbox_batch_dispatched count=1 claimed=1
2026/04/04 17:56:27 WARN outbox_mark_published_failed event_id=0c33ac02-0d40-4136-96dc-0557c2432f02 event_type=decision.completed aggregate_type=envelope aggregate_id=env-mark-fail topic=midas.decisions error="postgres connection lost"
2026/04/04 17:56:27 INFO outbox_batch_dispatched count=1 claimed=1
2026/04/04 17:56:27 WARN outbox_mark_published_failed event_id=0c33ac02-0d40-4136-96dc-0557c2432f02 event_type=decision.completed aggregate_type=envelope aggregate_id=env-mark-fail topic=midas.decisions error="postgres connection lost"
2026/04/04 17:56:27 INFO outbox_batch_dispatched count=1 claimed=1
2026/04/04 17:56:27 WARN outbox_mark_published_failed event_id=0c33ac02-0d40-4136-96dc-0557c2432f02 event_type=decision.completed aggregate_type=envelope aggregate_id=env-mark-fail topic=midas.decisions error="postgres connection lost"
2026/04/04 17:56:27 INFO outbox_batch_dispatched count=1 claimed=1
2026/04/04 17:56:27 WARN outbox_mark_published_failed event_id=0c33ac02-0d40-4136-96dc-0557c2432f02 event_type=decision.completed aggregate_type=envelope aggregate_id=env-mark-fail topic=midas.decisions error="postgres connection lost"
2026/04/04 17:56:27 INFO outbox_batch_dispatched count=1 claimed=1
2026/04/04 17:56:27 WARN outbox_mark_published_failed event_id=0c33ac02-0d40-4136-96dc-0557c2432f02 event_type=decision.completed aggregate_type=envelope aggregate_id=env-mark-fail topic=midas.decisions error="postgres connection lost"
2026/04/04 17:56:27 INFO outbox_batch_dispatched count=1 claimed=1
2026/04/04 17:56:27 WARN outbox_mark_published_failed event_id=0c33ac02-0d40-4136-96dc-0557c2432f02 event_type=decision.completed aggregate_type=envelope aggregate_id=env-mark-fail topic=midas.decisions error="postgres connection lost"
2026/04/04 17:56:27 INFO outbox_batch_dispatched count=1 claimed=1
2026/04/04 17:56:27 WARN outbox_mark_published_failed event_id=0c33ac02-0d40-4136-96dc-0557c2432f02 event_type=decision.completed aggregate_type=envelope aggregate_id=env-mark-fail topic=midas.decisions error="postgres connection lost"
2026/04/04 17:56:27 INFO outbox_batch_dispatched count=1 claimed=1
2026/04/04 17:56:27 WARN outbox_mark_published_failed event_id=0c33ac02-0d40-4136-96dc-0557c2432f02 event_type=decision.completed aggregate_type=envelope aggregate_id=env-mark-fail topic=midas.decisions error="postgres connection lost"
2026/04/04 17:56:27 INFO outbox_batch_dispatched count=1 claimed=1
2026/04/04 17:56:27 WARN outbox_mark_published_failed event_id=0c33ac02-0d40-4136-96dc-0557c2432f02 event_type=decision.completed aggregate_type=envelope aggregate_id=env-mark-fail topic=midas.decisions error="postgres connection lost"
2026/04/04 17:56:27 INFO outbox_batch_dispatched count=1 claimed=1
2026/04/04 17:56:27 WARN outbox_mark_published_failed event_id=0c33ac02-0d40-4136-96dc-0557c2432f02 event_type=decision.completed aggregate_type=envelope aggregate_id=env-mark-fail topic=midas.decisions error="postgres connection lost"
2026/04/04 17:56:27 INFO outbox_batch_dispatched count=1 claimed=1
2026/04/04 17:56:27 WARN outbox_mark_published_failed event_id=0c33ac02-0d40-4136-96dc-0557c2432f02 event_type=decision.completed aggregate_type=envelope aggregate_id=env-mark-fail topic=midas.decisions error="postgres connection lost"
2026/04/04 17:56:27 INFO outbox_batch_dispatched count=1 claimed=1
2026/04/04 17:56:27 WARN outbox_mark_published_failed event_id=0c33ac02-0d40-4136-96dc-0557c2432f02 event_type=decision.completed aggregate_type=envelope aggregate_id=env-mark-fail topic=midas.decisions error="postgres connection lost"
2026/04/04 17:56:27 INFO outbox_batch_dispatched count=1 claimed=1
2026/04/04 17:56:27 WARN outbox_mark_published_failed event_id=0c33ac02-0d40-4136-96dc-0557c2432f02 event_type=decision.completed aggregate_type=envelope aggregate_id=env-mark-fail topic=midas.decisions error="postgres connection lost"
2026/04/04 17:56:27 INFO outbox_batch_dispatched count=1 claimed=1
2026/04/04 17:56:27 WARN outbox_mark_published_failed event_id=0c33ac02-0d40-4136-96dc-0557c2432f02 event_type=decision.completed aggregate_type=envelope aggregate_id=env-mark-fail topic=midas.decisions error="postgres connection lost"
2026/04/04 17:56:27 INFO outbox_batch_dispatched count=1 claimed=1
2026/04/04 17:56:27 WARN outbox_mark_published_failed event_id=0c33ac02-0d40-4136-96dc-0557c2432f02 event_type=decision.completed aggregate_type=envelope aggregate_id=env-mark-fail topic=midas.decisions error="postgres connection lost"
2026/04/04 17:56:27 INFO outbox_batch_dispatched count=1 claimed=1
2026/04/04 17:56:27 WARN outbox_mark_published_failed event_id=0c33ac02-0d40-4136-96dc-0557c2432f02 event_type=decision.completed aggregate_type=envelope aggregate_id=env-mark-fail topic=midas.decisions error="postgres connection lost"
2026/04/04 17:56:27 INFO outbox_batch_dispatched count=1 claimed=1
2026/04/04 17:56:27 WARN outbox_mark_published_failed event_id=0c33ac02-0d40-4136-96dc-0557c2432f02 event_type=decision.completed aggregate_type=envelope aggregate_id=env-mark-fail topic=midas.decisions error="postgres connection lost"
2026/04/04 17:56:27 INFO outbox_batch_dispatched count=1 claimed=1
2026/04/04 17:56:27 WARN outbox_mark_published_failed event_id=0c33ac02-0d40-4136-96dc-0557c2432f02 event_type=decision.completed aggregate_type=envelope aggregate_id=env-mark-fail topic=midas.decisions error="postgres connection lost"
2026/04/04 17:56:27 INFO outbox_batch_dispatched count=1 claimed=1
2026/04/04 17:56:27 WARN outbox_mark_published_failed event_id=0c33ac02-0d40-4136-96dc-0557c2432f02 event_type=decision.completed aggregate_type=envelope aggregate_id=env-mark-fail topic=midas.decisions error="postgres connection lost"
2026/04/04 17:56:27 INFO outbox_batch_dispatched count=1 claimed=1
2026/04/04 17:56:27 WARN outbox_mark_published_failed event_id=0c33ac02-0d40-4136-96dc-0557c2432f02 event_type=decision.completed aggregate_type=envelope aggregate_id=env-mark-fail topic=midas.decisions error="postgres connection lost"
2026/04/04 17:56:27 INFO outbox_batch_dispatched count=1 claimed=1
2026/04/04 17:56:27 WARN outbox_mark_published_failed event_id=0c33ac02-0d40-4136-96dc-0557c2432f02 event_type=decision.completed aggregate_type=envelope aggregate_id=env-mark-fail topic=midas.decisions error="postgres connection lost"
2026/04/04 17:56:27 INFO outbox_batch_dispatched count=1 claimed=1
2026/04/04 17:56:27 WARN outbox_mark_published_failed event_id=0c33ac02-0d40-4136-96dc-0557c2432f02 event_type=decision.completed aggregate_type=envelope aggregate_id=env-mark-fail topic=midas.decisions error="postgres connection lost"
2026/04/04 17:56:27 INFO outbox_batch_dispatched count=1 claimed=1
2026/04/04 17:56:27 WARN outbox_mark_published_failed event_id=0c33ac02-0d40-4136-96dc-0557c2432f02 event_type=decision.completed aggregate_type=envelope aggregate_id=env-mark-fail topic=midas.decisions error="postgres connection lost"
2026/04/04 17:56:27 INFO outbox_batch_dispatched count=1 claimed=1
2026/04/04 17:56:27 WARN outbox_mark_published_failed event_id=0c33ac02-0d40-4136-96dc-0557c2432f02 event_type=decision.completed aggregate_type=envelope aggregate_id=env-mark-fail topic=midas.decisions error="postgres connection lost"
2026/04/04 17:56:27 INFO outbox_batch_dispatched count=1 claimed=1
2026/04/04 17:56:27 WARN outbox_mark_published_failed event_id=0c33ac02-0d40-4136-96dc-0557c2432f02 event_type=decision.completed aggregate_type=envelope aggregate_id=env-mark-fail topic=midas.decisions error="postgres connection lost"
2026/04/04 17:56:27 INFO outbox_batch_dispatched count=1 claimed=1
2026/04/04 17:56:27 WARN outbox_mark_published_failed event_id=0c33ac02-0d40-4136-96dc-0557c2432f02 event_type=decision.completed aggregate_type=envelope aggregate_id=env-mark-fail topic=midas.decisions error="postgres connection lost"
2026/04/04 17:56:27 INFO outbox_batch_dispatched count=1 claimed=1
2026/04/04 17:56:27 WARN outbox_mark_published_failed event_id=0c33ac02-0d40-4136-96dc-0557c2432f02 event_type=decision.completed aggregate_type=envelope aggregate_id=env-mark-fail topic=midas.decisions error="postgres connection lost"
2026/04/04 17:56:27 INFO outbox_batch_dispatched count=1 claimed=1
2026/04/04 17:56:27 WARN outbox_mark_published_failed event_id=0c33ac02-0d40-4136-96dc-0557c2432f02 event_type=decision.completed aggregate_type=envelope aggregate_id=env-mark-fail topic=midas.decisions error="postgres connection lost"
2026/04/04 17:56:27 INFO outbox_batch_dispatched count=1 claimed=1
2026/04/04 17:56:27 WARN outbox_mark_published_failed event_id=0c33ac02-0d40-4136-96dc-0557c2432f02 event_type=decision.completed aggregate_type=envelope aggregate_id=env-mark-fail topic=midas.decisions error="postgres connection lost"
2026/04/04 17:56:27 INFO outbox_batch_dispatched count=1 claimed=1
2026/04/04 17:56:27 WARN outbox_mark_published_failed event_id=0c33ac02-0d40-4136-96dc-0557c2432f02 event_type=decision.completed aggregate_type=envelope aggregate_id=env-mark-fail topic=midas.decisions error="postgres connection lost"
2026/04/04 17:56:27 INFO outbox_batch_dispatched count=1 claimed=1
2026/04/04 17:56:27 WARN outbox_mark_published_failed event_id=0c33ac02-0d40-4136-96dc-0557c2432f02 event_type=decision.completed aggregate_type=envelope aggregate_id=env-mark-fail topic=midas.decisions error="postgres connection lost"
2026/04/04 17:56:27 INFO outbox_batch_dispatched count=1 claimed=1
2026/04/04 17:56:27 WARN outbox_mark_published_failed event_id=0c33ac02-0d40-4136-96dc-0557c2432f02 event_type=decision.completed aggregate_type=envelope aggregate_id=env-mark-fail topic=midas.decisions error="postgres connection lost"
2026/04/04 17:56:27 INFO outbox_batch_dispatched count=1 claimed=1
2026/04/04 17:56:27 WARN outbox_mark_published_failed event_id=0c33ac02-0d40-4136-96dc-0557c2432f02 event_type=decision.completed aggregate_type=envelope aggregate_id=env-mark-fail topic=midas.decisions error="postgres connection lost"
2026/04/04 17:56:27 INFO outbox_batch_dispatched count=1 claimed=1
2026/04/04 17:56:27 WARN outbox_mark_published_failed event_id=0c33ac02-0d40-4136-96dc-0557c2432f02 event_type=decision.completed aggregate_type=envelope aggregate_id=env-mark-fail topic=midas.decisions error="postgres connection lost"
2026/04/04 17:56:27 INFO outbox_batch_dispatched count=1 claimed=1
2026/04/04 17:56:27 WARN outbox_mark_published_failed event_id=0c33ac02-0d40-4136-96dc-0557c2432f02 event_type=decision.completed aggregate_type=envelope aggregate_id=env-mark-fail topic=midas.decisions error="postgres connection lost"
2026/04/04 17:56:27 INFO outbox_batch_dispatched count=1 claimed=1
2026/04/04 17:56:27 WARN outbox_mark_published_failed event_id=0c33ac02-0d40-4136-96dc-0557c2432f02 event_type=decision.completed aggregate_type=envelope aggregate_id=env-mark-fail topic=midas.decisions error="postgres connection lost"
2026/04/04 17:56:27 INFO outbox_batch_dispatched count=1 claimed=1
2026/04/04 17:56:27 WARN outbox_mark_published_failed event_id=0c33ac02-0d40-4136-96dc-0557c2432f02 event_type=decision.completed aggregate_type=envelope aggregate_id=env-mark-fail topic=midas.decisions error="postgres connection lost"
2026/04/04 17:56:27 INFO outbox_batch_dispatched count=1 claimed=1
2026/04/04 17:56:27 WARN outbox_mark_published_failed event_id=0c33ac02-0d40-4136-96dc-0557c2432f02 event_type=decision.completed aggregate_type=envelope aggregate_id=env-mark-fail topic=midas.decisions error="postgres connection lost"
2026/04/04 17:56:27 INFO outbox_batch_dispatched count=1 claimed=1
2026/04/04 17:56:27 WARN outbox_mark_published_failed event_id=0c33ac02-0d40-4136-96dc-0557c2432f02 event_type=decision.completed aggregate_type=envelope aggregate_id=env-mark-fail topic=midas.decisions error="postgres connection lost"
2026/04/04 17:56:27 INFO outbox_batch_dispatched count=1 claimed=1
2026/04/04 17:56:27 WARN outbox_mark_published_failed event_id=0c33ac02-0d40-4136-96dc-0557c2432f02 event_type=decision.completed aggregate_type=envelope aggregate_id=env-mark-fail topic=midas.decisions error="postgres connection lost"
2026/04/04 17:56:27 INFO outbox_batch_dispatched count=1 claimed=1
2026/04/04 17:56:27 WARN outbox_mark_published_failed event_id=0c33ac02-0d40-4136-96dc-0557c2432f02 event_type=decision.completed aggregate_type=envelope aggregate_id=env-mark-fail topic=midas.decisions error="postgres connection lost"
2026/04/04 17:56:27 INFO outbox_batch_dispatched count=1 claimed=1
2026/04/04 17:56:27 WARN outbox_mark_published_failed event_id=0c33ac02-0d40-4136-96dc-0557c2432f02 event_type=decision.completed aggregate_type=envelope aggregate_id=env-mark-fail topic=midas.decisions error="postgres connection lost"
2026/04/04 17:56:27 INFO outbox_batch_dispatched count=1 claimed=1
2026/04/04 17:56:27 WARN outbox_mark_published_failed event_id=0c33ac02-0d40-4136-96dc-0557c2432f02 event_type=decision.completed aggregate_type=envelope aggregate_id=env-mark-fail topic=midas.decisions error="postgres connection lost"
2026/04/04 17:56:27 INFO outbox_batch_dispatched count=1 claimed=1
2026/04/04 17:56:27 WARN outbox_mark_published_failed event_id=0c33ac02-0d40-4136-96dc-0557c2432f02 event_type=decision.completed aggregate_type=envelope aggregate_id=env-mark-fail topic=midas.decisions error="postgres connection lost"
2026/04/04 17:56:27 INFO outbox_batch_dispatched count=1 claimed=1
2026/04/04 17:56:27 WARN outbox_mark_published_failed event_id=0c33ac02-0d40-4136-96dc-0557c2432f02 event_type=decision.completed aggregate_type=envelope aggregate_id=env-mark-fail topic=midas.decisions error="postgres connection lost"
2026/04/04 17:56:27 INFO outbox_batch_dispatched count=1 claimed=1
2026/04/04 17:56:27 WARN outbox_mark_published_failed event_id=0c33ac02-0d40-4136-96dc-0557c2432f02 event_type=decision.completed aggregate_type=envelope aggregate_id=env-mark-fail topic=midas.decisions error="postgres connection lost"
2026/04/04 17:56:27 INFO outbox_batch_dispatched count=1 claimed=1
2026/04/04 17:56:27 WARN outbox_mark_published_failed event_id=0c33ac02-0d40-4136-96dc-0557c2432f02 event_type=decision.completed aggregate_type=envelope aggregate_id=env-mark-fail topic=midas.decisions error="postgres connection lost"
2026/04/04 17:56:27 INFO outbox_batch_dispatched count=1 claimed=1
2026/04/04 17:56:27 WARN outbox_mark_published_failed event_id=0c33ac02-0d40-4136-96dc-0557c2432f02 event_type=decision.completed aggregate_type=envelope aggregate_id=env-mark-fail topic=midas.decisions error="postgres connection lost"
2026/04/04 17:56:27 INFO outbox_batch_dispatched count=1 claimed=1
2026/04/04 17:56:27 WARN outbox_mark_published_failed event_id=0c33ac02-0d40-4136-96dc-0557c2432f02 event_type=decision.completed aggregate_type=envelope aggregate_id=env-mark-fail topic=midas.decisions error="postgres connection lost"
2026/04/04 17:56:27 INFO outbox_batch_dispatched count=1 claimed=1
2026/04/04 17:56:27 WARN outbox_mark_published_failed event_id=0c33ac02-0d40-4136-96dc-0557c2432f02 event_type=decision.completed aggregate_type=envelope aggregate_id=env-mark-fail topic=midas.decisions error="postgres connection lost"
2026/04/04 17:56:27 INFO outbox_batch_dispatched count=1 claimed=1
2026/04/04 17:56:27 WARN outbox_mark_published_failed event_id=0c33ac02-0d40-4136-96dc-0557c2432f02 event_type=decision.completed aggregate_type=envelope aggregate_id=env-mark-fail topic=midas.decisions error="postgres connection lost"
2026/04/04 17:56:27 INFO outbox_batch_dispatched count=1 claimed=1
2026/04/04 17:56:27 WARN outbox_mark_published_failed event_id=0c33ac02-0d40-4136-96dc-0557c2432f02 event_type=decision.completed aggregate_type=envelope aggregate_id=env-mark-fail topic=midas.decisions error="postgres connection lost"
2026/04/04 17:56:27 INFO outbox_batch_dispatched count=1 claimed=1
2026/04/04 17:56:27 WARN outbox_mark_published_failed event_id=0c33ac02-0d40-4136-96dc-0557c2432f02 event_type=decision.completed aggregate_type=envelope aggregate_id=env-mark-fail topic=midas.decisions error="postgres connection lost"
2026/04/04 17:56:27 INFO outbox_batch_dispatched count=1 claimed=1
2026/04/04 17:56:27 WARN outbox_mark_published_failed event_id=0c33ac02-0d40-4136-96dc-0557c2432f02 event_type=decision.completed aggregate_type=envelope aggregate_id=env-mark-fail topic=midas.decisions error="postgres connection lost"
2026/04/04 17:56:27 INFO outbox_batch_dispatched count=1 claimed=1
2026/04/04 17:56:27 WARN outbox_mark_published_failed event_id=0c33ac02-0d40-4136-96dc-0557c2432f02 event_type=decision.completed aggregate_type=envelope aggregate_id=env-mark-fail topic=midas.decisions error="postgres connection lost"
2026/04/04 17:56:27 INFO outbox_batch_dispatched count=1 claimed=1
2026/04/04 17:56:27 WARN outbox_mark_published_failed event_id=0c33ac02-0d40-4136-96dc-0557c2432f02 event_type=decision.completed aggregate_type=envelope aggregate_id=env-mark-fail topic=midas.decisions error="postgres connection lost"
2026/04/04 17:56:27 INFO outbox_batch_dispatched count=1 claimed=1
2026/04/04 17:56:27 WARN outbox_mark_published_failed event_id=0c33ac02-0d40-4136-96dc-0557c2432f02 event_type=decision.completed aggregate_type=envelope aggregate_id=env-mark-fail topic=midas.decisions error="postgres connection lost"
2026/04/04 17:56:27 INFO outbox_batch_dispatched count=1 claimed=1
2026/04/04 17:56:27 WARN outbox_mark_published_failed event_id=0c33ac02-0d40-4136-96dc-0557c2432f02 event_type=decision.completed aggregate_type=envelope aggregate_id=env-mark-fail topic=midas.decisions error="postgres connection lost"
2026/04/04 17:56:27 INFO outbox_batch_dispatched count=1 claimed=1
2026/04/04 17:56:27 WARN outbox_mark_published_failed event_id=0c33ac02-0d40-4136-96dc-0557c2432f02 event_type=decision.completed aggregate_type=envelope aggregate_id=env-mark-fail topic=midas.decisions error="postgres connection lost"
2026/04/04 17:56:27 INFO outbox_batch_dispatched count=1 claimed=1
2026/04/04 17:56:27 WARN outbox_mark_published_failed event_id=0c33ac02-0d40-4136-96dc-0557c2432f02 event_type=decision.completed aggregate_type=envelope aggregate_id=env-mark-fail topic=midas.decisions error="postgres connection lost"
2026/04/04 17:56:27 INFO outbox_batch_dispatched count=1 claimed=1
2026/04/04 17:56:27 WARN outbox_mark_published_failed event_id=0c33ac02-0d40-4136-96dc-0557c2432f02 event_type=decision.completed aggregate_type=envelope aggregate_id=env-mark-fail topic=midas.decisions error="postgres connection lost"
2026/04/04 17:56:27 INFO outbox_batch_dispatched count=1 claimed=1
2026/04/04 17:56:27 WARN outbox_mark_published_failed event_id=0c33ac02-0d40-4136-96dc-0557c2432f02 event_type=decision.completed aggregate_type=envelope aggregate_id=env-mark-fail topic=midas.decisions error="postgres connection lost"
2026/04/04 17:56:27 INFO outbox_batch_dispatched count=1 claimed=1
2026/04/04 17:56:27 WARN outbox_mark_published_failed event_id=0c33ac02-0d40-4136-96dc-0557c2432f02 event_type=decision.completed aggregate_type=envelope aggregate_id=env-mark-fail topic=midas.decisions error="postgres connection lost"
2026/04/04 17:56:27 INFO outbox_batch_dispatched count=1 claimed=1
2026/04/04 17:56:27 WARN outbox_mark_published_failed event_id=0c33ac02-0d40-4136-96dc-0557c2432f02 event_type=decision.completed aggregate_type=envelope aggregate_id=env-mark-fail topic=midas.decisions error="postgres connection lost"
2026/04/04 17:56:27 INFO outbox_batch_dispatched count=1 claimed=1
2026/04/04 17:56:27 WARN outbox_mark_published_failed event_id=0c33ac02-0d40-4136-96dc-0557c2432f02 event_type=decision.completed aggregate_type=envelope aggregate_id=env-mark-fail topic=midas.decisions error="postgres connection lost"
2026/04/04 17:56:27 INFO outbox_batch_dispatched count=1 claimed=1
2026/04/04 17:56:27 WARN outbox_mark_published_failed event_id=0c33ac02-0d40-4136-96dc-0557c2432f02 event_type=decision.completed aggregate_type=envelope aggregate_id=env-mark-fail topic=midas.decisions error="postgres connection lost"
2026/04/04 17:56:27 INFO outbox_batch_dispatched count=1 claimed=1
2026/04/04 17:56:27 WARN outbox_mark_published_failed event_id=0c33ac02-0d40-4136-96dc-0557c2432f02 event_type=decision.completed aggregate_type=envelope aggregate_id=env-mark-fail topic=midas.decisions error="postgres connection lost"
2026/04/04 17:56:27 INFO outbox_batch_dispatched count=1 claimed=1
2026/04/04 17:56:27 WARN outbox_mark_published_failed event_id=0c33ac02-0d40-4136-96dc-0557c2432f02 event_type=decision.completed aggregate_type=envelope aggregate_id=env-mark-fail topic=midas.decisions error="postgres connection lost"
2026/04/04 17:56:27 INFO outbox_batch_dispatched count=1 claimed=1
2026/04/04 17:56:27 WARN outbox_mark_published_failed event_id=0c33ac02-0d40-4136-96dc-0557c2432f02 event_type=decision.completed aggregate_type=envelope aggregate_id=env-mark-fail topic=midas.decisions error="postgres connection lost"
2026/04/04 17:56:27 INFO outbox_batch_dispatched count=1 claimed=1
2026/04/04 17:56:27 WARN outbox_mark_published_failed event_id=0c33ac02-0d40-4136-96dc-0557c2432f02 event_type=decision.completed aggregate_type=envelope aggregate_id=env-mark-fail topic=midas.decisions error="postgres connection lost"
2026/04/04 17:56:27 INFO outbox_batch_dispatched count=1 claimed=1
2026/04/04 17:56:27 WARN outbox_mark_published_failed event_id=0c33ac02-0d40-4136-96dc-0557c2432f02 event_type=decision.completed aggregate_type=envelope aggregate_id=env-mark-fail topic=midas.decisions error="postgres connection lost"
2026/04/04 17:56:27 INFO outbox_batch_dispatched count=1 claimed=1
2026/04/04 17:56:27 WARN outbox_mark_published_failed event_id=0c33ac02-0d40-4136-96dc-0557c2432f02 event_type=decision.completed aggregate_type=envelope aggregate_id=env-mark-fail topic=midas.decisions error="postgres connection lost"
2026/04/04 17:56:27 INFO outbox_batch_dispatched count=1 claimed=1
2026/04/04 17:56:27 WARN outbox_mark_published_failed event_id=0c33ac02-0d40-4136-96dc-0557c2432f02 event_type=decision.completed aggregate_type=envelope aggregate_id=env-mark-fail topic=midas.decisions error="postgres connection lost"
2026/04/04 17:56:27 INFO outbox_batch_dispatched count=1 claimed=1
2026/04/04 17:56:27 WARN outbox_mark_published_failed event_id=0c33ac02-0d40-4136-96dc-0557c2432f02 event_type=decision.completed aggregate_type=envelope aggregate_id=env-mark-fail topic=midas.decisions error="postgres connection lost"
2026/04/04 17:56:27 INFO outbox_batch_dispatched count=1 claimed=1
2026/04/04 17:56:27 WARN outbox_mark_published_failed event_id=0c33ac02-0d40-4136-96dc-0557c2432f02 event_type=decision.completed aggregate_type=envelope aggregate_id=env-mark-fail topic=midas.decisions error="postgres connection lost"
2026/04/04 17:56:27 INFO outbox_batch_dispatched count=1 claimed=1
2026/04/04 17:56:27 WARN outbox_mark_published_failed event_id=0c33ac02-0d40-4136-96dc-0557c2432f02 event_type=decision.completed aggregate_type=envelope aggregate_id=env-mark-fail topic=midas.decisions error="postgres connection lost"
2026/04/04 17:56:27 INFO outbox_batch_dispatched count=1 claimed=1
2026/04/04 17:56:27 WARN outbox_mark_published_failed event_id=0c33ac02-0d40-4136-96dc-0557c2432f02 event_type=decision.completed aggregate_type=envelope aggregate_id=env-mark-fail topic=midas.decisions error="postgres connection lost"
2026/04/04 17:56:27 INFO outbox_batch_dispatched count=1 claimed=1
2026/04/04 17:56:27 WARN outbox_mark_published_failed event_id=0c33ac02-0d40-4136-96dc-0557c2432f02 event_type=decision.completed aggregate_type=envelope aggregate_id=env-mark-fail topic=midas.decisions error="postgres connection lost"
2026/04/04 17:56:27 INFO outbox_batch_dispatched count=1 claimed=1
2026/04/04 17:56:27 WARN outbox_mark_published_failed event_id=0c33ac02-0d40-4136-96dc-0557c2432f02 event_type=decision.completed aggregate_type=envelope aggregate_id=env-mark-fail topic=midas.decisions error="postgres connection lost"
2026/04/04 17:56:27 INFO outbox_batch_dispatched count=1 claimed=1
2026/04/04 17:56:27 WARN outbox_mark_published_failed event_id=0c33ac02-0d40-4136-96dc-0557c2432f02 event_type=decision.completed aggregate_type=envelope aggregate_id=env-mark-fail topic=midas.decisions error="postgres connection lost"
2026/04/04 17:56:27 INFO outbox_batch_dispatched count=1 claimed=1
2026/04/04 17:56:27 WARN outbox_mark_published_failed event_id=0c33ac02-0d40-4136-96dc-0557c2432f02 event_type=decision.completed aggregate_type=envelope aggregate_id=env-mark-fail topic=midas.decisions error="postgres connection lost"
2026/04/04 17:56:27 INFO outbox_batch_dispatched count=1 claimed=1
2026/04/04 17:56:27 WARN outbox_mark_published_failed event_id=0c33ac02-0d40-4136-96dc-0557c2432f02 event_type=decision.completed aggregate_type=envelope aggregate_id=env-mark-fail topic=midas.decisions error="postgres connection lost"
2026/04/04 17:56:27 INFO outbox_batch_dispatched count=1 claimed=1
2026/04/04 17:56:27 WARN outbox_mark_published_failed event_id=0c33ac02-0d40-4136-96dc-0557c2432f02 event_type=decision.completed aggregate_type=envelope aggregate_id=env-mark-fail topic=midas.decisions error="postgres connection lost"
2026/04/04 17:56:27 INFO outbox_batch_dispatched count=1 claimed=1
2026/04/04 17:56:27 WARN outbox_mark_published_failed event_id=0c33ac02-0d40-4136-96dc-0557c2432f02 event_type=decision.completed aggregate_type=envelope aggregate_id=env-mark-fail topic=midas.decisions error="postgres connection lost"
2026/04/04 17:56:27 INFO outbox_batch_dispatched count=1 claimed=1
2026/04/04 17:56:27 WARN outbox_mark_published_failed event_id=0c33ac02-0d40-4136-96dc-0557c2432f02 event_type=decision.completed aggregate_type=envelope aggregate_id=env-mark-fail topic=midas.decisions error="postgres connection lost"
2026/04/04 17:56:27 INFO outbox_batch_dispatched count=1 claimed=1
2026/04/04 17:56:27 WARN outbox_mark_published_failed event_id=0c33ac02-0d40-4136-96dc-0557c2432f02 event_type=decision.completed aggregate_type=envelope aggregate_id=env-mark-fail topic=midas.decisions error="postgres connection lost"
2026/04/04 17:56:27 INFO outbox_batch_dispatched count=1 claimed=1
2026/04/04 17:56:27 WARN outbox_mark_published_failed event_id=0c33ac02-0d40-4136-96dc-0557c2432f02 event_type=decision.completed aggregate_type=envelope aggregate_id=env-mark-fail topic=midas.decisions error="postgres connection lost"
2026/04/04 17:56:27 INFO outbox_batch_dispatched count=1 claimed=1
2026/04/04 17:56:27 WARN outbox_mark_published_failed event_id=0c33ac02-0d40-4136-96dc-0557c2432f02 event_type=decision.completed aggregate_type=envelope aggregate_id=env-mark-fail topic=midas.decisions error="postgres connection lost"
2026/04/04 17:56:27 INFO outbox_batch_dispatched count=1 claimed=1
2026/04/04 17:56:27 WARN outbox_mark_published_failed event_id=0c33ac02-0d40-4136-96dc-0557c2432f02 event_type=decision.completed aggregate_type=envelope aggregate_id=env-mark-fail topic=midas.decisions error="postgres connection lost"
2026/04/04 17:56:27 INFO outbox_batch_dispatched count=1 claimed=1
2026/04/04 17:56:27 WARN outbox_mark_published_failed event_id=0c33ac02-0d40-4136-96dc-0557c2432f02 event_type=decision.completed aggregate_type=envelope aggregate_id=env-mark-fail topic=midas.decisions error="postgres connection lost"
2026/04/04 17:56:27 INFO outbox_batch_dispatched count=1 claimed=1
2026/04/04 17:56:27 WARN outbox_mark_published_failed event_id=0c33ac02-0d40-4136-96dc-0557c2432f02 event_type=decision.completed aggregate_type=envelope aggregate_id=env-mark-fail topic=midas.decisions error="postgres connection lost"
2026/04/04 17:56:27 INFO outbox_batch_dispatched count=1 claimed=1
2026/04/04 17:56:27 WARN outbox_mark_published_failed event_id=0c33ac02-0d40-4136-96dc-0557c2432f02 event_type=decision.completed aggregate_type=envelope aggregate_id=env-mark-fail topic=midas.decisions error="postgres connection lost"
2026/04/04 17:56:27 INFO outbox_batch_dispatched count=1 claimed=1
2026/04/04 17:56:27 WARN outbox_mark_published_failed event_id=0c33ac02-0d40-4136-96dc-0557c2432f02 event_type=decision.completed aggregate_type=envelope aggregate_id=env-mark-fail topic=midas.decisions error="postgres connection lost"
2026/04/04 17:56:27 INFO outbox_batch_dispatched count=1 claimed=1
2026/04/04 17:56:27 WARN outbox_mark_published_failed event_id=0c33ac02-0d40-4136-96dc-0557c2432f02 event_type=decision.completed aggregate_type=envelope aggregate_id=env-mark-fail topic=midas.decisions error="postgres connection lost"
2026/04/04 17:56:27 INFO outbox_batch_dispatched count=1 claimed=1
2026/04/04 17:56:27 WARN outbox_mark_published_failed event_id=0c33ac02-0d40-4136-96dc-0557c2432f02 event_type=decision.completed aggregate_type=envelope aggregate_id=env-mark-fail topic=midas.decisions error="postgres connection lost"
2026/04/04 17:56:27 INFO outbox_batch_dispatched count=1 claimed=1
2026/04/04 17:56:27 WARN outbox_mark_published_failed event_id=0c33ac02-0d40-4136-96dc-0557c2432f02 event_type=decision.completed aggregate_type=envelope aggregate_id=env-mark-fail topic=midas.decisions error="postgres connection lost"
2026/04/04 17:56:27 INFO outbox_batch_dispatched count=1 claimed=1
2026/04/04 17:56:27 WARN outbox_mark_published_failed event_id=0c33ac02-0d40-4136-96dc-0557c2432f02 event_type=decision.completed aggregate_type=envelope aggregate_id=env-mark-fail topic=midas.decisions error="postgres connection lost"
2026/04/04 17:56:27 INFO outbox_batch_dispatched count=1 claimed=1
2026/04/04 17:56:27 WARN outbox_mark_published_failed event_id=0c33ac02-0d40-4136-96dc-0557c2432f02 event_type=decision.completed aggregate_type=envelope aggregate_id=env-mark-fail topic=midas.decisions error="postgres connection lost"
2026/04/04 17:56:27 INFO outbox_batch_dispatched count=1 claimed=1
2026/04/04 17:56:27 WARN outbox_mark_published_failed event_id=0c33ac02-0d40-4136-96dc-0557c2432f02 event_type=decision.completed aggregate_type=envelope aggregate_id=env-mark-fail topic=midas.decisions error="postgres connection lost"
2026/04/04 17:56:27 INFO outbox_batch_dispatched count=1 claimed=1
2026/04/04 17:56:27 WARN outbox_mark_published_failed event_id=0c33ac02-0d40-4136-96dc-0557c2432f02 event_type=decision.completed aggregate_type=envelope aggregate_id=env-mark-fail topic=midas.decisions error="postgres connection lost"
2026/04/04 17:56:27 INFO outbox_batch_dispatched count=1 claimed=1
2026/04/04 17:56:27 WARN outbox_mark_published_failed event_id=0c33ac02-0d40-4136-96dc-0557c2432f02 event_type=decision.completed aggregate_type=envelope aggregate_id=env-mark-fail topic=midas.decisions error="postgres connection lost"
2026/04/04 17:56:27 INFO outbox_batch_dispatched count=1 claimed=1
2026/04/04 17:56:27 WARN outbox_mark_published_failed event_id=0c33ac02-0d40-4136-96dc-0557c2432f02 event_type=decision.completed aggregate_type=envelope aggregate_id=env-mark-fail topic=midas.decisions error="postgres connection lost"
2026/04/04 17:56:27 INFO outbox_batch_dispatched count=1 claimed=1
2026/04/04 17:56:27 WARN outbox_mark_published_failed event_id=0c33ac02-0d40-4136-96dc-0557c2432f02 event_type=decision.completed aggregate_type=envelope aggregate_id=env-mark-fail topic=midas.decisions error="postgres connection lost"
2026/04/04 17:56:27 INFO outbox_batch_dispatched count=1 claimed=1
2026/04/04 17:56:27 WARN outbox_mark_published_failed event_id=0c33ac02-0d40-4136-96dc-0557c2432f02 event_type=decision.completed aggregate_type=envelope aggregate_id=env-mark-fail topic=midas.decisions error="postgres connection lost"
2026/04/04 17:56:27 INFO outbox_batch_dispatched count=1 claimed=1
2026/04/04 17:56:27 WARN outbox_mark_published_failed event_id=0c33ac02-0d40-4136-96dc-0557c2432f02 event_type=decision.completed aggregate_type=envelope aggregate_id=env-mark-fail topic=midas.decisions error="postgres connection lost"
2026/04/04 17:56:27 INFO outbox_batch_dispatched count=1 claimed=1
2026/04/04 17:56:27 WARN outbox_mark_published_failed event_id=0c33ac02-0d40-4136-96dc-0557c2432f02 event_type=decision.completed aggregate_type=envelope aggregate_id=env-mark-fail topic=midas.decisions error="postgres connection lost"
2026/04/04 17:56:27 INFO outbox_batch_dispatched count=1 claimed=1
2026/04/04 17:56:27 WARN outbox_mark_published_failed event_id=0c33ac02-0d40-4136-96dc-0557c2432f02 event_type=decision.completed aggregate_type=envelope aggregate_id=env-mark-fail topic=midas.decisions error="postgres connection lost"
2026/04/04 17:56:27 INFO outbox_batch_dispatched count=1 claimed=1
2026/04/04 17:56:27 WARN outbox_mark_published_failed event_id=0c33ac02-0d40-4136-96dc-0557c2432f02 event_type=decision.completed aggregate_type=envelope aggregate_id=env-mark-fail topic=midas.decisions error="postgres connection lost"
2026/04/04 17:56:27 INFO outbox_batch_dispatched count=1 claimed=1
2026/04/04 17:56:27 WARN outbox_mark_published_failed event_id=0c33ac02-0d40-4136-96dc-0557c2432f02 event_type=decision.completed aggregate_type=envelope aggregate_id=env-mark-fail topic=midas.decisions error="postgres connection lost"
2026/04/04 17:56:27 INFO outbox_batch_dispatched count=1 claimed=1
2026/04/04 17:56:27 WARN outbox_mark_published_failed event_id=0c33ac02-0d40-4136-96dc-0557c2432f02 event_type=decision.completed aggregate_type=envelope aggregate_id=env-mark-fail topic=midas.decisions error="postgres connection lost"
2026/04/04 17:56:27 INFO outbox_batch_dispatched count=1 claimed=1
2026/04/04 17:56:27 WARN outbox_mark_published_failed event_id=0c33ac02-0d40-4136-96dc-0557c2432f02 event_type=decision.completed aggregate_type=envelope aggregate_id=env-mark-fail topic=midas.decisions error="postgres connection lost"
2026/04/04 17:56:27 INFO outbox_batch_dispatched count=1 claimed=1
2026/04/04 17:56:27 WARN outbox_mark_published_failed event_id=0c33ac02-0d40-4136-96dc-0557c2432f02 event_type=decision.completed aggregate_type=envelope aggregate_id=env-mark-fail topic=midas.decisions error="postgres connection lost"
2026/04/04 17:56:27 INFO outbox_batch_dispatched count=1 claimed=1
2026/04/04 17:56:27 WARN outbox_mark_published_failed event_id=0c33ac02-0d40-4136-96dc-0557c2432f02 event_type=decision.completed aggregate_type=envelope aggregate_id=env-mark-fail topic=midas.decisions error="postgres connection lost"
2026/04/04 17:56:27 INFO outbox_batch_dispatched count=1 claimed=1
2026/04/04 17:56:27 WARN outbox_mark_published_failed event_id=0c33ac02-0d40-4136-96dc-0557c2432f02 event_type=decision.completed aggregate_type=envelope aggregate_id=env-mark-fail topic=midas.decisions error="postgres connection lost"
2026/04/04 17:56:27 INFO outbox_batch_dispatched count=1 claimed=1
2026/04/04 17:56:27 WARN outbox_mark_published_failed event_id=0c33ac02-0d40-4136-96dc-0557c2432f02 event_type=decision.completed aggregate_type=envelope aggregate_id=env-mark-fail topic=midas.decisions error="postgres connection lost"
2026/04/04 17:56:27 INFO outbox_batch_dispatched count=1 claimed=1
2026/04/04 17:56:27 WARN outbox_mark_published_failed event_id=0c33ac02-0d40-4136-96dc-0557c2432f02 event_type=decision.completed aggregate_type=envelope aggregate_id=env-mark-fail topic=midas.decisions error="postgres connection lost"
2026/04/04 17:56:27 INFO outbox_batch_dispatched count=1 claimed=1
2026/04/04 17:56:27 WARN outbox_mark_published_failed event_id=0c33ac02-0d40-4136-96dc-0557c2432f02 event_type=decision.completed aggregate_type=envelope aggregate_id=env-mark-fail topic=midas.decisions error="postgres connection lost"
2026/04/04 17:56:27 INFO outbox_batch_dispatched count=1 claimed=1
2026/04/04 17:56:27 WARN outbox_mark_published_failed event_id=0c33ac02-0d40-4136-96dc-0557c2432f02 event_type=decision.completed aggregate_type=envelope aggregate_id=env-mark-fail topic=midas.decisions error="postgres connection lost"
2026/04/04 17:56:27 INFO outbox_batch_dispatched count=1 claimed=1
2026/04/04 17:56:27 WARN outbox_mark_published_failed event_id=0c33ac02-0d40-4136-96dc-0557c2432f02 event_type=decision.completed aggregate_type=envelope aggregate_id=env-mark-fail topic=midas.decisions error="postgres connection lost"
2026/04/04 17:56:27 INFO outbox_batch_dispatched count=1 claimed=1
2026/04/04 17:56:27 WARN outbox_mark_published_failed event_id=0c33ac02-0d40-4136-96dc-0557c2432f02 event_type=decision.completed aggregate_type=envelope aggregate_id=env-mark-fail topic=midas.decisions error="postgres connection lost"
2026/04/04 17:56:27 INFO outbox_batch_dispatched count=1 claimed=1
2026/04/04 17:56:27 WARN outbox_mark_published_failed event_id=0c33ac02-0d40-4136-96dc-0557c2432f02 event_type=decision.completed aggregate_type=envelope aggregate_id=env-mark-fail topic=midas.decisions error="postgres connection lost"
2026/04/04 17:56:27 INFO outbox_batch_dispatched count=1 claimed=1
2026/04/04 17:56:27 WARN outbox_mark_published_failed event_id=0c33ac02-0d40-4136-96dc-0557c2432f02 event_type=decision.completed aggregate_type=envelope aggregate_id=env-mark-fail topic=midas.decisions error="postgres connection lost"
2026/04/04 17:56:27 INFO outbox_batch_dispatched count=1 claimed=1
2026/04/04 17:56:27 WARN outbox_mark_published_failed event_id=0c33ac02-0d40-4136-96dc-0557c2432f02 event_type=decision.completed aggregate_type=envelope aggregate_id=env-mark-fail topic=midas.decisions error="postgres connection lost"
2026/04/04 17:56:27 INFO outbox_batch_dispatched count=1 claimed=1
2026/04/04 17:56:27 WARN outbox_mark_published_failed event_id=0c33ac02-0d40-4136-96dc-0557c2432f02 event_type=decision.completed aggregate_type=envelope aggregate_id=env-mark-fail topic=midas.decisions error="postgres connection lost"
2026/04/04 17:56:27 INFO outbox_batch_dispatched count=1 claimed=1
2026/04/04 17:56:27 WARN outbox_mark_published_failed event_id=0c33ac02-0d40-4136-96dc-0557c2432f02 event_type=decision.completed aggregate_type=envelope aggregate_id=env-mark-fail topic=midas.decisions error="postgres connection lost"
2026/04/04 17:56:27 INFO outbox_batch_dispatched count=1 claimed=1
2026/04/04 17:56:27 WARN outbox_mark_published_failed event_id=0c33ac02-0d40-4136-96dc-0557c2432f02 event_type=decision.completed aggregate_type=envelope aggregate_id=env-mark-fail topic=midas.decisions error="postgres connection lost"
2026/04/04 17:56:27 INFO outbox_batch_dispatched count=1 claimed=1
2026/04/04 17:56:27 WARN outbox_mark_published_failed event_id=0c33ac02-0d40-4136-96dc-0557c2432f02 event_type=decision.completed aggregate_type=envelope aggregate_id=env-mark-fail topic=midas.decisions error="postgres connection lost"
2026/04/04 17:56:27 INFO outbox_batch_dispatched count=1 claimed=1
2026/04/04 17:56:27 WARN outbox_mark_published_failed event_id=0c33ac02-0d40-4136-96dc-0557c2432f02 event_type=decision.completed aggregate_type=envelope aggregate_id=env-mark-fail topic=midas.decisions error="postgres connection lost"
2026/04/04 17:56:27 INFO outbox_batch_dispatched count=1 claimed=1
2026/04/04 17:56:27 WARN outbox_mark_published_failed event_id=0c33ac02-0d40-4136-96dc-0557c2432f02 event_type=decision.completed aggregate_type=envelope aggregate_id=env-mark-fail topic=midas.decisions error="postgres connection lost"
2026/04/04 17:56:27 INFO outbox_batch_dispatched count=1 claimed=1
2026/04/04 17:56:27 WARN outbox_mark_published_failed event_id=0c33ac02-0d40-4136-96dc-0557c2432f02 event_type=decision.completed aggregate_type=envelope aggregate_id=env-mark-fail topic=midas.decisions error="postgres connection lost"
2026/04/04 17:56:27 INFO outbox_batch_dispatched count=1 claimed=1
2026/04/04 17:56:27 WARN outbox_mark_published_failed event_id=0c33ac02-0d40-4136-96dc-0557c2432f02 event_type=decision.completed aggregate_type=envelope aggregate_id=env-mark-fail topic=midas.decisions error="postgres connection lost"
2026/04/04 17:56:27 INFO outbox_batch_dispatched count=1 claimed=1
2026/04/04 17:56:27 WARN outbox_mark_published_failed event_id=0c33ac02-0d40-4136-96dc-0557c2432f02 event_type=decision.completed aggregate_type=envelope aggregate_id=env-mark-fail topic=midas.decisions error="postgres connection lost"
2026/04/04 17:56:27 INFO outbox_batch_dispatched count=1 claimed=1
2026/04/04 17:56:27 WARN outbox_mark_published_failed event_id=0c33ac02-0d40-4136-96dc-0557c2432f02 event_type=decision.completed aggregate_type=envelope aggregate_id=env-mark-fail topic=midas.decisions error="postgres connection lost"
2026/04/04 17:56:27 INFO outbox_batch_dispatched count=1 claimed=1
2026/04/04 17:56:27 WARN outbox_mark_published_failed event_id=0c33ac02-0d40-4136-96dc-0557c2432f02 event_type=decision.completed aggregate_type=envelope aggregate_id=env-mark-fail topic=midas.decisions error="postgres connection lost"
2026/04/04 17:56:27 INFO outbox_batch_dispatched count=1 claimed=1
2026/04/04 17:56:27 WARN outbox_mark_published_failed event_id=0c33ac02-0d40-4136-96dc-0557c2432f02 event_type=decision.completed aggregate_type=envelope aggregate_id=env-mark-fail topic=midas.decisions error="postgres connection lost"
2026/04/04 17:56:27 INFO outbox_batch_dispatched count=1 claimed=1
2026/04/04 17:56:27 WARN outbox_mark_published_failed event_id=0c33ac02-0d40-4136-96dc-0557c2432f02 event_type=decision.completed aggregate_type=envelope aggregate_id=env-mark-fail topic=midas.decisions error="postgres connection lost"
2026/04/04 17:56:27 INFO outbox_batch_dispatched count=1 claimed=1
2026/04/04 17:56:27 WARN outbox_mark_published_failed event_id=0c33ac02-0d40-4136-96dc-0557c2432f02 event_type=decision.completed aggregate_type=envelope aggregate_id=env-mark-fail topic=midas.decisions error="postgres connection lost"
2026/04/04 17:56:27 INFO outbox_batch_dispatched count=1 claimed=1
2026/04/04 17:56:27 WARN outbox_mark_published_failed event_id=0c33ac02-0d40-4136-96dc-0557c2432f02 event_type=decision.completed aggregate_type=envelope aggregate_id=env-mark-fail topic=midas.decisions error="postgres connection lost"
2026/04/04 17:56:27 INFO outbox_batch_dispatched count=1 claimed=1
2026/04/04 17:56:27 WARN outbox_mark_published_failed event_id=0c33ac02-0d40-4136-96dc-0557c2432f02 event_type=decision.completed aggregate_type=envelope aggregate_id=env-mark-fail topic=midas.decisions error="postgres connection lost"
2026/04/04 17:56:27 INFO outbox_batch_dispatched count=1 claimed=1
2026/04/04 17:56:27 WARN outbox_mark_published_failed event_id=0c33ac02-0d40-4136-96dc-0557c2432f02 event_type=decision.completed aggregate_type=envelope aggregate_id=env-mark-fail topic=midas.decisions error="postgres connection lost"
2026/04/04 17:56:27 INFO outbox_batch_dispatched count=1 claimed=1
2026/04/04 17:56:27 WARN outbox_mark_published_failed event_id=0c33ac02-0d40-4136-96dc-0557c2432f02 event_type=decision.completed aggregate_type=envelope aggregate_id=env-mark-fail topic=midas.decisions error="postgres connection lost"
2026/04/04 17:56:27 INFO outbox_batch_dispatched count=1 claimed=1
2026/04/04 17:56:27 WARN outbox_mark_published_failed event_id=0c33ac02-0d40-4136-96dc-0557c2432f02 event_type=decision.completed aggregate_type=envelope aggregate_id=env-mark-fail topic=midas.decisions error="postgres connection lost"
2026/04/04 17:56:27 INFO outbox_batch_dispatched count=1 claimed=1
2026/04/04 17:56:27 WARN outbox_mark_published_failed event_id=0c33ac02-0d40-4136-96dc-0557c2432f02 event_type=decision.completed aggregate_type=envelope aggregate_id=env-mark-fail topic=midas.decisions error="postgres connection lost"
2026/04/04 17:56:27 INFO outbox_batch_dispatched count=1 claimed=1
2026/04/04 17:56:27 WARN outbox_mark_published_failed event_id=0c33ac02-0d40-4136-96dc-0557c2432f02 event_type=decision.completed aggregate_type=envelope aggregate_id=env-mark-fail topic=midas.decisions error="postgres connection lost"
2026/04/04 17:56:27 INFO outbox_batch_dispatched count=1 claimed=1
2026/04/04 17:56:27 WARN outbox_mark_published_failed event_id=0c33ac02-0d40-4136-96dc-0557c2432f02 event_type=decision.completed aggregate_type=envelope aggregate_id=env-mark-fail topic=midas.decisions error="postgres connection lost"
2026/04/04 17:56:27 INFO outbox_batch_dispatched count=1 claimed=1
2026/04/04 17:56:27 WARN outbox_mark_published_failed event_id=0c33ac02-0d40-4136-96dc-0557c2432f02 event_type=decision.completed aggregate_type=envelope aggregate_id=env-mark-fail topic=midas.decisions error="postgres connection lost"
2026/04/04 17:56:27 INFO outbox_batch_dispatched count=1 claimed=1
2026/04/04 17:56:27 WARN outbox_mark_published_failed event_id=0c33ac02-0d40-4136-96dc-0557c2432f02 event_type=decision.completed aggregate_type=envelope aggregate_id=env-mark-fail topic=midas.decisions error="postgres connection lost"
2026/04/04 17:56:27 INFO outbox_batch_dispatched count=1 claimed=1
2026/04/04 17:56:27 WARN outbox_mark_published_failed event_id=0c33ac02-0d40-4136-96dc-0557c2432f02 event_type=decision.completed aggregate_type=envelope aggregate_id=env-mark-fail topic=midas.decisions error="postgres connection lost"
2026/04/04 17:56:27 INFO outbox_batch_dispatched count=1 claimed=1
2026/04/04 17:56:27 WARN outbox_mark_published_failed event_id=0c33ac02-0d40-4136-96dc-0557c2432f02 event_type=decision.completed aggregate_type=envelope aggregate_id=env-mark-fail topic=midas.decisions error="postgres connection lost"
2026/04/04 17:56:27 INFO outbox_batch_dispatched count=1 claimed=1
2026/04/04 17:56:27 WARN outbox_mark_published_failed event_id=0c33ac02-0d40-4136-96dc-0557c2432f02 event_type=decision.completed aggregate_type=envelope aggregate_id=env-mark-fail topic=midas.decisions error="postgres connection lost"
2026/04/04 17:56:27 INFO outbox_batch_dispatched count=1 claimed=1
2026/04/04 17:56:27 WARN outbox_mark_published_failed event_id=0c33ac02-0d40-4136-96dc-0557c2432f02 event_type=decision.completed aggregate_type=envelope aggregate_id=env-mark-fail topic=midas.decisions error="postgres connection lost"
2026/04/04 17:56:27 INFO outbox_batch_dispatched count=1 claimed=1
2026/04/04 17:56:27 WARN outbox_mark_published_failed event_id=0c33ac02-0d40-4136-96dc-0557c2432f02 event_type=decision.completed aggregate_type=envelope aggregate_id=env-mark-fail topic=midas.decisions error="postgres connection lost"
2026/04/04 17:56:27 INFO outbox_batch_dispatched count=1 claimed=1
2026/04/04 17:56:27 WARN outbox_mark_published_failed event_id=0c33ac02-0d40-4136-96dc-0557c2432f02 event_type=decision.completed aggregate_type=envelope aggregate_id=env-mark-fail topic=midas.decisions error="postgres connection lost"
2026/04/04 17:56:27 INFO outbox_batch_dispatched count=1 claimed=1
2026/04/04 17:56:27 WARN outbox_mark_published_failed event_id=0c33ac02-0d40-4136-96dc-0557c2432f02 event_type=decision.completed aggregate_type=envelope aggregate_id=env-mark-fail topic=midas.decisions error="postgres connection lost"
2026/04/04 17:56:27 INFO outbox_batch_dispatched count=1 claimed=1
2026/04/04 17:56:27 WARN outbox_mark_published_failed event_id=0c33ac02-0d40-4136-96dc-0557c2432f02 event_type=decision.completed aggregate_type=envelope aggregate_id=env-mark-fail topic=midas.decisions error="postgres connection lost"
2026/04/04 17:56:27 INFO outbox_batch_dispatched count=1 claimed=1
2026/04/04 17:56:27 WARN outbox_mark_published_failed event_id=0c33ac02-0d40-4136-96dc-0557c2432f02 event_type=decision.completed aggregate_type=envelope aggregate_id=env-mark-fail topic=midas.decisions error="postgres connection lost"
2026/04/04 17:56:27 INFO outbox_batch_dispatched count=1 claimed=1
2026/04/04 17:56:27 WARN outbox_mark_published_failed event_id=0c33ac02-0d40-4136-96dc-0557c2432f02 event_type=decision.completed aggregate_type=envelope aggregate_id=env-mark-fail topic=midas.decisions error="postgres connection lost"
2026/04/04 17:56:27 INFO outbox_batch_dispatched count=1 claimed=1
2026/04/04 17:56:27 WARN outbox_mark_published_failed event_id=0c33ac02-0d40-4136-96dc-0557c2432f02 event_type=decision.completed aggregate_type=envelope aggregate_id=env-mark-fail topic=midas.decisions error="postgres connection lost"
2026/04/04 17:56:27 INFO outbox_batch_dispatched count=1 claimed=1
2026/04/04 17:56:27 WARN outbox_mark_published_failed event_id=0c33ac02-0d40-4136-96dc-0557c2432f02 event_type=decision.completed aggregate_type=envelope aggregate_id=env-mark-fail topic=midas.decisions error="postgres connection lost"
2026/04/04 17:56:27 INFO outbox_batch_dispatched count=1 claimed=1
2026/04/04 17:56:27 WARN outbox_mark_published_failed event_id=0c33ac02-0d40-4136-96dc-0557c2432f02 event_type=decision.completed aggregate_type=envelope aggregate_id=env-mark-fail topic=midas.decisions error="postgres connection lost"
2026/04/04 17:56:27 INFO outbox_batch_dispatched count=1 claimed=1
2026/04/04 17:56:27 WARN outbox_mark_published_failed event_id=0c33ac02-0d40-4136-96dc-0557c2432f02 event_type=decision.completed aggregate_type=envelope aggregate_id=env-mark-fail topic=midas.decisions error="postgres connection lost"
2026/04/04 17:56:27 INFO outbox_batch_dispatched count=1 claimed=1
2026/04/04 17:56:27 WARN outbox_mark_published_failed event_id=0c33ac02-0d40-4136-96dc-0557c2432f02 event_type=decision.completed aggregate_type=envelope aggregate_id=env-mark-fail topic=midas.decisions error="postgres connection lost"
2026/04/04 17:56:27 INFO outbox_batch_dispatched count=1 claimed=1
2026/04/04 17:56:27 WARN outbox_mark_published_failed event_id=0c33ac02-0d40-4136-96dc-0557c2432f02 event_type=decision.completed aggregate_type=envelope aggregate_id=env-mark-fail topic=midas.decisions error="postgres connection lost"
2026/04/04 17:56:27 INFO outbox_batch_dispatched count=1 claimed=1
2026/04/04 17:56:27 WARN outbox_mark_published_failed event_id=0c33ac02-0d40-4136-96dc-0557c2432f02 event_type=decision.completed aggregate_type=envelope aggregate_id=env-mark-fail topic=midas.decisions error="postgres connection lost"
2026/04/04 17:56:27 INFO outbox_batch_dispatched count=1 claimed=1
2026/04/04 17:56:27 WARN outbox_mark_published_failed event_id=0c33ac02-0d40-4136-96dc-0557c2432f02 event_type=decision.completed aggregate_type=envelope aggregate_id=env-mark-fail topic=midas.decisions error="postgres connection lost"
2026/04/04 17:56:27 INFO outbox_batch_dispatched count=1 claimed=1
2026/04/04 17:56:27 WARN outbox_mark_published_failed event_id=0c33ac02-0d40-4136-96dc-0557c2432f02 event_type=decision.completed aggregate_type=envelope aggregate_id=env-mark-fail topic=midas.decisions error="postgres connection lost"
2026/04/04 17:56:27 INFO outbox_batch_dispatched count=1 claimed=1
2026/04/04 17:56:27 WARN outbox_mark_published_failed event_id=0c33ac02-0d40-4136-96dc-0557c2432f02 event_type=decision.completed aggregate_type=envelope aggregate_id=env-mark-fail topic=midas.decisions error="postgres connection lost"
2026/04/04 17:56:27 INFO outbox_batch_dispatched count=1 claimed=1
2026/04/04 17:56:27 WARN outbox_mark_published_failed event_id=0c33ac02-0d40-4136-96dc-0557c2432f02 event_type=decision.completed aggregate_type=envelope aggregate_id=env-mark-fail topic=midas.decisions error="postgres connection lost"
2026/04/04 17:56:27 INFO outbox_batch_dispatched count=1 claimed=1
2026/04/04 17:56:27 WARN outbox_mark_published_failed event_id=0c33ac02-0d40-4136-96dc-0557c2432f02 event_type=decision.completed aggregate_type=envelope aggregate_id=env-mark-fail topic=midas.decisions error="postgres connection lost"
2026/04/04 17:56:27 INFO outbox_batch_dispatched count=1 claimed=1
2026/04/04 17:56:27 WARN outbox_mark_published_failed event_id=0c33ac02-0d40-4136-96dc-0557c2432f02 event_type=decision.completed aggregate_type=envelope aggregate_id=env-mark-fail topic=midas.decisions error="postgres connection lost"
2026/04/04 17:56:27 INFO outbox_batch_dispatched count=1 claimed=1
2026/04/04 17:56:27 WARN outbox_mark_published_failed event_id=0c33ac02-0d40-4136-96dc-0557c2432f02 event_type=decision.completed aggregate_type=envelope aggregate_id=env-mark-fail topic=midas.decisions error="postgres connection lost"
2026/04/04 17:56:27 INFO outbox_batch_dispatched count=1 claimed=1
2026/04/04 17:56:27 WARN outbox_mark_published_failed event_id=0c33ac02-0d40-4136-96dc-0557c2432f02 event_type=decision.completed aggregate_type=envelope aggregate_id=env-mark-fail topic=midas.decisions error="postgres connection lost"
2026/04/04 17:56:27 INFO outbox_batch_dispatched count=1 claimed=1
2026/04/04 17:56:27 WARN outbox_mark_published_failed event_id=0c33ac02-0d40-4136-96dc-0557c2432f02 event_type=decision.completed aggregate_type=envelope aggregate_id=env-mark-fail topic=midas.decisions error="postgres connection lost"
2026/04/04 17:56:27 INFO outbox_batch_dispatched count=1 claimed=1
2026/04/04 17:56:27 WARN outbox_mark_published_failed event_id=0c33ac02-0d40-4136-96dc-0557c2432f02 event_type=decision.completed aggregate_type=envelope aggregate_id=env-mark-fail topic=midas.decisions error="postgres connection lost"
2026/04/04 17:56:27 INFO outbox_batch_dispatched count=1 claimed=1
2026/04/04 17:56:27 WARN outbox_mark_published_failed event_id=0c33ac02-0d40-4136-96dc-0557c2432f02 event_type=decision.completed aggregate_type=envelope aggregate_id=env-mark-fail topic=midas.decisions error="postgres connection lost"
2026/04/04 17:56:27 INFO outbox_batch_dispatched count=1 claimed=1
2026/04/04 17:56:27 WARN outbox_mark_published_failed event_id=0c33ac02-0d40-4136-96dc-0557c2432f02 event_type=decision.completed aggregate_type=envelope aggregate_id=env-mark-fail topic=midas.decisions error="postgres connection lost"
2026/04/04 17:56:27 INFO outbox_batch_dispatched count=1 claimed=1
2026/04/04 17:56:27 WARN outbox_mark_published_failed event_id=0c33ac02-0d40-4136-96dc-0557c2432f02 event_type=decision.completed aggregate_type=envelope aggregate_id=env-mark-fail topic=midas.decisions error="postgres connection lost"
2026/04/04 17:56:27 INFO outbox_batch_dispatched count=1 claimed=1
2026/04/04 17:56:27 WARN outbox_mark_published_failed event_id=0c33ac02-0d40-4136-96dc-0557c2432f02 event_type=decision.completed aggregate_type=envelope aggregate_id=env-mark-fail topic=midas.decisions error="postgres connection lost"
2026/04/04 17:56:27 INFO outbox_batch_dispatched count=1 claimed=1
2026/04/04 17:56:27 WARN outbox_mark_published_failed event_id=0c33ac02-0d40-4136-96dc-0557c2432f02 event_type=decision.completed aggregate_type=envelope aggregate_id=env-mark-fail topic=midas.decisions error="postgres connection lost"
2026/04/04 17:56:27 INFO outbox_batch_dispatched count=1 claimed=1
2026/04/04 17:56:27 WARN outbox_mark_published_failed event_id=0c33ac02-0d40-4136-96dc-0557c2432f02 event_type=decision.completed aggregate_type=envelope aggregate_id=env-mark-fail topic=midas.decisions error="postgres connection lost"
2026/04/04 17:56:27 INFO outbox_batch_dispatched count=1 claimed=1
2026/04/04 17:56:27 WARN outbox_mark_published_failed event_id=0c33ac02-0d40-4136-96dc-0557c2432f02 event_type=decision.completed aggregate_type=envelope aggregate_id=env-mark-fail topic=midas.decisions error="postgres connection lost"
2026/04/04 17:56:27 INFO outbox_batch_dispatched count=1 claimed=1
2026/04/04 17:56:27 WARN outbox_mark_published_failed event_id=0c33ac02-0d40-4136-96dc-0557c2432f02 event_type=decision.completed aggregate_type=envelope aggregate_id=env-mark-fail topic=midas.decisions error="postgres connection lost"
2026/04/04 17:56:27 INFO outbox_batch_dispatched count=1 claimed=1
2026/04/04 17:56:27 WARN outbox_mark_published_failed event_id=0c33ac02-0d40-4136-96dc-0557c2432f02 event_type=decision.completed aggregate_type=envelope aggregate_id=env-mark-fail topic=midas.decisions error="postgres connection lost"
2026/04/04 17:56:27 INFO outbox_batch_dispatched count=1 claimed=1
2026/04/04 17:56:27 WARN outbox_mark_published_failed event_id=0c33ac02-0d40-4136-96dc-0557c2432f02 event_type=decision.completed aggregate_type=envelope aggregate_id=env-mark-fail topic=midas.decisions error="postgres connection lost"
2026/04/04 17:56:27 INFO outbox_batch_dispatched count=1 claimed=1
2026/04/04 17:56:27 WARN outbox_mark_published_failed event_id=0c33ac02-0d40-4136-96dc-0557c2432f02 event_type=decision.completed aggregate_type=envelope aggregate_id=env-mark-fail topic=midas.decisions error="postgres connection lost"
2026/04/04 17:56:27 INFO outbox_batch_dispatched count=1 claimed=1
2026/04/04 17:56:27 WARN outbox_mark_published_failed event_id=0c33ac02-0d40-4136-96dc-0557c2432f02 event_type=decision.completed aggregate_type=envelope aggregate_id=env-mark-fail topic=midas.decisions error="postgres connection lost"
2026/04/04 17:56:27 INFO outbox_batch_dispatched count=1 claimed=1
2026/04/04 17:56:27 WARN outbox_mark_published_failed event_id=0c33ac02-0d40-4136-96dc-0557c2432f02 event_type=decision.completed aggregate_type=envelope aggregate_id=env-mark-fail topic=midas.decisions error="postgres connection lost"
2026/04/04 17:56:27 INFO outbox_batch_dispatched count=1 claimed=1
2026/04/04 17:56:27 WARN outbox_mark_published_failed event_id=0c33ac02-0d40-4136-96dc-0557c2432f02 event_type=decision.completed aggregate_type=envelope aggregate_id=env-mark-fail topic=midas.decisions error="postgres connection lost"
2026/04/04 17:56:27 INFO outbox_batch_dispatched count=1 claimed=1
2026/04/04 17:56:27 WARN outbox_mark_published_failed event_id=0c33ac02-0d40-4136-96dc-0557c2432f02 event_type=decision.completed aggregate_type=envelope aggregate_id=env-mark-fail topic=midas.decisions error="postgres connection lost"
2026/04/04 17:56:27 INFO outbox_batch_dispatched count=1 claimed=1
2026/04/04 17:56:27 WARN outbox_mark_published_failed event_id=0c33ac02-0d40-4136-96dc-0557c2432f02 event_type=decision.completed aggregate_type=envelope aggregate_id=env-mark-fail topic=midas.decisions error="postgres connection lost"
2026/04/04 17:56:27 INFO outbox_batch_dispatched count=1 claimed=1
2026/04/04 17:56:27 WARN outbox_mark_published_failed event_id=0c33ac02-0d40-4136-96dc-0557c2432f02 event_type=decision.completed aggregate_type=envelope aggregate_id=env-mark-fail topic=midas.decisions error="postgres connection lost"
2026/04/04 17:56:27 INFO outbox_batch_dispatched count=1 claimed=1
2026/04/04 17:56:27 WARN outbox_mark_published_failed event_id=0c33ac02-0d40-4136-96dc-0557c2432f02 event_type=decision.completed aggregate_type=envelope aggregate_id=env-mark-fail topic=midas.decisions error="postgres connection lost"
2026/04/04 17:56:27 INFO outbox_batch_dispatched count=1 claimed=1
2026/04/04 17:56:27 WARN outbox_mark_published_failed event_id=0c33ac02-0d40-4136-96dc-0557c2432f02 event_type=decision.completed aggregate_type=envelope aggregate_id=env-mark-fail topic=midas.decisions error="postgres connection lost"
2026/04/04 17:56:27 INFO outbox_batch_dispatched count=1 claimed=1
2026/04/04 17:56:27 WARN outbox_mark_published_failed event_id=0c33ac02-0d40-4136-96dc-0557c2432f02 event_type=decision.completed aggregate_type=envelope aggregate_id=env-mark-fail topic=midas.decisions error="postgres connection lost"
2026/04/04 17:56:27 INFO outbox_batch_dispatched count=1 claimed=1
2026/04/04 17:56:27 WARN outbox_mark_published_failed event_id=0c33ac02-0d40-4136-96dc-0557c2432f02 event_type=decision.completed aggregate_type=envelope aggregate_id=env-mark-fail topic=midas.decisions error="postgres connection lost"
2026/04/04 17:56:27 INFO outbox_batch_dispatched count=1 claimed=1
2026/04/04 17:56:27 WARN outbox_mark_published_failed event_id=0c33ac02-0d40-4136-96dc-0557c2432f02 event_type=decision.completed aggregate_type=envelope aggregate_id=env-mark-fail topic=midas.decisions error="postgres connection lost"
2026/04/04 17:56:27 INFO outbox_batch_dispatched count=1 claimed=1
2026/04/04 17:56:27 WARN outbox_mark_published_failed event_id=0c33ac02-0d40-4136-96dc-0557c2432f02 event_type=decision.completed aggregate_type=envelope aggregate_id=env-mark-fail topic=midas.decisions error="postgres connection lost"
2026/04/04 17:56:27 INFO outbox_batch_dispatched count=1 claimed=1
2026/04/04 17:56:27 WARN outbox_mark_published_failed event_id=0c33ac02-0d40-4136-96dc-0557c2432f02 event_type=decision.completed aggregate_type=envelope aggregate_id=env-mark-fail topic=midas.decisions error="postgres connection lost"
2026/04/04 17:56:27 INFO outbox_batch_dispatched count=1 claimed=1
2026/04/04 17:56:27 WARN outbox_mark_published_failed event_id=0c33ac02-0d40-4136-96dc-0557c2432f02 event_type=decision.completed aggregate_type=envelope aggregate_id=env-mark-fail topic=midas.decisions error="postgres connection lost"
2026/04/04 17:56:27 INFO outbox_batch_dispatched count=1 claimed=1
2026/04/04 17:56:27 WARN outbox_mark_published_failed event_id=0c33ac02-0d40-4136-96dc-0557c2432f02 event_type=decision.completed aggregate_type=envelope aggregate_id=env-mark-fail topic=midas.decisions error="postgres connection lost"
2026/04/04 17:56:27 INFO outbox_batch_dispatched count=1 claimed=1
2026/04/04 17:56:27 WARN outbox_mark_published_failed event_id=0c33ac02-0d40-4136-96dc-0557c2432f02 event_type=decision.completed aggregate_type=envelope aggregate_id=env-mark-fail topic=midas.decisions error="postgres connection lost"
2026/04/04 17:56:27 INFO outbox_batch_dispatched count=1 claimed=1
2026/04/04 17:56:27 WARN outbox_mark_published_failed event_id=0c33ac02-0d40-4136-96dc-0557c2432f02 event_type=decision.completed aggregate_type=envelope aggregate_id=env-mark-fail topic=midas.decisions error="postgres connection lost"
2026/04/04 17:56:27 INFO outbox_batch_dispatched count=1 claimed=1
2026/04/04 17:56:27 WARN outbox_mark_published_failed event_id=0c33ac02-0d40-4136-96dc-0557c2432f02 event_type=decision.completed aggregate_type=envelope aggregate_id=env-mark-fail topic=midas.decisions error="postgres connection lost"
2026/04/04 17:56:27 INFO outbox_batch_dispatched count=1 claimed=1
2026/04/04 17:56:27 WARN outbox_mark_published_failed event_id=0c33ac02-0d40-4136-96dc-0557c2432f02 event_type=decision.completed aggregate_type=envelope aggregate_id=env-mark-fail topic=midas.decisions error="postgres connection lost"
2026/04/04 17:56:27 INFO outbox_batch_dispatched count=1 claimed=1
2026/04/04 17:56:27 WARN outbox_mark_published_failed event_id=0c33ac02-0d40-4136-96dc-0557c2432f02 event_type=decision.completed aggregate_type=envelope aggregate_id=env-mark-fail topic=midas.decisions error="postgres connection lost"
2026/04/04 17:56:27 INFO outbox_batch_dispatched count=1 claimed=1
2026/04/04 17:56:27 WARN outbox_mark_published_failed event_id=0c33ac02-0d40-4136-96dc-0557c2432f02 event_type=decision.completed aggregate_type=envelope aggregate_id=env-mark-fail topic=midas.decisions error="postgres connection lost"
2026/04/04 17:56:27 INFO outbox_batch_dispatched count=1 claimed=1
2026/04/04 17:56:27 WARN outbox_mark_published_failed event_id=0c33ac02-0d40-4136-96dc-0557c2432f02 event_type=decision.completed aggregate_type=envelope aggregate_id=env-mark-fail topic=midas.decisions error="postgres connection lost"
2026/04/04 17:56:27 INFO outbox_batch_dispatched count=1 claimed=1
2026/04/04 17:56:27 WARN outbox_mark_published_failed event_id=0c33ac02-0d40-4136-96dc-0557c2432f02 event_type=decision.completed aggregate_type=envelope aggregate_id=env-mark-fail topic=midas.decisions error="postgres connection lost"
2026/04/04 17:56:27 INFO outbox_batch_dispatched count=1 claimed=1
2026/04/04 17:56:27 WARN outbox_mark_published_failed event_id=0c33ac02-0d40-4136-96dc-0557c2432f02 event_type=decision.completed aggregate_type=envelope aggregate_id=env-mark-fail topic=midas.decisions error="postgres connection lost"
2026/04/04 17:56:27 INFO outbox_batch_dispatched count=1 claimed=1
2026/04/04 17:56:27 WARN outbox_mark_published_failed event_id=0c33ac02-0d40-4136-96dc-0557c2432f02 event_type=decision.completed aggregate_type=envelope aggregate_id=env-mark-fail topic=midas.decisions error="postgres connection lost"
2026/04/04 17:56:27 INFO outbox_batch_dispatched count=1 claimed=1
2026/04/04 17:56:27 WARN outbox_mark_published_failed event_id=0c33ac02-0d40-4136-96dc-0557c2432f02 event_type=decision.completed aggregate_type=envelope aggregate_id=env-mark-fail topic=midas.decisions error="postgres connection lost"
2026/04/04 17:56:27 INFO outbox_batch_dispatched count=1 claimed=1
2026/04/04 17:56:27 WARN outbox_mark_published_failed event_id=0c33ac02-0d40-4136-96dc-0557c2432f02 event_type=decision.completed aggregate_type=envelope aggregate_id=env-mark-fail topic=midas.decisions error="postgres connection lost"
2026/04/04 17:56:27 INFO outbox_batch_dispatched count=1 claimed=1
2026/04/04 17:56:27 WARN outbox_mark_published_failed event_id=0c33ac02-0d40-4136-96dc-0557c2432f02 event_type=decision.completed aggregate_type=envelope aggregate_id=env-mark-fail topic=midas.decisions error="postgres connection lost"
2026/04/04 17:56:27 INFO outbox_batch_dispatched count=1 claimed=1
2026/04/04 17:56:27 WARN outbox_mark_published_failed event_id=0c33ac02-0d40-4136-96dc-0557c2432f02 event_type=decision.completed aggregate_type=envelope aggregate_id=env-mark-fail topic=midas.decisions error="postgres connection lost"
2026/04/04 17:56:27 INFO outbox_batch_dispatched count=1 claimed=1
2026/04/04 17:56:27 WARN outbox_mark_published_failed event_id=0c33ac02-0d40-4136-96dc-0557c2432f02 event_type=decision.completed aggregate_type=envelope aggregate_id=env-mark-fail topic=midas.decisions error="postgres connection lost"
2026/04/04 17:56:27 INFO outbox_batch_dispatched count=1 claimed=1
2026/04/04 17:56:27 WARN outbox_mark_published_failed event_id=0c33ac02-0d40-4136-96dc-0557c2432f02 event_type=decision.completed aggregate_type=envelope aggregate_id=env-mark-fail topic=midas.decisions error="postgres connection lost"
2026/04/04 17:56:27 INFO outbox_batch_dispatched count=1 claimed=1
2026/04/04 17:56:27 WARN outbox_mark_published_failed event_id=0c33ac02-0d40-4136-96dc-0557c2432f02 event_type=decision.completed aggregate_type=envelope aggregate_id=env-mark-fail topic=midas.decisions error="postgres connection lost"
2026/04/04 17:56:27 INFO outbox_batch_dispatched count=1 claimed=1
2026/04/04 17:56:27 WARN outbox_mark_published_failed event_id=0c33ac02-0d40-4136-96dc-0557c2432f02 event_type=decision.completed aggregate_type=envelope aggregate_id=env-mark-fail topic=midas.decisions error="postgres connection lost"
2026/04/04 17:56:27 INFO outbox_batch_dispatched count=1 claimed=1
2026/04/04 17:56:27 WARN outbox_mark_published_failed event_id=0c33ac02-0d40-4136-96dc-0557c2432f02 event_type=decision.completed aggregate_type=envelope aggregate_id=env-mark-fail topic=midas.decisions error="postgres connection lost"
2026/04/04 17:56:27 INFO outbox_batch_dispatched count=1 claimed=1
2026/04/04 17:56:27 WARN outbox_mark_published_failed event_id=0c33ac02-0d40-4136-96dc-0557c2432f02 event_type=decision.completed aggregate_type=envelope aggregate_id=env-mark-fail topic=midas.decisions error="postgres connection lost"
2026/04/04 17:56:27 INFO outbox_batch_dispatched count=1 claimed=1
2026/04/04 17:56:27 WARN outbox_mark_published_failed event_id=0c33ac02-0d40-4136-96dc-0557c2432f02 event_type=decision.completed aggregate_type=envelope aggregate_id=env-mark-fail topic=midas.decisions error="postgres connection lost"
2026/04/04 17:56:27 INFO outbox_batch_dispatched count=1 claimed=1
2026/04/04 17:56:27 WARN outbox_mark_published_failed event_id=0c33ac02-0d40-4136-96dc-0557c2432f02 event_type=decision.completed aggregate_type=envelope aggregate_id=env-mark-fail topic=midas.decisions error="postgres connection lost"
2026/04/04 17:56:27 INFO outbox_batch_dispatched count=1 claimed=1
2026/04/04 17:56:27 WARN outbox_mark_published_failed event_id=0c33ac02-0d40-4136-96dc-0557c2432f02 event_type=decision.completed aggregate_type=envelope aggregate_id=env-mark-fail topic=midas.decisions error="postgres connection lost"
2026/04/04 17:56:27 INFO outbox_batch_dispatched count=1 claimed=1
2026/04/04 17:56:27 WARN outbox_mark_published_failed event_id=0c33ac02-0d40-4136-96dc-0557c2432f02 event_type=decision.completed aggregate_type=envelope aggregate_id=env-mark-fail topic=midas.decisions error="postgres connection lost"
2026/04/04 17:56:27 INFO outbox_batch_dispatched count=1 claimed=1
2026/04/04 17:56:27 WARN outbox_mark_published_failed event_id=0c33ac02-0d40-4136-96dc-0557c2432f02 event_type=decision.completed aggregate_type=envelope aggregate_id=env-mark-fail topic=midas.decisions error="postgres connection lost"
2026/04/04 17:56:27 INFO outbox_batch_dispatched count=1 claimed=1
2026/04/04 17:56:27 WARN outbox_mark_published_failed event_id=0c33ac02-0d40-4136-96dc-0557c2432f02 event_type=decision.completed aggregate_type=envelope aggregate_id=env-mark-fail topic=midas.decisions error="postgres connection lost"
2026/04/04 17:56:27 INFO outbox_batch_dispatched count=1 claimed=1
2026/04/04 17:56:27 WARN outbox_mark_published_failed event_id=0c33ac02-0d40-4136-96dc-0557c2432f02 event_type=decision.completed aggregate_type=envelope aggregate_id=env-mark-fail topic=midas.decisions error="postgres connection lost"
2026/04/04 17:56:27 INFO outbox_batch_dispatched count=1 claimed=1
2026/04/04 17:56:27 WARN outbox_mark_published_failed event_id=0c33ac02-0d40-4136-96dc-0557c2432f02 event_type=decision.completed aggregate_type=envelope aggregate_id=env-mark-fail topic=midas.decisions error="postgres connection lost"
2026/04/04 17:56:27 INFO outbox_batch_dispatched count=1 claimed=1
2026/04/04 17:56:27 WARN outbox_mark_published_failed event_id=0c33ac02-0d40-4136-96dc-0557c2432f02 event_type=decision.completed aggregate_type=envelope aggregate_id=env-mark-fail topic=midas.decisions error="postgres connection lost"
2026/04/04 17:56:27 INFO outbox_batch_dispatched count=1 claimed=1
2026/04/04 17:56:27 WARN outbox_mark_published_failed event_id=0c33ac02-0d40-4136-96dc-0557c2432f02 event_type=decision.completed aggregate_type=envelope aggregate_id=env-mark-fail topic=midas.decisions error="postgres connection lost"
2026/04/04 17:56:27 INFO outbox_batch_dispatched count=1 claimed=1
2026/04/04 17:56:27 WARN outbox_mark_published_failed event_id=0c33ac02-0d40-4136-96dc-0557c2432f02 event_type=decision.completed aggregate_type=envelope aggregate_id=env-mark-fail topic=midas.decisions error="postgres connection lost"
2026/04/04 17:56:27 INFO outbox_batch_dispatched count=1 claimed=1
2026/04/04 17:56:27 WARN outbox_mark_published_failed event_id=0c33ac02-0d40-4136-96dc-0557c2432f02 event_type=decision.completed aggregate_type=envelope aggregate_id=env-mark-fail topic=midas.decisions error="postgres connection lost"
2026/04/04 17:56:27 INFO outbox_batch_dispatched count=1 claimed=1
2026/04/04 17:56:27 WARN outbox_mark_published_failed event_id=0c33ac02-0d40-4136-96dc-0557c2432f02 event_type=decision.completed aggregate_type=envelope aggregate_id=env-mark-fail topic=midas.decisions error="postgres connection lost"
2026/04/04 17:56:27 INFO outbox_batch_dispatched count=1 claimed=1
2026/04/04 17:56:27 WARN outbox_mark_published_failed event_id=0c33ac02-0d40-4136-96dc-0557c2432f02 event_type=decision.completed aggregate_type=envelope aggregate_id=env-mark-fail topic=midas.decisions error="postgres connection lost"
2026/04/04 17:56:27 INFO outbox_batch_dispatched count=1 claimed=1
2026/04/04 17:56:27 WARN outbox_mark_published_failed event_id=0c33ac02-0d40-4136-96dc-0557c2432f02 event_type=decision.completed aggregate_type=envelope aggregate_id=env-mark-fail topic=midas.decisions error="postgres connection lost"
2026/04/04 17:56:27 INFO outbox_batch_dispatched count=1 claimed=1
2026/04/04 17:56:27 WARN outbox_mark_published_failed event_id=0c33ac02-0d40-4136-96dc-0557c2432f02 event_type=decision.completed aggregate_type=envelope aggregate_id=env-mark-fail topic=midas.decisions error="postgres connection lost"
2026/04/04 17:56:27 INFO outbox_batch_dispatched count=1 claimed=1
2026/04/04 17:56:27 WARN outbox_mark_published_failed event_id=0c33ac02-0d40-4136-96dc-0557c2432f02 event_type=decision.completed aggregate_type=envelope aggregate_id=env-mark-fail topic=midas.decisions error="postgres connection lost"
2026/04/04 17:56:27 INFO outbox_batch_dispatched count=1 claimed=1
2026/04/04 17:56:27 WARN outbox_mark_published_failed event_id=0c33ac02-0d40-4136-96dc-0557c2432f02 event_type=decision.completed aggregate_type=envelope aggregate_id=env-mark-fail topic=midas.decisions error="postgres connection lost"
2026/04/04 17:56:27 INFO outbox_batch_dispatched count=1 claimed=1
2026/04/04 17:56:27 WARN outbox_mark_published_failed event_id=0c33ac02-0d40-4136-96dc-0557c2432f02 event_type=decision.completed aggregate_type=envelope aggregate_id=env-mark-fail topic=midas.decisions error="postgres connection lost"
2026/04/04 17:56:27 INFO outbox_batch_dispatched count=1 claimed=1
2026/04/04 17:56:27 WARN outbox_mark_published_failed event_id=0c33ac02-0d40-4136-96dc-0557c2432f02 event_type=decision.completed aggregate_type=envelope aggregate_id=env-mark-fail topic=midas.decisions error="postgres connection lost"
2026/04/04 17:56:27 INFO outbox_batch_dispatched count=1 claimed=1
2026/04/04 17:56:27 WARN outbox_mark_published_failed event_id=0c33ac02-0d40-4136-96dc-0557c2432f02 event_type=decision.completed aggregate_type=envelope aggregate_id=env-mark-fail topic=midas.decisions error="postgres connection lost"
2026/04/04 17:56:27 INFO outbox_batch_dispatched count=1 claimed=1
2026/04/04 17:56:27 WARN outbox_mark_published_failed event_id=0c33ac02-0d40-4136-96dc-0557c2432f02 event_type=decision.completed aggregate_type=envelope aggregate_id=env-mark-fail topic=midas.decisions error="postgres connection lost"
2026/04/04 17:56:27 INFO outbox_batch_dispatched count=1 claimed=1
2026/04/04 17:56:27 WARN outbox_mark_published_failed event_id=0c33ac02-0d40-4136-96dc-0557c2432f02 event_type=decision.completed aggregate_type=envelope aggregate_id=env-mark-fail topic=midas.decisions error="postgres connection lost"
2026/04/04 17:56:27 INFO outbox_batch_dispatched count=1 claimed=1
2026/04/04 17:56:27 WARN outbox_mark_published_failed event_id=0c33ac02-0d40-4136-96dc-0557c2432f02 event_type=decision.completed aggregate_type=envelope aggregate_id=env-mark-fail topic=midas.decisions error="postgres connection lost"
2026/04/04 17:56:27 INFO outbox_batch_dispatched count=1 claimed=1
2026/04/04 17:56:27 WARN outbox_mark_published_failed event_id=0c33ac02-0d40-4136-96dc-0557c2432f02 event_type=decision.completed aggregate_type=envelope aggregate_id=env-mark-fail topic=midas.decisions error="postgres connection lost"
2026/04/04 17:56:27 INFO outbox_batch_dispatched count=1 claimed=1
2026/04/04 17:56:27 WARN outbox_mark_published_failed event_id=0c33ac02-0d40-4136-96dc-0557c2432f02 event_type=decision.completed aggregate_type=envelope aggregate_id=env-mark-fail topic=midas.decisions error="postgres connection lost"
2026/04/04 17:56:27 INFO outbox_batch_dispatched count=1 claimed=1
2026/04/04 17:56:27 WARN outbox_mark_published_failed event_id=0c33ac02-0d40-4136-96dc-0557c2432f02 event_type=decision.completed aggregate_type=envelope aggregate_id=env-mark-fail topic=midas.decisions error="postgres connection lost"
2026/04/04 17:56:27 INFO outbox_batch_dispatched count=1 claimed=1
2026/04/04 17:56:27 WARN outbox_mark_published_failed event_id=0c33ac02-0d40-4136-96dc-0557c2432f02 event_type=decision.completed aggregate_type=envelope aggregate_id=env-mark-fail topic=midas.decisions error="postgres connection lost"
2026/04/04 17:56:27 INFO outbox_batch_dispatched count=1 claimed=1
2026/04/04 17:56:27 WARN outbox_mark_published_failed event_id=0c33ac02-0d40-4136-96dc-0557c2432f02 event_type=decision.completed aggregate_type=envelope aggregate_id=env-mark-fail topic=midas.decisions error="postgres connection lost"
2026/04/04 17:56:27 INFO outbox_batch_dispatched count=1 claimed=1
2026/04/04 17:56:27 WARN outbox_mark_published_failed event_id=0c33ac02-0d40-4136-96dc-0557c2432f02 event_type=decision.completed aggregate_type=envelope aggregate_id=env-mark-fail topic=midas.decisions error="postgres connection lost"
2026/04/04 17:56:27 INFO outbox_batch_dispatched count=1 claimed=1
2026/04/04 17:56:27 WARN outbox_mark_published_failed event_id=0c33ac02-0d40-4136-96dc-0557c2432f02 event_type=decision.completed aggregate_type=envelope aggregate_id=env-mark-fail topic=midas.decisions error="postgres connection lost"
2026/04/04 17:56:27 INFO outbox_batch_dispatched count=1 claimed=1
2026/04/04 17:56:27 WARN outbox_mark_published_failed event_id=0c33ac02-0d40-4136-96dc-0557c2432f02 event_type=decision.completed aggregate_type=envelope aggregate_id=env-mark-fail topic=midas.decisions error="postgres connection lost"
2026/04/04 17:56:27 INFO outbox_batch_dispatched count=1 claimed=1
2026/04/04 17:56:27 WARN outbox_mark_published_failed event_id=0c33ac02-0d40-4136-96dc-0557c2432f02 event_type=decision.completed aggregate_type=envelope aggregate_id=env-mark-fail topic=midas.decisions error="postgres connection lost"
2026/04/04 17:56:27 INFO outbox_batch_dispatched count=1 claimed=1
2026/04/04 17:56:27 WARN outbox_mark_published_failed event_id=0c33ac02-0d40-4136-96dc-0557c2432f02 event_type=decision.completed aggregate_type=envelope aggregate_id=env-mark-fail topic=midas.decisions error="postgres connection lost"
2026/04/04 17:56:27 INFO outbox_batch_dispatched count=1 claimed=1
2026/04/04 17:56:27 WARN outbox_mark_published_failed event_id=0c33ac02-0d40-4136-96dc-0557c2432f02 event_type=decision.completed aggregate_type=envelope aggregate_id=env-mark-fail topic=midas.decisions error="postgres connection lost"
2026/04/04 17:56:27 INFO outbox_batch_dispatched count=1 claimed=1
2026/04/04 17:56:27 WARN outbox_mark_published_failed event_id=0c33ac02-0d40-4136-96dc-0557c2432f02 event_type=decision.completed aggregate_type=envelope aggregate_id=env-mark-fail topic=midas.decisions error="postgres connection lost"
2026/04/04 17:56:27 INFO outbox_batch_dispatched count=1 claimed=1
2026/04/04 17:56:27 WARN outbox_mark_published_failed event_id=0c33ac02-0d40-4136-96dc-0557c2432f02 event_type=decision.completed aggregate_type=envelope aggregate_id=env-mark-fail topic=midas.decisions error="postgres connection lost"
2026/04/04 17:56:27 INFO outbox_batch_dispatched count=1 claimed=1
2026/04/04 17:56:27 WARN outbox_mark_published_failed event_id=0c33ac02-0d40-4136-96dc-0557c2432f02 event_type=decision.completed aggregate_type=envelope aggregate_id=env-mark-fail topic=midas.decisions error="postgres connection lost"
2026/04/04 17:56:27 INFO outbox_batch_dispatched count=1 claimed=1
2026/04/04 17:56:27 WARN outbox_mark_published_failed event_id=0c33ac02-0d40-4136-96dc-0557c2432f02 event_type=decision.completed aggregate_type=envelope aggregate_id=env-mark-fail topic=midas.decisions error="postgres connection lost"
2026/04/04 17:56:27 INFO outbox_batch_dispatched count=1 claimed=1
2026/04/04 17:56:27 WARN outbox_mark_published_failed event_id=0c33ac02-0d40-4136-96dc-0557c2432f02 event_type=decision.completed aggregate_type=envelope aggregate_id=env-mark-fail topic=midas.decisions error="postgres connection lost"
2026/04/04 17:56:27 INFO outbox_batch_dispatched count=1 claimed=1
2026/04/04 17:56:27 WARN outbox_mark_published_failed event_id=0c33ac02-0d40-4136-96dc-0557c2432f02 event_type=decision.completed aggregate_type=envelope aggregate_id=env-mark-fail topic=midas.decisions error="postgres connection lost"
2026/04/04 17:56:27 INFO outbox_batch_dispatched count=1 claimed=1
2026/04/04 17:56:27 WARN outbox_mark_published_failed event_id=0c33ac02-0d40-4136-96dc-0557c2432f02 event_type=decision.completed aggregate_type=envelope aggregate_id=env-mark-fail topic=midas.decisions error="postgres connection lost"
2026/04/04 17:56:27 INFO outbox_batch_dispatched count=1 claimed=1
2026/04/04 17:56:27 WARN outbox_mark_published_failed event_id=0c33ac02-0d40-4136-96dc-0557c2432f02 event_type=decision.completed aggregate_type=envelope aggregate_id=env-mark-fail topic=midas.decisions error="postgres connection lost"
2026/04/04 17:56:27 INFO outbox_batch_dispatched count=1 claimed=1
2026/04/04 17:56:27 WARN outbox_mark_published_failed event_id=0c33ac02-0d40-4136-96dc-0557c2432f02 event_type=decision.completed aggregate_type=envelope aggregate_id=env-mark-fail topic=midas.decisions error="postgres connection lost"
2026/04/04 17:56:27 INFO outbox_batch_dispatched count=1 claimed=1
2026/04/04 17:56:27 WARN outbox_mark_published_failed event_id=0c33ac02-0d40-4136-96dc-0557c2432f02 event_type=decision.completed aggregate_type=envelope aggregate_id=env-mark-fail topic=midas.decisions error="postgres connection lost"
2026/04/04 17:56:27 INFO outbox_batch_dispatched count=1 claimed=1
2026/04/04 17:56:27 WARN outbox_mark_published_failed event_id=0c33ac02-0d40-4136-96dc-0557c2432f02 event_type=decision.completed aggregate_type=envelope aggregate_id=env-mark-fail topic=midas.decisions error="postgres connection lost"
2026/04/04 17:56:27 INFO outbox_batch_dispatched count=1 claimed=1
2026/04/04 17:56:27 WARN outbox_mark_published_failed event_id=0c33ac02-0d40-4136-96dc-0557c2432f02 event_type=decision.completed aggregate_type=envelope aggregate_id=env-mark-fail topic=midas.decisions error="postgres connection lost"
2026/04/04 17:56:27 INFO outbox_batch_dispatched count=1 claimed=1
2026/04/04 17:56:27 WARN outbox_mark_published_failed event_id=0c33ac02-0d40-4136-96dc-0557c2432f02 event_type=decision.completed aggregate_type=envelope aggregate_id=env-mark-fail topic=midas.decisions error="postgres connection lost"
2026/04/04 17:56:27 INFO outbox_batch_dispatched count=1 claimed=1
2026/04/04 17:56:27 WARN outbox_mark_published_failed event_id=0c33ac02-0d40-4136-96dc-0557c2432f02 event_type=decision.completed aggregate_type=envelope aggregate_id=env-mark-fail topic=midas.decisions error="postgres connection lost"
2026/04/04 17:56:27 INFO outbox_batch_dispatched count=1 claimed=1
2026/04/04 17:56:27 WARN outbox_mark_published_failed event_id=0c33ac02-0d40-4136-96dc-0557c2432f02 event_type=decision.completed aggregate_type=envelope aggregate_id=env-mark-fail topic=midas.decisions error="postgres connection lost"
2026/04/04 17:56:27 INFO outbox_batch_dispatched count=1 claimed=1
2026/04/04 17:56:27 WARN outbox_mark_published_failed event_id=0c33ac02-0d40-4136-96dc-0557c2432f02 event_type=decision.completed aggregate_type=envelope aggregate_id=env-mark-fail topic=midas.decisions error="postgres connection lost"
2026/04/04 17:56:27 INFO outbox_batch_dispatched count=1 claimed=1
2026/04/04 17:56:27 WARN outbox_mark_published_failed event_id=0c33ac02-0d40-4136-96dc-0557c2432f02 event_type=decision.completed aggregate_type=envelope aggregate_id=env-mark-fail topic=midas.decisions error="postgres connection lost"
2026/04/04 17:56:27 INFO outbox_batch_dispatched count=1 claimed=1
2026/04/04 17:56:27 WARN outbox_mark_published_failed event_id=0c33ac02-0d40-4136-96dc-0557c2432f02 event_type=decision.completed aggregate_type=envelope aggregate_id=env-mark-fail topic=midas.decisions error="postgres connection lost"
2026/04/04 17:56:27 INFO outbox_batch_dispatched count=1 claimed=1
2026/04/04 17:56:27 WARN outbox_mark_published_failed event_id=0c33ac02-0d40-4136-96dc-0557c2432f02 event_type=decision.completed aggregate_type=envelope aggregate_id=env-mark-fail topic=midas.decisions error="postgres connection lost"
2026/04/04 17:56:27 INFO outbox_batch_dispatched count=1 claimed=1
2026/04/04 17:56:27 WARN outbox_mark_published_failed event_id=0c33ac02-0d40-4136-96dc-0557c2432f02 event_type=decision.completed aggregate_type=envelope aggregate_id=env-mark-fail topic=midas.decisions error="postgres connection lost"
2026/04/04 17:56:27 INFO outbox_batch_dispatched count=1 claimed=1
2026/04/04 17:56:27 WARN outbox_mark_published_failed event_id=0c33ac02-0d40-4136-96dc-0557c2432f02 event_type=decision.completed aggregate_type=envelope aggregate_id=env-mark-fail topic=midas.decisions error="postgres connection lost"
2026/04/04 17:56:27 INFO outbox_batch_dispatched count=1 claimed=1
2026/04/04 17:56:27 WARN outbox_mark_published_failed event_id=0c33ac02-0d40-4136-96dc-0557c2432f02 event_type=decision.completed aggregate_type=envelope aggregate_id=env-mark-fail topic=midas.decisions error="postgres connection lost"
2026/04/04 17:56:27 INFO outbox_batch_dispatched count=1 claimed=1
2026/04/04 17:56:27 WARN outbox_mark_published_failed event_id=0c33ac02-0d40-4136-96dc-0557c2432f02 event_type=decision.completed aggregate_type=envelope aggregate_id=env-mark-fail topic=midas.decisions error="postgres connection lost"
2026/04/04 17:56:27 INFO outbox_batch_dispatched count=1 claimed=1
2026/04/04 17:56:27 WARN outbox_mark_published_failed event_id=0c33ac02-0d40-4136-96dc-0557c2432f02 event_type=decision.completed aggregate_type=envelope aggregate_id=env-mark-fail topic=midas.decisions error="postgres connection lost"
2026/04/04 17:56:27 INFO outbox_batch_dispatched count=1 claimed=1
2026/04/04 17:56:27 WARN outbox_mark_published_failed event_id=0c33ac02-0d40-4136-96dc-0557c2432f02 event_type=decision.completed aggregate_type=envelope aggregate_id=env-mark-fail topic=midas.decisions error="postgres connection lost"
2026/04/04 17:56:27 INFO outbox_batch_dispatched count=1 claimed=1
2026/04/04 17:56:27 WARN outbox_mark_published_failed event_id=0c33ac02-0d40-4136-96dc-0557c2432f02 event_type=decision.completed aggregate_type=envelope aggregate_id=env-mark-fail topic=midas.decisions error="postgres connection lost"
2026/04/04 17:56:27 INFO outbox_batch_dispatched count=1 claimed=1
2026/04/04 17:56:27 WARN outbox_mark_published_failed event_id=0c33ac02-0d40-4136-96dc-0557c2432f02 event_type=decision.completed aggregate_type=envelope aggregate_id=env-mark-fail topic=midas.decisions error="postgres connection lost"
2026/04/04 17:56:27 INFO outbox_batch_dispatched count=1 claimed=1
2026/04/04 17:56:27 WARN outbox_mark_published_failed event_id=0c33ac02-0d40-4136-96dc-0557c2432f02 event_type=decision.completed aggregate_type=envelope aggregate_id=env-mark-fail topic=midas.decisions error="postgres connection lost"
2026/04/04 17:56:27 INFO outbox_batch_dispatched count=1 claimed=1
2026/04/04 17:56:27 WARN outbox_mark_published_failed event_id=0c33ac02-0d40-4136-96dc-0557c2432f02 event_type=decision.completed aggregate_type=envelope aggregate_id=env-mark-fail topic=midas.decisions error="postgres connection lost"
2026/04/04 17:56:27 INFO outbox_batch_dispatched count=1 claimed=1
2026/04/04 17:56:27 WARN outbox_mark_published_failed event_id=0c33ac02-0d40-4136-96dc-0557c2432f02 event_type=decision.completed aggregate_type=envelope aggregate_id=env-mark-fail topic=midas.decisions error="postgres connection lost"
2026/04/04 17:56:27 INFO outbox_batch_dispatched count=1 claimed=1
2026/04/04 17:56:27 WARN outbox_mark_published_failed event_id=0c33ac02-0d40-4136-96dc-0557c2432f02 event_type=decision.completed aggregate_type=envelope aggregate_id=env-mark-fail topic=midas.decisions error="postgres connection lost"
2026/04/04 17:56:27 INFO outbox_batch_dispatched count=1 claimed=1
2026/04/04 17:56:27 WARN outbox_mark_published_failed event_id=0c33ac02-0d40-4136-96dc-0557c2432f02 event_type=decision.completed aggregate_type=envelope aggregate_id=env-mark-fail topic=midas.decisions error="postgres connection lost"
2026/04/04 17:56:27 INFO outbox_batch_dispatched count=1 claimed=1
2026/04/04 17:56:27 WARN outbox_mark_published_failed event_id=0c33ac02-0d40-4136-96dc-0557c2432f02 event_type=decision.completed aggregate_type=envelope aggregate_id=env-mark-fail topic=midas.decisions error="postgres connection lost"
2026/04/04 17:56:27 INFO outbox_batch_dispatched count=1 claimed=1
2026/04/04 17:56:27 WARN outbox_mark_published_failed event_id=0c33ac02-0d40-4136-96dc-0557c2432f02 event_type=decision.completed aggregate_type=envelope aggregate_id=env-mark-fail topic=midas.decisions error="postgres connection lost"
2026/04/04 17:56:27 INFO outbox_batch_dispatched count=1 claimed=1
2026/04/04 17:56:27 WARN outbox_mark_published_failed event_id=0c33ac02-0d40-4136-96dc-0557c2432f02 event_type=decision.completed aggregate_type=envelope aggregate_id=env-mark-fail topic=midas.decisions error="postgres connection lost"
2026/04/04 17:56:27 INFO outbox_batch_dispatched count=1 claimed=1
2026/04/04 17:56:27 WARN outbox_mark_published_failed event_id=0c33ac02-0d40-4136-96dc-0557c2432f02 event_type=decision.completed aggregate_type=envelope aggregate_id=env-mark-fail topic=midas.decisions error="postgres connection lost"
2026/04/04 17:56:27 INFO outbox_batch_dispatched count=1 claimed=1
2026/04/04 17:56:27 WARN outbox_mark_published_failed event_id=0c33ac02-0d40-4136-96dc-0557c2432f02 event_type=decision.completed aggregate_type=envelope aggregate_id=env-mark-fail topic=midas.decisions error="postgres connection lost"
2026/04/04 17:56:27 INFO outbox_batch_dispatched count=1 claimed=1
2026/04/04 17:56:27 WARN outbox_mark_published_failed event_id=0c33ac02-0d40-4136-96dc-0557c2432f02 event_type=decision.completed aggregate_type=envelope aggregate_id=env-mark-fail topic=midas.decisions error="postgres connection lost"
2026/04/04 17:56:27 INFO outbox_batch_dispatched count=1 claimed=1
2026/04/04 17:56:27 WARN outbox_mark_published_failed event_id=0c33ac02-0d40-4136-96dc-0557c2432f02 event_type=decision.completed aggregate_type=envelope aggregate_id=env-mark-fail topic=midas.decisions error="postgres connection lost"
2026/04/04 17:56:27 INFO outbox_batch_dispatched count=1 claimed=1
2026/04/04 17:56:27 WARN outbox_mark_published_failed event_id=0c33ac02-0d40-4136-96dc-0557c2432f02 event_type=decision.completed aggregate_type=envelope aggregate_id=env-mark-fail topic=midas.decisions error="postgres connection lost"
2026/04/04 17:56:27 INFO outbox_batch_dispatched count=1 claimed=1
2026/04/04 17:56:27 WARN outbox_mark_published_failed event_id=0c33ac02-0d40-4136-96dc-0557c2432f02 event_type=decision.completed aggregate_type=envelope aggregate_id=env-mark-fail topic=midas.decisions error="postgres connection lost"
2026/04/04 17:56:27 INFO outbox_batch_dispatched count=1 claimed=1
2026/04/04 17:56:27 WARN outbox_mark_published_failed event_id=0c33ac02-0d40-4136-96dc-0557c2432f02 event_type=decision.completed aggregate_type=envelope aggregate_id=env-mark-fail topic=midas.decisions error="postgres connection lost"
2026/04/04 17:56:27 INFO outbox_batch_dispatched count=1 claimed=1
2026/04/04 17:56:27 WARN outbox_mark_published_failed event_id=0c33ac02-0d40-4136-96dc-0557c2432f02 event_type=decision.completed aggregate_type=envelope aggregate_id=env-mark-fail topic=midas.decisions error="postgres connection lost"
2026/04/04 17:56:27 INFO outbox_batch_dispatched count=1 claimed=1
2026/04/04 17:56:27 WARN outbox_mark_published_failed event_id=0c33ac02-0d40-4136-96dc-0557c2432f02 event_type=decision.completed aggregate_type=envelope aggregate_id=env-mark-fail topic=midas.decisions error="postgres connection lost"
2026/04/04 17:56:27 INFO outbox_batch_dispatched count=1 claimed=1
2026/04/04 17:56:27 WARN outbox_mark_published_failed event_id=0c33ac02-0d40-4136-96dc-0557c2432f02 event_type=decision.completed aggregate_type=envelope aggregate_id=env-mark-fail topic=midas.decisions error="postgres connection lost"
2026/04/04 17:56:27 INFO outbox_batch_dispatched count=1 claimed=1
2026/04/04 17:56:27 WARN outbox_mark_published_failed event_id=0c33ac02-0d40-4136-96dc-0557c2432f02 event_type=decision.completed aggregate_type=envelope aggregate_id=env-mark-fail topic=midas.decisions error="postgres connection lost"
2026/04/04 17:56:27 INFO outbox_batch_dispatched count=1 claimed=1
2026/04/04 17:56:27 WARN outbox_mark_published_failed event_id=0c33ac02-0d40-4136-96dc-0557c2432f02 event_type=decision.completed aggregate_type=envelope aggregate_id=env-mark-fail topic=midas.decisions error="postgres connection lost"
2026/04/04 17:56:27 INFO outbox_batch_dispatched count=1 claimed=1
2026/04/04 17:56:27 WARN outbox_mark_published_failed event_id=0c33ac02-0d40-4136-96dc-0557c2432f02 event_type=decision.completed aggregate_type=envelope aggregate_id=env-mark-fail topic=midas.decisions error="postgres connection lost"
2026/04/04 17:56:27 INFO outbox_batch_dispatched count=1 claimed=1
2026/04/04 17:56:27 WARN outbox_mark_published_failed event_id=0c33ac02-0d40-4136-96dc-0557c2432f02 event_type=decision.completed aggregate_type=envelope aggregate_id=env-mark-fail topic=midas.decisions error="postgres connection lost"
2026/04/04 17:56:27 INFO outbox_batch_dispatched count=1 claimed=1
2026/04/04 17:56:27 WARN outbox_mark_published_failed event_id=0c33ac02-0d40-4136-96dc-0557c2432f02 event_type=decision.completed aggregate_type=envelope aggregate_id=env-mark-fail topic=midas.decisions error="postgres connection lost"
2026/04/04 17:56:27 INFO outbox_batch_dispatched count=1 claimed=1
2026/04/04 17:56:27 WARN outbox_mark_published_failed event_id=0c33ac02-0d40-4136-96dc-0557c2432f02 event_type=decision.completed aggregate_type=envelope aggregate_id=env-mark-fail topic=midas.decisions error="postgres connection lost"
2026/04/04 17:56:27 INFO outbox_batch_dispatched count=1 claimed=1
2026/04/04 17:56:27 WARN outbox_mark_published_failed event_id=0c33ac02-0d40-4136-96dc-0557c2432f02 event_type=decision.completed aggregate_type=envelope aggregate_id=env-mark-fail topic=midas.decisions error="postgres connection lost"
2026/04/04 17:56:27 INFO outbox_batch_dispatched count=1 claimed=1
2026/04/04 17:56:27 WARN outbox_mark_published_failed event_id=0c33ac02-0d40-4136-96dc-0557c2432f02 event_type=decision.completed aggregate_type=envelope aggregate_id=env-mark-fail topic=midas.decisions error="postgres connection lost"
2026/04/04 17:56:27 INFO outbox_batch_dispatched count=1 claimed=1
2026/04/04 17:56:27 WARN outbox_mark_published_failed event_id=0c33ac02-0d40-4136-96dc-0557c2432f02 event_type=decision.completed aggregate_type=envelope aggregate_id=env-mark-fail topic=midas.decisions error="postgres connection lost"
2026/04/04 17:56:27 INFO outbox_batch_dispatched count=1 claimed=1
2026/04/04 17:56:27 WARN outbox_mark_published_failed event_id=0c33ac02-0d40-4136-96dc-0557c2432f02 event_type=decision.completed aggregate_type=envelope aggregate_id=env-mark-fail topic=midas.decisions error="postgres connection lost"
2026/04/04 17:56:27 INFO outbox_batch_dispatched count=1 claimed=1
2026/04/04 17:56:27 WARN outbox_mark_published_failed event_id=0c33ac02-0d40-4136-96dc-0557c2432f02 event_type=decision.completed aggregate_type=envelope aggregate_id=env-mark-fail topic=midas.decisions error="postgres connection lost"
2026/04/04 17:56:27 INFO outbox_batch_dispatched count=1 claimed=1
2026/04/04 17:56:27 WARN outbox_mark_published_failed event_id=0c33ac02-0d40-4136-96dc-0557c2432f02 event_type=decision.completed aggregate_type=envelope aggregate_id=env-mark-fail topic=midas.decisions error="postgres connection lost"
2026/04/04 17:56:27 INFO outbox_batch_dispatched count=1 claimed=1
2026/04/04 17:56:27 WARN outbox_mark_published_failed event_id=0c33ac02-0d40-4136-96dc-0557c2432f02 event_type=decision.completed aggregate_type=envelope aggregate_id=env-mark-fail topic=midas.decisions error="postgres connection lost"
2026/04/04 17:56:27 INFO outbox_batch_dispatched count=1 claimed=1
2026/04/04 17:56:27 WARN outbox_mark_published_failed event_id=0c33ac02-0d40-4136-96dc-0557c2432f02 event_type=decision.completed aggregate_type=envelope aggregate_id=env-mark-fail topic=midas.decisions error="postgres connection lost"
2026/04/04 17:56:27 INFO outbox_batch_dispatched count=1 claimed=1
2026/04/04 17:56:27 WARN outbox_mark_published_failed event_id=0c33ac02-0d40-4136-96dc-0557c2432f02 event_type=decision.completed aggregate_type=envelope aggregate_id=env-mark-fail topic=midas.decisions error="postgres connection lost"
2026/04/04 17:56:27 INFO outbox_batch_dispatched count=1 claimed=1
2026/04/04 17:56:27 WARN outbox_mark_published_failed event_id=0c33ac02-0d40-4136-96dc-0557c2432f02 event_type=decision.completed aggregate_type=envelope aggregate_id=env-mark-fail topic=midas.decisions error="postgres connection lost"
2026/04/04 17:56:27 INFO outbox_batch_dispatched count=1 claimed=1
2026/04/04 17:56:27 WARN outbox_mark_published_failed event_id=0c33ac02-0d40-4136-96dc-0557c2432f02 event_type=decision.completed aggregate_type=envelope aggregate_id=env-mark-fail topic=midas.decisions error="postgres connection lost"
2026/04/04 17:56:27 INFO outbox_batch_dispatched count=1 claimed=1
2026/04/04 17:56:27 WARN outbox_mark_published_failed event_id=0c33ac02-0d40-4136-96dc-0557c2432f02 event_type=decision.completed aggregate_type=envelope aggregate_id=env-mark-fail topic=midas.decisions error="postgres connection lost"
2026/04/04 17:56:27 INFO outbox_batch_dispatched count=1 claimed=1
2026/04/04 17:56:27 WARN outbox_mark_published_failed event_id=0c33ac02-0d40-4136-96dc-0557c2432f02 event_type=decision.completed aggregate_type=envelope aggregate_id=env-mark-fail topic=midas.decisions error="postgres connection lost"
2026/04/04 17:56:27 INFO outbox_batch_dispatched count=1 claimed=1
2026/04/04 17:56:27 WARN outbox_mark_published_failed event_id=0c33ac02-0d40-4136-96dc-0557c2432f02 event_type=decision.completed aggregate_type=envelope aggregate_id=env-mark-fail topic=midas.decisions error="postgres connection lost"
2026/04/04 17:56:27 INFO outbox_batch_dispatched count=1 claimed=1
2026/04/04 17:56:27 WARN outbox_mark_published_failed event_id=0c33ac02-0d40-4136-96dc-0557c2432f02 event_type=decision.completed aggregate_type=envelope aggregate_id=env-mark-fail topic=midas.decisions error="postgres connection lost"
2026/04/04 17:56:27 INFO outbox_batch_dispatched count=1 claimed=1
2026/04/04 17:56:27 WARN outbox_mark_published_failed event_id=0c33ac02-0d40-4136-96dc-0557c2432f02 event_type=decision.completed aggregate_type=envelope aggregate_id=env-mark-fail topic=midas.decisions error="postgres connection lost"
2026/04/04 17:56:27 INFO outbox_batch_dispatched count=1 claimed=1
2026/04/04 17:56:27 WARN outbox_mark_published_failed event_id=0c33ac02-0d40-4136-96dc-0557c2432f02 event_type=decision.completed aggregate_type=envelope aggregate_id=env-mark-fail topic=midas.decisions error="postgres connection lost"
2026/04/04 17:56:27 INFO outbox_batch_dispatched count=1 claimed=1
2026/04/04 17:56:27 WARN outbox_mark_published_failed event_id=0c33ac02-0d40-4136-96dc-0557c2432f02 event_type=decision.completed aggregate_type=envelope aggregate_id=env-mark-fail topic=midas.decisions error="postgres connection lost"
2026/04/04 17:56:27 INFO outbox_batch_dispatched count=1 claimed=1
2026/04/04 17:56:27 WARN outbox_mark_published_failed event_id=0c33ac02-0d40-4136-96dc-0557c2432f02 event_type=decision.completed aggregate_type=envelope aggregate_id=env-mark-fail topic=midas.decisions error="postgres connection lost"
2026/04/04 17:56:27 INFO outbox_batch_dispatched count=1 claimed=1
2026/04/04 17:56:27 WARN outbox_mark_published_failed event_id=0c33ac02-0d40-4136-96dc-0557c2432f02 event_type=decision.completed aggregate_type=envelope aggregate_id=env-mark-fail topic=midas.decisions error="postgres connection lost"
2026/04/04 17:56:27 INFO outbox_batch_dispatched count=1 claimed=1
2026/04/04 17:56:27 WARN outbox_mark_published_failed event_id=0c33ac02-0d40-4136-96dc-0557c2432f02 event_type=decision.completed aggregate_type=envelope aggregate_id=env-mark-fail topic=midas.decisions error="postgres connection lost"
2026/04/04 17:56:27 INFO outbox_batch_dispatched count=1 claimed=1
2026/04/04 17:56:27 WARN outbox_mark_published_failed event_id=0c33ac02-0d40-4136-96dc-0557c2432f02 event_type=decision.completed aggregate_type=envelope aggregate_id=env-mark-fail topic=midas.decisions error="postgres connection lost"
2026/04/04 17:56:27 INFO outbox_batch_dispatched count=1 claimed=1
2026/04/04 17:56:27 WARN outbox_mark_published_failed event_id=0c33ac02-0d40-4136-96dc-0557c2432f02 event_type=decision.completed aggregate_type=envelope aggregate_id=env-mark-fail topic=midas.decisions error="postgres connection lost"
2026/04/04 17:56:27 INFO outbox_batch_dispatched count=1 claimed=1
2026/04/04 17:56:27 WARN outbox_mark_published_failed event_id=0c33ac02-0d40-4136-96dc-0557c2432f02 event_type=decision.completed aggregate_type=envelope aggregate_id=env-mark-fail topic=midas.decisions error="postgres connection lost"
2026/04/04 17:56:27 INFO outbox_batch_dispatched count=1 claimed=1
2026/04/04 17:56:27 WARN outbox_mark_published_failed event_id=0c33ac02-0d40-4136-96dc-0557c2432f02 event_type=decision.completed aggregate_type=envelope aggregate_id=env-mark-fail topic=midas.decisions error="postgres connection lost"
2026/04/04 17:56:27 INFO outbox_batch_dispatched count=1 claimed=1
2026/04/04 17:56:27 WARN outbox_mark_published_failed event_id=0c33ac02-0d40-4136-96dc-0557c2432f02 event_type=decision.completed aggregate_type=envelope aggregate_id=env-mark-fail topic=midas.decisions error="postgres connection lost"
2026/04/04 17:56:27 INFO outbox_batch_dispatched count=1 claimed=1
2026/04/04 17:56:27 WARN outbox_mark_published_failed event_id=0c33ac02-0d40-4136-96dc-0557c2432f02 event_type=decision.completed aggregate_type=envelope aggregate_id=env-mark-fail topic=midas.decisions error="postgres connection lost"
2026/04/04 17:56:27 INFO outbox_batch_dispatched count=1 claimed=1
2026/04/04 17:56:27 WARN outbox_mark_published_failed event_id=0c33ac02-0d40-4136-96dc-0557c2432f02 event_type=decision.completed aggregate_type=envelope aggregate_id=env-mark-fail topic=midas.decisions error="postgres connection lost"
2026/04/04 17:56:27 INFO outbox_batch_dispatched count=1 claimed=1
2026/04/04 17:56:27 WARN outbox_mark_published_failed event_id=0c33ac02-0d40-4136-96dc-0557c2432f02 event_type=decision.completed aggregate_type=envelope aggregate_id=env-mark-fail topic=midas.decisions error="postgres connection lost"
2026/04/04 17:56:27 INFO outbox_batch_dispatched count=1 claimed=1
2026/04/04 17:56:27 WARN outbox_mark_published_failed event_id=0c33ac02-0d40-4136-96dc-0557c2432f02 event_type=decision.completed aggregate_type=envelope aggregate_id=env-mark-fail topic=midas.decisions error="postgres connection lost"
2026/04/04 17:56:27 INFO outbox_batch_dispatched count=1 claimed=1
2026/04/04 17:56:27 WARN outbox_mark_published_failed event_id=0c33ac02-0d40-4136-96dc-0557c2432f02 event_type=decision.completed aggregate_type=envelope aggregate_id=env-mark-fail topic=midas.decisions error="postgres connection lost"
2026/04/04 17:56:27 INFO outbox_batch_dispatched count=1 claimed=1
2026/04/04 17:56:27 WARN outbox_mark_published_failed event_id=0c33ac02-0d40-4136-96dc-0557c2432f02 event_type=decision.completed aggregate_type=envelope aggregate_id=env-mark-fail topic=midas.decisions error="postgres connection lost"
2026/04/04 17:56:27 INFO outbox_batch_dispatched count=1 claimed=1
2026/04/04 17:56:27 WARN outbox_mark_published_failed event_id=0c33ac02-0d40-4136-96dc-0557c2432f02 event_type=decision.completed aggregate_type=envelope aggregate_id=env-mark-fail topic=midas.decisions error="postgres connection lost"
2026/04/04 17:56:27 INFO outbox_batch_dispatched count=1 claimed=1
2026/04/04 17:56:27 WARN outbox_mark_published_failed event_id=0c33ac02-0d40-4136-96dc-0557c2432f02 event_type=decision.completed aggregate_type=envelope aggregate_id=env-mark-fail topic=midas.decisions error="postgres connection lost"
2026/04/04 17:56:27 INFO outbox_batch_dispatched count=1 claimed=1
2026/04/04 17:56:27 WARN outbox_mark_published_failed event_id=0c33ac02-0d40-4136-96dc-0557c2432f02 event_type=decision.completed aggregate_type=envelope aggregate_id=env-mark-fail topic=midas.decisions error="postgres connection lost"
2026/04/04 17:56:27 INFO outbox_batch_dispatched count=1 claimed=1
2026/04/04 17:56:27 WARN outbox_mark_published_failed event_id=0c33ac02-0d40-4136-96dc-0557c2432f02 event_type=decision.completed aggregate_type=envelope aggregate_id=env-mark-fail topic=midas.decisions error="postgres connection lost"
2026/04/04 17:56:27 INFO outbox_batch_dispatched count=1 claimed=1
2026/04/04 17:56:27 WARN outbox_mark_published_failed event_id=0c33ac02-0d40-4136-96dc-0557c2432f02 event_type=decision.completed aggregate_type=envelope aggregate_id=env-mark-fail topic=midas.decisions error="postgres connection lost"
2026/04/04 17:56:27 INFO outbox_batch_dispatched count=1 claimed=1
2026/04/04 17:56:27 WARN outbox_mark_published_failed event_id=0c33ac02-0d40-4136-96dc-0557c2432f02 event_type=decision.completed aggregate_type=envelope aggregate_id=env-mark-fail topic=midas.decisions error="postgres connection lost"
2026/04/04 17:56:27 INFO outbox_batch_dispatched count=1 claimed=1
2026/04/04 17:56:27 WARN outbox_mark_published_failed event_id=0c33ac02-0d40-4136-96dc-0557c2432f02 event_type=decision.completed aggregate_type=envelope aggregate_id=env-mark-fail topic=midas.decisions error="postgres connection lost"
2026/04/04 17:56:27 INFO outbox_batch_dispatched count=1 claimed=1
2026/04/04 17:56:27 WARN outbox_mark_published_failed event_id=0c33ac02-0d40-4136-96dc-0557c2432f02 event_type=decision.completed aggregate_type=envelope aggregate_id=env-mark-fail topic=midas.decisions error="postgres connection lost"
2026/04/04 17:56:27 INFO outbox_batch_dispatched count=1 claimed=1
2026/04/04 17:56:27 WARN outbox_mark_published_failed event_id=0c33ac02-0d40-4136-96dc-0557c2432f02 event_type=decision.completed aggregate_type=envelope aggregate_id=env-mark-fail topic=midas.decisions error="postgres connection lost"
2026/04/04 17:56:27 INFO outbox_batch_dispatched count=1 claimed=1
2026/04/04 17:56:27 WARN outbox_mark_published_failed event_id=0c33ac02-0d40-4136-96dc-0557c2432f02 event_type=decision.completed aggregate_type=envelope aggregate_id=env-mark-fail topic=midas.decisions error="postgres connection lost"
2026/04/04 17:56:27 INFO outbox_batch_dispatched count=1 claimed=1
2026/04/04 17:56:27 WARN outbox_mark_published_failed event_id=0c33ac02-0d40-4136-96dc-0557c2432f02 event_type=decision.completed aggregate_type=envelope aggregate_id=env-mark-fail topic=midas.decisions error="postgres connection lost"
2026/04/04 17:56:27 INFO outbox_batch_dispatched count=1 claimed=1
2026/04/04 17:56:27 WARN outbox_mark_published_failed event_id=0c33ac02-0d40-4136-96dc-0557c2432f02 event_type=decision.completed aggregate_type=envelope aggregate_id=env-mark-fail topic=midas.decisions error="postgres connection lost"
2026/04/04 17:56:27 INFO outbox_batch_dispatched count=1 claimed=1
2026/04/04 17:56:27 WARN outbox_mark_published_failed event_id=0c33ac02-0d40-4136-96dc-0557c2432f02 event_type=decision.completed aggregate_type=envelope aggregate_id=env-mark-fail topic=midas.decisions error="postgres connection lost"
2026/04/04 17:56:27 INFO outbox_batch_dispatched count=1 claimed=1
2026/04/04 17:56:27 WARN outbox_mark_published_failed event_id=0c33ac02-0d40-4136-96dc-0557c2432f02 event_type=decision.completed aggregate_type=envelope aggregate_id=env-mark-fail topic=midas.decisions error="postgres connection lost"
2026/04/04 17:56:27 INFO outbox_batch_dispatched count=1 claimed=1
2026/04/04 17:56:27 WARN outbox_mark_published_failed event_id=0c33ac02-0d40-4136-96dc-0557c2432f02 event_type=decision.completed aggregate_type=envelope aggregate_id=env-mark-fail topic=midas.decisions error="postgres connection lost"
2026/04/04 17:56:27 INFO outbox_batch_dispatched count=1 claimed=1
2026/04/04 17:56:27 WARN outbox_mark_published_failed event_id=0c33ac02-0d40-4136-96dc-0557c2432f02 event_type=decision.completed aggregate_type=envelope aggregate_id=env-mark-fail topic=midas.decisions error="postgres connection lost"
2026/04/04 17:56:27 INFO outbox_batch_dispatched count=1 claimed=1
2026/04/04 17:56:27 WARN outbox_mark_published_failed event_id=0c33ac02-0d40-4136-96dc-0557c2432f02 event_type=decision.completed aggregate_type=envelope aggregate_id=env-mark-fail topic=midas.decisions error="postgres connection lost"
2026/04/04 17:56:27 INFO outbox_batch_dispatched count=1 claimed=1
2026/04/04 17:56:27 WARN outbox_mark_published_failed event_id=0c33ac02-0d40-4136-96dc-0557c2432f02 event_type=decision.completed aggregate_type=envelope aggregate_id=env-mark-fail topic=midas.decisions error="postgres connection lost"
2026/04/04 17:56:27 INFO outbox_batch_dispatched count=1 claimed=1
2026/04/04 17:56:27 WARN outbox_mark_published_failed event_id=0c33ac02-0d40-4136-96dc-0557c2432f02 event_type=decision.completed aggregate_type=envelope aggregate_id=env-mark-fail topic=midas.decisions error="postgres connection lost"
2026/04/04 17:56:27 INFO outbox_batch_dispatched count=1 claimed=1
2026/04/04 17:56:27 WARN outbox_mark_published_failed event_id=0c33ac02-0d40-4136-96dc-0557c2432f02 event_type=decision.completed aggregate_type=envelope aggregate_id=env-mark-fail topic=midas.decisions error="postgres connection lost"
2026/04/04 17:56:27 INFO outbox_batch_dispatched count=1 claimed=1
2026/04/04 17:56:27 WARN outbox_mark_published_failed event_id=0c33ac02-0d40-4136-96dc-0557c2432f02 event_type=decision.completed aggregate_type=envelope aggregate_id=env-mark-fail topic=midas.decisions error="postgres connection lost"
2026/04/04 17:56:27 INFO outbox_batch_dispatched count=1 claimed=1
2026/04/04 17:56:27 WARN outbox_mark_published_failed event_id=0c33ac02-0d40-4136-96dc-0557c2432f02 event_type=decision.completed aggregate_type=envelope aggregate_id=env-mark-fail topic=midas.decisions error="postgres connection lost"
2026/04/04 17:56:27 INFO outbox_batch_dispatched count=1 claimed=1
2026/04/04 17:56:27 WARN outbox_mark_published_failed event_id=0c33ac02-0d40-4136-96dc-0557c2432f02 event_type=decision.completed aggregate_type=envelope aggregate_id=env-mark-fail topic=midas.decisions error="postgres connection lost"
2026/04/04 17:56:27 INFO outbox_batch_dispatched count=1 claimed=1
2026/04/04 17:56:27 WARN outbox_mark_published_failed event_id=0c33ac02-0d40-4136-96dc-0557c2432f02 event_type=decision.completed aggregate_type=envelope aggregate_id=env-mark-fail topic=midas.decisions error="postgres connection lost"
2026/04/04 17:56:27 INFO outbox_batch_dispatched count=1 claimed=1
2026/04/04 17:56:27 WARN outbox_mark_published_failed event_id=0c33ac02-0d40-4136-96dc-0557c2432f02 event_type=decision.completed aggregate_type=envelope aggregate_id=env-mark-fail topic=midas.decisions error="postgres connection lost"
2026/04/04 17:56:27 INFO outbox_batch_dispatched count=1 claimed=1
2026/04/04 17:56:27 WARN outbox_mark_published_failed event_id=0c33ac02-0d40-4136-96dc-0557c2432f02 event_type=decision.completed aggregate_type=envelope aggregate_id=env-mark-fail topic=midas.decisions error="postgres connection lost"
2026/04/04 17:56:27 INFO outbox_batch_dispatched count=1 claimed=1
2026/04/04 17:56:27 WARN outbox_mark_published_failed event_id=0c33ac02-0d40-4136-96dc-0557c2432f02 event_type=decision.completed aggregate_type=envelope aggregate_id=env-mark-fail topic=midas.decisions error="postgres connection lost"
2026/04/04 17:56:27 INFO outbox_batch_dispatched count=1 claimed=1
2026/04/04 17:56:27 WARN outbox_mark_published_failed event_id=0c33ac02-0d40-4136-96dc-0557c2432f02 event_type=decision.completed aggregate_type=envelope aggregate_id=env-mark-fail topic=midas.decisions error="postgres connection lost"
2026/04/04 17:56:27 INFO outbox_batch_dispatched count=1 claimed=1
2026/04/04 17:56:27 WARN outbox_mark_published_failed event_id=0c33ac02-0d40-4136-96dc-0557c2432f02 event_type=decision.completed aggregate_type=envelope aggregate_id=env-mark-fail topic=midas.decisions error="postgres connection lost"
2026/04/04 17:56:27 INFO outbox_batch_dispatched count=1 claimed=1
2026/04/04 17:56:27 WARN outbox_mark_published_failed event_id=0c33ac02-0d40-4136-96dc-0557c2432f02 event_type=decision.completed aggregate_type=envelope aggregate_id=env-mark-fail topic=midas.decisions error="postgres connection lost"
2026/04/04 17:56:27 INFO outbox_batch_dispatched count=1 claimed=1
2026/04/04 17:56:27 WARN outbox_mark_published_failed event_id=0c33ac02-0d40-4136-96dc-0557c2432f02 event_type=decision.completed aggregate_type=envelope aggregate_id=env-mark-fail topic=midas.decisions error="postgres connection lost"
2026/04/04 17:56:27 INFO outbox_batch_dispatched count=1 claimed=1
2026/04/04 17:56:27 WARN outbox_mark_published_failed event_id=0c33ac02-0d40-4136-96dc-0557c2432f02 event_type=decision.completed aggregate_type=envelope aggregate_id=env-mark-fail topic=midas.decisions error="postgres connection lost"
2026/04/04 17:56:27 INFO outbox_batch_dispatched count=1 claimed=1
2026/04/04 17:56:27 WARN outbox_mark_published_failed event_id=0c33ac02-0d40-4136-96dc-0557c2432f02 event_type=decision.completed aggregate_type=envelope aggregate_id=env-mark-fail topic=midas.decisions error="postgres connection lost"
2026/04/04 17:56:27 INFO outbox_batch_dispatched count=1 claimed=1
2026/04/04 17:56:27 WARN outbox_mark_published_failed event_id=0c33ac02-0d40-4136-96dc-0557c2432f02 event_type=decision.completed aggregate_type=envelope aggregate_id=env-mark-fail topic=midas.decisions error="postgres connection lost"
2026/04/04 17:56:27 INFO outbox_batch_dispatched count=1 claimed=1
2026/04/04 17:56:27 WARN outbox_mark_published_failed event_id=0c33ac02-0d40-4136-96dc-0557c2432f02 event_type=decision.completed aggregate_type=envelope aggregate_id=env-mark-fail topic=midas.decisions error="postgres connection lost"
2026/04/04 17:56:27 INFO outbox_batch_dispatched count=1 claimed=1
2026/04/04 17:56:27 WARN outbox_mark_published_failed event_id=0c33ac02-0d40-4136-96dc-0557c2432f02 event_type=decision.completed aggregate_type=envelope aggregate_id=env-mark-fail topic=midas.decisions error="postgres connection lost"
2026/04/04 17:56:27 INFO outbox_batch_dispatched count=1 claimed=1
2026/04/04 17:56:27 WARN outbox_mark_published_failed event_id=0c33ac02-0d40-4136-96dc-0557c2432f02 event_type=decision.completed aggregate_type=envelope aggregate_id=env-mark-fail topic=midas.decisions error="postgres connection lost"
2026/04/04 17:56:27 INFO outbox_batch_dispatched count=1 claimed=1
2026/04/04 17:56:27 WARN outbox_mark_published_failed event_id=0c33ac02-0d40-4136-96dc-0557c2432f02 event_type=decision.completed aggregate_type=envelope aggregate_id=env-mark-fail topic=midas.decisions error="postgres connection lost"
2026/04/04 17:56:27 INFO outbox_batch_dispatched count=1 claimed=1
2026/04/04 17:56:27 WARN outbox_mark_published_failed event_id=0c33ac02-0d40-4136-96dc-0557c2432f02 event_type=decision.completed aggregate_type=envelope aggregate_id=env-mark-fail topic=midas.decisions error="postgres connection lost"
2026/04/04 17:56:27 INFO outbox_batch_dispatched count=1 claimed=1
2026/04/04 17:56:27 WARN outbox_mark_published_failed event_id=0c33ac02-0d40-4136-96dc-0557c2432f02 event_type=decision.completed aggregate_type=envelope aggregate_id=env-mark-fail topic=midas.decisions error="postgres connection lost"
2026/04/04 17:56:27 INFO outbox_batch_dispatched count=1 claimed=1
2026/04/04 17:56:27 WARN outbox_mark_published_failed event_id=0c33ac02-0d40-4136-96dc-0557c2432f02 event_type=decision.completed aggregate_type=envelope aggregate_id=env-mark-fail topic=midas.decisions error="postgres connection lost"
2026/04/04 17:56:27 INFO outbox_batch_dispatched count=1 claimed=1
2026/04/04 17:56:27 WARN outbox_mark_published_failed event_id=0c33ac02-0d40-4136-96dc-0557c2432f02 event_type=decision.completed aggregate_type=envelope aggregate_id=env-mark-fail topic=midas.decisions error="postgres connection lost"
2026/04/04 17:56:27 INFO outbox_batch_dispatched count=1 claimed=1
2026/04/04 17:56:27 WARN outbox_mark_published_failed event_id=0c33ac02-0d40-4136-96dc-0557c2432f02 event_type=decision.completed aggregate_type=envelope aggregate_id=env-mark-fail topic=midas.decisions error="postgres connection lost"
2026/04/04 17:56:27 INFO outbox_batch_dispatched count=1 claimed=1
2026/04/04 17:56:27 WARN outbox_mark_published_failed event_id=0c33ac02-0d40-4136-96dc-0557c2432f02 event_type=decision.completed aggregate_type=envelope aggregate_id=env-mark-fail topic=midas.decisions error="postgres connection lost"
2026/04/04 17:56:27 INFO outbox_batch_dispatched count=1 claimed=1
2026/04/04 17:56:27 WARN outbox_mark_published_failed event_id=0c33ac02-0d40-4136-96dc-0557c2432f02 event_type=decision.completed aggregate_type=envelope aggregate_id=env-mark-fail topic=midas.decisions error="postgres connection lost"
2026/04/04 17:56:27 INFO outbox_batch_dispatched count=1 claimed=1
2026/04/04 17:56:27 WARN outbox_mark_published_failed event_id=0c33ac02-0d40-4136-96dc-0557c2432f02 event_type=decision.completed aggregate_type=envelope aggregate_id=env-mark-fail topic=midas.decisions error="postgres connection lost"
2026/04/04 17:56:27 INFO outbox_batch_dispatched count=1 claimed=1
2026/04/04 17:56:27 WARN outbox_mark_published_failed event_id=0c33ac02-0d40-4136-96dc-0557c2432f02 event_type=decision.completed aggregate_type=envelope aggregate_id=env-mark-fail topic=midas.decisions error="postgres connection lost"
2026/04/04 17:56:27 INFO outbox_batch_dispatched count=1 claimed=1
2026/04/04 17:56:27 WARN outbox_mark_published_failed event_id=0c33ac02-0d40-4136-96dc-0557c2432f02 event_type=decision.completed aggregate_type=envelope aggregate_id=env-mark-fail topic=midas.decisions error="postgres connection lost"
2026/04/04 17:56:27 INFO outbox_batch_dispatched count=1 claimed=1
2026/04/04 17:56:27 WARN outbox_mark_published_failed event_id=0c33ac02-0d40-4136-96dc-0557c2432f02 event_type=decision.completed aggregate_type=envelope aggregate_id=env-mark-fail topic=midas.decisions error="postgres connection lost"
2026/04/04 17:56:27 INFO outbox_batch_dispatched count=1 claimed=1
2026/04/04 17:56:27 WARN outbox_mark_published_failed event_id=0c33ac02-0d40-4136-96dc-0557c2432f02 event_type=decision.completed aggregate_type=envelope aggregate_id=env-mark-fail topic=midas.decisions error="postgres connection lost"
2026/04/04 17:56:27 INFO outbox_batch_dispatched count=1 claimed=1
2026/04/04 17:56:27 WARN outbox_mark_published_failed event_id=0c33ac02-0d40-4136-96dc-0557c2432f02 event_type=decision.completed aggregate_type=envelope aggregate_id=env-mark-fail topic=midas.decisions error="postgres connection lost"
2026/04/04 17:56:27 INFO outbox_batch_dispatched count=1 claimed=1
2026/04/04 17:56:27 WARN outbox_mark_published_failed event_id=0c33ac02-0d40-4136-96dc-0557c2432f02 event_type=decision.completed aggregate_type=envelope aggregate_id=env-mark-fail topic=midas.decisions error="postgres connection lost"
2026/04/04 17:56:27 INFO outbox_batch_dispatched count=1 claimed=1
2026/04/04 17:56:27 WARN outbox_mark_published_failed event_id=0c33ac02-0d40-4136-96dc-0557c2432f02 event_type=decision.completed aggregate_type=envelope aggregate_id=env-mark-fail topic=midas.decisions error="postgres connection lost"
2026/04/04 17:56:27 INFO outbox_batch_dispatched count=1 claimed=1
2026/04/04 17:56:27 WARN outbox_mark_published_failed event_id=0c33ac02-0d40-4136-96dc-0557c2432f02 event_type=decision.completed aggregate_type=envelope aggregate_id=env-mark-fail topic=midas.decisions error="postgres connection lost"
2026/04/04 17:56:27 INFO outbox_batch_dispatched count=1 claimed=1
2026/04/04 17:56:27 WARN outbox_mark_published_failed event_id=0c33ac02-0d40-4136-96dc-0557c2432f02 event_type=decision.completed aggregate_type=envelope aggregate_id=env-mark-fail topic=midas.decisions error="postgres connection lost"
2026/04/04 17:56:27 INFO outbox_batch_dispatched count=1 claimed=1
2026/04/04 17:56:27 WARN outbox_mark_published_failed event_id=0c33ac02-0d40-4136-96dc-0557c2432f02 event_type=decision.completed aggregate_type=envelope aggregate_id=env-mark-fail topic=midas.decisions error="postgres connection lost"
2026/04/04 17:56:27 INFO outbox_batch_dispatched count=1 claimed=1
2026/04/04 17:56:27 WARN outbox_mark_published_failed event_id=0c33ac02-0d40-4136-96dc-0557c2432f02 event_type=decision.completed aggregate_type=envelope aggregate_id=env-mark-fail topic=midas.decisions error="postgres connection lost"
2026/04/04 17:56:27 INFO outbox_batch_dispatched count=1 claimed=1
2026/04/04 17:56:27 WARN outbox_mark_published_failed event_id=0c33ac02-0d40-4136-96dc-0557c2432f02 event_type=decision.completed aggregate_type=envelope aggregate_id=env-mark-fail topic=midas.decisions error="postgres connection lost"
2026/04/04 17:56:27 INFO outbox_batch_dispatched count=1 claimed=1
2026/04/04 17:56:27 WARN outbox_mark_published_failed event_id=0c33ac02-0d40-4136-96dc-0557c2432f02 event_type=decision.completed aggregate_type=envelope aggregate_id=env-mark-fail topic=midas.decisions error="postgres connection lost"
2026/04/04 17:56:27 INFO outbox_batch_dispatched count=1 claimed=1
2026/04/04 17:56:27 WARN outbox_mark_published_failed event_id=0c33ac02-0d40-4136-96dc-0557c2432f02 event_type=decision.completed aggregate_type=envelope aggregate_id=env-mark-fail topic=midas.decisions error="postgres connection lost"
2026/04/04 17:56:27 INFO outbox_batch_dispatched count=1 claimed=1
2026/04/04 17:56:27 WARN outbox_mark_published_failed event_id=0c33ac02-0d40-4136-96dc-0557c2432f02 event_type=decision.completed aggregate_type=envelope aggregate_id=env-mark-fail topic=midas.decisions error="postgres connection lost"
2026/04/04 17:56:27 INFO outbox_batch_dispatched count=1 claimed=1
2026/04/04 17:56:27 WARN outbox_mark_published_failed event_id=0c33ac02-0d40-4136-96dc-0557c2432f02 event_type=decision.completed aggregate_type=envelope aggregate_id=env-mark-fail topic=midas.decisions error="postgres connection lost"
2026/04/04 17:56:27 INFO outbox_batch_dispatched count=1 claimed=1
2026/04/04 17:56:27 WARN outbox_mark_published_failed event_id=0c33ac02-0d40-4136-96dc-0557c2432f02 event_type=decision.completed aggregate_type=envelope aggregate_id=env-mark-fail topic=midas.decisions error="postgres connection lost"
2026/04/04 17:56:27 INFO outbox_batch_dispatched count=1 claimed=1
2026/04/04 17:56:27 WARN outbox_mark_published_failed event_id=0c33ac02-0d40-4136-96dc-0557c2432f02 event_type=decision.completed aggregate_type=envelope aggregate_id=env-mark-fail topic=midas.decisions error="postgres connection lost"
2026/04/04 17:56:27 INFO outbox_batch_dispatched count=1 claimed=1
2026/04/04 17:56:27 WARN outbox_mark_published_failed event_id=0c33ac02-0d40-4136-96dc-0557c2432f02 event_type=decision.completed aggregate_type=envelope aggregate_id=env-mark-fail topic=midas.decisions error="postgres connection lost"
2026/04/04 17:56:27 INFO outbox_batch_dispatched count=1 claimed=1
2026/04/04 17:56:27 WARN outbox_mark_published_failed event_id=0c33ac02-0d40-4136-96dc-0557c2432f02 event_type=decision.completed aggregate_type=envelope aggregate_id=env-mark-fail topic=midas.decisions error="postgres connection lost"
2026/04/04 17:56:27 INFO outbox_batch_dispatched count=1 claimed=1
2026/04/04 17:56:27 WARN outbox_mark_published_failed event_id=0c33ac02-0d40-4136-96dc-0557c2432f02 event_type=decision.completed aggregate_type=envelope aggregate_id=env-mark-fail topic=midas.decisions error="postgres connection lost"
2026/04/04 17:56:27 INFO outbox_batch_dispatched count=1 claimed=1
2026/04/04 17:56:27 WARN outbox_mark_published_failed event_id=0c33ac02-0d40-4136-96dc-0557c2432f02 event_type=decision.completed aggregate_type=envelope aggregate_id=env-mark-fail topic=midas.decisions error="postgres connection lost"
2026/04/04 17:56:27 INFO outbox_batch_dispatched count=1 claimed=1
2026/04/04 17:56:27 WARN outbox_mark_published_failed event_id=0c33ac02-0d40-4136-96dc-0557c2432f02 event_type=decision.completed aggregate_type=envelope aggregate_id=env-mark-fail topic=midas.decisions error="postgres connection lost"
2026/04/04 17:56:27 INFO outbox_batch_dispatched count=1 claimed=1
2026/04/04 17:56:27 WARN outbox_mark_published_failed event_id=0c33ac02-0d40-4136-96dc-0557c2432f02 event_type=decision.completed aggregate_type=envelope aggregate_id=env-mark-fail topic=midas.decisions error="postgres connection lost"
2026/04/04 17:56:27 INFO outbox_batch_dispatched count=1 claimed=1
2026/04/04 17:56:27 WARN outbox_mark_published_failed event_id=0c33ac02-0d40-4136-96dc-0557c2432f02 event_type=decision.completed aggregate_type=envelope aggregate_id=env-mark-fail topic=midas.decisions error="postgres connection lost"
2026/04/04 17:56:27 INFO outbox_batch_dispatched count=1 claimed=1
2026/04/04 17:56:27 WARN outbox_mark_published_failed event_id=0c33ac02-0d40-4136-96dc-0557c2432f02 event_type=decision.completed aggregate_type=envelope aggregate_id=env-mark-fail topic=midas.decisions error="postgres connection lost"
2026/04/04 17:56:27 INFO outbox_batch_dispatched count=1 claimed=1
2026/04/04 17:56:27 WARN outbox_mark_published_failed event_id=0c33ac02-0d40-4136-96dc-0557c2432f02 event_type=decision.completed aggregate_type=envelope aggregate_id=env-mark-fail topic=midas.decisions error="postgres connection lost"
2026/04/04 17:56:27 INFO outbox_batch_dispatched count=1 claimed=1
2026/04/04 17:56:27 WARN outbox_mark_published_failed event_id=0c33ac02-0d40-4136-96dc-0557c2432f02 event_type=decision.completed aggregate_type=envelope aggregate_id=env-mark-fail topic=midas.decisions error="postgres connection lost"
2026/04/04 17:56:27 INFO outbox_batch_dispatched count=1 claimed=1
2026/04/04 17:56:27 WARN outbox_mark_published_failed event_id=0c33ac02-0d40-4136-96dc-0557c2432f02 event_type=decision.completed aggregate_type=envelope aggregate_id=env-mark-fail topic=midas.decisions error="postgres connection lost"
2026/04/04 17:56:27 INFO outbox_batch_dispatched count=1 claimed=1
2026/04/04 17:56:27 WARN outbox_mark_published_failed event_id=0c33ac02-0d40-4136-96dc-0557c2432f02 event_type=decision.completed aggregate_type=envelope aggregate_id=env-mark-fail topic=midas.decisions error="postgres connection lost"
2026/04/04 17:56:27 INFO outbox_batch_dispatched count=1 claimed=1
2026/04/04 17:56:27 WARN outbox_mark_published_failed event_id=0c33ac02-0d40-4136-96dc-0557c2432f02 event_type=decision.completed aggregate_type=envelope aggregate_id=env-mark-fail topic=midas.decisions error="postgres connection lost"
2026/04/04 17:56:27 INFO outbox_batch_dispatched count=1 claimed=1
2026/04/04 17:56:27 WARN outbox_mark_published_failed event_id=0c33ac02-0d40-4136-96dc-0557c2432f02 event_type=decision.completed aggregate_type=envelope aggregate_id=env-mark-fail topic=midas.decisions error="postgres connection lost"
2026/04/04 17:56:27 INFO outbox_batch_dispatched count=1 claimed=1
2026/04/04 17:56:27 WARN outbox_mark_published_failed event_id=0c33ac02-0d40-4136-96dc-0557c2432f02 event_type=decision.completed aggregate_type=envelope aggregate_id=env-mark-fail topic=midas.decisions error="postgres connection lost"
2026/04/04 17:56:27 INFO outbox_batch_dispatched count=1 claimed=1
2026/04/04 17:56:27 WARN outbox_mark_published_failed event_id=0c33ac02-0d40-4136-96dc-0557c2432f02 event_type=decision.completed aggregate_type=envelope aggregate_id=env-mark-fail topic=midas.decisions error="postgres connection lost"
2026/04/04 17:56:27 INFO outbox_batch_dispatched count=1 claimed=1
2026/04/04 17:56:27 WARN outbox_mark_published_failed event_id=0c33ac02-0d40-4136-96dc-0557c2432f02 event_type=decision.completed aggregate_type=envelope aggregate_id=env-mark-fail topic=midas.decisions error="postgres connection lost"
2026/04/04 17:56:27 INFO outbox_batch_dispatched count=1 claimed=1
2026/04/04 17:56:27 WARN outbox_mark_published_failed event_id=0c33ac02-0d40-4136-96dc-0557c2432f02 event_type=decision.completed aggregate_type=envelope aggregate_id=env-mark-fail topic=midas.decisions error="postgres connection lost"
2026/04/04 17:56:27 INFO outbox_batch_dispatched count=1 claimed=1
2026/04/04 17:56:27 WARN outbox_mark_published_failed event_id=0c33ac02-0d40-4136-96dc-0557c2432f02 event_type=decision.completed aggregate_type=envelope aggregate_id=env-mark-fail topic=midas.decisions error="postgres connection lost"
2026/04/04 17:56:27 INFO outbox_batch_dispatched count=1 claimed=1
2026/04/04 17:56:27 WARN outbox_mark_published_failed event_id=0c33ac02-0d40-4136-96dc-0557c2432f02 event_type=decision.completed aggregate_type=envelope aggregate_id=env-mark-fail topic=midas.decisions error="postgres connection lost"
2026/04/04 17:56:27 INFO outbox_batch_dispatched count=1 claimed=1
2026/04/04 17:56:27 WARN outbox_mark_published_failed event_id=0c33ac02-0d40-4136-96dc-0557c2432f02 event_type=decision.completed aggregate_type=envelope aggregate_id=env-mark-fail topic=midas.decisions error="postgres connection lost"
2026/04/04 17:56:27 INFO outbox_batch_dispatched count=1 claimed=1
2026/04/04 17:56:27 WARN outbox_mark_published_failed event_id=0c33ac02-0d40-4136-96dc-0557c2432f02 event_type=decision.completed aggregate_type=envelope aggregate_id=env-mark-fail topic=midas.decisions error="postgres connection lost"
2026/04/04 17:56:27 INFO outbox_batch_dispatched count=1 claimed=1
2026/04/04 17:56:27 WARN outbox_mark_published_failed event_id=0c33ac02-0d40-4136-96dc-0557c2432f02 event_type=decision.completed aggregate_type=envelope aggregate_id=env-mark-fail topic=midas.decisions error="postgres connection lost"
2026/04/04 17:56:27 INFO outbox_batch_dispatched count=1 claimed=1
2026/04/04 17:56:27 WARN outbox_mark_published_failed event_id=0c33ac02-0d40-4136-96dc-0557c2432f02 event_type=decision.completed aggregate_type=envelope aggregate_id=env-mark-fail topic=midas.decisions error="postgres connection lost"
2026/04/04 17:56:27 INFO outbox_batch_dispatched count=1 claimed=1
2026/04/04 17:56:27 WARN outbox_mark_published_failed event_id=0c33ac02-0d40-4136-96dc-0557c2432f02 event_type=decision.completed aggregate_type=envelope aggregate_id=env-mark-fail topic=midas.decisions error="postgres connection lost"
2026/04/04 17:56:27 INFO outbox_batch_dispatched count=1 claimed=1
2026/04/04 17:56:27 WARN outbox_mark_published_failed event_id=0c33ac02-0d40-4136-96dc-0557c2432f02 event_type=decision.completed aggregate_type=envelope aggregate_id=env-mark-fail topic=midas.decisions error="postgres connection lost"
2026/04/04 17:56:27 INFO outbox_batch_dispatched count=1 claimed=1
2026/04/04 17:56:27 WARN outbox_mark_published_failed event_id=0c33ac02-0d40-4136-96dc-0557c2432f02 event_type=decision.completed aggregate_type=envelope aggregate_id=env-mark-fail topic=midas.decisions error="postgres connection lost"
2026/04/04 17:56:27 INFO outbox_batch_dispatched count=1 claimed=1
2026/04/04 17:56:27 WARN outbox_mark_published_failed event_id=0c33ac02-0d40-4136-96dc-0557c2432f02 event_type=decision.completed aggregate_type=envelope aggregate_id=env-mark-fail topic=midas.decisions error="postgres connection lost"
2026/04/04 17:56:27 INFO outbox_batch_dispatched count=1 claimed=1
2026/04/04 17:56:27 WARN outbox_mark_published_failed event_id=0c33ac02-0d40-4136-96dc-0557c2432f02 event_type=decision.completed aggregate_type=envelope aggregate_id=env-mark-fail topic=midas.decisions error="postgres connection lost"
2026/04/04 17:56:27 INFO outbox_batch_dispatched count=1 claimed=1
2026/04/04 17:56:27 WARN outbox_mark_published_failed event_id=0c33ac02-0d40-4136-96dc-0557c2432f02 event_type=decision.completed aggregate_type=envelope aggregate_id=env-mark-fail topic=midas.decisions error="postgres connection lost"
2026/04/04 17:56:27 INFO outbox_batch_dispatched count=1 claimed=1
2026/04/04 17:56:27 WARN outbox_mark_published_failed event_id=0c33ac02-0d40-4136-96dc-0557c2432f02 event_type=decision.completed aggregate_type=envelope aggregate_id=env-mark-fail topic=midas.decisions error="postgres connection lost"
2026/04/04 17:56:27 INFO outbox_batch_dispatched count=1 claimed=1
2026/04/04 17:56:27 WARN outbox_mark_published_failed event_id=0c33ac02-0d40-4136-96dc-0557c2432f02 event_type=decision.completed aggregate_type=envelope aggregate_id=env-mark-fail topic=midas.decisions error="postgres connection lost"
2026/04/04 17:56:27 INFO outbox_batch_dispatched count=1 claimed=1
2026/04/04 17:56:27 WARN outbox_mark_published_failed event_id=0c33ac02-0d40-4136-96dc-0557c2432f02 event_type=decision.completed aggregate_type=envelope aggregate_id=env-mark-fail topic=midas.decisions error="postgres connection lost"
2026/04/04 17:56:27 INFO outbox_batch_dispatched count=1 claimed=1
2026/04/04 17:56:27 WARN outbox_mark_published_failed event_id=0c33ac02-0d40-4136-96dc-0557c2432f02 event_type=decision.completed aggregate_type=envelope aggregate_id=env-mark-fail topic=midas.decisions error="postgres connection lost"
2026/04/04 17:56:27 INFO outbox_batch_dispatched count=1 claimed=1
2026/04/04 17:56:27 WARN outbox_mark_published_failed event_id=0c33ac02-0d40-4136-96dc-0557c2432f02 event_type=decision.completed aggregate_type=envelope aggregate_id=env-mark-fail topic=midas.decisions error="postgres connection lost"
2026/04/04 17:56:27 INFO outbox_batch_dispatched count=1 claimed=1
2026/04/04 17:56:27 WARN outbox_mark_published_failed event_id=0c33ac02-0d40-4136-96dc-0557c2432f02 event_type=decision.completed aggregate_type=envelope aggregate_id=env-mark-fail topic=midas.decisions error="postgres connection lost"
2026/04/04 17:56:27 INFO outbox_batch_dispatched count=1 claimed=1
2026/04/04 17:56:27 WARN outbox_mark_published_failed event_id=0c33ac02-0d40-4136-96dc-0557c2432f02 event_type=decision.completed aggregate_type=envelope aggregate_id=env-mark-fail topic=midas.decisions error="postgres connection lost"
2026/04/04 17:56:27 INFO outbox_batch_dispatched count=1 claimed=1
2026/04/04 17:56:27 WARN outbox_mark_published_failed event_id=0c33ac02-0d40-4136-96dc-0557c2432f02 event_type=decision.completed aggregate_type=envelope aggregate_id=env-mark-fail topic=midas.decisions error="postgres connection lost"
2026/04/04 17:56:27 INFO outbox_batch_dispatched count=1 claimed=1
2026/04/04 17:56:27 WARN outbox_mark_published_failed event_id=0c33ac02-0d40-4136-96dc-0557c2432f02 event_type=decision.completed aggregate_type=envelope aggregate_id=env-mark-fail topic=midas.decisions error="postgres connection lost"
2026/04/04 17:56:27 INFO outbox_batch_dispatched count=1 claimed=1
2026/04/04 17:56:27 WARN outbox_mark_published_failed event_id=0c33ac02-0d40-4136-96dc-0557c2432f02 event_type=decision.completed aggregate_type=envelope aggregate_id=env-mark-fail topic=midas.decisions error="postgres connection lost"
2026/04/04 17:56:27 INFO outbox_batch_dispatched count=1 claimed=1
2026/04/04 17:56:27 WARN outbox_mark_published_failed event_id=0c33ac02-0d40-4136-96dc-0557c2432f02 event_type=decision.completed aggregate_type=envelope aggregate_id=env-mark-fail topic=midas.decisions error="postgres connection lost"
2026/04/04 17:56:27 INFO outbox_batch_dispatched count=1 claimed=1
2026/04/04 17:56:27 WARN outbox_mark_published_failed event_id=0c33ac02-0d40-4136-96dc-0557c2432f02 event_type=decision.completed aggregate_type=envelope aggregate_id=env-mark-fail topic=midas.decisions error="postgres connection lost"
2026/04/04 17:56:27 INFO outbox_batch_dispatched count=1 claimed=1
2026/04/04 17:56:27 WARN outbox_mark_published_failed event_id=0c33ac02-0d40-4136-96dc-0557c2432f02 event_type=decision.completed aggregate_type=envelope aggregate_id=env-mark-fail topic=midas.decisions error="postgres connection lost"
2026/04/04 17:56:27 INFO outbox_batch_dispatched count=1 claimed=1
2026/04/04 17:56:27 WARN outbox_mark_published_failed event_id=0c33ac02-0d40-4136-96dc-0557c2432f02 event_type=decision.completed aggregate_type=envelope aggregate_id=env-mark-fail topic=midas.decisions error="postgres connection lost"
2026/04/04 17:56:27 INFO outbox_batch_dispatched count=1 claimed=1
2026/04/04 17:56:27 WARN outbox_mark_published_failed event_id=0c33ac02-0d40-4136-96dc-0557c2432f02 event_type=decision.completed aggregate_type=envelope aggregate_id=env-mark-fail topic=midas.decisions error="postgres connection lost"
2026/04/04 17:56:27 INFO outbox_batch_dispatched count=1 claimed=1
2026/04/04 17:56:27 WARN outbox_mark_published_failed event_id=0c33ac02-0d40-4136-96dc-0557c2432f02 event_type=decision.completed aggregate_type=envelope aggregate_id=env-mark-fail topic=midas.decisions error="postgres connection lost"
2026/04/04 17:56:27 INFO outbox_batch_dispatched count=1 claimed=1
2026/04/04 17:56:27 WARN outbox_mark_published_failed event_id=0c33ac02-0d40-4136-96dc-0557c2432f02 event_type=decision.completed aggregate_type=envelope aggregate_id=env-mark-fail topic=midas.decisions error="postgres connection lost"
2026/04/04 17:56:27 INFO outbox_batch_dispatched count=1 claimed=1
2026/04/04 17:56:27 WARN outbox_mark_published_failed event_id=0c33ac02-0d40-4136-96dc-0557c2432f02 event_type=decision.completed aggregate_type=envelope aggregate_id=env-mark-fail topic=midas.decisions error="postgres connection lost"
2026/04/04 17:56:27 INFO outbox_batch_dispatched count=1 claimed=1
2026/04/04 17:56:27 WARN outbox_mark_published_failed event_id=0c33ac02-0d40-4136-96dc-0557c2432f02 event_type=decision.completed aggregate_type=envelope aggregate_id=env-mark-fail topic=midas.decisions error="postgres connection lost"
2026/04/04 17:56:27 INFO outbox_batch_dispatched count=1 claimed=1
2026/04/04 17:56:27 WARN outbox_mark_published_failed event_id=0c33ac02-0d40-4136-96dc-0557c2432f02 event_type=decision.completed aggregate_type=envelope aggregate_id=env-mark-fail topic=midas.decisions error="postgres connection lost"
2026/04/04 17:56:27 INFO outbox_batch_dispatched count=1 claimed=1
2026/04/04 17:56:27 WARN outbox_mark_published_failed event_id=0c33ac02-0d40-4136-96dc-0557c2432f02 event_type=decision.completed aggregate_type=envelope aggregate_id=env-mark-fail topic=midas.decisions error="postgres connection lost"
2026/04/04 17:56:27 INFO outbox_batch_dispatched count=1 claimed=1
2026/04/04 17:56:27 WARN outbox_mark_published_failed event_id=0c33ac02-0d40-4136-96dc-0557c2432f02 event_type=decision.completed aggregate_type=envelope aggregate_id=env-mark-fail topic=midas.decisions error="postgres connection lost"
2026/04/04 17:56:27 INFO outbox_batch_dispatched count=1 claimed=1
2026/04/04 17:56:27 WARN outbox_mark_published_failed event_id=0c33ac02-0d40-4136-96dc-0557c2432f02 event_type=decision.completed aggregate_type=envelope aggregate_id=env-mark-fail topic=midas.decisions error="postgres connection lost"
2026/04/04 17:56:27 INFO outbox_batch_dispatched count=1 claimed=1
2026/04/04 17:56:27 WARN outbox_mark_published_failed event_id=0c33ac02-0d40-4136-96dc-0557c2432f02 event_type=decision.completed aggregate_type=envelope aggregate_id=env-mark-fail topic=midas.decisions error="postgres connection lost"
2026/04/04 17:56:27 INFO outbox_batch_dispatched count=1 claimed=1
2026/04/04 17:56:27 WARN outbox_mark_published_failed event_id=0c33ac02-0d40-4136-96dc-0557c2432f02 event_type=decision.completed aggregate_type=envelope aggregate_id=env-mark-fail topic=midas.decisions error="postgres connection lost"
2026/04/04 17:56:27 INFO outbox_batch_dispatched count=1 claimed=1
2026/04/04 17:56:27 WARN outbox_mark_published_failed event_id=0c33ac02-0d40-4136-96dc-0557c2432f02 event_type=decision.completed aggregate_type=envelope aggregate_id=env-mark-fail topic=midas.decisions error="postgres connection lost"
2026/04/04 17:56:27 INFO outbox_batch_dispatched count=1 claimed=1
2026/04/04 17:56:27 WARN outbox_mark_published_failed event_id=0c33ac02-0d40-4136-96dc-0557c2432f02 event_type=decision.completed aggregate_type=envelope aggregate_id=env-mark-fail topic=midas.decisions error="postgres connection lost"
2026/04/04 17:56:27 INFO outbox_batch_dispatched count=1 claimed=1
2026/04/04 17:56:27 WARN outbox_mark_published_failed event_id=0c33ac02-0d40-4136-96dc-0557c2432f02 event_type=decision.completed aggregate_type=envelope aggregate_id=env-mark-fail topic=midas.decisions error="postgres connection lost"
2026/04/04 17:56:27 INFO outbox_batch_dispatched count=1 claimed=1
2026/04/04 17:56:27 WARN outbox_mark_published_failed event_id=0c33ac02-0d40-4136-96dc-0557c2432f02 event_type=decision.completed aggregate_type=envelope aggregate_id=env-mark-fail topic=midas.decisions error="postgres connection lost"
2026/04/04 17:56:27 INFO outbox_batch_dispatched count=1 claimed=1
2026/04/04 17:56:27 WARN outbox_mark_published_failed event_id=0c33ac02-0d40-4136-96dc-0557c2432f02 event_type=decision.completed aggregate_type=envelope aggregate_id=env-mark-fail topic=midas.decisions error="postgres connection lost"
2026/04/04 17:56:27 INFO outbox_batch_dispatched count=1 claimed=1
2026/04/04 17:56:27 WARN outbox_mark_published_failed event_id=0c33ac02-0d40-4136-96dc-0557c2432f02 event_type=decision.completed aggregate_type=envelope aggregate_id=env-mark-fail topic=midas.decisions error="postgres connection lost"
2026/04/04 17:56:27 INFO outbox_batch_dispatched count=1 claimed=1
2026/04/04 17:56:27 WARN outbox_mark_published_failed event_id=0c33ac02-0d40-4136-96dc-0557c2432f02 event_type=decision.completed aggregate_type=envelope aggregate_id=env-mark-fail topic=midas.decisions error="postgres connection lost"
2026/04/04 17:56:27 INFO outbox_batch_dispatched count=1 claimed=1
2026/04/04 17:56:27 WARN outbox_mark_published_failed event_id=0c33ac02-0d40-4136-96dc-0557c2432f02 event_type=decision.completed aggregate_type=envelope aggregate_id=env-mark-fail topic=midas.decisions error="postgres connection lost"
2026/04/04 17:56:27 INFO outbox_batch_dispatched count=1 claimed=1
2026/04/04 17:56:27 WARN outbox_mark_published_failed event_id=0c33ac02-0d40-4136-96dc-0557c2432f02 event_type=decision.completed aggregate_type=envelope aggregate_id=env-mark-fail topic=midas.decisions error="postgres connection lost"
2026/04/04 17:56:27 INFO outbox_batch_dispatched count=1 claimed=1
2026/04/04 17:56:27 WARN outbox_mark_published_failed event_id=0c33ac02-0d40-4136-96dc-0557c2432f02 event_type=decision.completed aggregate_type=envelope aggregate_id=env-mark-fail topic=midas.decisions error="postgres connection lost"
2026/04/04 17:56:27 INFO outbox_batch_dispatched count=1 claimed=1
2026/04/04 17:56:27 WARN outbox_mark_published_failed event_id=0c33ac02-0d40-4136-96dc-0557c2432f02 event_type=decision.completed aggregate_type=envelope aggregate_id=env-mark-fail topic=midas.decisions error="postgres connection lost"
2026/04/04 17:56:27 INFO outbox_batch_dispatched count=1 claimed=1
2026/04/04 17:56:27 WARN outbox_mark_published_failed event_id=0c33ac02-0d40-4136-96dc-0557c2432f02 event_type=decision.completed aggregate_type=envelope aggregate_id=env-mark-fail topic=midas.decisions error="postgres connection lost"
2026/04/04 17:56:27 INFO outbox_batch_dispatched count=1 claimed=1
2026/04/04 17:56:27 WARN outbox_mark_published_failed event_id=0c33ac02-0d40-4136-96dc-0557c2432f02 event_type=decision.completed aggregate_type=envelope aggregate_id=env-mark-fail topic=midas.decisions error="postgres connection lost"
2026/04/04 17:56:27 INFO outbox_batch_dispatched count=1 claimed=1
2026/04/04 17:56:27 WARN outbox_mark_published_failed event_id=0c33ac02-0d40-4136-96dc-0557c2432f02 event_type=decision.completed aggregate_type=envelope aggregate_id=env-mark-fail topic=midas.decisions error="postgres connection lost"
2026/04/04 17:56:27 INFO outbox_batch_dispatched count=1 claimed=1
2026/04/04 17:56:27 WARN outbox_mark_published_failed event_id=0c33ac02-0d40-4136-96dc-0557c2432f02 event_type=decision.completed aggregate_type=envelope aggregate_id=env-mark-fail topic=midas.decisions error="postgres connection lost"
2026/04/04 17:56:27 INFO outbox_batch_dispatched count=1 claimed=1
2026/04/04 17:56:27 WARN outbox_mark_published_failed event_id=0c33ac02-0d40-4136-96dc-0557c2432f02 event_type=decision.completed aggregate_type=envelope aggregate_id=env-mark-fail topic=midas.decisions error="postgres connection lost"
2026/04/04 17:56:27 INFO outbox_batch_dispatched count=1 claimed=1
2026/04/04 17:56:27 WARN outbox_mark_published_failed event_id=0c33ac02-0d40-4136-96dc-0557c2432f02 event_type=decision.completed aggregate_type=envelope aggregate_id=env-mark-fail topic=midas.decisions error="postgres connection lost"
2026/04/04 17:56:27 INFO outbox_batch_dispatched count=1 claimed=1
2026/04/04 17:56:27 WARN outbox_mark_published_failed event_id=0c33ac02-0d40-4136-96dc-0557c2432f02 event_type=decision.completed aggregate_type=envelope aggregate_id=env-mark-fail topic=midas.decisions error="postgres connection lost"
2026/04/04 17:56:27 INFO outbox_batch_dispatched count=1 claimed=1
2026/04/04 17:56:27 WARN outbox_mark_published_failed event_id=0c33ac02-0d40-4136-96dc-0557c2432f02 event_type=decision.completed aggregate_type=envelope aggregate_id=env-mark-fail topic=midas.decisions error="postgres connection lost"
2026/04/04 17:56:27 INFO outbox_batch_dispatched count=1 claimed=1
2026/04/04 17:56:27 WARN outbox_mark_published_failed event_id=0c33ac02-0d40-4136-96dc-0557c2432f02 event_type=decision.completed aggregate_type=envelope aggregate_id=env-mark-fail topic=midas.decisions error="postgres connection lost"
2026/04/04 17:56:27 INFO outbox_batch_dispatched count=1 claimed=1
2026/04/04 17:56:27 WARN outbox_mark_published_failed event_id=0c33ac02-0d40-4136-96dc-0557c2432f02 event_type=decision.completed aggregate_type=envelope aggregate_id=env-mark-fail topic=midas.decisions error="postgres connection lost"
2026/04/04 17:56:27 INFO outbox_batch_dispatched count=1 claimed=1
2026/04/04 17:56:27 WARN outbox_mark_published_failed event_id=0c33ac02-0d40-4136-96dc-0557c2432f02 event_type=decision.completed aggregate_type=envelope aggregate_id=env-mark-fail topic=midas.decisions error="postgres connection lost"
2026/04/04 17:56:27 INFO outbox_batch_dispatched count=1 claimed=1
2026/04/04 17:56:27 WARN outbox_mark_published_failed event_id=0c33ac02-0d40-4136-96dc-0557c2432f02 event_type=decision.completed aggregate_type=envelope aggregate_id=env-mark-fail topic=midas.decisions error="postgres connection lost"
2026/04/04 17:56:27 INFO outbox_batch_dispatched count=1 claimed=1
2026/04/04 17:56:27 WARN outbox_mark_published_failed event_id=0c33ac02-0d40-4136-96dc-0557c2432f02 event_type=decision.completed aggregate_type=envelope aggregate_id=env-mark-fail topic=midas.decisions error="postgres connection lost"
2026/04/04 17:56:27 INFO outbox_batch_dispatched count=1 claimed=1
2026/04/04 17:56:27 WARN outbox_mark_published_failed event_id=0c33ac02-0d40-4136-96dc-0557c2432f02 event_type=decision.completed aggregate_type=envelope aggregate_id=env-mark-fail topic=midas.decisions error="postgres connection lost"
2026/04/04 17:56:27 INFO outbox_batch_dispatched count=1 claimed=1
2026/04/04 17:56:27 WARN outbox_mark_published_failed event_id=0c33ac02-0d40-4136-96dc-0557c2432f02 event_type=decision.completed aggregate_type=envelope aggregate_id=env-mark-fail topic=midas.decisions error="postgres connection lost"
2026/04/04 17:56:27 INFO outbox_batch_dispatched count=1 claimed=1
2026/04/04 17:56:27 WARN outbox_mark_published_failed event_id=0c33ac02-0d40-4136-96dc-0557c2432f02 event_type=decision.completed aggregate_type=envelope aggregate_id=env-mark-fail topic=midas.decisions error="postgres connection lost"
2026/04/04 17:56:27 INFO outbox_batch_dispatched count=1 claimed=1
2026/04/04 17:56:27 WARN outbox_mark_published_failed event_id=0c33ac02-0d40-4136-96dc-0557c2432f02 event_type=decision.completed aggregate_type=envelope aggregate_id=env-mark-fail topic=midas.decisions error="postgres connection lost"
2026/04/04 17:56:27 INFO outbox_batch_dispatched count=1 claimed=1
2026/04/04 17:56:27 WARN outbox_mark_published_failed event_id=0c33ac02-0d40-4136-96dc-0557c2432f02 event_type=decision.completed aggregate_type=envelope aggregate_id=env-mark-fail topic=midas.decisions error="postgres connection lost"
2026/04/04 17:56:27 INFO outbox_batch_dispatched count=1 claimed=1
2026/04/04 17:56:27 WARN outbox_mark_published_failed event_id=0c33ac02-0d40-4136-96dc-0557c2432f02 event_type=decision.completed aggregate_type=envelope aggregate_id=env-mark-fail topic=midas.decisions error="postgres connection lost"
2026/04/04 17:56:27 INFO outbox_batch_dispatched count=1 claimed=1
2026/04/04 17:56:27 WARN outbox_mark_published_failed event_id=0c33ac02-0d40-4136-96dc-0557c2432f02 event_type=decision.completed aggregate_type=envelope aggregate_id=env-mark-fail topic=midas.decisions error="postgres connection lost"
2026/04/04 17:56:27 INFO outbox_batch_dispatched count=1 claimed=1
2026/04/04 17:56:27 WARN outbox_mark_published_failed event_id=0c33ac02-0d40-4136-96dc-0557c2432f02 event_type=decision.completed aggregate_type=envelope aggregate_id=env-mark-fail topic=midas.decisions error="postgres connection lost"
2026/04/04 17:56:27 INFO outbox_batch_dispatched count=1 claimed=1
2026/04/04 17:56:27 WARN outbox_mark_published_failed event_id=0c33ac02-0d40-4136-96dc-0557c2432f02 event_type=decision.completed aggregate_type=envelope aggregate_id=env-mark-fail topic=midas.decisions error="postgres connection lost"
2026/04/04 17:56:27 INFO outbox_batch_dispatched count=1 claimed=1
2026/04/04 17:56:27 WARN outbox_mark_published_failed event_id=0c33ac02-0d40-4136-96dc-0557c2432f02 event_type=decision.completed aggregate_type=envelope aggregate_id=env-mark-fail topic=midas.decisions error="postgres connection lost"
2026/04/04 17:56:27 INFO outbox_batch_dispatched count=1 claimed=1
2026/04/04 17:56:27 WARN outbox_mark_published_failed event_id=0c33ac02-0d40-4136-96dc-0557c2432f02 event_type=decision.completed aggregate_type=envelope aggregate_id=env-mark-fail topic=midas.decisions error="postgres connection lost"
2026/04/04 17:56:27 INFO outbox_batch_dispatched count=1 claimed=1
2026/04/04 17:56:27 WARN outbox_mark_published_failed event_id=0c33ac02-0d40-4136-96dc-0557c2432f02 event_type=decision.completed aggregate_type=envelope aggregate_id=env-mark-fail topic=midas.decisions error="postgres connection lost"
2026/04/04 17:56:27 INFO outbox_batch_dispatched count=1 claimed=1
2026/04/04 17:56:27 WARN outbox_mark_published_failed event_id=0c33ac02-0d40-4136-96dc-0557c2432f02 event_type=decision.completed aggregate_type=envelope aggregate_id=env-mark-fail topic=midas.decisions error="postgres connection lost"
2026/04/04 17:56:27 INFO outbox_batch_dispatched count=1 claimed=1
2026/04/04 17:56:27 WARN outbox_mark_published_failed event_id=0c33ac02-0d40-4136-96dc-0557c2432f02 event_type=decision.completed aggregate_type=envelope aggregate_id=env-mark-fail topic=midas.decisions error="postgres connection lost"
2026/04/04 17:56:27 INFO outbox_batch_dispatched count=1 claimed=1
2026/04/04 17:56:27 WARN outbox_mark_published_failed event_id=0c33ac02-0d40-4136-96dc-0557c2432f02 event_type=decision.completed aggregate_type=envelope aggregate_id=env-mark-fail topic=midas.decisions error="postgres connection lost"
2026/04/04 17:56:27 INFO outbox_batch_dispatched count=1 claimed=1
2026/04/04 17:56:27 WARN outbox_mark_published_failed event_id=0c33ac02-0d40-4136-96dc-0557c2432f02 event_type=decision.completed aggregate_type=envelope aggregate_id=env-mark-fail topic=midas.decisions error="postgres connection lost"
2026/04/04 17:56:27 INFO outbox_batch_dispatched count=1 claimed=1
2026/04/04 17:56:27 WARN outbox_mark_published_failed event_id=0c33ac02-0d40-4136-96dc-0557c2432f02 event_type=decision.completed aggregate_type=envelope aggregate_id=env-mark-fail topic=midas.decisions error="postgres connection lost"
2026/04/04 17:56:27 INFO outbox_batch_dispatched count=1 claimed=1
2026/04/04 17:56:27 WARN outbox_mark_published_failed event_id=0c33ac02-0d40-4136-96dc-0557c2432f02 event_type=decision.completed aggregate_type=envelope aggregate_id=env-mark-fail topic=midas.decisions error="postgres connection lost"
2026/04/04 17:56:27 INFO outbox_batch_dispatched count=1 claimed=1
2026/04/04 17:56:27 WARN outbox_mark_published_failed event_id=0c33ac02-0d40-4136-96dc-0557c2432f02 event_type=decision.completed aggregate_type=envelope aggregate_id=env-mark-fail topic=midas.decisions error="postgres connection lost"
2026/04/04 17:56:27 INFO outbox_batch_dispatched count=1 claimed=1
2026/04/04 17:56:27 WARN outbox_mark_published_failed event_id=0c33ac02-0d40-4136-96dc-0557c2432f02 event_type=decision.completed aggregate_type=envelope aggregate_id=env-mark-fail topic=midas.decisions error="postgres connection lost"
2026/04/04 17:56:27 INFO outbox_batch_dispatched count=1 claimed=1
2026/04/04 17:56:27 WARN outbox_mark_published_failed event_id=0c33ac02-0d40-4136-96dc-0557c2432f02 event_type=decision.completed aggregate_type=envelope aggregate_id=env-mark-fail topic=midas.decisions error="postgres connection lost"
2026/04/04 17:56:27 INFO outbox_batch_dispatched count=1 claimed=1
2026/04/04 17:56:27 WARN outbox_mark_published_failed event_id=0c33ac02-0d40-4136-96dc-0557c2432f02 event_type=decision.completed aggregate_type=envelope aggregate_id=env-mark-fail topic=midas.decisions error="postgres connection lost"
2026/04/04 17:56:27 INFO outbox_batch_dispatched count=1 claimed=1
2026/04/04 17:56:27 WARN outbox_mark_published_failed event_id=0c33ac02-0d40-4136-96dc-0557c2432f02 event_type=decision.completed aggregate_type=envelope aggregate_id=env-mark-fail topic=midas.decisions error="postgres connection lost"
2026/04/04 17:56:27 INFO outbox_batch_dispatched count=1 claimed=1
2026/04/04 17:56:27 WARN outbox_mark_published_failed event_id=0c33ac02-0d40-4136-96dc-0557c2432f02 event_type=decision.completed aggregate_type=envelope aggregate_id=env-mark-fail topic=midas.decisions error="postgres connection lost"
2026/04/04 17:56:27 INFO outbox_batch_dispatched count=1 claimed=1
2026/04/04 17:56:27 WARN outbox_mark_published_failed event_id=0c33ac02-0d40-4136-96dc-0557c2432f02 event_type=decision.completed aggregate_type=envelope aggregate_id=env-mark-fail topic=midas.decisions error="postgres connection lost"
2026/04/04 17:56:27 INFO outbox_batch_dispatched count=1 claimed=1
2026/04/04 17:56:27 WARN outbox_mark_published_failed event_id=0c33ac02-0d40-4136-96dc-0557c2432f02 event_type=decision.completed aggregate_type=envelope aggregate_id=env-mark-fail topic=midas.decisions error="postgres connection lost"
2026/04/04 17:56:27 INFO outbox_batch_dispatched count=1 claimed=1
2026/04/04 17:56:27 WARN outbox_mark_published_failed event_id=0c33ac02-0d40-4136-96dc-0557c2432f02 event_type=decision.completed aggregate_type=envelope aggregate_id=env-mark-fail topic=midas.decisions error="postgres connection lost"
2026/04/04 17:56:27 INFO outbox_batch_dispatched count=1 claimed=1
2026/04/04 17:56:27 WARN outbox_mark_published_failed event_id=0c33ac02-0d40-4136-96dc-0557c2432f02 event_type=decision.completed aggregate_type=envelope aggregate_id=env-mark-fail topic=midas.decisions error="postgres connection lost"
2026/04/04 17:56:27 INFO outbox_batch_dispatched count=1 claimed=1
2026/04/04 17:56:27 WARN outbox_mark_published_failed event_id=0c33ac02-0d40-4136-96dc-0557c2432f02 event_type=decision.completed aggregate_type=envelope aggregate_id=env-mark-fail topic=midas.decisions error="postgres connection lost"
2026/04/04 17:56:27 INFO outbox_batch_dispatched count=1 claimed=1
2026/04/04 17:56:27 WARN outbox_mark_published_failed event_id=0c33ac02-0d40-4136-96dc-0557c2432f02 event_type=decision.completed aggregate_type=envelope aggregate_id=env-mark-fail topic=midas.decisions error="postgres connection lost"
2026/04/04 17:56:27 INFO outbox_batch_dispatched count=1 claimed=1
2026/04/04 17:56:27 WARN outbox_mark_published_failed event_id=0c33ac02-0d40-4136-96dc-0557c2432f02 event_type=decision.completed aggregate_type=envelope aggregate_id=env-mark-fail topic=midas.decisions error="postgres connection lost"
2026/04/04 17:56:27 INFO outbox_batch_dispatched count=1 claimed=1
2026/04/04 17:56:27 WARN outbox_mark_published_failed event_id=0c33ac02-0d40-4136-96dc-0557c2432f02 event_type=decision.completed aggregate_type=envelope aggregate_id=env-mark-fail topic=midas.decisions error="postgres connection lost"
2026/04/04 17:56:27 INFO outbox_batch_dispatched count=1 claimed=1
2026/04/04 17:56:27 WARN outbox_mark_published_failed event_id=0c33ac02-0d40-4136-96dc-0557c2432f02 event_type=decision.completed aggregate_type=envelope aggregate_id=env-mark-fail topic=midas.decisions error="postgres connection lost"
2026/04/04 17:56:27 INFO outbox_batch_dispatched count=1 claimed=1
2026/04/04 17:56:27 WARN outbox_mark_published_failed event_id=0c33ac02-0d40-4136-96dc-0557c2432f02 event_type=decision.completed aggregate_type=envelope aggregate_id=env-mark-fail topic=midas.decisions error="postgres connection lost"
2026/04/04 17:56:27 INFO outbox_batch_dispatched count=1 claimed=1
2026/04/04 17:56:27 WARN outbox_mark_published_failed event_id=0c33ac02-0d40-4136-96dc-0557c2432f02 event_type=decision.completed aggregate_type=envelope aggregate_id=env-mark-fail topic=midas.decisions error="postgres connection lost"
2026/04/04 17:56:27 INFO outbox_batch_dispatched count=1 claimed=1
2026/04/04 17:56:27 WARN outbox_mark_published_failed event_id=0c33ac02-0d40-4136-96dc-0557c2432f02 event_type=decision.completed aggregate_type=envelope aggregate_id=env-mark-fail topic=midas.decisions error="postgres connection lost"
2026/04/04 17:56:27 INFO outbox_batch_dispatched count=1 claimed=1
2026/04/04 17:56:27 WARN outbox_mark_published_failed event_id=0c33ac02-0d40-4136-96dc-0557c2432f02 event_type=decision.completed aggregate_type=envelope aggregate_id=env-mark-fail topic=midas.decisions error="postgres connection lost"
2026/04/04 17:56:27 INFO outbox_batch_dispatched count=1 claimed=1
2026/04/04 17:56:27 WARN outbox_mark_published_failed event_id=0c33ac02-0d40-4136-96dc-0557c2432f02 event_type=decision.completed aggregate_type=envelope aggregate_id=env-mark-fail topic=midas.decisions error="postgres connection lost"
2026/04/04 17:56:27 INFO outbox_batch_dispatched count=1 claimed=1
2026/04/04 17:56:27 WARN outbox_mark_published_failed event_id=0c33ac02-0d40-4136-96dc-0557c2432f02 event_type=decision.completed aggregate_type=envelope aggregate_id=env-mark-fail topic=midas.decisions error="postgres connection lost"
2026/04/04 17:56:27 INFO outbox_batch_dispatched count=1 claimed=1
2026/04/04 17:56:27 WARN outbox_mark_published_failed event_id=0c33ac02-0d40-4136-96dc-0557c2432f02 event_type=decision.completed aggregate_type=envelope aggregate_id=env-mark-fail topic=midas.decisions error="postgres connection lost"
2026/04/04 17:56:27 INFO outbox_batch_dispatched count=1 claimed=1
2026/04/04 17:56:27 WARN outbox_mark_published_failed event_id=0c33ac02-0d40-4136-96dc-0557c2432f02 event_type=decision.completed aggregate_type=envelope aggregate_id=env-mark-fail topic=midas.decisions error="postgres connection lost"
2026/04/04 17:56:27 INFO outbox_batch_dispatched count=1 claimed=1
2026/04/04 17:56:27 WARN outbox_mark_published_failed event_id=0c33ac02-0d40-4136-96dc-0557c2432f02 event_type=decision.completed aggregate_type=envelope aggregate_id=env-mark-fail topic=midas.decisions error="postgres connection lost"
2026/04/04 17:56:27 INFO outbox_batch_dispatched count=1 claimed=1
2026/04/04 17:56:27 WARN outbox_mark_published_failed event_id=0c33ac02-0d40-4136-96dc-0557c2432f02 event_type=decision.completed aggregate_type=envelope aggregate_id=env-mark-fail topic=midas.decisions error="postgres connection lost"
2026/04/04 17:56:27 INFO outbox_batch_dispatched count=1 claimed=1
2026/04/04 17:56:27 WARN outbox_mark_published_failed event_id=0c33ac02-0d40-4136-96dc-0557c2432f02 event_type=decision.completed aggregate_type=envelope aggregate_id=env-mark-fail topic=midas.decisions error="postgres connection lost"
2026/04/04 17:56:27 INFO outbox_batch_dispatched count=1 claimed=1
2026/04/04 17:56:27 WARN outbox_mark_published_failed event_id=0c33ac02-0d40-4136-96dc-0557c2432f02 event_type=decision.completed aggregate_type=envelope aggregate_id=env-mark-fail topic=midas.decisions error="postgres connection lost"
2026/04/04 17:56:27 INFO outbox_batch_dispatched count=1 claimed=1
2026/04/04 17:56:27 WARN outbox_mark_published_failed event_id=0c33ac02-0d40-4136-96dc-0557c2432f02 event_type=decision.completed aggregate_type=envelope aggregate_id=env-mark-fail topic=midas.decisions error="postgres connection lost"
2026/04/04 17:56:27 INFO outbox_batch_dispatched count=1 claimed=1
2026/04/04 17:56:27 WARN outbox_mark_published_failed event_id=0c33ac02-0d40-4136-96dc-0557c2432f02 event_type=decision.completed aggregate_type=envelope aggregate_id=env-mark-fail topic=midas.decisions error="postgres connection lost"
2026/04/04 17:56:27 INFO outbox_batch_dispatched count=1 claimed=1
2026/04/04 17:56:27 WARN outbox_mark_published_failed event_id=0c33ac02-0d40-4136-96dc-0557c2432f02 event_type=decision.completed aggregate_type=envelope aggregate_id=env-mark-fail topic=midas.decisions error="postgres connection lost"
2026/04/04 17:56:27 INFO outbox_batch_dispatched count=1 claimed=1
2026/04/04 17:56:27 WARN outbox_mark_published_failed event_id=0c33ac02-0d40-4136-96dc-0557c2432f02 event_type=decision.completed aggregate_type=envelope aggregate_id=env-mark-fail topic=midas.decisions error="postgres connection lost"
2026/04/04 17:56:27 INFO outbox_batch_dispatched count=1 claimed=1
2026/04/04 17:56:27 WARN outbox_mark_published_failed event_id=0c33ac02-0d40-4136-96dc-0557c2432f02 event_type=decision.completed aggregate_type=envelope aggregate_id=env-mark-fail topic=midas.decisions error="postgres connection lost"
2026/04/04 17:56:27 INFO outbox_batch_dispatched count=1 claimed=1
2026/04/04 17:56:27 WARN outbox_mark_published_failed event_id=0c33ac02-0d40-4136-96dc-0557c2432f02 event_type=decision.completed aggregate_type=envelope aggregate_id=env-mark-fail topic=midas.decisions error="postgres connection lost"
2026/04/04 17:56:27 INFO outbox_batch_dispatched count=1 claimed=1
2026/04/04 17:56:27 WARN outbox_mark_published_failed event_id=0c33ac02-0d40-4136-96dc-0557c2432f02 event_type=decision.completed aggregate_type=envelope aggregate_id=env-mark-fail topic=midas.decisions error="postgres connection lost"
2026/04/04 17:56:27 INFO outbox_batch_dispatched count=1 claimed=1
2026/04/04 17:56:27 WARN outbox_mark_published_failed event_id=0c33ac02-0d40-4136-96dc-0557c2432f02 event_type=decision.completed aggregate_type=envelope aggregate_id=env-mark-fail topic=midas.decisions error="postgres connection lost"
2026/04/04 17:56:27 INFO outbox_batch_dispatched count=1 claimed=1
2026/04/04 17:56:27 WARN outbox_mark_published_failed event_id=0c33ac02-0d40-4136-96dc-0557c2432f02 event_type=decision.completed aggregate_type=envelope aggregate_id=env-mark-fail topic=midas.decisions error="postgres connection lost"
2026/04/04 17:56:27 INFO outbox_batch_dispatched count=1 claimed=1
2026/04/04 17:56:27 WARN outbox_mark_published_failed event_id=0c33ac02-0d40-4136-96dc-0557c2432f02 event_type=decision.completed aggregate_type=envelope aggregate_id=env-mark-fail topic=midas.decisions error="postgres connection lost"
2026/04/04 17:56:27 INFO outbox_batch_dispatched count=1 claimed=1
2026/04/04 17:56:27 WARN outbox_mark_published_failed event_id=0c33ac02-0d40-4136-96dc-0557c2432f02 event_type=decision.completed aggregate_type=envelope aggregate_id=env-mark-fail topic=midas.decisions error="postgres connection lost"
2026/04/04 17:56:27 INFO outbox_batch_dispatched count=1 claimed=1
2026/04/04 17:56:27 WARN outbox_mark_published_failed event_id=0c33ac02-0d40-4136-96dc-0557c2432f02 event_type=decision.completed aggregate_type=envelope aggregate_id=env-mark-fail topic=midas.decisions error="postgres connection lost"
2026/04/04 17:56:27 INFO outbox_batch_dispatched count=1 claimed=1
2026/04/04 17:56:27 WARN outbox_mark_published_failed event_id=0c33ac02-0d40-4136-96dc-0557c2432f02 event_type=decision.completed aggregate_type=envelope aggregate_id=env-mark-fail topic=midas.decisions error="postgres connection lost"
2026/04/04 17:56:27 INFO outbox_batch_dispatched count=1 claimed=1
2026/04/04 17:56:27 WARN outbox_mark_published_failed event_id=0c33ac02-0d40-4136-96dc-0557c2432f02 event_type=decision.completed aggregate_type=envelope aggregate_id=env-mark-fail topic=midas.decisions error="postgres connection lost"
2026/04/04 17:56:27 INFO outbox_batch_dispatched count=1 claimed=1
2026/04/04 17:56:27 WARN outbox_mark_published_failed event_id=0c33ac02-0d40-4136-96dc-0557c2432f02 event_type=decision.completed aggregate_type=envelope aggregate_id=env-mark-fail topic=midas.decisions error="postgres connection lost"
2026/04/04 17:56:27 INFO outbox_batch_dispatched count=1 claimed=1
2026/04/04 17:56:27 WARN outbox_mark_published_failed event_id=0c33ac02-0d40-4136-96dc-0557c2432f02 event_type=decision.completed aggregate_type=envelope aggregate_id=env-mark-fail topic=midas.decisions error="postgres connection lost"
2026/04/04 17:56:27 INFO outbox_batch_dispatched count=1 claimed=1
2026/04/04 17:56:27 WARN outbox_mark_published_failed event_id=0c33ac02-0d40-4136-96dc-0557c2432f02 event_type=decision.completed aggregate_type=envelope aggregate_id=env-mark-fail topic=midas.decisions error="postgres connection lost"
2026/04/04 17:56:27 INFO outbox_batch_dispatched count=1 claimed=1
2026/04/04 17:56:27 WARN outbox_mark_published_failed event_id=0c33ac02-0d40-4136-96dc-0557c2432f02 event_type=decision.completed aggregate_type=envelope aggregate_id=env-mark-fail topic=midas.decisions error="postgres connection lost"
2026/04/04 17:56:27 INFO outbox_batch_dispatched count=1 claimed=1
2026/04/04 17:56:27 WARN outbox_mark_published_failed event_id=0c33ac02-0d40-4136-96dc-0557c2432f02 event_type=decision.completed aggregate_type=envelope aggregate_id=env-mark-fail topic=midas.decisions error="postgres connection lost"
2026/04/04 17:56:27 INFO outbox_batch_dispatched count=1 claimed=1
2026/04/04 17:56:27 WARN outbox_mark_published_failed event_id=0c33ac02-0d40-4136-96dc-0557c2432f02 event_type=decision.completed aggregate_type=envelope aggregate_id=env-mark-fail topic=midas.decisions error="postgres connection lost"
2026/04/04 17:56:27 INFO outbox_batch_dispatched count=1 claimed=1
2026/04/04 17:56:27 WARN outbox_mark_published_failed event_id=0c33ac02-0d40-4136-96dc-0557c2432f02 event_type=decision.completed aggregate_type=envelope aggregate_id=env-mark-fail topic=midas.decisions error="postgres connection lost"
2026/04/04 17:56:27 INFO outbox_batch_dispatched count=1 claimed=1
2026/04/04 17:56:27 WARN outbox_mark_published_failed event_id=0c33ac02-0d40-4136-96dc-0557c2432f02 event_type=decision.completed aggregate_type=envelope aggregate_id=env-mark-fail topic=midas.decisions error="postgres connection lost"
2026/04/04 17:56:27 INFO outbox_batch_dispatched count=1 claimed=1
2026/04/04 17:56:27 WARN outbox_mark_published_failed event_id=0c33ac02-0d40-4136-96dc-0557c2432f02 event_type=decision.completed aggregate_type=envelope aggregate_id=env-mark-fail topic=midas.decisions error="postgres connection lost"
2026/04/04 17:56:27 INFO outbox_batch_dispatched count=1 claimed=1
2026/04/04 17:56:27 WARN outbox_mark_published_failed event_id=0c33ac02-0d40-4136-96dc-0557c2432f02 event_type=decision.completed aggregate_type=envelope aggregate_id=env-mark-fail topic=midas.decisions error="postgres connection lost"
2026/04/04 17:56:27 INFO outbox_batch_dispatched count=1 claimed=1
2026/04/04 17:56:27 WARN outbox_mark_published_failed event_id=0c33ac02-0d40-4136-96dc-0557c2432f02 event_type=decision.completed aggregate_type=envelope aggregate_id=env-mark-fail topic=midas.decisions error="postgres connection lost"
2026/04/04 17:56:27 INFO outbox_batch_dispatched count=1 claimed=1
2026/04/04 17:56:27 WARN outbox_mark_published_failed event_id=0c33ac02-0d40-4136-96dc-0557c2432f02 event_type=decision.completed aggregate_type=envelope aggregate_id=env-mark-fail topic=midas.decisions error="postgres connection lost"
2026/04/04 17:56:27 INFO outbox_batch_dispatched count=1 claimed=1
2026/04/04 17:56:27 WARN outbox_mark_published_failed event_id=0c33ac02-0d40-4136-96dc-0557c2432f02 event_type=decision.completed aggregate_type=envelope aggregate_id=env-mark-fail topic=midas.decisions error="postgres connection lost"
2026/04/04 17:56:27 INFO outbox_batch_dispatched count=1 claimed=1
2026/04/04 17:56:27 WARN outbox_mark_published_failed event_id=0c33ac02-0d40-4136-96dc-0557c2432f02 event_type=decision.completed aggregate_type=envelope aggregate_id=env-mark-fail topic=midas.decisions error="postgres connection lost"
2026/04/04 17:56:27 INFO outbox_batch_dispatched count=1 claimed=1
2026/04/04 17:56:27 WARN outbox_mark_published_failed event_id=0c33ac02-0d40-4136-96dc-0557c2432f02 event_type=decision.completed aggregate_type=envelope aggregate_id=env-mark-fail topic=midas.decisions error="postgres connection lost"
2026/04/04 17:56:27 INFO outbox_batch_dispatched count=1 claimed=1
2026/04/04 17:56:27 WARN outbox_mark_published_failed event_id=0c33ac02-0d40-4136-96dc-0557c2432f02 event_type=decision.completed aggregate_type=envelope aggregate_id=env-mark-fail topic=midas.decisions error="postgres connection lost"
2026/04/04 17:56:27 INFO outbox_batch_dispatched count=1 claimed=1
2026/04/04 17:56:27 WARN outbox_mark_published_failed event_id=0c33ac02-0d40-4136-96dc-0557c2432f02 event_type=decision.completed aggregate_type=envelope aggregate_id=env-mark-fail topic=midas.decisions error="postgres connection lost"
2026/04/04 17:56:27 INFO outbox_batch_dispatched count=1 claimed=1
2026/04/04 17:56:27 WARN outbox_mark_published_failed event_id=0c33ac02-0d40-4136-96dc-0557c2432f02 event_type=decision.completed aggregate_type=envelope aggregate_id=env-mark-fail topic=midas.decisions error="postgres connection lost"
2026/04/04 17:56:27 INFO outbox_batch_dispatched count=1 claimed=1
2026/04/04 17:56:27 WARN outbox_mark_published_failed event_id=0c33ac02-0d40-4136-96dc-0557c2432f02 event_type=decision.completed aggregate_type=envelope aggregate_id=env-mark-fail topic=midas.decisions error="postgres connection lost"
2026/04/04 17:56:27 INFO outbox_batch_dispatched count=1 claimed=1
2026/04/04 17:56:27 WARN outbox_mark_published_failed event_id=0c33ac02-0d40-4136-96dc-0557c2432f02 event_type=decision.completed aggregate_type=envelope aggregate_id=env-mark-fail topic=midas.decisions error="postgres connection lost"
2026/04/04 17:56:27 INFO outbox_batch_dispatched count=1 claimed=1
2026/04/04 17:56:27 WARN outbox_mark_published_failed event_id=0c33ac02-0d40-4136-96dc-0557c2432f02 event_type=decision.completed aggregate_type=envelope aggregate_id=env-mark-fail topic=midas.decisions error="postgres connection lost"
2026/04/04 17:56:27 INFO outbox_batch_dispatched count=1 claimed=1
2026/04/04 17:56:27 WARN outbox_mark_published_failed event_id=0c33ac02-0d40-4136-96dc-0557c2432f02 event_type=decision.completed aggregate_type=envelope aggregate_id=env-mark-fail topic=midas.decisions error="postgres connection lost"
2026/04/04 17:56:27 INFO outbox_batch_dispatched count=1 claimed=1
2026/04/04 17:56:27 WARN outbox_mark_published_failed event_id=0c33ac02-0d40-4136-96dc-0557c2432f02 event_type=decision.completed aggregate_type=envelope aggregate_id=env-mark-fail topic=midas.decisions error="postgres connection lost"
2026/04/04 17:56:27 INFO outbox_batch_dispatched count=1 claimed=1
2026/04/04 17:56:27 WARN outbox_mark_published_failed event_id=0c33ac02-0d40-4136-96dc-0557c2432f02 event_type=decision.completed aggregate_type=envelope aggregate_id=env-mark-fail topic=midas.decisions error="postgres connection lost"
2026/04/04 17:56:27 INFO outbox_batch_dispatched count=1 claimed=1
2026/04/04 17:56:27 WARN outbox_mark_published_failed event_id=0c33ac02-0d40-4136-96dc-0557c2432f02 event_type=decision.completed aggregate_type=envelope aggregate_id=env-mark-fail topic=midas.decisions error="postgres connection lost"
2026/04/04 17:56:27 INFO outbox_batch_dispatched count=1 claimed=1
2026/04/04 17:56:27 WARN outbox_mark_published_failed event_id=0c33ac02-0d40-4136-96dc-0557c2432f02 event_type=decision.completed aggregate_type=envelope aggregate_id=env-mark-fail topic=midas.decisions error="postgres connection lost"
2026/04/04 17:56:27 INFO outbox_batch_dispatched count=1 claimed=1
2026/04/04 17:56:27 WARN outbox_mark_published_failed event_id=0c33ac02-0d40-4136-96dc-0557c2432f02 event_type=decision.completed aggregate_type=envelope aggregate_id=env-mark-fail topic=midas.decisions error="postgres connection lost"
2026/04/04 17:56:27 INFO outbox_batch_dispatched count=1 claimed=1
2026/04/04 17:56:27 WARN outbox_mark_published_failed event_id=0c33ac02-0d40-4136-96dc-0557c2432f02 event_type=decision.completed aggregate_type=envelope aggregate_id=env-mark-fail topic=midas.decisions error="postgres connection lost"
2026/04/04 17:56:27 INFO outbox_batch_dispatched count=1 claimed=1
2026/04/04 17:56:27 WARN outbox_mark_published_failed event_id=0c33ac02-0d40-4136-96dc-0557c2432f02 event_type=decision.completed aggregate_type=envelope aggregate_id=env-mark-fail topic=midas.decisions error="postgres connection lost"
2026/04/04 17:56:27 INFO outbox_batch_dispatched count=1 claimed=1
2026/04/04 17:56:27 WARN outbox_mark_published_failed event_id=0c33ac02-0d40-4136-96dc-0557c2432f02 event_type=decision.completed aggregate_type=envelope aggregate_id=env-mark-fail topic=midas.decisions error="postgres connection lost"
2026/04/04 17:56:27 INFO outbox_batch_dispatched count=1 claimed=1
2026/04/04 17:56:27 WARN outbox_mark_published_failed event_id=0c33ac02-0d40-4136-96dc-0557c2432f02 event_type=decision.completed aggregate_type=envelope aggregate_id=env-mark-fail topic=midas.decisions error="postgres connection lost"
2026/04/04 17:56:27 INFO outbox_batch_dispatched count=1 claimed=1
2026/04/04 17:56:27 WARN outbox_mark_published_failed event_id=0c33ac02-0d40-4136-96dc-0557c2432f02 event_type=decision.completed aggregate_type=envelope aggregate_id=env-mark-fail topic=midas.decisions error="postgres connection lost"
2026/04/04 17:56:27 INFO outbox_batch_dispatched count=1 claimed=1
2026/04/04 17:56:27 WARN outbox_mark_published_failed event_id=0c33ac02-0d40-4136-96dc-0557c2432f02 event_type=decision.completed aggregate_type=envelope aggregate_id=env-mark-fail topic=midas.decisions error="postgres connection lost"
2026/04/04 17:56:27 INFO outbox_batch_dispatched count=1 claimed=1
2026/04/04 17:56:27 WARN outbox_mark_published_failed event_id=0c33ac02-0d40-4136-96dc-0557c2432f02 event_type=decision.completed aggregate_type=envelope aggregate_id=env-mark-fail topic=midas.decisions error="postgres connection lost"
2026/04/04 17:56:27 INFO outbox_batch_dispatched count=1 claimed=1
2026/04/04 17:56:27 WARN outbox_mark_published_failed event_id=0c33ac02-0d40-4136-96dc-0557c2432f02 event_type=decision.completed aggregate_type=envelope aggregate_id=env-mark-fail topic=midas.decisions error="postgres connection lost"
2026/04/04 17:56:27 INFO outbox_batch_dispatched count=1 claimed=1
2026/04/04 17:56:27 WARN outbox_mark_published_failed event_id=0c33ac02-0d40-4136-96dc-0557c2432f02 event_type=decision.completed aggregate_type=envelope aggregate_id=env-mark-fail topic=midas.decisions error="postgres connection lost"
2026/04/04 17:56:27 INFO outbox_batch_dispatched count=1 claimed=1
2026/04/04 17:56:27 WARN outbox_mark_published_failed event_id=0c33ac02-0d40-4136-96dc-0557c2432f02 event_type=decision.completed aggregate_type=envelope aggregate_id=env-mark-fail topic=midas.decisions error="postgres connection lost"
2026/04/04 17:56:27 INFO outbox_batch_dispatched count=1 claimed=1
2026/04/04 17:56:27 WARN outbox_mark_published_failed event_id=0c33ac02-0d40-4136-96dc-0557c2432f02 event_type=decision.completed aggregate_type=envelope aggregate_id=env-mark-fail topic=midas.decisions error="postgres connection lost"
2026/04/04 17:56:27 INFO outbox_batch_dispatched count=1 claimed=1
2026/04/04 17:56:27 WARN outbox_mark_published_failed event_id=0c33ac02-0d40-4136-96dc-0557c2432f02 event_type=decision.completed aggregate_type=envelope aggregate_id=env-mark-fail topic=midas.decisions error="postgres connection lost"
2026/04/04 17:56:27 INFO outbox_batch_dispatched count=1 claimed=1
2026/04/04 17:56:27 WARN outbox_mark_published_failed event_id=0c33ac02-0d40-4136-96dc-0557c2432f02 event_type=decision.completed aggregate_type=envelope aggregate_id=env-mark-fail topic=midas.decisions error="postgres connection lost"
2026/04/04 17:56:27 INFO outbox_batch_dispatched count=1 claimed=1
2026/04/04 17:56:27 WARN outbox_mark_published_failed event_id=0c33ac02-0d40-4136-96dc-0557c2432f02 event_type=decision.completed aggregate_type=envelope aggregate_id=env-mark-fail topic=midas.decisions error="postgres connection lost"
2026/04/04 17:56:27 INFO outbox_batch_dispatched count=1 claimed=1
2026/04/04 17:56:27 WARN outbox_mark_published_failed event_id=0c33ac02-0d40-4136-96dc-0557c2432f02 event_type=decision.completed aggregate_type=envelope aggregate_id=env-mark-fail topic=midas.decisions error="postgres connection lost"
2026/04/04 17:56:27 INFO outbox_batch_dispatched count=1 claimed=1
2026/04/04 17:56:27 WARN outbox_mark_published_failed event_id=0c33ac02-0d40-4136-96dc-0557c2432f02 event_type=decision.completed aggregate_type=envelope aggregate_id=env-mark-fail topic=midas.decisions error="postgres connection lost"
2026/04/04 17:56:27 INFO outbox_batch_dispatched count=1 claimed=1
2026/04/04 17:56:27 WARN outbox_mark_published_failed event_id=0c33ac02-0d40-4136-96dc-0557c2432f02 event_type=decision.completed aggregate_type=envelope aggregate_id=env-mark-fail topic=midas.decisions error="postgres connection lost"
2026/04/04 17:56:27 INFO outbox_batch_dispatched count=1 claimed=1
2026/04/04 17:56:27 WARN outbox_mark_published_failed event_id=0c33ac02-0d40-4136-96dc-0557c2432f02 event_type=decision.completed aggregate_type=envelope aggregate_id=env-mark-fail topic=midas.decisions error="postgres connection lost"
2026/04/04 17:56:27 INFO outbox_batch_dispatched count=1 claimed=1
2026/04/04 17:56:27 WARN outbox_mark_published_failed event_id=0c33ac02-0d40-4136-96dc-0557c2432f02 event_type=decision.completed aggregate_type=envelope aggregate_id=env-mark-fail topic=midas.decisions error="postgres connection lost"
2026/04/04 17:56:27 INFO outbox_batch_dispatched count=1 claimed=1
2026/04/04 17:56:27 WARN outbox_mark_published_failed event_id=0c33ac02-0d40-4136-96dc-0557c2432f02 event_type=decision.completed aggregate_type=envelope aggregate_id=env-mark-fail topic=midas.decisions error="postgres connection lost"
2026/04/04 17:56:27 INFO outbox_batch_dispatched count=1 claimed=1
2026/04/04 17:56:27 WARN outbox_mark_published_failed event_id=0c33ac02-0d40-4136-96dc-0557c2432f02 event_type=decision.completed aggregate_type=envelope aggregate_id=env-mark-fail topic=midas.decisions error="postgres connection lost"
2026/04/04 17:56:27 INFO outbox_batch_dispatched count=1 claimed=1
2026/04/04 17:56:27 WARN outbox_mark_published_failed event_id=0c33ac02-0d40-4136-96dc-0557c2432f02 event_type=decision.completed aggregate_type=envelope aggregate_id=env-mark-fail topic=midas.decisions error="postgres connection lost"
2026/04/04 17:56:27 INFO outbox_batch_dispatched count=1 claimed=1
2026/04/04 17:56:27 WARN outbox_mark_published_failed event_id=0c33ac02-0d40-4136-96dc-0557c2432f02 event_type=decision.completed aggregate_type=envelope aggregate_id=env-mark-fail topic=midas.decisions error="postgres connection lost"
2026/04/04 17:56:27 INFO outbox_batch_dispatched count=1 claimed=1
2026/04/04 17:56:27 WARN outbox_mark_published_failed event_id=0c33ac02-0d40-4136-96dc-0557c2432f02 event_type=decision.completed aggregate_type=envelope aggregate_id=env-mark-fail topic=midas.decisions error="postgres connection lost"
2026/04/04 17:56:27 INFO outbox_batch_dispatched count=1 claimed=1
2026/04/04 17:56:27 WARN outbox_mark_published_failed event_id=0c33ac02-0d40-4136-96dc-0557c2432f02 event_type=decision.completed aggregate_type=envelope aggregate_id=env-mark-fail topic=midas.decisions error="postgres connection lost"
2026/04/04 17:56:27 INFO outbox_batch_dispatched count=1 claimed=1
2026/04/04 17:56:27 WARN outbox_mark_published_failed event_id=0c33ac02-0d40-4136-96dc-0557c2432f02 event_type=decision.completed aggregate_type=envelope aggregate_id=env-mark-fail topic=midas.decisions error="postgres connection lost"
2026/04/04 17:56:27 INFO outbox_batch_dispatched count=1 claimed=1
2026/04/04 17:56:27 WARN outbox_mark_published_failed event_id=0c33ac02-0d40-4136-96dc-0557c2432f02 event_type=decision.completed aggregate_type=envelope aggregate_id=env-mark-fail topic=midas.decisions error="postgres connection lost"
2026/04/04 17:56:27 INFO outbox_batch_dispatched count=1 claimed=1
2026/04/04 17:56:27 WARN outbox_mark_published_failed event_id=0c33ac02-0d40-4136-96dc-0557c2432f02 event_type=decision.completed aggregate_type=envelope aggregate_id=env-mark-fail topic=midas.decisions error="postgres connection lost"
2026/04/04 17:56:27 INFO outbox_batch_dispatched count=1 claimed=1
2026/04/04 17:56:27 WARN outbox_mark_published_failed event_id=0c33ac02-0d40-4136-96dc-0557c2432f02 event_type=decision.completed aggregate_type=envelope aggregate_id=env-mark-fail topic=midas.decisions error="postgres connection lost"
2026/04/04 17:56:27 INFO outbox_batch_dispatched count=1 claimed=1
2026/04/04 17:56:27 WARN outbox_mark_published_failed event_id=0c33ac02-0d40-4136-96dc-0557c2432f02 event_type=decision.completed aggregate_type=envelope aggregate_id=env-mark-fail topic=midas.decisions error="postgres connection lost"
2026/04/04 17:56:27 INFO outbox_batch_dispatched count=1 claimed=1
2026/04/04 17:56:27 WARN outbox_mark_published_failed event_id=0c33ac02-0d40-4136-96dc-0557c2432f02 event_type=decision.completed aggregate_type=envelope aggregate_id=env-mark-fail topic=midas.decisions error="postgres connection lost"
2026/04/04 17:56:27 INFO outbox_batch_dispatched count=1 claimed=1
2026/04/04 17:56:27 WARN outbox_mark_published_failed event_id=0c33ac02-0d40-4136-96dc-0557c2432f02 event_type=decision.completed aggregate_type=envelope aggregate_id=env-mark-fail topic=midas.decisions error="postgres connection lost"
2026/04/04 17:56:27 INFO outbox_batch_dispatched count=1 claimed=1
2026/04/04 17:56:27 WARN outbox_mark_published_failed event_id=0c33ac02-0d40-4136-96dc-0557c2432f02 event_type=decision.completed aggregate_type=envelope aggregate_id=env-mark-fail topic=midas.decisions error="postgres connection lost"
2026/04/04 17:56:27 INFO outbox_batch_dispatched count=1 claimed=1
2026/04/04 17:56:27 WARN outbox_mark_published_failed event_id=0c33ac02-0d40-4136-96dc-0557c2432f02 event_type=decision.completed aggregate_type=envelope aggregate_id=env-mark-fail topic=midas.decisions error="postgres connection lost"
2026/04/04 17:56:27 INFO outbox_batch_dispatched count=1 claimed=1
2026/04/04 17:56:27 WARN outbox_mark_published_failed event_id=0c33ac02-0d40-4136-96dc-0557c2432f02 event_type=decision.completed aggregate_type=envelope aggregate_id=env-mark-fail topic=midas.decisions error="postgres connection lost"
2026/04/04 17:56:27 INFO outbox_batch_dispatched count=1 claimed=1
2026/04/04 17:56:27 WARN outbox_mark_published_failed event_id=0c33ac02-0d40-4136-96dc-0557c2432f02 event_type=decision.completed aggregate_type=envelope aggregate_id=env-mark-fail topic=midas.decisions error="postgres connection lost"
2026/04/04 17:56:27 INFO outbox_batch_dispatched count=1 claimed=1
2026/04/04 17:56:27 WARN outbox_mark_published_failed event_id=0c33ac02-0d40-4136-96dc-0557c2432f02 event_type=decision.completed aggregate_type=envelope aggregate_id=env-mark-fail topic=midas.decisions error="postgres connection lost"
2026/04/04 17:56:27 INFO outbox_batch_dispatched count=1 claimed=1
2026/04/04 17:56:27 WARN outbox_mark_published_failed event_id=0c33ac02-0d40-4136-96dc-0557c2432f02 event_type=decision.completed aggregate_type=envelope aggregate_id=env-mark-fail topic=midas.decisions error="postgres connection lost"
2026/04/04 17:56:27 INFO outbox_batch_dispatched count=1 claimed=1
2026/04/04 17:56:27 WARN outbox_mark_published_failed event_id=0c33ac02-0d40-4136-96dc-0557c2432f02 event_type=decision.completed aggregate_type=envelope aggregate_id=env-mark-fail topic=midas.decisions error="postgres connection lost"
2026/04/04 17:56:27 INFO outbox_batch_dispatched count=1 claimed=1
2026/04/04 17:56:27 WARN outbox_mark_published_failed event_id=0c33ac02-0d40-4136-96dc-0557c2432f02 event_type=decision.completed aggregate_type=envelope aggregate_id=env-mark-fail topic=midas.decisions error="postgres connection lost"
2026/04/04 17:56:27 INFO outbox_batch_dispatched count=1 claimed=1
2026/04/04 17:56:27 WARN outbox_mark_published_failed event_id=0c33ac02-0d40-4136-96dc-0557c2432f02 event_type=decision.completed aggregate_type=envelope aggregate_id=env-mark-fail topic=midas.decisions error="postgres connection lost"
2026/04/04 17:56:27 INFO outbox_batch_dispatched count=1 claimed=1
2026/04/04 17:56:27 WARN outbox_mark_published_failed event_id=0c33ac02-0d40-4136-96dc-0557c2432f02 event_type=decision.completed aggregate_type=envelope aggregate_id=env-mark-fail topic=midas.decisions error="postgres connection lost"
2026/04/04 17:56:27 INFO outbox_batch_dispatched count=1 claimed=1
2026/04/04 17:56:27 WARN outbox_mark_published_failed event_id=0c33ac02-0d40-4136-96dc-0557c2432f02 event_type=decision.completed aggregate_type=envelope aggregate_id=env-mark-fail topic=midas.decisions error="postgres connection lost"
2026/04/04 17:56:27 INFO outbox_batch_dispatched count=1 claimed=1
2026/04/04 17:56:27 WARN outbox_mark_published_failed event_id=0c33ac02-0d40-4136-96dc-0557c2432f02 event_type=decision.completed aggregate_type=envelope aggregate_id=env-mark-fail topic=midas.decisions error="postgres connection lost"
2026/04/04 17:56:27 INFO outbox_batch_dispatched count=1 claimed=1
2026/04/04 17:56:27 WARN outbox_mark_published_failed event_id=0c33ac02-0d40-4136-96dc-0557c2432f02 event_type=decision.completed aggregate_type=envelope aggregate_id=env-mark-fail topic=midas.decisions error="postgres connection lost"
2026/04/04 17:56:27 INFO outbox_batch_dispatched count=1 claimed=1
2026/04/04 17:56:27 WARN outbox_mark_published_failed event_id=0c33ac02-0d40-4136-96dc-0557c2432f02 event_type=decision.completed aggregate_type=envelope aggregate_id=env-mark-fail topic=midas.decisions error="postgres connection lost"
2026/04/04 17:56:27 INFO outbox_batch_dispatched count=1 claimed=1
2026/04/04 17:56:27 WARN outbox_mark_published_failed event_id=0c33ac02-0d40-4136-96dc-0557c2432f02 event_type=decision.completed aggregate_type=envelope aggregate_id=env-mark-fail topic=midas.decisions error="postgres connection lost"
2026/04/04 17:56:27 INFO outbox_batch_dispatched count=1 claimed=1
2026/04/04 17:56:27 WARN outbox_mark_published_failed event_id=0c33ac02-0d40-4136-96dc-0557c2432f02 event_type=decision.completed aggregate_type=envelope aggregate_id=env-mark-fail topic=midas.decisions error="postgres connection lost"
2026/04/04 17:56:27 INFO outbox_batch_dispatched count=1 claimed=1
2026/04/04 17:56:27 WARN outbox_mark_published_failed event_id=0c33ac02-0d40-4136-96dc-0557c2432f02 event_type=decision.completed aggregate_type=envelope aggregate_id=env-mark-fail topic=midas.decisions error="postgres connection lost"
2026/04/04 17:56:27 INFO outbox_batch_dispatched count=1 claimed=1
2026/04/04 17:56:27 WARN outbox_mark_published_failed event_id=0c33ac02-0d40-4136-96dc-0557c2432f02 event_type=decision.completed aggregate_type=envelope aggregate_id=env-mark-fail topic=midas.decisions error="postgres connection lost"
2026/04/04 17:56:27 INFO outbox_batch_dispatched count=1 claimed=1
2026/04/04 17:56:27 WARN outbox_mark_published_failed event_id=0c33ac02-0d40-4136-96dc-0557c2432f02 event_type=decision.completed aggregate_type=envelope aggregate_id=env-mark-fail topic=midas.decisions error="postgres connection lost"
2026/04/04 17:56:27 INFO outbox_batch_dispatched count=1 claimed=1
2026/04/04 17:56:27 WARN outbox_mark_published_failed event_id=0c33ac02-0d40-4136-96dc-0557c2432f02 event_type=decision.completed aggregate_type=envelope aggregate_id=env-mark-fail topic=midas.decisions error="postgres connection lost"
2026/04/04 17:56:27 INFO outbox_batch_dispatched count=1 claimed=1
2026/04/04 17:56:27 WARN outbox_mark_published_failed event_id=0c33ac02-0d40-4136-96dc-0557c2432f02 event_type=decision.completed aggregate_type=envelope aggregate_id=env-mark-fail topic=midas.decisions error="postgres connection lost"
2026/04/04 17:56:27 INFO outbox_batch_dispatched count=1 claimed=1
2026/04/04 17:56:27 WARN outbox_mark_published_failed event_id=0c33ac02-0d40-4136-96dc-0557c2432f02 event_type=decision.completed aggregate_type=envelope aggregate_id=env-mark-fail topic=midas.decisions error="postgres connection lost"
2026/04/04 17:56:27 INFO outbox_batch_dispatched count=1 claimed=1
2026/04/04 17:56:27 WARN outbox_mark_published_failed event_id=0c33ac02-0d40-4136-96dc-0557c2432f02 event_type=decision.completed aggregate_type=envelope aggregate_id=env-mark-fail topic=midas.decisions error="postgres connection lost"
2026/04/04 17:56:27 INFO outbox_batch_dispatched count=1 claimed=1
2026/04/04 17:56:27 WARN outbox_mark_published_failed event_id=0c33ac02-0d40-4136-96dc-0557c2432f02 event_type=decision.completed aggregate_type=envelope aggregate_id=env-mark-fail topic=midas.decisions error="postgres connection lost"
2026/04/04 17:56:27 INFO outbox_batch_dispatched count=1 claimed=1
2026/04/04 17:56:27 WARN outbox_mark_published_failed event_id=0c33ac02-0d40-4136-96dc-0557c2432f02 event_type=decision.completed aggregate_type=envelope aggregate_id=env-mark-fail topic=midas.decisions error="postgres connection lost"
2026/04/04 17:56:27 INFO outbox_batch_dispatched count=1 claimed=1
2026/04/04 17:56:27 WARN outbox_mark_published_failed event_id=0c33ac02-0d40-4136-96dc-0557c2432f02 event_type=decision.completed aggregate_type=envelope aggregate_id=env-mark-fail topic=midas.decisions error="postgres connection lost"
2026/04/04 17:56:27 INFO outbox_batch_dispatched count=1 claimed=1
2026/04/04 17:56:27 WARN outbox_mark_published_failed event_id=0c33ac02-0d40-4136-96dc-0557c2432f02 event_type=decision.completed aggregate_type=envelope aggregate_id=env-mark-fail topic=midas.decisions error="postgres connection lost"
2026/04/04 17:56:27 INFO outbox_batch_dispatched count=1 claimed=1
2026/04/04 17:56:27 WARN outbox_mark_published_failed event_id=0c33ac02-0d40-4136-96dc-0557c2432f02 event_type=decision.completed aggregate_type=envelope aggregate_id=env-mark-fail topic=midas.decisions error="postgres connection lost"
2026/04/04 17:56:27 INFO outbox_batch_dispatched count=1 claimed=1
2026/04/04 17:56:27 WARN outbox_mark_published_failed event_id=0c33ac02-0d40-4136-96dc-0557c2432f02 event_type=decision.completed aggregate_type=envelope aggregate_id=env-mark-fail topic=midas.decisions error="postgres connection lost"
2026/04/04 17:56:27 INFO outbox_batch_dispatched count=1 claimed=1
2026/04/04 17:56:27 WARN outbox_mark_published_failed event_id=0c33ac02-0d40-4136-96dc-0557c2432f02 event_type=decision.completed aggregate_type=envelope aggregate_id=env-mark-fail topic=midas.decisions error="postgres connection lost"
2026/04/04 17:56:27 INFO outbox_batch_dispatched count=1 claimed=1
2026/04/04 17:56:27 WARN outbox_mark_published_failed event_id=0c33ac02-0d40-4136-96dc-0557c2432f02 event_type=decision.completed aggregate_type=envelope aggregate_id=env-mark-fail topic=midas.decisions error="postgres connection lost"
2026/04/04 17:56:27 INFO outbox_batch_dispatched count=1 claimed=1
2026/04/04 17:56:27 WARN outbox_mark_published_failed event_id=0c33ac02-0d40-4136-96dc-0557c2432f02 event_type=decision.completed aggregate_type=envelope aggregate_id=env-mark-fail topic=midas.decisions error="postgres connection lost"
2026/04/04 17:56:27 INFO outbox_batch_dispatched count=1 claimed=1
2026/04/04 17:56:27 WARN outbox_mark_published_failed event_id=0c33ac02-0d40-4136-96dc-0557c2432f02 event_type=decision.completed aggregate_type=envelope aggregate_id=env-mark-fail topic=midas.decisions error="postgres connection lost"
2026/04/04 17:56:27 INFO outbox_batch_dispatched count=1 claimed=1
2026/04/04 17:56:27 WARN outbox_mark_published_failed event_id=0c33ac02-0d40-4136-96dc-0557c2432f02 event_type=decision.completed aggregate_type=envelope aggregate_id=env-mark-fail topic=midas.decisions error="postgres connection lost"
2026/04/04 17:56:27 INFO outbox_batch_dispatched count=1 claimed=1
2026/04/04 17:56:27 WARN outbox_mark_published_failed event_id=0c33ac02-0d40-4136-96dc-0557c2432f02 event_type=decision.completed aggregate_type=envelope aggregate_id=env-mark-fail topic=midas.decisions error="postgres connection lost"
2026/04/04 17:56:27 INFO outbox_batch_dispatched count=1 claimed=1
2026/04/04 17:56:27 WARN outbox_mark_published_failed event_id=0c33ac02-0d40-4136-96dc-0557c2432f02 event_type=decision.completed aggregate_type=envelope aggregate_id=env-mark-fail topic=midas.decisions error="postgres connection lost"
2026/04/04 17:56:27 INFO outbox_batch_dispatched count=1 claimed=1
2026/04/04 17:56:27 WARN outbox_mark_published_failed event_id=0c33ac02-0d40-4136-96dc-0557c2432f02 event_type=decision.completed aggregate_type=envelope aggregate_id=env-mark-fail topic=midas.decisions error="postgres connection lost"
2026/04/04 17:56:27 INFO outbox_batch_dispatched count=1 claimed=1
2026/04/04 17:56:27 WARN outbox_mark_published_failed event_id=0c33ac02-0d40-4136-96dc-0557c2432f02 event_type=decision.completed aggregate_type=envelope aggregate_id=env-mark-fail topic=midas.decisions error="postgres connection lost"
2026/04/04 17:56:27 INFO outbox_batch_dispatched count=1 claimed=1
2026/04/04 17:56:27 WARN outbox_mark_published_failed event_id=0c33ac02-0d40-4136-96dc-0557c2432f02 event_type=decision.completed aggregate_type=envelope aggregate_id=env-mark-fail topic=midas.decisions error="postgres connection lost"
2026/04/04 17:56:27 INFO outbox_batch_dispatched count=1 claimed=1
2026/04/04 17:56:27 WARN outbox_mark_published_failed event_id=0c33ac02-0d40-4136-96dc-0557c2432f02 event_type=decision.completed aggregate_type=envelope aggregate_id=env-mark-fail topic=midas.decisions error="postgres connection lost"
2026/04/04 17:56:27 INFO outbox_batch_dispatched count=1 claimed=1
2026/04/04 17:56:27 WARN outbox_mark_published_failed event_id=0c33ac02-0d40-4136-96dc-0557c2432f02 event_type=decision.completed aggregate_type=envelope aggregate_id=env-mark-fail topic=midas.decisions error="postgres connection lost"
2026/04/04 17:56:27 INFO outbox_batch_dispatched count=1 claimed=1
2026/04/04 17:56:27 WARN outbox_mark_published_failed event_id=0c33ac02-0d40-4136-96dc-0557c2432f02 event_type=decision.completed aggregate_type=envelope aggregate_id=env-mark-fail topic=midas.decisions error="postgres connection lost"
2026/04/04 17:56:27 INFO outbox_batch_dispatched count=1 claimed=1
2026/04/04 17:56:27 WARN outbox_mark_published_failed event_id=0c33ac02-0d40-4136-96dc-0557c2432f02 event_type=decision.completed aggregate_type=envelope aggregate_id=env-mark-fail topic=midas.decisions error="postgres connection lost"
2026/04/04 17:56:27 INFO outbox_batch_dispatched count=1 claimed=1
2026/04/04 17:56:27 WARN outbox_mark_published_failed event_id=0c33ac02-0d40-4136-96dc-0557c2432f02 event_type=decision.completed aggregate_type=envelope aggregate_id=env-mark-fail topic=midas.decisions error="postgres connection lost"
2026/04/04 17:56:27 INFO outbox_batch_dispatched count=1 claimed=1
2026/04/04 17:56:27 WARN outbox_mark_published_failed event_id=0c33ac02-0d40-4136-96dc-0557c2432f02 event_type=decision.completed aggregate_type=envelope aggregate_id=env-mark-fail topic=midas.decisions error="postgres connection lost"
2026/04/04 17:56:27 INFO outbox_batch_dispatched count=1 claimed=1
2026/04/04 17:56:27 WARN outbox_mark_published_failed event_id=0c33ac02-0d40-4136-96dc-0557c2432f02 event_type=decision.completed aggregate_type=envelope aggregate_id=env-mark-fail topic=midas.decisions error="postgres connection lost"
2026/04/04 17:56:27 INFO outbox_batch_dispatched count=1 claimed=1
2026/04/04 17:56:27 WARN outbox_mark_published_failed event_id=0c33ac02-0d40-4136-96dc-0557c2432f02 event_type=decision.completed aggregate_type=envelope aggregate_id=env-mark-fail topic=midas.decisions error="postgres connection lost"
2026/04/04 17:56:27 INFO outbox_batch_dispatched count=1 claimed=1
2026/04/04 17:56:27 WARN outbox_mark_published_failed event_id=0c33ac02-0d40-4136-96dc-0557c2432f02 event_type=decision.completed aggregate_type=envelope aggregate_id=env-mark-fail topic=midas.decisions error="postgres connection lost"
2026/04/04 17:56:27 INFO outbox_batch_dispatched count=1 claimed=1
2026/04/04 17:56:27 WARN outbox_mark_published_failed event_id=0c33ac02-0d40-4136-96dc-0557c2432f02 event_type=decision.completed aggregate_type=envelope aggregate_id=env-mark-fail topic=midas.decisions error="postgres connection lost"
2026/04/04 17:56:27 INFO outbox_batch_dispatched count=1 claimed=1
2026/04/04 17:56:27 WARN outbox_mark_published_failed event_id=0c33ac02-0d40-4136-96dc-0557c2432f02 event_type=decision.completed aggregate_type=envelope aggregate_id=env-mark-fail topic=midas.decisions error="postgres connection lost"
2026/04/04 17:56:27 INFO outbox_batch_dispatched count=1 claimed=1
2026/04/04 17:56:27 WARN outbox_mark_published_failed event_id=0c33ac02-0d40-4136-96dc-0557c2432f02 event_type=decision.completed aggregate_type=envelope aggregate_id=env-mark-fail topic=midas.decisions error="postgres connection lost"
2026/04/04 17:56:27 INFO outbox_batch_dispatched count=1 claimed=1
2026/04/04 17:56:27 WARN outbox_mark_published_failed event_id=0c33ac02-0d40-4136-96dc-0557c2432f02 event_type=decision.completed aggregate_type=envelope aggregate_id=env-mark-fail topic=midas.decisions error="postgres connection lost"
2026/04/04 17:56:27 INFO outbox_batch_dispatched count=1 claimed=1
2026/04/04 17:56:27 WARN outbox_mark_published_failed event_id=0c33ac02-0d40-4136-96dc-0557c2432f02 event_type=decision.completed aggregate_type=envelope aggregate_id=env-mark-fail topic=midas.decisions error="postgres connection lost"
2026/04/04 17:56:27 INFO outbox_batch_dispatched count=1 claimed=1
2026/04/04 17:56:27 WARN outbox_mark_published_failed event_id=0c33ac02-0d40-4136-96dc-0557c2432f02 event_type=decision.completed aggregate_type=envelope aggregate_id=env-mark-fail topic=midas.decisions error="postgres connection lost"
2026/04/04 17:56:27 INFO outbox_batch_dispatched count=1 claimed=1
2026/04/04 17:56:27 WARN outbox_mark_published_failed event_id=0c33ac02-0d40-4136-96dc-0557c2432f02 event_type=decision.completed aggregate_type=envelope aggregate_id=env-mark-fail topic=midas.decisions error="postgres connection lost"
2026/04/04 17:56:27 INFO outbox_batch_dispatched count=1 claimed=1
2026/04/04 17:56:27 WARN outbox_mark_published_failed event_id=0c33ac02-0d40-4136-96dc-0557c2432f02 event_type=decision.completed aggregate_type=envelope aggregate_id=env-mark-fail topic=midas.decisions error="postgres connection lost"
2026/04/04 17:56:27 INFO outbox_batch_dispatched count=1 claimed=1
2026/04/04 17:56:27 WARN outbox_mark_published_failed event_id=0c33ac02-0d40-4136-96dc-0557c2432f02 event_type=decision.completed aggregate_type=envelope aggregate_id=env-mark-fail topic=midas.decisions error="postgres connection lost"
2026/04/04 17:56:27 INFO outbox_batch_dispatched count=1 claimed=1
2026/04/04 17:56:27 WARN outbox_mark_published_failed event_id=0c33ac02-0d40-4136-96dc-0557c2432f02 event_type=decision.completed aggregate_type=envelope aggregate_id=env-mark-fail topic=midas.decisions error="postgres connection lost"
2026/04/04 17:56:27 INFO outbox_batch_dispatched count=1 claimed=1
2026/04/04 17:56:27 WARN outbox_mark_published_failed event_id=0c33ac02-0d40-4136-96dc-0557c2432f02 event_type=decision.completed aggregate_type=envelope aggregate_id=env-mark-fail topic=midas.decisions error="postgres connection lost"
2026/04/04 17:56:27 INFO outbox_batch_dispatched count=1 claimed=1
2026/04/04 17:56:27 WARN outbox_mark_published_failed event_id=0c33ac02-0d40-4136-96dc-0557c2432f02 event_type=decision.completed aggregate_type=envelope aggregate_id=env-mark-fail topic=midas.decisions error="postgres connection lost"
2026/04/04 17:56:27 INFO outbox_batch_dispatched count=1 claimed=1
2026/04/04 17:56:27 WARN outbox_mark_published_failed event_id=0c33ac02-0d40-4136-96dc-0557c2432f02 event_type=decision.completed aggregate_type=envelope aggregate_id=env-mark-fail topic=midas.decisions error="postgres connection lost"
2026/04/04 17:56:27 INFO outbox_batch_dispatched count=1 claimed=1
2026/04/04 17:56:27 WARN outbox_mark_published_failed event_id=0c33ac02-0d40-4136-96dc-0557c2432f02 event_type=decision.completed aggregate_type=envelope aggregate_id=env-mark-fail topic=midas.decisions error="postgres connection lost"
2026/04/04 17:56:27 INFO outbox_batch_dispatched count=1 claimed=1
2026/04/04 17:56:27 WARN outbox_mark_published_failed event_id=0c33ac02-0d40-4136-96dc-0557c2432f02 event_type=decision.completed aggregate_type=envelope aggregate_id=env-mark-fail topic=midas.decisions error="postgres connection lost"
2026/04/04 17:56:27 INFO outbox_batch_dispatched count=1 claimed=1
2026/04/04 17:56:27 WARN outbox_mark_published_failed event_id=0c33ac02-0d40-4136-96dc-0557c2432f02 event_type=decision.completed aggregate_type=envelope aggregate_id=env-mark-fail topic=midas.decisions error="postgres connection lost"
2026/04/04 17:56:27 INFO outbox_batch_dispatched count=1 claimed=1
2026/04/04 17:56:27 WARN outbox_mark_published_failed event_id=0c33ac02-0d40-4136-96dc-0557c2432f02 event_type=decision.completed aggregate_type=envelope aggregate_id=env-mark-fail topic=midas.decisions error="postgres connection lost"
2026/04/04 17:56:27 INFO outbox_batch_dispatched count=1 claimed=1
2026/04/04 17:56:27 WARN outbox_mark_published_failed event_id=0c33ac02-0d40-4136-96dc-0557c2432f02 event_type=decision.completed aggregate_type=envelope aggregate_id=env-mark-fail topic=midas.decisions error="postgres connection lost"
2026/04/04 17:56:27 INFO outbox_batch_dispatched count=1 claimed=1
2026/04/04 17:56:27 WARN outbox_mark_published_failed event_id=0c33ac02-0d40-4136-96dc-0557c2432f02 event_type=decision.completed aggregate_type=envelope aggregate_id=env-mark-fail topic=midas.decisions error="postgres connection lost"
2026/04/04 17:56:27 INFO outbox_batch_dispatched count=1 claimed=1
2026/04/04 17:56:27 WARN outbox_mark_published_failed event_id=0c33ac02-0d40-4136-96dc-0557c2432f02 event_type=decision.completed aggregate_type=envelope aggregate_id=env-mark-fail topic=midas.decisions error="postgres connection lost"
2026/04/04 17:56:27 INFO outbox_batch_dispatched count=1 claimed=1
2026/04/04 17:56:27 WARN outbox_mark_published_failed event_id=0c33ac02-0d40-4136-96dc-0557c2432f02 event_type=decision.completed aggregate_type=envelope aggregate_id=env-mark-fail topic=midas.decisions error="postgres connection lost"
2026/04/04 17:56:27 INFO outbox_batch_dispatched count=1 claimed=1
2026/04/04 17:56:27 WARN outbox_mark_published_failed event_id=0c33ac02-0d40-4136-96dc-0557c2432f02 event_type=decision.completed aggregate_type=envelope aggregate_id=env-mark-fail topic=midas.decisions error="postgres connection lost"
2026/04/04 17:56:27 INFO outbox_batch_dispatched count=1 claimed=1
2026/04/04 17:56:27 WARN outbox_mark_published_failed event_id=0c33ac02-0d40-4136-96dc-0557c2432f02 event_type=decision.completed aggregate_type=envelope aggregate_id=env-mark-fail topic=midas.decisions error="postgres connection lost"
2026/04/04 17:56:27 INFO outbox_batch_dispatched count=1 claimed=1
2026/04/04 17:56:27 WARN outbox_mark_published_failed event_id=0c33ac02-0d40-4136-96dc-0557c2432f02 event_type=decision.completed aggregate_type=envelope aggregate_id=env-mark-fail topic=midas.decisions error="postgres connection lost"
2026/04/04 17:56:27 INFO outbox_batch_dispatched count=1 claimed=1
2026/04/04 17:56:27 WARN outbox_mark_published_failed event_id=0c33ac02-0d40-4136-96dc-0557c2432f02 event_type=decision.completed aggregate_type=envelope aggregate_id=env-mark-fail topic=midas.decisions error="postgres connection lost"
2026/04/04 17:56:27 INFO outbox_batch_dispatched count=1 claimed=1
2026/04/04 17:56:27 WARN outbox_mark_published_failed event_id=0c33ac02-0d40-4136-96dc-0557c2432f02 event_type=decision.completed aggregate_type=envelope aggregate_id=env-mark-fail topic=midas.decisions error="postgres connection lost"
2026/04/04 17:56:27 INFO outbox_batch_dispatched count=1 claimed=1
2026/04/04 17:56:27 WARN outbox_mark_published_failed event_id=0c33ac02-0d40-4136-96dc-0557c2432f02 event_type=decision.completed aggregate_type=envelope aggregate_id=env-mark-fail topic=midas.decisions error="postgres connection lost"
2026/04/04 17:56:27 INFO outbox_batch_dispatched count=1 claimed=1
2026/04/04 17:56:27 WARN outbox_mark_published_failed event_id=0c33ac02-0d40-4136-96dc-0557c2432f02 event_type=decision.completed aggregate_type=envelope aggregate_id=env-mark-fail topic=midas.decisions error="postgres connection lost"
2026/04/04 17:56:27 INFO outbox_batch_dispatched count=1 claimed=1
2026/04/04 17:56:27 WARN outbox_mark_published_failed event_id=0c33ac02-0d40-4136-96dc-0557c2432f02 event_type=decision.completed aggregate_type=envelope aggregate_id=env-mark-fail topic=midas.decisions error="postgres connection lost"
2026/04/04 17:56:27 INFO outbox_batch_dispatched count=1 claimed=1
2026/04/04 17:56:27 WARN outbox_mark_published_failed event_id=0c33ac02-0d40-4136-96dc-0557c2432f02 event_type=decision.completed aggregate_type=envelope aggregate_id=env-mark-fail topic=midas.decisions error="postgres connection lost"
2026/04/04 17:56:27 INFO outbox_batch_dispatched count=1 claimed=1
2026/04/04 17:56:27 WARN outbox_mark_published_failed event_id=0c33ac02-0d40-4136-96dc-0557c2432f02 event_type=decision.completed aggregate_type=envelope aggregate_id=env-mark-fail topic=midas.decisions error="postgres connection lost"
2026/04/04 17:56:27 INFO outbox_batch_dispatched count=1 claimed=1
2026/04/04 17:56:27 WARN outbox_mark_published_failed event_id=0c33ac02-0d40-4136-96dc-0557c2432f02 event_type=decision.completed aggregate_type=envelope aggregate_id=env-mark-fail topic=midas.decisions error="postgres connection lost"
2026/04/04 17:56:27 INFO outbox_batch_dispatched count=1 claimed=1
2026/04/04 17:56:27 WARN outbox_mark_published_failed event_id=0c33ac02-0d40-4136-96dc-0557c2432f02 event_type=decision.completed aggregate_type=envelope aggregate_id=env-mark-fail topic=midas.decisions error="postgres connection lost"
2026/04/04 17:56:27 INFO outbox_batch_dispatched count=1 claimed=1
2026/04/04 17:56:27 WARN outbox_mark_published_failed event_id=0c33ac02-0d40-4136-96dc-0557c2432f02 event_type=decision.completed aggregate_type=envelope aggregate_id=env-mark-fail topic=midas.decisions error="postgres connection lost"
2026/04/04 17:56:27 INFO outbox_batch_dispatched count=1 claimed=1
2026/04/04 17:56:27 WARN outbox_mark_published_failed event_id=0c33ac02-0d40-4136-96dc-0557c2432f02 event_type=decision.completed aggregate_type=envelope aggregate_id=env-mark-fail topic=midas.decisions error="postgres connection lost"
2026/04/04 17:56:27 INFO outbox_batch_dispatched count=1 claimed=1
2026/04/04 17:56:27 WARN outbox_mark_published_failed event_id=0c33ac02-0d40-4136-96dc-0557c2432f02 event_type=decision.completed aggregate_type=envelope aggregate_id=env-mark-fail topic=midas.decisions error="postgres connection lost"
2026/04/04 17:56:27 INFO outbox_batch_dispatched count=1 claimed=1
2026/04/04 17:56:27 WARN outbox_mark_published_failed event_id=0c33ac02-0d40-4136-96dc-0557c2432f02 event_type=decision.completed aggregate_type=envelope aggregate_id=env-mark-fail topic=midas.decisions error="postgres connection lost"
2026/04/04 17:56:27 INFO outbox_batch_dispatched count=1 claimed=1
2026/04/04 17:56:27 WARN outbox_mark_published_failed event_id=0c33ac02-0d40-4136-96dc-0557c2432f02 event_type=decision.completed aggregate_type=envelope aggregate_id=env-mark-fail topic=midas.decisions error="postgres connection lost"
2026/04/04 17:56:27 INFO outbox_batch_dispatched count=1 claimed=1
2026/04/04 17:56:27 WARN outbox_mark_published_failed event_id=0c33ac02-0d40-4136-96dc-0557c2432f02 event_type=decision.completed aggregate_type=envelope aggregate_id=env-mark-fail topic=midas.decisions error="postgres connection lost"
2026/04/04 17:56:27 INFO outbox_batch_dispatched count=1 claimed=1
2026/04/04 17:56:27 WARN outbox_mark_published_failed event_id=0c33ac02-0d40-4136-96dc-0557c2432f02 event_type=decision.completed aggregate_type=envelope aggregate_id=env-mark-fail topic=midas.decisions error="postgres connection lost"
2026/04/04 17:56:27 INFO outbox_batch_dispatched count=1 claimed=1
2026/04/04 17:56:27 WARN outbox_mark_published_failed event_id=0c33ac02-0d40-4136-96dc-0557c2432f02 event_type=decision.completed aggregate_type=envelope aggregate_id=env-mark-fail topic=midas.decisions error="postgres connection lost"
2026/04/04 17:56:27 INFO outbox_batch_dispatched count=1 claimed=1
2026/04/04 17:56:27 WARN outbox_mark_published_failed event_id=0c33ac02-0d40-4136-96dc-0557c2432f02 event_type=decision.completed aggregate_type=envelope aggregate_id=env-mark-fail topic=midas.decisions error="postgres connection lost"
2026/04/04 17:56:27 INFO outbox_batch_dispatched count=1 claimed=1
2026/04/04 17:56:27 WARN outbox_mark_published_failed event_id=0c33ac02-0d40-4136-96dc-0557c2432f02 event_type=decision.completed aggregate_type=envelope aggregate_id=env-mark-fail topic=midas.decisions error="postgres connection lost"
2026/04/04 17:56:27 INFO outbox_batch_dispatched count=1 claimed=1
2026/04/04 17:56:27 WARN outbox_mark_published_failed event_id=0c33ac02-0d40-4136-96dc-0557c2432f02 event_type=decision.completed aggregate_type=envelope aggregate_id=env-mark-fail topic=midas.decisions error="postgres connection lost"
2026/04/04 17:56:27 INFO outbox_batch_dispatched count=1 claimed=1
2026/04/04 17:56:27 WARN outbox_mark_published_failed event_id=0c33ac02-0d40-4136-96dc-0557c2432f02 event_type=decision.completed aggregate_type=envelope aggregate_id=env-mark-fail topic=midas.decisions error="postgres connection lost"
2026/04/04 17:56:27 INFO outbox_batch_dispatched count=1 claimed=1
2026/04/04 17:56:27 WARN outbox_mark_published_failed event_id=0c33ac02-0d40-4136-96dc-0557c2432f02 event_type=decision.completed aggregate_type=envelope aggregate_id=env-mark-fail topic=midas.decisions error="postgres connection lost"
2026/04/04 17:56:27 INFO outbox_batch_dispatched count=1 claimed=1
2026/04/04 17:56:27 WARN outbox_mark_published_failed event_id=0c33ac02-0d40-4136-96dc-0557c2432f02 event_type=decision.completed aggregate_type=envelope aggregate_id=env-mark-fail topic=midas.decisions error="postgres connection lost"
2026/04/04 17:56:27 INFO outbox_batch_dispatched count=1 claimed=1
2026/04/04 17:56:27 WARN outbox_mark_published_failed event_id=0c33ac02-0d40-4136-96dc-0557c2432f02 event_type=decision.completed aggregate_type=envelope aggregate_id=env-mark-fail topic=midas.decisions error="postgres connection lost"
2026/04/04 17:56:27 INFO outbox_batch_dispatched count=1 claimed=1
2026/04/04 17:56:27 WARN outbox_mark_published_failed event_id=0c33ac02-0d40-4136-96dc-0557c2432f02 event_type=decision.completed aggregate_type=envelope aggregate_id=env-mark-fail topic=midas.decisions error="postgres connection lost"
2026/04/04 17:56:27 INFO outbox_batch_dispatched count=1 claimed=1
2026/04/04 17:56:27 WARN outbox_mark_published_failed event_id=0c33ac02-0d40-4136-96dc-0557c2432f02 event_type=decision.completed aggregate_type=envelope aggregate_id=env-mark-fail topic=midas.decisions error="postgres connection lost"
2026/04/04 17:56:27 INFO outbox_batch_dispatched count=1 claimed=1
2026/04/04 17:56:27 WARN outbox_mark_published_failed event_id=0c33ac02-0d40-4136-96dc-0557c2432f02 event_type=decision.completed aggregate_type=envelope aggregate_id=env-mark-fail topic=midas.decisions error="postgres connection lost"
2026/04/04 17:56:27 INFO outbox_batch_dispatched count=1 claimed=1
2026/04/04 17:56:27 WARN outbox_mark_published_failed event_id=0c33ac02-0d40-4136-96dc-0557c2432f02 event_type=decision.completed aggregate_type=envelope aggregate_id=env-mark-fail topic=midas.decisions error="postgres connection lost"
2026/04/04 17:56:27 INFO outbox_batch_dispatched count=1 claimed=1
2026/04/04 17:56:27 WARN outbox_mark_published_failed event_id=0c33ac02-0d40-4136-96dc-0557c2432f02 event_type=decision.completed aggregate_type=envelope aggregate_id=env-mark-fail topic=midas.decisions error="postgres connection lost"
2026/04/04 17:56:27 INFO outbox_batch_dispatched count=1 claimed=1
2026/04/04 17:56:27 WARN outbox_mark_published_failed event_id=0c33ac02-0d40-4136-96dc-0557c2432f02 event_type=decision.completed aggregate_type=envelope aggregate_id=env-mark-fail topic=midas.decisions error="postgres connection lost"
2026/04/04 17:56:27 INFO outbox_batch_dispatched count=1 claimed=1
2026/04/04 17:56:27 WARN outbox_mark_published_failed event_id=0c33ac02-0d40-4136-96dc-0557c2432f02 event_type=decision.completed aggregate_type=envelope aggregate_id=env-mark-fail topic=midas.decisions error="postgres connection lost"
2026/04/04 17:56:27 INFO outbox_batch_dispatched count=1 claimed=1
2026/04/04 17:56:27 WARN outbox_mark_published_failed event_id=0c33ac02-0d40-4136-96dc-0557c2432f02 event_type=decision.completed aggregate_type=envelope aggregate_id=env-mark-fail topic=midas.decisions error="postgres connection lost"
2026/04/04 17:56:27 INFO outbox_batch_dispatched count=1 claimed=1
2026/04/04 17:56:27 WARN outbox_mark_published_failed event_id=0c33ac02-0d40-4136-96dc-0557c2432f02 event_type=decision.completed aggregate_type=envelope aggregate_id=env-mark-fail topic=midas.decisions error="postgres connection lost"
2026/04/04 17:56:27 INFO outbox_batch_dispatched count=1 claimed=1
2026/04/04 17:56:27 WARN outbox_mark_published_failed event_id=0c33ac02-0d40-4136-96dc-0557c2432f02 event_type=decision.completed aggregate_type=envelope aggregate_id=env-mark-fail topic=midas.decisions error="postgres connection lost"
2026/04/04 17:56:27 INFO outbox_batch_dispatched count=1 claimed=1
2026/04/04 17:56:27 WARN outbox_mark_published_failed event_id=0c33ac02-0d40-4136-96dc-0557c2432f02 event_type=decision.completed aggregate_type=envelope aggregate_id=env-mark-fail topic=midas.decisions error="postgres connection lost"
2026/04/04 17:56:27 INFO outbox_batch_dispatched count=1 claimed=1
2026/04/04 17:56:27 WARN outbox_mark_published_failed event_id=0c33ac02-0d40-4136-96dc-0557c2432f02 event_type=decision.completed aggregate_type=envelope aggregate_id=env-mark-fail topic=midas.decisions error="postgres connection lost"
2026/04/04 17:56:27 INFO outbox_batch_dispatched count=1 claimed=1
2026/04/04 17:56:27 WARN outbox_mark_published_failed event_id=0c33ac02-0d40-4136-96dc-0557c2432f02 event_type=decision.completed aggregate_type=envelope aggregate_id=env-mark-fail topic=midas.decisions error="postgres connection lost"
2026/04/04 17:56:27 INFO outbox_batch_dispatched count=1 claimed=1
2026/04/04 17:56:27 WARN outbox_mark_published_failed event_id=0c33ac02-0d40-4136-96dc-0557c2432f02 event_type=decision.completed aggregate_type=envelope aggregate_id=env-mark-fail topic=midas.decisions error="postgres connection lost"
2026/04/04 17:56:27 INFO outbox_batch_dispatched count=1 claimed=1
2026/04/04 17:56:27 WARN outbox_mark_published_failed event_id=0c33ac02-0d40-4136-96dc-0557c2432f02 event_type=decision.completed aggregate_type=envelope aggregate_id=env-mark-fail topic=midas.decisions error="postgres connection lost"
2026/04/04 17:56:27 INFO outbox_batch_dispatched count=1 claimed=1
2026/04/04 17:56:27 WARN outbox_mark_published_failed event_id=0c33ac02-0d40-4136-96dc-0557c2432f02 event_type=decision.completed aggregate_type=envelope aggregate_id=env-mark-fail topic=midas.decisions error="postgres connection lost"
2026/04/04 17:56:27 INFO outbox_batch_dispatched count=1 claimed=1
2026/04/04 17:56:27 WARN outbox_mark_published_failed event_id=0c33ac02-0d40-4136-96dc-0557c2432f02 event_type=decision.completed aggregate_type=envelope aggregate_id=env-mark-fail topic=midas.decisions error="postgres connection lost"
2026/04/04 17:56:27 INFO outbox_batch_dispatched count=1 claimed=1
2026/04/04 17:56:27 WARN outbox_mark_published_failed event_id=0c33ac02-0d40-4136-96dc-0557c2432f02 event_type=decision.completed aggregate_type=envelope aggregate_id=env-mark-fail topic=midas.decisions error="postgres connection lost"
2026/04/04 17:56:27 INFO outbox_batch_dispatched count=1 claimed=1
2026/04/04 17:56:27 WARN outbox_mark_published_failed event_id=0c33ac02-0d40-4136-96dc-0557c2432f02 event_type=decision.completed aggregate_type=envelope aggregate_id=env-mark-fail topic=midas.decisions error="postgres connection lost"
2026/04/04 17:56:27 INFO outbox_batch_dispatched count=1 claimed=1
2026/04/04 17:56:27 WARN outbox_mark_published_failed event_id=0c33ac02-0d40-4136-96dc-0557c2432f02 event_type=decision.completed aggregate_type=envelope aggregate_id=env-mark-fail topic=midas.decisions error="postgres connection lost"
2026/04/04 17:56:27 INFO outbox_batch_dispatched count=1 claimed=1
2026/04/04 17:56:27 WARN outbox_mark_published_failed event_id=0c33ac02-0d40-4136-96dc-0557c2432f02 event_type=decision.completed aggregate_type=envelope aggregate_id=env-mark-fail topic=midas.decisions error="postgres connection lost"
2026/04/04 17:56:27 INFO outbox_batch_dispatched count=1 claimed=1
2026/04/04 17:56:27 WARN outbox_mark_published_failed event_id=0c33ac02-0d40-4136-96dc-0557c2432f02 event_type=decision.completed aggregate_type=envelope aggregate_id=env-mark-fail topic=midas.decisions error="postgres connection lost"
2026/04/04 17:56:27 INFO outbox_batch_dispatched count=1 claimed=1
2026/04/04 17:56:27 WARN outbox_mark_published_failed event_id=0c33ac02-0d40-4136-96dc-0557c2432f02 event_type=decision.completed aggregate_type=envelope aggregate_id=env-mark-fail topic=midas.decisions error="postgres connection lost"
2026/04/04 17:56:27 INFO outbox_batch_dispatched count=1 claimed=1
2026/04/04 17:56:27 WARN outbox_mark_published_failed event_id=0c33ac02-0d40-4136-96dc-0557c2432f02 event_type=decision.completed aggregate_type=envelope aggregate_id=env-mark-fail topic=midas.decisions error="postgres connection lost"
2026/04/04 17:56:27 INFO outbox_batch_dispatched count=1 claimed=1
2026/04/04 17:56:27 WARN outbox_mark_published_failed event_id=0c33ac02-0d40-4136-96dc-0557c2432f02 event_type=decision.completed aggregate_type=envelope aggregate_id=env-mark-fail topic=midas.decisions error="postgres connection lost"
2026/04/04 17:56:27 INFO outbox_batch_dispatched count=1 claimed=1
2026/04/04 17:56:27 WARN outbox_mark_published_failed event_id=0c33ac02-0d40-4136-96dc-0557c2432f02 event_type=decision.completed aggregate_type=envelope aggregate_id=env-mark-fail topic=midas.decisions error="postgres connection lost"
2026/04/04 17:56:27 INFO outbox_batch_dispatched count=1 claimed=1
2026/04/04 17:56:27 WARN outbox_mark_published_failed event_id=0c33ac02-0d40-4136-96dc-0557c2432f02 event_type=decision.completed aggregate_type=envelope aggregate_id=env-mark-fail topic=midas.decisions error="postgres connection lost"
2026/04/04 17:56:27 INFO outbox_batch_dispatched count=1 claimed=1
2026/04/04 17:56:27 WARN outbox_mark_published_failed event_id=0c33ac02-0d40-4136-96dc-0557c2432f02 event_type=decision.completed aggregate_type=envelope aggregate_id=env-mark-fail topic=midas.decisions error="postgres connection lost"
2026/04/04 17:56:27 INFO outbox_batch_dispatched count=1 claimed=1
2026/04/04 17:56:27 WARN outbox_mark_published_failed event_id=0c33ac02-0d40-4136-96dc-0557c2432f02 event_type=decision.completed aggregate_type=envelope aggregate_id=env-mark-fail topic=midas.decisions error="postgres connection lost"
2026/04/04 17:56:27 INFO outbox_batch_dispatched count=1 claimed=1
2026/04/04 17:56:27 WARN outbox_mark_published_failed event_id=0c33ac02-0d40-4136-96dc-0557c2432f02 event_type=decision.completed aggregate_type=envelope aggregate_id=env-mark-fail topic=midas.decisions error="postgres connection lost"
2026/04/04 17:56:27 INFO outbox_batch_dispatched count=1 claimed=1
2026/04/04 17:56:27 WARN outbox_mark_published_failed event_id=0c33ac02-0d40-4136-96dc-0557c2432f02 event_type=decision.completed aggregate_type=envelope aggregate_id=env-mark-fail topic=midas.decisions error="postgres connection lost"
2026/04/04 17:56:27 INFO outbox_batch_dispatched count=1 claimed=1
2026/04/04 17:56:27 WARN outbox_mark_published_failed event_id=0c33ac02-0d40-4136-96dc-0557c2432f02 event_type=decision.completed aggregate_type=envelope aggregate_id=env-mark-fail topic=midas.decisions error="postgres connection lost"
2026/04/04 17:56:27 INFO outbox_batch_dispatched count=1 claimed=1
2026/04/04 17:56:27 WARN outbox_mark_published_failed event_id=0c33ac02-0d40-4136-96dc-0557c2432f02 event_type=decision.completed aggregate_type=envelope aggregate_id=env-mark-fail topic=midas.decisions error="postgres connection lost"
2026/04/04 17:56:27 INFO outbox_batch_dispatched count=1 claimed=1
2026/04/04 17:56:27 WARN outbox_mark_published_failed event_id=0c33ac02-0d40-4136-96dc-0557c2432f02 event_type=decision.completed aggregate_type=envelope aggregate_id=env-mark-fail topic=midas.decisions error="postgres connection lost"
2026/04/04 17:56:27 INFO outbox_batch_dispatched count=1 claimed=1
2026/04/04 17:56:27 WARN outbox_mark_published_failed event_id=0c33ac02-0d40-4136-96dc-0557c2432f02 event_type=decision.completed aggregate_type=envelope aggregate_id=env-mark-fail topic=midas.decisions error="postgres connection lost"
2026/04/04 17:56:27 INFO outbox_batch_dispatched count=1 claimed=1
2026/04/04 17:56:27 WARN outbox_mark_published_failed event_id=0c33ac02-0d40-4136-96dc-0557c2432f02 event_type=decision.completed aggregate_type=envelope aggregate_id=env-mark-fail topic=midas.decisions error="postgres connection lost"
2026/04/04 17:56:27 INFO outbox_batch_dispatched count=1 claimed=1
2026/04/04 17:56:27 WARN outbox_mark_published_failed event_id=0c33ac02-0d40-4136-96dc-0557c2432f02 event_type=decision.completed aggregate_type=envelope aggregate_id=env-mark-fail topic=midas.decisions error="postgres connection lost"
2026/04/04 17:56:27 INFO outbox_batch_dispatched count=1 claimed=1
2026/04/04 17:56:27 WARN outbox_mark_published_failed event_id=0c33ac02-0d40-4136-96dc-0557c2432f02 event_type=decision.completed aggregate_type=envelope aggregate_id=env-mark-fail topic=midas.decisions error="postgres connection lost"
2026/04/04 17:56:27 INFO outbox_batch_dispatched count=1 claimed=1
2026/04/04 17:56:27 WARN outbox_mark_published_failed event_id=0c33ac02-0d40-4136-96dc-0557c2432f02 event_type=decision.completed aggregate_type=envelope aggregate_id=env-mark-fail topic=midas.decisions error="postgres connection lost"
2026/04/04 17:56:27 INFO outbox_batch_dispatched count=1 claimed=1
2026/04/04 17:56:27 WARN outbox_mark_published_failed event_id=0c33ac02-0d40-4136-96dc-0557c2432f02 event_type=decision.completed aggregate_type=envelope aggregate_id=env-mark-fail topic=midas.decisions error="postgres connection lost"
2026/04/04 17:56:27 INFO outbox_batch_dispatched count=1 claimed=1
2026/04/04 17:56:27 WARN outbox_mark_published_failed event_id=0c33ac02-0d40-4136-96dc-0557c2432f02 event_type=decision.completed aggregate_type=envelope aggregate_id=env-mark-fail topic=midas.decisions error="postgres connection lost"
2026/04/04 17:56:27 INFO outbox_batch_dispatched count=1 claimed=1
2026/04/04 17:56:27 WARN outbox_mark_published_failed event_id=0c33ac02-0d40-4136-96dc-0557c2432f02 event_type=decision.completed aggregate_type=envelope aggregate_id=env-mark-fail topic=midas.decisions error="postgres connection lost"
2026/04/04 17:56:27 INFO outbox_batch_dispatched count=1 claimed=1
2026/04/04 17:56:27 WARN outbox_mark_published_failed event_id=0c33ac02-0d40-4136-96dc-0557c2432f02 event_type=decision.completed aggregate_type=envelope aggregate_id=env-mark-fail topic=midas.decisions error="postgres connection lost"
2026/04/04 17:56:27 INFO outbox_batch_dispatched count=1 claimed=1
2026/04/04 17:56:27 WARN outbox_mark_published_failed event_id=0c33ac02-0d40-4136-96dc-0557c2432f02 event_type=decision.completed aggregate_type=envelope aggregate_id=env-mark-fail topic=midas.decisions error="postgres connection lost"
2026/04/04 17:56:27 INFO outbox_batch_dispatched count=1 claimed=1
2026/04/04 17:56:27 WARN outbox_mark_published_failed event_id=0c33ac02-0d40-4136-96dc-0557c2432f02 event_type=decision.completed aggregate_type=envelope aggregate_id=env-mark-fail topic=midas.decisions error="postgres connection lost"
2026/04/04 17:56:27 INFO outbox_batch_dispatched count=1 claimed=1
2026/04/04 17:56:27 WARN outbox_mark_published_failed event_id=0c33ac02-0d40-4136-96dc-0557c2432f02 event_type=decision.completed aggregate_type=envelope aggregate_id=env-mark-fail topic=midas.decisions error="postgres connection lost"
2026/04/04 17:56:27 INFO outbox_batch_dispatched count=1 claimed=1
2026/04/04 17:56:27 WARN outbox_mark_published_failed event_id=0c33ac02-0d40-4136-96dc-0557c2432f02 event_type=decision.completed aggregate_type=envelope aggregate_id=env-mark-fail topic=midas.decisions error="postgres connection lost"
2026/04/04 17:56:27 INFO outbox_batch_dispatched count=1 claimed=1
2026/04/04 17:56:27 WARN outbox_mark_published_failed event_id=0c33ac02-0d40-4136-96dc-0557c2432f02 event_type=decision.completed aggregate_type=envelope aggregate_id=env-mark-fail topic=midas.decisions error="postgres connection lost"
2026/04/04 17:56:27 INFO outbox_batch_dispatched count=1 claimed=1
2026/04/04 17:56:27 WARN outbox_mark_published_failed event_id=0c33ac02-0d40-4136-96dc-0557c2432f02 event_type=decision.completed aggregate_type=envelope aggregate_id=env-mark-fail topic=midas.decisions error="postgres connection lost"
2026/04/04 17:56:27 INFO outbox_batch_dispatched count=1 claimed=1
2026/04/04 17:56:27 WARN outbox_mark_published_failed event_id=0c33ac02-0d40-4136-96dc-0557c2432f02 event_type=decision.completed aggregate_type=envelope aggregate_id=env-mark-fail topic=midas.decisions error="postgres connection lost"
2026/04/04 17:56:27 INFO outbox_batch_dispatched count=1 claimed=1
2026/04/04 17:56:27 WARN outbox_mark_published_failed event_id=0c33ac02-0d40-4136-96dc-0557c2432f02 event_type=decision.completed aggregate_type=envelope aggregate_id=env-mark-fail topic=midas.decisions error="postgres connection lost"
2026/04/04 17:56:27 INFO outbox_batch_dispatched count=1 claimed=1
2026/04/04 17:56:27 WARN outbox_mark_published_failed event_id=0c33ac02-0d40-4136-96dc-0557c2432f02 event_type=decision.completed aggregate_type=envelope aggregate_id=env-mark-fail topic=midas.decisions error="postgres connection lost"
2026/04/04 17:56:27 INFO outbox_batch_dispatched count=1 claimed=1
2026/04/04 17:56:27 WARN outbox_mark_published_failed event_id=0c33ac02-0d40-4136-96dc-0557c2432f02 event_type=decision.completed aggregate_type=envelope aggregate_id=env-mark-fail topic=midas.decisions error="postgres connection lost"
2026/04/04 17:56:27 INFO outbox_batch_dispatched count=1 claimed=1
2026/04/04 17:56:27 WARN outbox_mark_published_failed event_id=0c33ac02-0d40-4136-96dc-0557c2432f02 event_type=decision.completed aggregate_type=envelope aggregate_id=env-mark-fail topic=midas.decisions error="postgres connection lost"
2026/04/04 17:56:27 INFO outbox_batch_dispatched count=1 claimed=1
2026/04/04 17:56:27 WARN outbox_mark_published_failed event_id=0c33ac02-0d40-4136-96dc-0557c2432f02 event_type=decision.completed aggregate_type=envelope aggregate_id=env-mark-fail topic=midas.decisions error="postgres connection lost"
2026/04/04 17:56:27 INFO outbox_batch_dispatched count=1 claimed=1
2026/04/04 17:56:27 WARN outbox_mark_published_failed event_id=0c33ac02-0d40-4136-96dc-0557c2432f02 event_type=decision.completed aggregate_type=envelope aggregate_id=env-mark-fail topic=midas.decisions error="postgres connection lost"
2026/04/04 17:56:27 INFO outbox_batch_dispatched count=1 claimed=1
2026/04/04 17:56:27 WARN outbox_mark_published_failed event_id=0c33ac02-0d40-4136-96dc-0557c2432f02 event_type=decision.completed aggregate_type=envelope aggregate_id=env-mark-fail topic=midas.decisions error="postgres connection lost"
2026/04/04 17:56:27 INFO outbox_batch_dispatched count=1 claimed=1
2026/04/04 17:56:27 WARN outbox_mark_published_failed event_id=0c33ac02-0d40-4136-96dc-0557c2432f02 event_type=decision.completed aggregate_type=envelope aggregate_id=env-mark-fail topic=midas.decisions error="postgres connection lost"
2026/04/04 17:56:27 INFO outbox_batch_dispatched count=1 claimed=1
2026/04/04 17:56:27 WARN outbox_mark_published_failed event_id=0c33ac02-0d40-4136-96dc-0557c2432f02 event_type=decision.completed aggregate_type=envelope aggregate_id=env-mark-fail topic=midas.decisions error="postgres connection lost"
2026/04/04 17:56:27 INFO outbox_batch_dispatched count=1 claimed=1
2026/04/04 17:56:27 WARN outbox_mark_published_failed event_id=0c33ac02-0d40-4136-96dc-0557c2432f02 event_type=decision.completed aggregate_type=envelope aggregate_id=env-mark-fail topic=midas.decisions error="postgres connection lost"
2026/04/04 17:56:27 INFO outbox_batch_dispatched count=1 claimed=1
2026/04/04 17:56:27 WARN outbox_mark_published_failed event_id=0c33ac02-0d40-4136-96dc-0557c2432f02 event_type=decision.completed aggregate_type=envelope aggregate_id=env-mark-fail topic=midas.decisions error="postgres connection lost"
2026/04/04 17:56:27 INFO outbox_batch_dispatched count=1 claimed=1
2026/04/04 17:56:27 WARN outbox_mark_published_failed event_id=0c33ac02-0d40-4136-96dc-0557c2432f02 event_type=decision.completed aggregate_type=envelope aggregate_id=env-mark-fail topic=midas.decisions error="postgres connection lost"
2026/04/04 17:56:27 INFO outbox_batch_dispatched count=1 claimed=1
2026/04/04 17:56:27 WARN outbox_mark_published_failed event_id=0c33ac02-0d40-4136-96dc-0557c2432f02 event_type=decision.completed aggregate_type=envelope aggregate_id=env-mark-fail topic=midas.decisions error="postgres connection lost"
2026/04/04 17:56:27 INFO outbox_batch_dispatched count=1 claimed=1
2026/04/04 17:56:27 WARN outbox_mark_published_failed event_id=0c33ac02-0d40-4136-96dc-0557c2432f02 event_type=decision.completed aggregate_type=envelope aggregate_id=env-mark-fail topic=midas.decisions error="postgres connection lost"
2026/04/04 17:56:27 INFO outbox_batch_dispatched count=1 claimed=1
2026/04/04 17:56:27 WARN outbox_mark_published_failed event_id=0c33ac02-0d40-4136-96dc-0557c2432f02 event_type=decision.completed aggregate_type=envelope aggregate_id=env-mark-fail topic=midas.decisions error="postgres connection lost"
2026/04/04 17:56:27 INFO outbox_batch_dispatched count=1 claimed=1
2026/04/04 17:56:27 WARN outbox_mark_published_failed event_id=0c33ac02-0d40-4136-96dc-0557c2432f02 event_type=decision.completed aggregate_type=envelope aggregate_id=env-mark-fail topic=midas.decisions error="postgres connection lost"
2026/04/04 17:56:27 INFO outbox_batch_dispatched count=1 claimed=1
2026/04/04 17:56:27 WARN outbox_mark_published_failed event_id=0c33ac02-0d40-4136-96dc-0557c2432f02 event_type=decision.completed aggregate_type=envelope aggregate_id=env-mark-fail topic=midas.decisions error="postgres connection lost"
2026/04/04 17:56:27 INFO outbox_batch_dispatched count=1 claimed=1
2026/04/04 17:56:27 WARN outbox_mark_published_failed event_id=0c33ac02-0d40-4136-96dc-0557c2432f02 event_type=decision.completed aggregate_type=envelope aggregate_id=env-mark-fail topic=midas.decisions error="postgres connection lost"
2026/04/04 17:56:27 INFO outbox_batch_dispatched count=1 claimed=1
2026/04/04 17:56:27 WARN outbox_mark_published_failed event_id=0c33ac02-0d40-4136-96dc-0557c2432f02 event_type=decision.completed aggregate_type=envelope aggregate_id=env-mark-fail topic=midas.decisions error="postgres connection lost"
2026/04/04 17:56:27 INFO outbox_batch_dispatched count=1 claimed=1
2026/04/04 17:56:27 WARN outbox_mark_published_failed event_id=0c33ac02-0d40-4136-96dc-0557c2432f02 event_type=decision.completed aggregate_type=envelope aggregate_id=env-mark-fail topic=midas.decisions error="postgres connection lost"
2026/04/04 17:56:27 INFO outbox_batch_dispatched count=1 claimed=1
2026/04/04 17:56:27 WARN outbox_mark_published_failed event_id=0c33ac02-0d40-4136-96dc-0557c2432f02 event_type=decision.completed aggregate_type=envelope aggregate_id=env-mark-fail topic=midas.decisions error="postgres connection lost"
2026/04/04 17:56:27 INFO outbox_batch_dispatched count=1 claimed=1
2026/04/04 17:56:27 WARN outbox_mark_published_failed event_id=0c33ac02-0d40-4136-96dc-0557c2432f02 event_type=decision.completed aggregate_type=envelope aggregate_id=env-mark-fail topic=midas.decisions error="postgres connection lost"
2026/04/04 17:56:27 INFO outbox_batch_dispatched count=1 claimed=1
2026/04/04 17:56:27 WARN outbox_mark_published_failed event_id=0c33ac02-0d40-4136-96dc-0557c2432f02 event_type=decision.completed aggregate_type=envelope aggregate_id=env-mark-fail topic=midas.decisions error="postgres connection lost"
2026/04/04 17:56:27 INFO outbox_batch_dispatched count=1 claimed=1
2026/04/04 17:56:27 WARN outbox_mark_published_failed event_id=0c33ac02-0d40-4136-96dc-0557c2432f02 event_type=decision.completed aggregate_type=envelope aggregate_id=env-mark-fail topic=midas.decisions error="postgres connection lost"
2026/04/04 17:56:27 INFO outbox_batch_dispatched count=1 claimed=1
2026/04/04 17:56:27 WARN outbox_mark_published_failed event_id=0c33ac02-0d40-4136-96dc-0557c2432f02 event_type=decision.completed aggregate_type=envelope aggregate_id=env-mark-fail topic=midas.decisions error="postgres connection lost"
2026/04/04 17:56:27 INFO outbox_batch_dispatched count=1 claimed=1
2026/04/04 17:56:27 WARN outbox_mark_published_failed event_id=0c33ac02-0d40-4136-96dc-0557c2432f02 event_type=decision.completed aggregate_type=envelope aggregate_id=env-mark-fail topic=midas.decisions error="postgres connection lost"
2026/04/04 17:56:27 INFO outbox_batch_dispatched count=1 claimed=1
2026/04/04 17:56:27 WARN outbox_mark_published_failed event_id=0c33ac02-0d40-4136-96dc-0557c2432f02 event_type=decision.completed aggregate_type=envelope aggregate_id=env-mark-fail topic=midas.decisions error="postgres connection lost"
2026/04/04 17:56:27 INFO outbox_batch_dispatched count=1 claimed=1
2026/04/04 17:56:27 WARN outbox_mark_published_failed event_id=0c33ac02-0d40-4136-96dc-0557c2432f02 event_type=decision.completed aggregate_type=envelope aggregate_id=env-mark-fail topic=midas.decisions error="postgres connection lost"
2026/04/04 17:56:27 INFO outbox_batch_dispatched count=1 claimed=1
2026/04/04 17:56:27 WARN outbox_mark_published_failed event_id=0c33ac02-0d40-4136-96dc-0557c2432f02 event_type=decision.completed aggregate_type=envelope aggregate_id=env-mark-fail topic=midas.decisions error="postgres connection lost"
2026/04/04 17:56:27 INFO outbox_batch_dispatched count=1 claimed=1
2026/04/04 17:56:27 WARN outbox_mark_published_failed event_id=0c33ac02-0d40-4136-96dc-0557c2432f02 event_type=decision.completed aggregate_type=envelope aggregate_id=env-mark-fail topic=midas.decisions error="postgres connection lost"
2026/04/04 17:56:27 INFO outbox_batch_dispatched count=1 claimed=1
2026/04/04 17:56:27 WARN outbox_mark_published_failed event_id=0c33ac02-0d40-4136-96dc-0557c2432f02 event_type=decision.completed aggregate_type=envelope aggregate_id=env-mark-fail topic=midas.decisions error="postgres connection lost"
2026/04/04 17:56:27 INFO outbox_batch_dispatched count=1 claimed=1
2026/04/04 17:56:27 WARN outbox_mark_published_failed event_id=0c33ac02-0d40-4136-96dc-0557c2432f02 event_type=decision.completed aggregate_type=envelope aggregate_id=env-mark-fail topic=midas.decisions error="postgres connection lost"
2026/04/04 17:56:27 INFO outbox_batch_dispatched count=1 claimed=1
2026/04/04 17:56:27 WARN outbox_mark_published_failed event_id=0c33ac02-0d40-4136-96dc-0557c2432f02 event_type=decision.completed aggregate_type=envelope aggregate_id=env-mark-fail topic=midas.decisions error="postgres connection lost"
2026/04/04 17:56:27 INFO outbox_batch_dispatched count=1 claimed=1
2026/04/04 17:56:27 WARN outbox_mark_published_failed event_id=0c33ac02-0d40-4136-96dc-0557c2432f02 event_type=decision.completed aggregate_type=envelope aggregate_id=env-mark-fail topic=midas.decisions error="postgres connection lost"
2026/04/04 17:56:27 INFO outbox_batch_dispatched count=1 claimed=1
2026/04/04 17:56:27 WARN outbox_mark_published_failed event_id=0c33ac02-0d40-4136-96dc-0557c2432f02 event_type=decision.completed aggregate_type=envelope aggregate_id=env-mark-fail topic=midas.decisions error="postgres connection lost"
2026/04/04 17:56:27 INFO outbox_batch_dispatched count=1 claimed=1
2026/04/04 17:56:27 WARN outbox_mark_published_failed event_id=0c33ac02-0d40-4136-96dc-0557c2432f02 event_type=decision.completed aggregate_type=envelope aggregate_id=env-mark-fail topic=midas.decisions error="postgres connection lost"
2026/04/04 17:56:27 INFO outbox_batch_dispatched count=1 claimed=1
2026/04/04 17:56:27 WARN outbox_mark_published_failed event_id=0c33ac02-0d40-4136-96dc-0557c2432f02 event_type=decision.completed aggregate_type=envelope aggregate_id=env-mark-fail topic=midas.decisions error="postgres connection lost"
2026/04/04 17:56:27 INFO outbox_batch_dispatched count=1 claimed=1
2026/04/04 17:56:27 WARN outbox_mark_published_failed event_id=0c33ac02-0d40-4136-96dc-0557c2432f02 event_type=decision.completed aggregate_type=envelope aggregate_id=env-mark-fail topic=midas.decisions error="postgres connection lost"
2026/04/04 17:56:27 INFO outbox_batch_dispatched count=1 claimed=1
2026/04/04 17:56:27 WARN outbox_mark_published_failed event_id=0c33ac02-0d40-4136-96dc-0557c2432f02 event_type=decision.completed aggregate_type=envelope aggregate_id=env-mark-fail topic=midas.decisions error="postgres connection lost"
2026/04/04 17:56:27 INFO outbox_batch_dispatched count=1 claimed=1
2026/04/04 17:56:27 WARN outbox_mark_published_failed event_id=0c33ac02-0d40-4136-96dc-0557c2432f02 event_type=decision.completed aggregate_type=envelope aggregate_id=env-mark-fail topic=midas.decisions error="postgres connection lost"
2026/04/04 17:56:27 INFO outbox_batch_dispatched count=1 claimed=1
2026/04/04 17:56:27 WARN outbox_mark_published_failed event_id=0c33ac02-0d40-4136-96dc-0557c2432f02 event_type=decision.completed aggregate_type=envelope aggregate_id=env-mark-fail topic=midas.decisions error="postgres connection lost"
2026/04/04 17:56:27 INFO outbox_batch_dispatched count=1 claimed=1
2026/04/04 17:56:27 WARN outbox_mark_published_failed event_id=0c33ac02-0d40-4136-96dc-0557c2432f02 event_type=decision.completed aggregate_type=envelope aggregate_id=env-mark-fail topic=midas.decisions error="postgres connection lost"
2026/04/04 17:56:27 INFO outbox_batch_dispatched count=1 claimed=1
2026/04/04 17:56:27 WARN outbox_mark_published_failed event_id=0c33ac02-0d40-4136-96dc-0557c2432f02 event_type=decision.completed aggregate_type=envelope aggregate_id=env-mark-fail topic=midas.decisions error="postgres connection lost"
2026/04/04 17:56:27 INFO outbox_batch_dispatched count=1 claimed=1
2026/04/04 17:56:27 WARN outbox_mark_published_failed event_id=0c33ac02-0d40-4136-96dc-0557c2432f02 event_type=decision.completed aggregate_type=envelope aggregate_id=env-mark-fail topic=midas.decisions error="postgres connection lost"
2026/04/04 17:56:27 INFO outbox_batch_dispatched count=1 claimed=1
2026/04/04 17:56:27 WARN outbox_mark_published_failed event_id=0c33ac02-0d40-4136-96dc-0557c2432f02 event_type=decision.completed aggregate_type=envelope aggregate_id=env-mark-fail topic=midas.decisions error="postgres connection lost"
2026/04/04 17:56:27 INFO outbox_batch_dispatched count=1 claimed=1
2026/04/04 17:56:27 WARN outbox_mark_published_failed event_id=0c33ac02-0d40-4136-96dc-0557c2432f02 event_type=decision.completed aggregate_type=envelope aggregate_id=env-mark-fail topic=midas.decisions error="postgres connection lost"
2026/04/04 17:56:27 INFO outbox_batch_dispatched count=1 claimed=1
2026/04/04 17:56:27 WARN outbox_mark_published_failed event_id=0c33ac02-0d40-4136-96dc-0557c2432f02 event_type=decision.completed aggregate_type=envelope aggregate_id=env-mark-fail topic=midas.decisions error="postgres connection lost"
2026/04/04 17:56:27 INFO outbox_batch_dispatched count=1 claimed=1
2026/04/04 17:56:27 WARN outbox_mark_published_failed event_id=0c33ac02-0d40-4136-96dc-0557c2432f02 event_type=decision.completed aggregate_type=envelope aggregate_id=env-mark-fail topic=midas.decisions error="postgres connection lost"
2026/04/04 17:56:27 INFO outbox_batch_dispatched count=1 claimed=1
2026/04/04 17:56:27 WARN outbox_mark_published_failed event_id=0c33ac02-0d40-4136-96dc-0557c2432f02 event_type=decision.completed aggregate_type=envelope aggregate_id=env-mark-fail topic=midas.decisions error="postgres connection lost"
2026/04/04 17:56:27 INFO outbox_batch_dispatched count=1 claimed=1
2026/04/04 17:56:27 WARN outbox_mark_published_failed event_id=0c33ac02-0d40-4136-96dc-0557c2432f02 event_type=decision.completed aggregate_type=envelope aggregate_id=env-mark-fail topic=midas.decisions error="postgres connection lost"
2026/04/04 17:56:27 INFO outbox_batch_dispatched count=1 claimed=1
2026/04/04 17:56:27 WARN outbox_mark_published_failed event_id=0c33ac02-0d40-4136-96dc-0557c2432f02 event_type=decision.completed aggregate_type=envelope aggregate_id=env-mark-fail topic=midas.decisions error="postgres connection lost"
2026/04/04 17:56:27 INFO outbox_batch_dispatched count=1 claimed=1
2026/04/04 17:56:27 WARN outbox_mark_published_failed event_id=0c33ac02-0d40-4136-96dc-0557c2432f02 event_type=decision.completed aggregate_type=envelope aggregate_id=env-mark-fail topic=midas.decisions error="postgres connection lost"
2026/04/04 17:56:27 INFO outbox_batch_dispatched count=1 claimed=1
2026/04/04 17:56:27 WARN outbox_mark_published_failed event_id=0c33ac02-0d40-4136-96dc-0557c2432f02 event_type=decision.completed aggregate_type=envelope aggregate_id=env-mark-fail topic=midas.decisions error="postgres connection lost"
2026/04/04 17:56:27 INFO outbox_batch_dispatched count=1 claimed=1
2026/04/04 17:56:27 WARN outbox_mark_published_failed event_id=0c33ac02-0d40-4136-96dc-0557c2432f02 event_type=decision.completed aggregate_type=envelope aggregate_id=env-mark-fail topic=midas.decisions error="postgres connection lost"
2026/04/04 17:56:27 INFO outbox_batch_dispatched count=1 claimed=1
2026/04/04 17:56:27 WARN outbox_mark_published_failed event_id=0c33ac02-0d40-4136-96dc-0557c2432f02 event_type=decision.completed aggregate_type=envelope aggregate_id=env-mark-fail topic=midas.decisions error="postgres connection lost"
2026/04/04 17:56:27 INFO outbox_batch_dispatched count=1 claimed=1
2026/04/04 17:56:27 WARN outbox_mark_published_failed event_id=0c33ac02-0d40-4136-96dc-0557c2432f02 event_type=decision.completed aggregate_type=envelope aggregate_id=env-mark-fail topic=midas.decisions error="postgres connection lost"
2026/04/04 17:56:27 INFO outbox_batch_dispatched count=1 claimed=1
2026/04/04 17:56:27 WARN outbox_mark_published_failed event_id=0c33ac02-0d40-4136-96dc-0557c2432f02 event_type=decision.completed aggregate_type=envelope aggregate_id=env-mark-fail topic=midas.decisions error="postgres connection lost"
2026/04/04 17:56:27 INFO outbox_batch_dispatched count=1 claimed=1
2026/04/04 17:56:27 WARN outbox_mark_published_failed event_id=0c33ac02-0d40-4136-96dc-0557c2432f02 event_type=decision.completed aggregate_type=envelope aggregate_id=env-mark-fail topic=midas.decisions error="postgres connection lost"
2026/04/04 17:56:27 INFO outbox_batch_dispatched count=1 claimed=1
2026/04/04 17:56:27 WARN outbox_mark_published_failed event_id=0c33ac02-0d40-4136-96dc-0557c2432f02 event_type=decision.completed aggregate_type=envelope aggregate_id=env-mark-fail topic=midas.decisions error="postgres connection lost"
2026/04/04 17:56:27 INFO outbox_batch_dispatched count=1 claimed=1
2026/04/04 17:56:27 WARN outbox_mark_published_failed event_id=0c33ac02-0d40-4136-96dc-0557c2432f02 event_type=decision.completed aggregate_type=envelope aggregate_id=env-mark-fail topic=midas.decisions error="postgres connection lost"
2026/04/04 17:56:27 INFO outbox_batch_dispatched count=1 claimed=1
2026/04/04 17:56:27 WARN outbox_mark_published_failed event_id=0c33ac02-0d40-4136-96dc-0557c2432f02 event_type=decision.completed aggregate_type=envelope aggregate_id=env-mark-fail topic=midas.decisions error="postgres connection lost"
2026/04/04 17:56:27 INFO outbox_batch_dispatched count=1 claimed=1
2026/04/04 17:56:27 WARN outbox_mark_published_failed event_id=0c33ac02-0d40-4136-96dc-0557c2432f02 event_type=decision.completed aggregate_type=envelope aggregate_id=env-mark-fail topic=midas.decisions error="postgres connection lost"
2026/04/04 17:56:27 INFO outbox_batch_dispatched count=1 claimed=1
2026/04/04 17:56:27 WARN outbox_mark_published_failed event_id=0c33ac02-0d40-4136-96dc-0557c2432f02 event_type=decision.completed aggregate_type=envelope aggregate_id=env-mark-fail topic=midas.decisions error="postgres connection lost"
2026/04/04 17:56:27 INFO outbox_batch_dispatched count=1 claimed=1
2026/04/04 17:56:27 WARN outbox_mark_published_failed event_id=0c33ac02-0d40-4136-96dc-0557c2432f02 event_type=decision.completed aggregate_type=envelope aggregate_id=env-mark-fail topic=midas.decisions error="postgres connection lost"
2026/04/04 17:56:27 INFO outbox_batch_dispatched count=1 claimed=1
2026/04/04 17:56:27 WARN outbox_mark_published_failed event_id=0c33ac02-0d40-4136-96dc-0557c2432f02 event_type=decision.completed aggregate_type=envelope aggregate_id=env-mark-fail topic=midas.decisions error="postgres connection lost"
2026/04/04 17:56:27 INFO outbox_batch_dispatched count=1 claimed=1
2026/04/04 17:56:27 WARN outbox_mark_published_failed event_id=0c33ac02-0d40-4136-96dc-0557c2432f02 event_type=decision.completed aggregate_type=envelope aggregate_id=env-mark-fail topic=midas.decisions error="postgres connection lost"
2026/04/04 17:56:27 INFO outbox_batch_dispatched count=1 claimed=1
2026/04/04 17:56:27 WARN outbox_mark_published_failed event_id=0c33ac02-0d40-4136-96dc-0557c2432f02 event_type=decision.completed aggregate_type=envelope aggregate_id=env-mark-fail topic=midas.decisions error="postgres connection lost"
2026/04/04 17:56:27 INFO outbox_batch_dispatched count=1 claimed=1
2026/04/04 17:56:27 WARN outbox_mark_published_failed event_id=0c33ac02-0d40-4136-96dc-0557c2432f02 event_type=decision.completed aggregate_type=envelope aggregate_id=env-mark-fail topic=midas.decisions error="postgres connection lost"
2026/04/04 17:56:27 INFO outbox_batch_dispatched count=1 claimed=1
2026/04/04 17:56:27 WARN outbox_mark_published_failed event_id=0c33ac02-0d40-4136-96dc-0557c2432f02 event_type=decision.completed aggregate_type=envelope aggregate_id=env-mark-fail topic=midas.decisions error="postgres connection lost"
2026/04/04 17:56:27 INFO outbox_batch_dispatched count=1 claimed=1
2026/04/04 17:56:27 WARN outbox_mark_published_failed event_id=0c33ac02-0d40-4136-96dc-0557c2432f02 event_type=decision.completed aggregate_type=envelope aggregate_id=env-mark-fail topic=midas.decisions error="postgres connection lost"
2026/04/04 17:56:27 INFO outbox_batch_dispatched count=1 claimed=1
2026/04/04 17:56:27 WARN outbox_mark_published_failed event_id=0c33ac02-0d40-4136-96dc-0557c2432f02 event_type=decision.completed aggregate_type=envelope aggregate_id=env-mark-fail topic=midas.decisions error="postgres connection lost"
2026/04/04 17:56:27 INFO outbox_batch_dispatched count=1 claimed=1
2026/04/04 17:56:27 WARN outbox_mark_published_failed event_id=0c33ac02-0d40-4136-96dc-0557c2432f02 event_type=decision.completed aggregate_type=envelope aggregate_id=env-mark-fail topic=midas.decisions error="postgres connection lost"
2026/04/04 17:56:27 INFO outbox_batch_dispatched count=1 claimed=1
2026/04/04 17:56:27 WARN outbox_mark_published_failed event_id=0c33ac02-0d40-4136-96dc-0557c2432f02 event_type=decision.completed aggregate_type=envelope aggregate_id=env-mark-fail topic=midas.decisions error="postgres connection lost"
2026/04/04 17:56:27 INFO outbox_batch_dispatched count=1 claimed=1
2026/04/04 17:56:27 WARN outbox_mark_published_failed event_id=0c33ac02-0d40-4136-96dc-0557c2432f02 event_type=decision.completed aggregate_type=envelope aggregate_id=env-mark-fail topic=midas.decisions error="postgres connection lost"
2026/04/04 17:56:27 INFO outbox_batch_dispatched count=1 claimed=1
2026/04/04 17:56:27 WARN outbox_mark_published_failed event_id=0c33ac02-0d40-4136-96dc-0557c2432f02 event_type=decision.completed aggregate_type=envelope aggregate_id=env-mark-fail topic=midas.decisions error="postgres connection lost"
2026/04/04 17:56:27 INFO outbox_batch_dispatched count=1 claimed=1
2026/04/04 17:56:27 WARN outbox_mark_published_failed event_id=0c33ac02-0d40-4136-96dc-0557c2432f02 event_type=decision.completed aggregate_type=envelope aggregate_id=env-mark-fail topic=midas.decisions error="postgres connection lost"
2026/04/04 17:56:27 INFO outbox_batch_dispatched count=1 claimed=1
2026/04/04 17:56:27 WARN outbox_mark_published_failed event_id=0c33ac02-0d40-4136-96dc-0557c2432f02 event_type=decision.completed aggregate_type=envelope aggregate_id=env-mark-fail topic=midas.decisions error="postgres connection lost"
2026/04/04 17:56:27 INFO outbox_batch_dispatched count=1 claimed=1
2026/04/04 17:56:27 WARN outbox_mark_published_failed event_id=0c33ac02-0d40-4136-96dc-0557c2432f02 event_type=decision.completed aggregate_type=envelope aggregate_id=env-mark-fail topic=midas.decisions error="postgres connection lost"
2026/04/04 17:56:27 INFO outbox_batch_dispatched count=1 claimed=1
2026/04/04 17:56:27 WARN outbox_mark_published_failed event_id=0c33ac02-0d40-4136-96dc-0557c2432f02 event_type=decision.completed aggregate_type=envelope aggregate_id=env-mark-fail topic=midas.decisions error="postgres connection lost"
2026/04/04 17:56:27 INFO outbox_batch_dispatched count=1 claimed=1
2026/04/04 17:56:27 WARN outbox_mark_published_failed event_id=0c33ac02-0d40-4136-96dc-0557c2432f02 event_type=decision.completed aggregate_type=envelope aggregate_id=env-mark-fail topic=midas.decisions error="postgres connection lost"
2026/04/04 17:56:27 INFO outbox_batch_dispatched count=1 claimed=1
2026/04/04 17:56:27 WARN outbox_mark_published_failed event_id=0c33ac02-0d40-4136-96dc-0557c2432f02 event_type=decision.completed aggregate_type=envelope aggregate_id=env-mark-fail topic=midas.decisions error="postgres connection lost"
2026/04/04 17:56:27 INFO outbox_batch_dispatched count=1 claimed=1
2026/04/04 17:56:27 WARN outbox_mark_published_failed event_id=0c33ac02-0d40-4136-96dc-0557c2432f02 event_type=decision.completed aggregate_type=envelope aggregate_id=env-mark-fail topic=midas.decisions error="postgres connection lost"
2026/04/04 17:56:27 INFO outbox_batch_dispatched count=1 claimed=1
2026/04/04 17:56:27 WARN outbox_mark_published_failed event_id=0c33ac02-0d40-4136-96dc-0557c2432f02 event_type=decision.completed aggregate_type=envelope aggregate_id=env-mark-fail topic=midas.decisions error="postgres connection lost"
2026/04/04 17:56:27 INFO outbox_batch_dispatched count=1 claimed=1
2026/04/04 17:56:27 WARN outbox_mark_published_failed event_id=0c33ac02-0d40-4136-96dc-0557c2432f02 event_type=decision.completed aggregate_type=envelope aggregate_id=env-mark-fail topic=midas.decisions error="postgres connection lost"
2026/04/04 17:56:27 INFO outbox_batch_dispatched count=1 claimed=1
2026/04/04 17:56:27 WARN outbox_mark_published_failed event_id=0c33ac02-0d40-4136-96dc-0557c2432f02 event_type=decision.completed aggregate_type=envelope aggregate_id=env-mark-fail topic=midas.decisions error="postgres connection lost"
2026/04/04 17:56:27 INFO outbox_batch_dispatched count=1 claimed=1
2026/04/04 17:56:27 WARN outbox_mark_published_failed event_id=0c33ac02-0d40-4136-96dc-0557c2432f02 event_type=decision.completed aggregate_type=envelope aggregate_id=env-mark-fail topic=midas.decisions error="postgres connection lost"
2026/04/04 17:56:27 INFO outbox_batch_dispatched count=1 claimed=1
2026/04/04 17:56:27 WARN outbox_mark_published_failed event_id=0c33ac02-0d40-4136-96dc-0557c2432f02 event_type=decision.completed aggregate_type=envelope aggregate_id=env-mark-fail topic=midas.decisions error="postgres connection lost"
2026/04/04 17:56:27 INFO outbox_batch_dispatched count=1 claimed=1
2026/04/04 17:56:27 WARN outbox_mark_published_failed event_id=0c33ac02-0d40-4136-96dc-0557c2432f02 event_type=decision.completed aggregate_type=envelope aggregate_id=env-mark-fail topic=midas.decisions error="postgres connection lost"
2026/04/04 17:56:27 INFO outbox_batch_dispatched count=1 claimed=1
2026/04/04 17:56:27 WARN outbox_mark_published_failed event_id=0c33ac02-0d40-4136-96dc-0557c2432f02 event_type=decision.completed aggregate_type=envelope aggregate_id=env-mark-fail topic=midas.decisions error="postgres connection lost"
2026/04/04 17:56:27 INFO outbox_batch_dispatched count=1 claimed=1
2026/04/04 17:56:27 WARN outbox_mark_published_failed event_id=0c33ac02-0d40-4136-96dc-0557c2432f02 event_type=decision.completed aggregate_type=envelope aggregate_id=env-mark-fail topic=midas.decisions error="postgres connection lost"
2026/04/04 17:56:27 INFO outbox_batch_dispatched count=1 claimed=1
2026/04/04 17:56:27 WARN outbox_mark_published_failed event_id=0c33ac02-0d40-4136-96dc-0557c2432f02 event_type=decision.completed aggregate_type=envelope aggregate_id=env-mark-fail topic=midas.decisions error="postgres connection lost"
2026/04/04 17:56:27 INFO outbox_batch_dispatched count=1 claimed=1
2026/04/04 17:56:27 WARN outbox_mark_published_failed event_id=0c33ac02-0d40-4136-96dc-0557c2432f02 event_type=decision.completed aggregate_type=envelope aggregate_id=env-mark-fail topic=midas.decisions error="postgres connection lost"
2026/04/04 17:56:27 INFO outbox_batch_dispatched count=1 claimed=1
2026/04/04 17:56:27 WARN outbox_mark_published_failed event_id=0c33ac02-0d40-4136-96dc-0557c2432f02 event_type=decision.completed aggregate_type=envelope aggregate_id=env-mark-fail topic=midas.decisions error="postgres connection lost"
2026/04/04 17:56:27 INFO outbox_batch_dispatched count=1 claimed=1
2026/04/04 17:56:27 WARN outbox_mark_published_failed event_id=0c33ac02-0d40-4136-96dc-0557c2432f02 event_type=decision.completed aggregate_type=envelope aggregate_id=env-mark-fail topic=midas.decisions error="postgres connection lost"
2026/04/04 17:56:27 INFO outbox_batch_dispatched count=1 claimed=1
2026/04/04 17:56:27 WARN outbox_mark_published_failed event_id=0c33ac02-0d40-4136-96dc-0557c2432f02 event_type=decision.completed aggregate_type=envelope aggregate_id=env-mark-fail topic=midas.decisions error="postgres connection lost"
2026/04/04 17:56:27 INFO outbox_batch_dispatched count=1 claimed=1
2026/04/04 17:56:27 WARN outbox_mark_published_failed event_id=0c33ac02-0d40-4136-96dc-0557c2432f02 event_type=decision.completed aggregate_type=envelope aggregate_id=env-mark-fail topic=midas.decisions error="postgres connection lost"
2026/04/04 17:56:27 INFO outbox_batch_dispatched count=1 claimed=1
2026/04/04 17:56:27 WARN outbox_mark_published_failed event_id=0c33ac02-0d40-4136-96dc-0557c2432f02 event_type=decision.completed aggregate_type=envelope aggregate_id=env-mark-fail topic=midas.decisions error="postgres connection lost"
2026/04/04 17:56:27 INFO outbox_batch_dispatched count=1 claimed=1
2026/04/04 17:56:27 WARN outbox_mark_published_failed event_id=0c33ac02-0d40-4136-96dc-0557c2432f02 event_type=decision.completed aggregate_type=envelope aggregate_id=env-mark-fail topic=midas.decisions error="postgres connection lost"
2026/04/04 17:56:27 INFO outbox_batch_dispatched count=1 claimed=1
2026/04/04 17:56:27 WARN outbox_mark_published_failed event_id=0c33ac02-0d40-4136-96dc-0557c2432f02 event_type=decision.completed aggregate_type=envelope aggregate_id=env-mark-fail topic=midas.decisions error="postgres connection lost"
2026/04/04 17:56:27 INFO outbox_batch_dispatched count=1 claimed=1
2026/04/04 17:56:27 WARN outbox_mark_published_failed event_id=0c33ac02-0d40-4136-96dc-0557c2432f02 event_type=decision.completed aggregate_type=envelope aggregate_id=env-mark-fail topic=midas.decisions error="postgres connection lost"
2026/04/04 17:56:27 INFO outbox_batch_dispatched count=1 claimed=1
2026/04/04 17:56:27 WARN outbox_mark_published_failed event_id=0c33ac02-0d40-4136-96dc-0557c2432f02 event_type=decision.completed aggregate_type=envelope aggregate_id=env-mark-fail topic=midas.decisions error="postgres connection lost"
2026/04/04 17:56:27 INFO outbox_batch_dispatched count=1 claimed=1
2026/04/04 17:56:27 WARN outbox_mark_published_failed event_id=0c33ac02-0d40-4136-96dc-0557c2432f02 event_type=decision.completed aggregate_type=envelope aggregate_id=env-mark-fail topic=midas.decisions error="postgres connection lost"
2026/04/04 17:56:27 INFO outbox_batch_dispatched count=1 claimed=1
2026/04/04 17:56:27 WARN outbox_mark_published_failed event_id=0c33ac02-0d40-4136-96dc-0557c2432f02 event_type=decision.completed aggregate_type=envelope aggregate_id=env-mark-fail topic=midas.decisions error="postgres connection lost"
2026/04/04 17:56:27 INFO outbox_batch_dispatched count=1 claimed=1
2026/04/04 17:56:27 WARN outbox_mark_published_failed event_id=0c33ac02-0d40-4136-96dc-0557c2432f02 event_type=decision.completed aggregate_type=envelope aggregate_id=env-mark-fail topic=midas.decisions error="postgres connection lost"
2026/04/04 17:56:27 INFO outbox_batch_dispatched count=1 claimed=1
2026/04/04 17:56:27 WARN outbox_mark_published_failed event_id=0c33ac02-0d40-4136-96dc-0557c2432f02 event_type=decision.completed aggregate_type=envelope aggregate_id=env-mark-fail topic=midas.decisions error="postgres connection lost"
2026/04/04 17:56:27 INFO outbox_batch_dispatched count=1 claimed=1
2026/04/04 17:56:27 WARN outbox_mark_published_failed event_id=0c33ac02-0d40-4136-96dc-0557c2432f02 event_type=decision.completed aggregate_type=envelope aggregate_id=env-mark-fail topic=midas.decisions error="postgres connection lost"
2026/04/04 17:56:27 INFO outbox_batch_dispatched count=1 claimed=1
2026/04/04 17:56:27 WARN outbox_mark_published_failed event_id=0c33ac02-0d40-4136-96dc-0557c2432f02 event_type=decision.completed aggregate_type=envelope aggregate_id=env-mark-fail topic=midas.decisions error="postgres connection lost"
2026/04/04 17:56:27 INFO outbox_batch_dispatched count=1 claimed=1
2026/04/04 17:56:27 WARN outbox_mark_published_failed event_id=0c33ac02-0d40-4136-96dc-0557c2432f02 event_type=decision.completed aggregate_type=envelope aggregate_id=env-mark-fail topic=midas.decisions error="postgres connection lost"
2026/04/04 17:56:27 INFO outbox_batch_dispatched count=1 claimed=1
2026/04/04 17:56:27 WARN outbox_mark_published_failed event_id=0c33ac02-0d40-4136-96dc-0557c2432f02 event_type=decision.completed aggregate_type=envelope aggregate_id=env-mark-fail topic=midas.decisions error="postgres connection lost"
2026/04/04 17:56:27 INFO outbox_batch_dispatched count=1 claimed=1
2026/04/04 17:56:27 WARN outbox_mark_published_failed event_id=0c33ac02-0d40-4136-96dc-0557c2432f02 event_type=decision.completed aggregate_type=envelope aggregate_id=env-mark-fail topic=midas.decisions error="postgres connection lost"
2026/04/04 17:56:27 INFO outbox_batch_dispatched count=1 claimed=1
2026/04/04 17:56:27 WARN outbox_mark_published_failed event_id=0c33ac02-0d40-4136-96dc-0557c2432f02 event_type=decision.completed aggregate_type=envelope aggregate_id=env-mark-fail topic=midas.decisions error="postgres connection lost"
2026/04/04 17:56:27 INFO outbox_batch_dispatched count=1 claimed=1
2026/04/04 17:56:27 WARN outbox_mark_published_failed event_id=0c33ac02-0d40-4136-96dc-0557c2432f02 event_type=decision.completed aggregate_type=envelope aggregate_id=env-mark-fail topic=midas.decisions error="postgres connection lost"
2026/04/04 17:56:27 INFO outbox_batch_dispatched count=1 claimed=1
2026/04/04 17:56:27 WARN outbox_mark_published_failed event_id=0c33ac02-0d40-4136-96dc-0557c2432f02 event_type=decision.completed aggregate_type=envelope aggregate_id=env-mark-fail topic=midas.decisions error="postgres connection lost"
2026/04/04 17:56:27 INFO outbox_batch_dispatched count=1 claimed=1
2026/04/04 17:56:27 WARN outbox_mark_published_failed event_id=0c33ac02-0d40-4136-96dc-0557c2432f02 event_type=decision.completed aggregate_type=envelope aggregate_id=env-mark-fail topic=midas.decisions error="postgres connection lost"
2026/04/04 17:56:27 INFO outbox_batch_dispatched count=1 claimed=1
2026/04/04 17:56:27 WARN outbox_mark_published_failed event_id=0c33ac02-0d40-4136-96dc-0557c2432f02 event_type=decision.completed aggregate_type=envelope aggregate_id=env-mark-fail topic=midas.decisions error="postgres connection lost"
2026/04/04 17:56:27 INFO outbox_batch_dispatched count=1 claimed=1
2026/04/04 17:56:27 WARN outbox_mark_published_failed event_id=0c33ac02-0d40-4136-96dc-0557c2432f02 event_type=decision.completed aggregate_type=envelope aggregate_id=env-mark-fail topic=midas.decisions error="postgres connection lost"
2026/04/04 17:56:27 INFO outbox_batch_dispatched count=1 claimed=1
2026/04/04 17:56:27 WARN outbox_mark_published_failed event_id=0c33ac02-0d40-4136-96dc-0557c2432f02 event_type=decision.completed aggregate_type=envelope aggregate_id=env-mark-fail topic=midas.decisions error="postgres connection lost"
2026/04/04 17:56:27 INFO outbox_batch_dispatched count=1 claimed=1
2026/04/04 17:56:27 WARN outbox_mark_published_failed event_id=0c33ac02-0d40-4136-96dc-0557c2432f02 event_type=decision.completed aggregate_type=envelope aggregate_id=env-mark-fail topic=midas.decisions error="postgres connection lost"
2026/04/04 17:56:27 INFO outbox_batch_dispatched count=1 claimed=1
2026/04/04 17:56:27 WARN outbox_mark_published_failed event_id=0c33ac02-0d40-4136-96dc-0557c2432f02 event_type=decision.completed aggregate_type=envelope aggregate_id=env-mark-fail topic=midas.decisions error="postgres connection lost"
2026/04/04 17:56:27 INFO outbox_batch_dispatched count=1 claimed=1
2026/04/04 17:56:27 WARN outbox_mark_published_failed event_id=0c33ac02-0d40-4136-96dc-0557c2432f02 event_type=decision.completed aggregate_type=envelope aggregate_id=env-mark-fail topic=midas.decisions error="postgres connection lost"
2026/04/04 17:56:27 INFO outbox_batch_dispatched count=1 claimed=1
2026/04/04 17:56:27 WARN outbox_mark_published_failed event_id=0c33ac02-0d40-4136-96dc-0557c2432f02 event_type=decision.completed aggregate_type=envelope aggregate_id=env-mark-fail topic=midas.decisions error="postgres connection lost"
2026/04/04 17:56:27 INFO outbox_batch_dispatched count=1 claimed=1
2026/04/04 17:56:27 WARN outbox_mark_published_failed event_id=0c33ac02-0d40-4136-96dc-0557c2432f02 event_type=decision.completed aggregate_type=envelope aggregate_id=env-mark-fail topic=midas.decisions error="postgres connection lost"
2026/04/04 17:56:27 INFO outbox_batch_dispatched count=1 claimed=1
2026/04/04 17:56:27 WARN outbox_mark_published_failed event_id=0c33ac02-0d40-4136-96dc-0557c2432f02 event_type=decision.completed aggregate_type=envelope aggregate_id=env-mark-fail topic=midas.decisions error="postgres connection lost"
2026/04/04 17:56:27 INFO outbox_batch_dispatched count=1 claimed=1
2026/04/04 17:56:27 WARN outbox_mark_published_failed event_id=0c33ac02-0d40-4136-96dc-0557c2432f02 event_type=decision.completed aggregate_type=envelope aggregate_id=env-mark-fail topic=midas.decisions error="postgres connection lost"
2026/04/04 17:56:27 INFO outbox_batch_dispatched count=1 claimed=1
2026/04/04 17:56:27 WARN outbox_mark_published_failed event_id=0c33ac02-0d40-4136-96dc-0557c2432f02 event_type=decision.completed aggregate_type=envelope aggregate_id=env-mark-fail topic=midas.decisions error="postgres connection lost"
2026/04/04 17:56:27 INFO outbox_batch_dispatched count=1 claimed=1
2026/04/04 17:56:27 WARN outbox_mark_published_failed event_id=0c33ac02-0d40-4136-96dc-0557c2432f02 event_type=decision.completed aggregate_type=envelope aggregate_id=env-mark-fail topic=midas.decisions error="postgres connection lost"
2026/04/04 17:56:27 INFO outbox_batch_dispatched count=1 claimed=1
2026/04/04 17:56:27 WARN outbox_mark_published_failed event_id=0c33ac02-0d40-4136-96dc-0557c2432f02 event_type=decision.completed aggregate_type=envelope aggregate_id=env-mark-fail topic=midas.decisions error="postgres connection lost"
2026/04/04 17:56:27 INFO outbox_batch_dispatched count=1 claimed=1
2026/04/04 17:56:27 WARN outbox_mark_published_failed event_id=0c33ac02-0d40-4136-96dc-0557c2432f02 event_type=decision.completed aggregate_type=envelope aggregate_id=env-mark-fail topic=midas.decisions error="postgres connection lost"
2026/04/04 17:56:27 INFO outbox_batch_dispatched count=1 claimed=1
2026/04/04 17:56:27 WARN outbox_mark_published_failed event_id=0c33ac02-0d40-4136-96dc-0557c2432f02 event_type=decision.completed aggregate_type=envelope aggregate_id=env-mark-fail topic=midas.decisions error="postgres connection lost"
2026/04/04 17:56:27 INFO outbox_batch_dispatched count=1 claimed=1
2026/04/04 17:56:27 WARN outbox_mark_published_failed event_id=0c33ac02-0d40-4136-96dc-0557c2432f02 event_type=decision.completed aggregate_type=envelope aggregate_id=env-mark-fail topic=midas.decisions error="postgres connection lost"
2026/04/04 17:56:27 INFO outbox_batch_dispatched count=1 claimed=1
2026/04/04 17:56:27 WARN outbox_mark_published_failed event_id=0c33ac02-0d40-4136-96dc-0557c2432f02 event_type=decision.completed aggregate_type=envelope aggregate_id=env-mark-fail topic=midas.decisions error="postgres connection lost"
2026/04/04 17:56:27 INFO outbox_batch_dispatched count=1 claimed=1
2026/04/04 17:56:27 WARN outbox_mark_published_failed event_id=0c33ac02-0d40-4136-96dc-0557c2432f02 event_type=decision.completed aggregate_type=envelope aggregate_id=env-mark-fail topic=midas.decisions error="postgres connection lost"
2026/04/04 17:56:27 INFO outbox_batch_dispatched count=1 claimed=1
2026/04/04 17:56:27 WARN outbox_mark_published_failed event_id=0c33ac02-0d40-4136-96dc-0557c2432f02 event_type=decision.completed aggregate_type=envelope aggregate_id=env-mark-fail topic=midas.decisions error="postgres connection lost"
2026/04/04 17:56:27 INFO outbox_batch_dispatched count=1 claimed=1
2026/04/04 17:56:27 WARN outbox_mark_published_failed event_id=0c33ac02-0d40-4136-96dc-0557c2432f02 event_type=decision.completed aggregate_type=envelope aggregate_id=env-mark-fail topic=midas.decisions error="postgres connection lost"
2026/04/04 17:56:27 INFO outbox_batch_dispatched count=1 claimed=1
2026/04/04 17:56:27 WARN outbox_mark_published_failed event_id=0c33ac02-0d40-4136-96dc-0557c2432f02 event_type=decision.completed aggregate_type=envelope aggregate_id=env-mark-fail topic=midas.decisions error="postgres connection lost"
2026/04/04 17:56:27 INFO outbox_batch_dispatched count=1 claimed=1
2026/04/04 17:56:27 WARN outbox_mark_published_failed event_id=0c33ac02-0d40-4136-96dc-0557c2432f02 event_type=decision.completed aggregate_type=envelope aggregate_id=env-mark-fail topic=midas.decisions error="postgres connection lost"
2026/04/04 17:56:27 INFO outbox_batch_dispatched count=1 claimed=1
2026/04/04 17:56:27 WARN outbox_mark_published_failed event_id=0c33ac02-0d40-4136-96dc-0557c2432f02 event_type=decision.completed aggregate_type=envelope aggregate_id=env-mark-fail topic=midas.decisions error="postgres connection lost"
2026/04/04 17:56:27 INFO outbox_batch_dispatched count=1 claimed=1
2026/04/04 17:56:27 WARN outbox_mark_published_failed event_id=0c33ac02-0d40-4136-96dc-0557c2432f02 event_type=decision.completed aggregate_type=envelope aggregate_id=env-mark-fail topic=midas.decisions error="postgres connection lost"
2026/04/04 17:56:27 INFO outbox_batch_dispatched count=1 claimed=1
2026/04/04 17:56:27 WARN outbox_mark_published_failed event_id=0c33ac02-0d40-4136-96dc-0557c2432f02 event_type=decision.completed aggregate_type=envelope aggregate_id=env-mark-fail topic=midas.decisions error="postgres connection lost"
2026/04/04 17:56:27 INFO outbox_batch_dispatched count=1 claimed=1
2026/04/04 17:56:27 WARN outbox_mark_published_failed event_id=0c33ac02-0d40-4136-96dc-0557c2432f02 event_type=decision.completed aggregate_type=envelope aggregate_id=env-mark-fail topic=midas.decisions error="postgres connection lost"
2026/04/04 17:56:27 INFO outbox_batch_dispatched count=1 claimed=1
2026/04/04 17:56:27 WARN outbox_mark_published_failed event_id=0c33ac02-0d40-4136-96dc-0557c2432f02 event_type=decision.completed aggregate_type=envelope aggregate_id=env-mark-fail topic=midas.decisions error="postgres connection lost"
2026/04/04 17:56:27 INFO outbox_batch_dispatched count=1 claimed=1
2026/04/04 17:56:27 WARN outbox_mark_published_failed event_id=0c33ac02-0d40-4136-96dc-0557c2432f02 event_type=decision.completed aggregate_type=envelope aggregate_id=env-mark-fail topic=midas.decisions error="postgres connection lost"
2026/04/04 17:56:27 INFO outbox_batch_dispatched count=1 claimed=1
2026/04/04 17:56:27 WARN outbox_mark_published_failed event_id=0c33ac02-0d40-4136-96dc-0557c2432f02 event_type=decision.completed aggregate_type=envelope aggregate_id=env-mark-fail topic=midas.decisions error="postgres connection lost"
2026/04/04 17:56:27 INFO outbox_batch_dispatched count=1 claimed=1
2026/04/04 17:56:27 WARN outbox_mark_published_failed event_id=0c33ac02-0d40-4136-96dc-0557c2432f02 event_type=decision.completed aggregate_type=envelope aggregate_id=env-mark-fail topic=midas.decisions error="postgres connection lost"
2026/04/04 17:56:27 INFO outbox_batch_dispatched count=1 claimed=1
2026/04/04 17:56:27 WARN outbox_mark_published_failed event_id=0c33ac02-0d40-4136-96dc-0557c2432f02 event_type=decision.completed aggregate_type=envelope aggregate_id=env-mark-fail topic=midas.decisions error="postgres connection lost"
2026/04/04 17:56:27 INFO outbox_batch_dispatched count=1 claimed=1
2026/04/04 17:56:27 WARN outbox_mark_published_failed event_id=0c33ac02-0d40-4136-96dc-0557c2432f02 event_type=decision.completed aggregate_type=envelope aggregate_id=env-mark-fail topic=midas.decisions error="postgres connection lost"
2026/04/04 17:56:27 INFO outbox_batch_dispatched count=1 claimed=1
2026/04/04 17:56:27 WARN outbox_mark_published_failed event_id=0c33ac02-0d40-4136-96dc-0557c2432f02 event_type=decision.completed aggregate_type=envelope aggregate_id=env-mark-fail topic=midas.decisions error="postgres connection lost"
2026/04/04 17:56:27 INFO outbox_batch_dispatched count=1 claimed=1
2026/04/04 17:56:27 WARN outbox_mark_published_failed event_id=0c33ac02-0d40-4136-96dc-0557c2432f02 event_type=decision.completed aggregate_type=envelope aggregate_id=env-mark-fail topic=midas.decisions error="postgres connection lost"
2026/04/04 17:56:27 INFO outbox_batch_dispatched count=1 claimed=1
2026/04/04 17:56:27 WARN outbox_mark_published_failed event_id=0c33ac02-0d40-4136-96dc-0557c2432f02 event_type=decision.completed aggregate_type=envelope aggregate_id=env-mark-fail topic=midas.decisions error="postgres connection lost"
2026/04/04 17:56:27 INFO outbox_batch_dispatched count=1 claimed=1
2026/04/04 17:56:27 WARN outbox_mark_published_failed event_id=0c33ac02-0d40-4136-96dc-0557c2432f02 event_type=decision.completed aggregate_type=envelope aggregate_id=env-mark-fail topic=midas.decisions error="postgres connection lost"
2026/04/04 17:56:27 INFO outbox_batch_dispatched count=1 claimed=1
2026/04/04 17:56:27 WARN outbox_mark_published_failed event_id=0c33ac02-0d40-4136-96dc-0557c2432f02 event_type=decision.completed aggregate_type=envelope aggregate_id=env-mark-fail topic=midas.decisions error="postgres connection lost"
2026/04/04 17:56:27 INFO outbox_batch_dispatched count=1 claimed=1
2026/04/04 17:56:27 WARN outbox_mark_published_failed event_id=0c33ac02-0d40-4136-96dc-0557c2432f02 event_type=decision.completed aggregate_type=envelope aggregate_id=env-mark-fail topic=midas.decisions error="postgres connection lost"
2026/04/04 17:56:27 INFO outbox_batch_dispatched count=1 claimed=1
2026/04/04 17:56:27 WARN outbox_mark_published_failed event_id=0c33ac02-0d40-4136-96dc-0557c2432f02 event_type=decision.completed aggregate_type=envelope aggregate_id=env-mark-fail topic=midas.decisions error="postgres connection lost"
2026/04/04 17:56:27 INFO outbox_batch_dispatched count=1 claimed=1
2026/04/04 17:56:27 WARN outbox_mark_published_failed event_id=0c33ac02-0d40-4136-96dc-0557c2432f02 event_type=decision.completed aggregate_type=envelope aggregate_id=env-mark-fail topic=midas.decisions error="postgres connection lost"
2026/04/04 17:56:27 INFO outbox_batch_dispatched count=1 claimed=1
2026/04/04 17:56:27 WARN outbox_mark_published_failed event_id=0c33ac02-0d40-4136-96dc-0557c2432f02 event_type=decision.completed aggregate_type=envelope aggregate_id=env-mark-fail topic=midas.decisions error="postgres connection lost"
2026/04/04 17:56:27 INFO outbox_batch_dispatched count=1 claimed=1
2026/04/04 17:56:27 WARN outbox_mark_published_failed event_id=0c33ac02-0d40-4136-96dc-0557c2432f02 event_type=decision.completed aggregate_type=envelope aggregate_id=env-mark-fail topic=midas.decisions error="postgres connection lost"
2026/04/04 17:56:27 INFO outbox_batch_dispatched count=1 claimed=1
2026/04/04 17:56:27 WARN outbox_mark_published_failed event_id=0c33ac02-0d40-4136-96dc-0557c2432f02 event_type=decision.completed aggregate_type=envelope aggregate_id=env-mark-fail topic=midas.decisions error="postgres connection lost"
2026/04/04 17:56:27 INFO outbox_batch_dispatched count=1 claimed=1
2026/04/04 17:56:27 WARN outbox_mark_published_failed event_id=0c33ac02-0d40-4136-96dc-0557c2432f02 event_type=decision.completed aggregate_type=envelope aggregate_id=env-mark-fail topic=midas.decisions error="postgres connection lost"
2026/04/04 17:56:27 INFO outbox_batch_dispatched count=1 claimed=1
2026/04/04 17:56:27 WARN outbox_mark_published_failed event_id=0c33ac02-0d40-4136-96dc-0557c2432f02 event_type=decision.completed aggregate_type=envelope aggregate_id=env-mark-fail topic=midas.decisions error="postgres connection lost"
2026/04/04 17:56:27 INFO outbox_batch_dispatched count=1 claimed=1
2026/04/04 17:56:27 WARN outbox_mark_published_failed event_id=0c33ac02-0d40-4136-96dc-0557c2432f02 event_type=decision.completed aggregate_type=envelope aggregate_id=env-mark-fail topic=midas.decisions error="postgres connection lost"
2026/04/04 17:56:27 INFO outbox_batch_dispatched count=1 claimed=1
2026/04/04 17:56:27 WARN outbox_mark_published_failed event_id=0c33ac02-0d40-4136-96dc-0557c2432f02 event_type=decision.completed aggregate_type=envelope aggregate_id=env-mark-fail topic=midas.decisions error="postgres connection lost"
2026/04/04 17:56:27 INFO outbox_batch_dispatched count=1 claimed=1
2026/04/04 17:56:27 WARN outbox_mark_published_failed event_id=0c33ac02-0d40-4136-96dc-0557c2432f02 event_type=decision.completed aggregate_type=envelope aggregate_id=env-mark-fail topic=midas.decisions error="postgres connection lost"
2026/04/04 17:56:27 INFO outbox_batch_dispatched count=1 claimed=1
2026/04/04 17:56:27 WARN outbox_mark_published_failed event_id=0c33ac02-0d40-4136-96dc-0557c2432f02 event_type=decision.completed aggregate_type=envelope aggregate_id=env-mark-fail topic=midas.decisions error="postgres connection lost"
2026/04/04 17:56:27 INFO outbox_batch_dispatched count=1 claimed=1
2026/04/04 17:56:27 WARN outbox_mark_published_failed event_id=0c33ac02-0d40-4136-96dc-0557c2432f02 event_type=decision.completed aggregate_type=envelope aggregate_id=env-mark-fail topic=midas.decisions error="postgres connection lost"
2026/04/04 17:56:27 INFO outbox_batch_dispatched count=1 claimed=1
2026/04/04 17:56:27 WARN outbox_mark_published_failed event_id=0c33ac02-0d40-4136-96dc-0557c2432f02 event_type=decision.completed aggregate_type=envelope aggregate_id=env-mark-fail topic=midas.decisions error="postgres connection lost"
2026/04/04 17:56:27 INFO outbox_batch_dispatched count=1 claimed=1
2026/04/04 17:56:27 WARN outbox_mark_published_failed event_id=0c33ac02-0d40-4136-96dc-0557c2432f02 event_type=decision.completed aggregate_type=envelope aggregate_id=env-mark-fail topic=midas.decisions error="postgres connection lost"
2026/04/04 17:56:27 INFO outbox_batch_dispatched count=1 claimed=1
2026/04/04 17:56:27 WARN outbox_mark_published_failed event_id=0c33ac02-0d40-4136-96dc-0557c2432f02 event_type=decision.completed aggregate_type=envelope aggregate_id=env-mark-fail topic=midas.decisions error="postgres connection lost"
2026/04/04 17:56:27 INFO outbox_batch_dispatched count=1 claimed=1
2026/04/04 17:56:27 WARN outbox_mark_published_failed event_id=0c33ac02-0d40-4136-96dc-0557c2432f02 event_type=decision.completed aggregate_type=envelope aggregate_id=env-mark-fail topic=midas.decisions error="postgres connection lost"
2026/04/04 17:56:27 INFO outbox_batch_dispatched count=1 claimed=1
2026/04/04 17:56:27 WARN outbox_mark_published_failed event_id=0c33ac02-0d40-4136-96dc-0557c2432f02 event_type=decision.completed aggregate_type=envelope aggregate_id=env-mark-fail topic=midas.decisions error="postgres connection lost"
2026/04/04 17:56:27 INFO outbox_batch_dispatched count=1 claimed=1
2026/04/04 17:56:27 WARN outbox_mark_published_failed event_id=0c33ac02-0d40-4136-96dc-0557c2432f02 event_type=decision.completed aggregate_type=envelope aggregate_id=env-mark-fail topic=midas.decisions error="postgres connection lost"
2026/04/04 17:56:27 INFO outbox_batch_dispatched count=1 claimed=1
2026/04/04 17:56:27 WARN outbox_mark_published_failed event_id=0c33ac02-0d40-4136-96dc-0557c2432f02 event_type=decision.completed aggregate_type=envelope aggregate_id=env-mark-fail topic=midas.decisions error="postgres connection lost"
2026/04/04 17:56:27 INFO outbox_batch_dispatched count=1 claimed=1
2026/04/04 17:56:27 WARN outbox_mark_published_failed event_id=0c33ac02-0d40-4136-96dc-0557c2432f02 event_type=decision.completed aggregate_type=envelope aggregate_id=env-mark-fail topic=midas.decisions error="postgres connection lost"
2026/04/04 17:56:27 INFO outbox_batch_dispatched count=1 claimed=1
2026/04/04 17:56:27 WARN outbox_mark_published_failed event_id=0c33ac02-0d40-4136-96dc-0557c2432f02 event_type=decision.completed aggregate_type=envelope aggregate_id=env-mark-fail topic=midas.decisions error="postgres connection lost"
2026/04/04 17:56:27 INFO outbox_batch_dispatched count=1 claimed=1
2026/04/04 17:56:27 WARN outbox_mark_published_failed event_id=0c33ac02-0d40-4136-96dc-0557c2432f02 event_type=decision.completed aggregate_type=envelope aggregate_id=env-mark-fail topic=midas.decisions error="postgres connection lost"
2026/04/04 17:56:27 INFO outbox_batch_dispatched count=1 claimed=1
2026/04/04 17:56:27 WARN outbox_mark_published_failed event_id=0c33ac02-0d40-4136-96dc-0557c2432f02 event_type=decision.completed aggregate_type=envelope aggregate_id=env-mark-fail topic=midas.decisions error="postgres connection lost"
2026/04/04 17:56:27 INFO outbox_batch_dispatched count=1 claimed=1
2026/04/04 17:56:27 WARN outbox_mark_published_failed event_id=0c33ac02-0d40-4136-96dc-0557c2432f02 event_type=decision.completed aggregate_type=envelope aggregate_id=env-mark-fail topic=midas.decisions error="postgres connection lost"
2026/04/04 17:56:27 INFO outbox_batch_dispatched count=1 claimed=1
2026/04/04 17:56:27 WARN outbox_mark_published_failed event_id=0c33ac02-0d40-4136-96dc-0557c2432f02 event_type=decision.completed aggregate_type=envelope aggregate_id=env-mark-fail topic=midas.decisions error="postgres connection lost"
2026/04/04 17:56:27 INFO outbox_batch_dispatched count=1 claimed=1
2026/04/04 17:56:27 WARN outbox_mark_published_failed event_id=0c33ac02-0d40-4136-96dc-0557c2432f02 event_type=decision.completed aggregate_type=envelope aggregate_id=env-mark-fail topic=midas.decisions error="postgres connection lost"
2026/04/04 17:56:27 INFO outbox_batch_dispatched count=1 claimed=1
2026/04/04 17:56:27 WARN outbox_mark_published_failed event_id=0c33ac02-0d40-4136-96dc-0557c2432f02 event_type=decision.completed aggregate_type=envelope aggregate_id=env-mark-fail topic=midas.decisions error="postgres connection lost"
2026/04/04 17:56:27 INFO outbox_batch_dispatched count=1 claimed=1
2026/04/04 17:56:27 WARN outbox_mark_published_failed event_id=0c33ac02-0d40-4136-96dc-0557c2432f02 event_type=decision.completed aggregate_type=envelope aggregate_id=env-mark-fail topic=midas.decisions error="postgres connection lost"
2026/04/04 17:56:27 INFO outbox_batch_dispatched count=1 claimed=1
2026/04/04 17:56:27 WARN outbox_mark_published_failed event_id=0c33ac02-0d40-4136-96dc-0557c2432f02 event_type=decision.completed aggregate_type=envelope aggregate_id=env-mark-fail topic=midas.decisions error="postgres connection lost"
2026/04/04 17:56:27 INFO outbox_batch_dispatched count=1 claimed=1
2026/04/04 17:56:27 WARN outbox_mark_published_failed event_id=0c33ac02-0d40-4136-96dc-0557c2432f02 event_type=decision.completed aggregate_type=envelope aggregate_id=env-mark-fail topic=midas.decisions error="postgres connection lost"
2026/04/04 17:56:27 INFO outbox_batch_dispatched count=1 claimed=1
2026/04/04 17:56:27 WARN outbox_mark_published_failed event_id=0c33ac02-0d40-4136-96dc-0557c2432f02 event_type=decision.completed aggregate_type=envelope aggregate_id=env-mark-fail topic=midas.decisions error="postgres connection lost"
2026/04/04 17:56:27 INFO outbox_batch_dispatched count=1 claimed=1
2026/04/04 17:56:27 WARN outbox_mark_published_failed event_id=0c33ac02-0d40-4136-96dc-0557c2432f02 event_type=decision.completed aggregate_type=envelope aggregate_id=env-mark-fail topic=midas.decisions error="postgres connection lost"
2026/04/04 17:56:27 INFO outbox_batch_dispatched count=1 claimed=1
2026/04/04 17:56:27 WARN outbox_mark_published_failed event_id=0c33ac02-0d40-4136-96dc-0557c2432f02 event_type=decision.completed aggregate_type=envelope aggregate_id=env-mark-fail topic=midas.decisions error="postgres connection lost"
2026/04/04 17:56:27 INFO outbox_batch_dispatched count=1 claimed=1
2026/04/04 17:56:27 WARN outbox_mark_published_failed event_id=0c33ac02-0d40-4136-96dc-0557c2432f02 event_type=decision.completed aggregate_type=envelope aggregate_id=env-mark-fail topic=midas.decisions error="postgres connection lost"
2026/04/04 17:56:27 INFO outbox_batch_dispatched count=1 claimed=1
2026/04/04 17:56:27 WARN outbox_mark_published_failed event_id=0c33ac02-0d40-4136-96dc-0557c2432f02 event_type=decision.completed aggregate_type=envelope aggregate_id=env-mark-fail topic=midas.decisions error="postgres connection lost"
2026/04/04 17:56:27 INFO outbox_batch_dispatched count=1 claimed=1
2026/04/04 17:56:27 WARN outbox_mark_published_failed event_id=0c33ac02-0d40-4136-96dc-0557c2432f02 event_type=decision.completed aggregate_type=envelope aggregate_id=env-mark-fail topic=midas.decisions error="postgres connection lost"
2026/04/04 17:56:27 INFO outbox_batch_dispatched count=1 claimed=1
2026/04/04 17:56:27 WARN outbox_mark_published_failed event_id=0c33ac02-0d40-4136-96dc-0557c2432f02 event_type=decision.completed aggregate_type=envelope aggregate_id=env-mark-fail topic=midas.decisions error="postgres connection lost"
2026/04/04 17:56:27 INFO outbox_batch_dispatched count=1 claimed=1
2026/04/04 17:56:27 WARN outbox_mark_published_failed event_id=0c33ac02-0d40-4136-96dc-0557c2432f02 event_type=decision.completed aggregate_type=envelope aggregate_id=env-mark-fail topic=midas.decisions error="postgres connection lost"
2026/04/04 17:56:27 INFO outbox_batch_dispatched count=1 claimed=1
2026/04/04 17:56:27 WARN outbox_mark_published_failed event_id=0c33ac02-0d40-4136-96dc-0557c2432f02 event_type=decision.completed aggregate_type=envelope aggregate_id=env-mark-fail topic=midas.decisions error="postgres connection lost"
2026/04/04 17:56:27 INFO outbox_batch_dispatched count=1 claimed=1
2026/04/04 17:56:27 WARN outbox_mark_published_failed event_id=0c33ac02-0d40-4136-96dc-0557c2432f02 event_type=decision.completed aggregate_type=envelope aggregate_id=env-mark-fail topic=midas.decisions error="postgres connection lost"
2026/04/04 17:56:27 INFO outbox_batch_dispatched count=1 claimed=1
2026/04/04 17:56:27 WARN outbox_mark_published_failed event_id=0c33ac02-0d40-4136-96dc-0557c2432f02 event_type=decision.completed aggregate_type=envelope aggregate_id=env-mark-fail topic=midas.decisions error="postgres connection lost"
2026/04/04 17:56:27 INFO outbox_batch_dispatched count=1 claimed=1
2026/04/04 17:56:27 WARN outbox_mark_published_failed event_id=0c33ac02-0d40-4136-96dc-0557c2432f02 event_type=decision.completed aggregate_type=envelope aggregate_id=env-mark-fail topic=midas.decisions error="postgres connection lost"
2026/04/04 17:56:27 INFO outbox_batch_dispatched count=1 claimed=1
2026/04/04 17:56:27 WARN outbox_mark_published_failed event_id=0c33ac02-0d40-4136-96dc-0557c2432f02 event_type=decision.completed aggregate_type=envelope aggregate_id=env-mark-fail topic=midas.decisions error="postgres connection lost"
2026/04/04 17:56:27 INFO outbox_batch_dispatched count=1 claimed=1
2026/04/04 17:56:27 WARN outbox_mark_published_failed event_id=0c33ac02-0d40-4136-96dc-0557c2432f02 event_type=decision.completed aggregate_type=envelope aggregate_id=env-mark-fail topic=midas.decisions error="postgres connection lost"
2026/04/04 17:56:27 INFO outbox_batch_dispatched count=1 claimed=1
2026/04/04 17:56:27 WARN outbox_mark_published_failed event_id=0c33ac02-0d40-4136-96dc-0557c2432f02 event_type=decision.completed aggregate_type=envelope aggregate_id=env-mark-fail topic=midas.decisions error="postgres connection lost"
2026/04/04 17:56:27 INFO outbox_batch_dispatched count=1 claimed=1
2026/04/04 17:56:27 WARN outbox_mark_published_failed event_id=0c33ac02-0d40-4136-96dc-0557c2432f02 event_type=decision.completed aggregate_type=envelope aggregate_id=env-mark-fail topic=midas.decisions error="postgres connection lost"
2026/04/04 17:56:27 INFO outbox_batch_dispatched count=1 claimed=1
2026/04/04 17:56:27 WARN outbox_mark_published_failed event_id=0c33ac02-0d40-4136-96dc-0557c2432f02 event_type=decision.completed aggregate_type=envelope aggregate_id=env-mark-fail topic=midas.decisions error="postgres connection lost"
2026/04/04 17:56:27 INFO outbox_batch_dispatched count=1 claimed=1
2026/04/04 17:56:27 WARN outbox_mark_published_failed event_id=0c33ac02-0d40-4136-96dc-0557c2432f02 event_type=decision.completed aggregate_type=envelope aggregate_id=env-mark-fail topic=midas.decisions error="postgres connection lost"
2026/04/04 17:56:27 INFO outbox_batch_dispatched count=1 claimed=1
2026/04/04 17:56:27 WARN outbox_mark_published_failed event_id=0c33ac02-0d40-4136-96dc-0557c2432f02 event_type=decision.completed aggregate_type=envelope aggregate_id=env-mark-fail topic=midas.decisions error="postgres connection lost"
2026/04/04 17:56:27 INFO outbox_batch_dispatched count=1 claimed=1
2026/04/04 17:56:27 WARN outbox_mark_published_failed event_id=0c33ac02-0d40-4136-96dc-0557c2432f02 event_type=decision.completed aggregate_type=envelope aggregate_id=env-mark-fail topic=midas.decisions error="postgres connection lost"
2026/04/04 17:56:27 INFO outbox_batch_dispatched count=1 claimed=1
2026/04/04 17:56:27 WARN outbox_mark_published_failed event_id=0c33ac02-0d40-4136-96dc-0557c2432f02 event_type=decision.completed aggregate_type=envelope aggregate_id=env-mark-fail topic=midas.decisions error="postgres connection lost"
2026/04/04 17:56:27 INFO outbox_batch_dispatched count=1 claimed=1
2026/04/04 17:56:27 WARN outbox_mark_published_failed event_id=0c33ac02-0d40-4136-96dc-0557c2432f02 event_type=decision.completed aggregate_type=envelope aggregate_id=env-mark-fail topic=midas.decisions error="postgres connection lost"
2026/04/04 17:56:27 INFO outbox_batch_dispatched count=1 claimed=1
2026/04/04 17:56:27 WARN outbox_mark_published_failed event_id=0c33ac02-0d40-4136-96dc-0557c2432f02 event_type=decision.completed aggregate_type=envelope aggregate_id=env-mark-fail topic=midas.decisions error="postgres connection lost"
2026/04/04 17:56:27 INFO outbox_batch_dispatched count=1 claimed=1
2026/04/04 17:56:27 WARN outbox_mark_published_failed event_id=0c33ac02-0d40-4136-96dc-0557c2432f02 event_type=decision.completed aggregate_type=envelope aggregate_id=env-mark-fail topic=midas.decisions error="postgres connection lost"
2026/04/04 17:56:27 INFO outbox_batch_dispatched count=1 claimed=1
2026/04/04 17:56:27 WARN outbox_mark_published_failed event_id=0c33ac02-0d40-4136-96dc-0557c2432f02 event_type=decision.completed aggregate_type=envelope aggregate_id=env-mark-fail topic=midas.decisions error="postgres connection lost"
2026/04/04 17:56:27 INFO outbox_batch_dispatched count=1 claimed=1
2026/04/04 17:56:27 WARN outbox_mark_published_failed event_id=0c33ac02-0d40-4136-96dc-0557c2432f02 event_type=decision.completed aggregate_type=envelope aggregate_id=env-mark-fail topic=midas.decisions error="postgres connection lost"
2026/04/04 17:56:27 INFO outbox_batch_dispatched count=1 claimed=1
2026/04/04 17:56:27 WARN outbox_mark_published_failed event_id=0c33ac02-0d40-4136-96dc-0557c2432f02 event_type=decision.completed aggregate_type=envelope aggregate_id=env-mark-fail topic=midas.decisions error="postgres connection lost"
2026/04/04 17:56:27 INFO outbox_batch_dispatched count=1 claimed=1
2026/04/04 17:56:27 WARN outbox_mark_published_failed event_id=0c33ac02-0d40-4136-96dc-0557c2432f02 event_type=decision.completed aggregate_type=envelope aggregate_id=env-mark-fail topic=midas.decisions error="postgres connection lost"
2026/04/04 17:56:27 INFO outbox_batch_dispatched count=1 claimed=1
2026/04/04 17:56:27 WARN outbox_mark_published_failed event_id=0c33ac02-0d40-4136-96dc-0557c2432f02 event_type=decision.completed aggregate_type=envelope aggregate_id=env-mark-fail topic=midas.decisions error="postgres connection lost"
2026/04/04 17:56:27 INFO outbox_batch_dispatched count=1 claimed=1
2026/04/04 17:56:27 WARN outbox_mark_published_failed event_id=0c33ac02-0d40-4136-96dc-0557c2432f02 event_type=decision.completed aggregate_type=envelope aggregate_id=env-mark-fail topic=midas.decisions error="postgres connection lost"
2026/04/04 17:56:27 INFO outbox_batch_dispatched count=1 claimed=1
2026/04/04 17:56:27 WARN outbox_mark_published_failed event_id=0c33ac02-0d40-4136-96dc-0557c2432f02 event_type=decision.completed aggregate_type=envelope aggregate_id=env-mark-fail topic=midas.decisions error="postgres connection lost"
2026/04/04 17:56:27 INFO outbox_batch_dispatched count=1 claimed=1
2026/04/04 17:56:27 WARN outbox_mark_published_failed event_id=0c33ac02-0d40-4136-96dc-0557c2432f02 event_type=decision.completed aggregate_type=envelope aggregate_id=env-mark-fail topic=midas.decisions error="postgres connection lost"
2026/04/04 17:56:27 INFO outbox_batch_dispatched count=1 claimed=1
2026/04/04 17:56:27 WARN outbox_mark_published_failed event_id=0c33ac02-0d40-4136-96dc-0557c2432f02 event_type=decision.completed aggregate_type=envelope aggregate_id=env-mark-fail topic=midas.decisions error="postgres connection lost"
2026/04/04 17:56:27 INFO outbox_batch_dispatched count=1 claimed=1
2026/04/04 17:56:27 WARN outbox_mark_published_failed event_id=0c33ac02-0d40-4136-96dc-0557c2432f02 event_type=decision.completed aggregate_type=envelope aggregate_id=env-mark-fail topic=midas.decisions error="postgres connection lost"
2026/04/04 17:56:27 INFO outbox_batch_dispatched count=1 claimed=1
2026/04/04 17:56:27 WARN outbox_mark_published_failed event_id=0c33ac02-0d40-4136-96dc-0557c2432f02 event_type=decision.completed aggregate_type=envelope aggregate_id=env-mark-fail topic=midas.decisions error="postgres connection lost"
2026/04/04 17:56:27 INFO outbox_batch_dispatched count=1 claimed=1
2026/04/04 17:56:27 WARN outbox_mark_published_failed event_id=0c33ac02-0d40-4136-96dc-0557c2432f02 event_type=decision.completed aggregate_type=envelope aggregate_id=env-mark-fail topic=midas.decisions error="postgres connection lost"
2026/04/04 17:56:27 INFO outbox_batch_dispatched count=1 claimed=1
2026/04/04 17:56:27 WARN outbox_mark_published_failed event_id=0c33ac02-0d40-4136-96dc-0557c2432f02 event_type=decision.completed aggregate_type=envelope aggregate_id=env-mark-fail topic=midas.decisions error="postgres connection lost"
2026/04/04 17:56:27 INFO outbox_batch_dispatched count=1 claimed=1
2026/04/04 17:56:27 WARN outbox_mark_published_failed event_id=0c33ac02-0d40-4136-96dc-0557c2432f02 event_type=decision.completed aggregate_type=envelope aggregate_id=env-mark-fail topic=midas.decisions error="postgres connection lost"
2026/04/04 17:56:27 INFO outbox_batch_dispatched count=1 claimed=1
2026/04/04 17:56:27 WARN outbox_mark_published_failed event_id=0c33ac02-0d40-4136-96dc-0557c2432f02 event_type=decision.completed aggregate_type=envelope aggregate_id=env-mark-fail topic=midas.decisions error="postgres connection lost"
2026/04/04 17:56:27 INFO outbox_batch_dispatched count=1 claimed=1
2026/04/04 17:56:27 WARN outbox_mark_published_failed event_id=0c33ac02-0d40-4136-96dc-0557c2432f02 event_type=decision.completed aggregate_type=envelope aggregate_id=env-mark-fail topic=midas.decisions error="postgres connection lost"
2026/04/04 17:56:27 INFO outbox_batch_dispatched count=1 claimed=1
2026/04/04 17:56:27 WARN outbox_mark_published_failed event_id=0c33ac02-0d40-4136-96dc-0557c2432f02 event_type=decision.completed aggregate_type=envelope aggregate_id=env-mark-fail topic=midas.decisions error="postgres connection lost"
2026/04/04 17:56:27 INFO outbox_batch_dispatched count=1 claimed=1
2026/04/04 17:56:27 WARN outbox_mark_published_failed event_id=0c33ac02-0d40-4136-96dc-0557c2432f02 event_type=decision.completed aggregate_type=envelope aggregate_id=env-mark-fail topic=midas.decisions error="postgres connection lost"
2026/04/04 17:56:27 INFO outbox_batch_dispatched count=1 claimed=1
2026/04/04 17:56:27 WARN outbox_mark_published_failed event_id=0c33ac02-0d40-4136-96dc-0557c2432f02 event_type=decision.completed aggregate_type=envelope aggregate_id=env-mark-fail topic=midas.decisions error="postgres connection lost"
2026/04/04 17:56:27 INFO outbox_batch_dispatched count=1 claimed=1
2026/04/04 17:56:27 WARN outbox_mark_published_failed event_id=0c33ac02-0d40-4136-96dc-0557c2432f02 event_type=decision.completed aggregate_type=envelope aggregate_id=env-mark-fail topic=midas.decisions error="postgres connection lost"
2026/04/04 17:56:27 INFO outbox_batch_dispatched count=1 claimed=1
2026/04/04 17:56:27 WARN outbox_mark_published_failed event_id=0c33ac02-0d40-4136-96dc-0557c2432f02 event_type=decision.completed aggregate_type=envelope aggregate_id=env-mark-fail topic=midas.decisions error="postgres connection lost"
2026/04/04 17:56:27 INFO outbox_batch_dispatched count=1 claimed=1
2026/04/04 17:56:27 WARN outbox_mark_published_failed event_id=0c33ac02-0d40-4136-96dc-0557c2432f02 event_type=decision.completed aggregate_type=envelope aggregate_id=env-mark-fail topic=midas.decisions error="postgres connection lost"
2026/04/04 17:56:27 INFO outbox_batch_dispatched count=1 claimed=1
2026/04/04 17:56:27 WARN outbox_mark_published_failed event_id=0c33ac02-0d40-4136-96dc-0557c2432f02 event_type=decision.completed aggregate_type=envelope aggregate_id=env-mark-fail topic=midas.decisions error="postgres connection lost"
2026/04/04 17:56:27 INFO outbox_batch_dispatched count=1 claimed=1
2026/04/04 17:56:27 WARN outbox_mark_published_failed event_id=0c33ac02-0d40-4136-96dc-0557c2432f02 event_type=decision.completed aggregate_type=envelope aggregate_id=env-mark-fail topic=midas.decisions error="postgres connection lost"
2026/04/04 17:56:27 INFO outbox_batch_dispatched count=1 claimed=1
2026/04/04 17:56:27 WARN outbox_mark_published_failed event_id=0c33ac02-0d40-4136-96dc-0557c2432f02 event_type=decision.completed aggregate_type=envelope aggregate_id=env-mark-fail topic=midas.decisions error="postgres connection lost"
2026/04/04 17:56:27 INFO outbox_batch_dispatched count=1 claimed=1
2026/04/04 17:56:27 WARN outbox_mark_published_failed event_id=0c33ac02-0d40-4136-96dc-0557c2432f02 event_type=decision.completed aggregate_type=envelope aggregate_id=env-mark-fail topic=midas.decisions error="postgres connection lost"
2026/04/04 17:56:27 INFO outbox_batch_dispatched count=1 claimed=1
2026/04/04 17:56:27 WARN outbox_mark_published_failed event_id=0c33ac02-0d40-4136-96dc-0557c2432f02 event_type=decision.completed aggregate_type=envelope aggregate_id=env-mark-fail topic=midas.decisions error="postgres connection lost"
2026/04/04 17:56:27 INFO outbox_batch_dispatched count=1 claimed=1
2026/04/04 17:56:27 WARN outbox_mark_published_failed event_id=0c33ac02-0d40-4136-96dc-0557c2432f02 event_type=decision.completed aggregate_type=envelope aggregate_id=env-mark-fail topic=midas.decisions error="postgres connection lost"
2026/04/04 17:56:27 INFO outbox_batch_dispatched count=1 claimed=1
2026/04/04 17:56:27 WARN outbox_mark_published_failed event_id=0c33ac02-0d40-4136-96dc-0557c2432f02 event_type=decision.completed aggregate_type=envelope aggregate_id=env-mark-fail topic=midas.decisions error="postgres connection lost"
2026/04/04 17:56:27 INFO outbox_batch_dispatched count=1 claimed=1
2026/04/04 17:56:27 WARN outbox_mark_published_failed event_id=0c33ac02-0d40-4136-96dc-0557c2432f02 event_type=decision.completed aggregate_type=envelope aggregate_id=env-mark-fail topic=midas.decisions error="postgres connection lost"
2026/04/04 17:56:27 INFO outbox_batch_dispatched count=1 claimed=1
2026/04/04 17:56:27 WARN outbox_mark_published_failed event_id=0c33ac02-0d40-4136-96dc-0557c2432f02 event_type=decision.completed aggregate_type=envelope aggregate_id=env-mark-fail topic=midas.decisions error="postgres connection lost"
2026/04/04 17:56:27 INFO outbox_batch_dispatched count=1 claimed=1
2026/04/04 17:56:27 WARN outbox_mark_published_failed event_id=0c33ac02-0d40-4136-96dc-0557c2432f02 event_type=decision.completed aggregate_type=envelope aggregate_id=env-mark-fail topic=midas.decisions error="postgres connection lost"
2026/04/04 17:56:27 INFO outbox_batch_dispatched count=1 claimed=1
2026/04/04 17:56:27 WARN outbox_mark_published_failed event_id=0c33ac02-0d40-4136-96dc-0557c2432f02 event_type=decision.completed aggregate_type=envelope aggregate_id=env-mark-fail topic=midas.decisions error="postgres connection lost"
2026/04/04 17:56:27 INFO outbox_batch_dispatched count=1 claimed=1
2026/04/04 17:56:27 WARN outbox_mark_published_failed event_id=0c33ac02-0d40-4136-96dc-0557c2432f02 event_type=decision.completed aggregate_type=envelope aggregate_id=env-mark-fail topic=midas.decisions error="postgres connection lost"
2026/04/04 17:56:27 INFO outbox_batch_dispatched count=1 claimed=1
2026/04/04 17:56:27 WARN outbox_mark_published_failed event_id=0c33ac02-0d40-4136-96dc-0557c2432f02 event_type=decision.completed aggregate_type=envelope aggregate_id=env-mark-fail topic=midas.decisions error="postgres connection lost"
2026/04/04 17:56:27 INFO outbox_batch_dispatched count=1 claimed=1
2026/04/04 17:56:27 WARN outbox_mark_published_failed event_id=0c33ac02-0d40-4136-96dc-0557c2432f02 event_type=decision.completed aggregate_type=envelope aggregate_id=env-mark-fail topic=midas.decisions error="postgres connection lost"
2026/04/04 17:56:27 INFO outbox_batch_dispatched count=1 claimed=1
2026/04/04 17:56:27 WARN outbox_mark_published_failed event_id=0c33ac02-0d40-4136-96dc-0557c2432f02 event_type=decision.completed aggregate_type=envelope aggregate_id=env-mark-fail topic=midas.decisions error="postgres connection lost"
2026/04/04 17:56:27 INFO outbox_batch_dispatched count=1 claimed=1
2026/04/04 17:56:27 WARN outbox_mark_published_failed event_id=0c33ac02-0d40-4136-96dc-0557c2432f02 event_type=decision.completed aggregate_type=envelope aggregate_id=env-mark-fail topic=midas.decisions error="postgres connection lost"
2026/04/04 17:56:27 INFO outbox_batch_dispatched count=1 claimed=1
2026/04/04 17:56:27 WARN outbox_mark_published_failed event_id=0c33ac02-0d40-4136-96dc-0557c2432f02 event_type=decision.completed aggregate_type=envelope aggregate_id=env-mark-fail topic=midas.decisions error="postgres connection lost"
2026/04/04 17:56:27 INFO outbox_batch_dispatched count=1 claimed=1
2026/04/04 17:56:27 WARN outbox_mark_published_failed event_id=0c33ac02-0d40-4136-96dc-0557c2432f02 event_type=decision.completed aggregate_type=envelope aggregate_id=env-mark-fail topic=midas.decisions error="postgres connection lost"
2026/04/04 17:56:27 INFO outbox_batch_dispatched count=1 claimed=1
2026/04/04 17:56:27 WARN outbox_mark_published_failed event_id=0c33ac02-0d40-4136-96dc-0557c2432f02 event_type=decision.completed aggregate_type=envelope aggregate_id=env-mark-fail topic=midas.decisions error="postgres connection lost"
2026/04/04 17:56:27 INFO outbox_batch_dispatched count=1 claimed=1
2026/04/04 17:56:27 WARN outbox_mark_published_failed event_id=0c33ac02-0d40-4136-96dc-0557c2432f02 event_type=decision.completed aggregate_type=envelope aggregate_id=env-mark-fail topic=midas.decisions error="postgres connection lost"
2026/04/04 17:56:27 INFO outbox_batch_dispatched count=1 claimed=1
2026/04/04 17:56:27 WARN outbox_mark_published_failed event_id=0c33ac02-0d40-4136-96dc-0557c2432f02 event_type=decision.completed aggregate_type=envelope aggregate_id=env-mark-fail topic=midas.decisions error="postgres connection lost"
2026/04/04 17:56:27 INFO outbox_batch_dispatched count=1 claimed=1
2026/04/04 17:56:27 WARN outbox_mark_published_failed event_id=0c33ac02-0d40-4136-96dc-0557c2432f02 event_type=decision.completed aggregate_type=envelope aggregate_id=env-mark-fail topic=midas.decisions error="postgres connection lost"
2026/04/04 17:56:27 INFO outbox_batch_dispatched count=1 claimed=1
2026/04/04 17:56:27 WARN outbox_mark_published_failed event_id=0c33ac02-0d40-4136-96dc-0557c2432f02 event_type=decision.completed aggregate_type=envelope aggregate_id=env-mark-fail topic=midas.decisions error="postgres connection lost"
2026/04/04 17:56:27 INFO outbox_batch_dispatched count=1 claimed=1
2026/04/04 17:56:27 WARN outbox_mark_published_failed event_id=0c33ac02-0d40-4136-96dc-0557c2432f02 event_type=decision.completed aggregate_type=envelope aggregate_id=env-mark-fail topic=midas.decisions error="postgres connection lost"
2026/04/04 17:56:27 INFO outbox_batch_dispatched count=1 claimed=1
2026/04/04 17:56:27 WARN outbox_mark_published_failed event_id=0c33ac02-0d40-4136-96dc-0557c2432f02 event_type=decision.completed aggregate_type=envelope aggregate_id=env-mark-fail topic=midas.decisions error="postgres connection lost"
2026/04/04 17:56:27 INFO outbox_batch_dispatched count=1 claimed=1
2026/04/04 17:56:27 WARN outbox_mark_published_failed event_id=0c33ac02-0d40-4136-96dc-0557c2432f02 event_type=decision.completed aggregate_type=envelope aggregate_id=env-mark-fail topic=midas.decisions error="postgres connection lost"
2026/04/04 17:56:27 INFO outbox_batch_dispatched count=1 claimed=1
2026/04/04 17:56:27 WARN outbox_mark_published_failed event_id=0c33ac02-0d40-4136-96dc-0557c2432f02 event_type=decision.completed aggregate_type=envelope aggregate_id=env-mark-fail topic=midas.decisions error="postgres connection lost"
2026/04/04 17:56:27 INFO outbox_batch_dispatched count=1 claimed=1
2026/04/04 17:56:27 WARN outbox_mark_published_failed event_id=0c33ac02-0d40-4136-96dc-0557c2432f02 event_type=decision.completed aggregate_type=envelope aggregate_id=env-mark-fail topic=midas.decisions error="postgres connection lost"
2026/04/04 17:56:27 INFO outbox_batch_dispatched count=1 claimed=1
2026/04/04 17:56:27 WARN outbox_mark_published_failed event_id=0c33ac02-0d40-4136-96dc-0557c2432f02 event_type=decision.completed aggregate_type=envelope aggregate_id=env-mark-fail topic=midas.decisions error="postgres connection lost"
2026/04/04 17:56:27 INFO outbox_batch_dispatched count=1 claimed=1
2026/04/04 17:56:27 WARN outbox_mark_published_failed event_id=0c33ac02-0d40-4136-96dc-0557c2432f02 event_type=decision.completed aggregate_type=envelope aggregate_id=env-mark-fail topic=midas.decisions error="postgres connection lost"
2026/04/04 17:56:27 INFO outbox_batch_dispatched count=1 claimed=1
2026/04/04 17:56:27 WARN outbox_mark_published_failed event_id=0c33ac02-0d40-4136-96dc-0557c2432f02 event_type=decision.completed aggregate_type=envelope aggregate_id=env-mark-fail topic=midas.decisions error="postgres connection lost"
2026/04/04 17:56:27 INFO outbox_batch_dispatched count=1 claimed=1
2026/04/04 17:56:27 WARN outbox_mark_published_failed event_id=0c33ac02-0d40-4136-96dc-0557c2432f02 event_type=decision.completed aggregate_type=envelope aggregate_id=env-mark-fail topic=midas.decisions error="postgres connection lost"
2026/04/04 17:56:27 INFO outbox_batch_dispatched count=1 claimed=1
2026/04/04 17:56:27 WARN outbox_mark_published_failed event_id=0c33ac02-0d40-4136-96dc-0557c2432f02 event_type=decision.completed aggregate_type=envelope aggregate_id=env-mark-fail topic=midas.decisions error="postgres connection lost"
2026/04/04 17:56:27 INFO outbox_batch_dispatched count=1 claimed=1
2026/04/04 17:56:27 WARN outbox_mark_published_failed event_id=0c33ac02-0d40-4136-96dc-0557c2432f02 event_type=decision.completed aggregate_type=envelope aggregate_id=env-mark-fail topic=midas.decisions error="postgres connection lost"
2026/04/04 17:56:27 INFO outbox_batch_dispatched count=1 claimed=1
2026/04/04 17:56:27 WARN outbox_mark_published_failed event_id=0c33ac02-0d40-4136-96dc-0557c2432f02 event_type=decision.completed aggregate_type=envelope aggregate_id=env-mark-fail topic=midas.decisions error="postgres connection lost"
2026/04/04 17:56:27 INFO outbox_batch_dispatched count=1 claimed=1
2026/04/04 17:56:27 WARN outbox_mark_published_failed event_id=0c33ac02-0d40-4136-96dc-0557c2432f02 event_type=decision.completed aggregate_type=envelope aggregate_id=env-mark-fail topic=midas.decisions error="postgres connection lost"
2026/04/04 17:56:27 INFO outbox_batch_dispatched count=1 claimed=1
2026/04/04 17:56:27 WARN outbox_mark_published_failed event_id=0c33ac02-0d40-4136-96dc-0557c2432f02 event_type=decision.completed aggregate_type=envelope aggregate_id=env-mark-fail topic=midas.decisions error="postgres connection lost"
2026/04/04 17:56:27 INFO outbox_batch_dispatched count=1 claimed=1
2026/04/04 17:56:27 WARN outbox_mark_published_failed event_id=0c33ac02-0d40-4136-96dc-0557c2432f02 event_type=decision.completed aggregate_type=envelope aggregate_id=env-mark-fail topic=midas.decisions error="postgres connection lost"
2026/04/04 17:56:27 INFO outbox_batch_dispatched count=1 claimed=1
2026/04/04 17:56:27 WARN outbox_mark_published_failed event_id=0c33ac02-0d40-4136-96dc-0557c2432f02 event_type=decision.completed aggregate_type=envelope aggregate_id=env-mark-fail topic=midas.decisions error="postgres connection lost"
2026/04/04 17:56:27 INFO outbox_batch_dispatched count=1 claimed=1
2026/04/04 17:56:27 WARN outbox_mark_published_failed event_id=0c33ac02-0d40-4136-96dc-0557c2432f02 event_type=decision.completed aggregate_type=envelope aggregate_id=env-mark-fail topic=midas.decisions error="postgres connection lost"
2026/04/04 17:56:27 INFO outbox_batch_dispatched count=1 claimed=1
2026/04/04 17:56:27 WARN outbox_mark_published_failed event_id=0c33ac02-0d40-4136-96dc-0557c2432f02 event_type=decision.completed aggregate_type=envelope aggregate_id=env-mark-fail topic=midas.decisions error="postgres connection lost"
2026/04/04 17:56:27 INFO outbox_batch_dispatched count=1 claimed=1
2026/04/04 17:56:27 WARN outbox_mark_published_failed event_id=0c33ac02-0d40-4136-96dc-0557c2432f02 event_type=decision.completed aggregate_type=envelope aggregate_id=env-mark-fail topic=midas.decisions error="postgres connection lost"
2026/04/04 17:56:27 INFO outbox_batch_dispatched count=1 claimed=1
2026/04/04 17:56:27 WARN outbox_mark_published_failed event_id=0c33ac02-0d40-4136-96dc-0557c2432f02 event_type=decision.completed aggregate_type=envelope aggregate_id=env-mark-fail topic=midas.decisions error="postgres connection lost"
2026/04/04 17:56:27 INFO outbox_batch_dispatched count=1 claimed=1
2026/04/04 17:56:27 WARN outbox_mark_published_failed event_id=0c33ac02-0d40-4136-96dc-0557c2432f02 event_type=decision.completed aggregate_type=envelope aggregate_id=env-mark-fail topic=midas.decisions error="postgres connection lost"
2026/04/04 17:56:27 INFO outbox_batch_dispatched count=1 claimed=1
2026/04/04 17:56:27 WARN outbox_mark_published_failed event_id=0c33ac02-0d40-4136-96dc-0557c2432f02 event_type=decision.completed aggregate_type=envelope aggregate_id=env-mark-fail topic=midas.decisions error="postgres connection lost"
2026/04/04 17:56:27 INFO outbox_batch_dispatched count=1 claimed=1
2026/04/04 17:56:27 WARN outbox_mark_published_failed event_id=0c33ac02-0d40-4136-96dc-0557c2432f02 event_type=decision.completed aggregate_type=envelope aggregate_id=env-mark-fail topic=midas.decisions error="postgres connection lost"
2026/04/04 17:56:27 INFO outbox_batch_dispatched count=1 claimed=1
2026/04/04 17:56:27 WARN outbox_mark_published_failed event_id=0c33ac02-0d40-4136-96dc-0557c2432f02 event_type=decision.completed aggregate_type=envelope aggregate_id=env-mark-fail topic=midas.decisions error="postgres connection lost"
2026/04/04 17:56:27 INFO outbox_batch_dispatched count=1 claimed=1
2026/04/04 17:56:27 WARN outbox_mark_published_failed event_id=0c33ac02-0d40-4136-96dc-0557c2432f02 event_type=decision.completed aggregate_type=envelope aggregate_id=env-mark-fail topic=midas.decisions error="postgres connection lost"
2026/04/04 17:56:27 INFO outbox_batch_dispatched count=1 claimed=1
2026/04/04 17:56:27 WARN outbox_mark_published_failed event_id=0c33ac02-0d40-4136-96dc-0557c2432f02 event_type=decision.completed aggregate_type=envelope aggregate_id=env-mark-fail topic=midas.decisions error="postgres connection lost"
2026/04/04 17:56:27 INFO outbox_batch_dispatched count=1 claimed=1
2026/04/04 17:56:27 WARN outbox_mark_published_failed event_id=0c33ac02-0d40-4136-96dc-0557c2432f02 event_type=decision.completed aggregate_type=envelope aggregate_id=env-mark-fail topic=midas.decisions error="postgres connection lost"
2026/04/04 17:56:27 INFO outbox_batch_dispatched count=1 claimed=1
2026/04/04 17:56:27 WARN outbox_mark_published_failed event_id=0c33ac02-0d40-4136-96dc-0557c2432f02 event_type=decision.completed aggregate_type=envelope aggregate_id=env-mark-fail topic=midas.decisions error="postgres connection lost"
2026/04/04 17:56:27 INFO outbox_batch_dispatched count=1 claimed=1
2026/04/04 17:56:27 WARN outbox_mark_published_failed event_id=0c33ac02-0d40-4136-96dc-0557c2432f02 event_type=decision.completed aggregate_type=envelope aggregate_id=env-mark-fail topic=midas.decisions error="postgres connection lost"
2026/04/04 17:56:27 INFO outbox_batch_dispatched count=1 claimed=1
2026/04/04 17:56:27 WARN outbox_mark_published_failed event_id=0c33ac02-0d40-4136-96dc-0557c2432f02 event_type=decision.completed aggregate_type=envelope aggregate_id=env-mark-fail topic=midas.decisions error="postgres connection lost"
2026/04/04 17:56:27 INFO outbox_batch_dispatched count=1 claimed=1
2026/04/04 17:56:27 WARN outbox_mark_published_failed event_id=0c33ac02-0d40-4136-96dc-0557c2432f02 event_type=decision.completed aggregate_type=envelope aggregate_id=env-mark-fail topic=midas.decisions error="postgres connection lost"
2026/04/04 17:56:27 INFO outbox_batch_dispatched count=1 claimed=1
2026/04/04 17:56:27 WARN outbox_mark_published_failed event_id=0c33ac02-0d40-4136-96dc-0557c2432f02 event_type=decision.completed aggregate_type=envelope aggregate_id=env-mark-fail topic=midas.decisions error="postgres connection lost"
2026/04/04 17:56:27 INFO outbox_batch_dispatched count=1 claimed=1
2026/04/04 17:56:27 WARN outbox_mark_published_failed event_id=0c33ac02-0d40-4136-96dc-0557c2432f02 event_type=decision.completed aggregate_type=envelope aggregate_id=env-mark-fail topic=midas.decisions error="postgres connection lost"
2026/04/04 17:56:27 INFO outbox_batch_dispatched count=1 claimed=1
2026/04/04 17:56:27 WARN outbox_mark_published_failed event_id=0c33ac02-0d40-4136-96dc-0557c2432f02 event_type=decision.completed aggregate_type=envelope aggregate_id=env-mark-fail topic=midas.decisions error="postgres connection lost"
2026/04/04 17:56:27 INFO outbox_batch_dispatched count=1 claimed=1
2026/04/04 17:56:27 WARN outbox_mark_published_failed event_id=0c33ac02-0d40-4136-96dc-0557c2432f02 event_type=decision.completed aggregate_type=envelope aggregate_id=env-mark-fail topic=midas.decisions error="postgres connection lost"
2026/04/04 17:56:27 INFO outbox_batch_dispatched count=1 claimed=1
2026/04/04 17:56:27 WARN outbox_mark_published_failed event_id=0c33ac02-0d40-4136-96dc-0557c2432f02 event_type=decision.completed aggregate_type=envelope aggregate_id=env-mark-fail topic=midas.decisions error="postgres connection lost"
2026/04/04 17:56:27 INFO outbox_batch_dispatched count=1 claimed=1
2026/04/04 17:56:27 WARN outbox_mark_published_failed event_id=0c33ac02-0d40-4136-96dc-0557c2432f02 event_type=decision.completed aggregate_type=envelope aggregate_id=env-mark-fail topic=midas.decisions error="postgres connection lost"
2026/04/04 17:56:27 INFO outbox_batch_dispatched count=1 claimed=1
2026/04/04 17:56:27 WARN outbox_mark_published_failed event_id=0c33ac02-0d40-4136-96dc-0557c2432f02 event_type=decision.completed aggregate_type=envelope aggregate_id=env-mark-fail topic=midas.decisions error="postgres connection lost"
2026/04/04 17:56:27 INFO outbox_batch_dispatched count=1 claimed=1
2026/04/04 17:56:27 WARN outbox_mark_published_failed event_id=0c33ac02-0d40-4136-96dc-0557c2432f02 event_type=decision.completed aggregate_type=envelope aggregate_id=env-mark-fail topic=midas.decisions error="postgres connection lost"
2026/04/04 17:56:27 INFO outbox_batch_dispatched count=1 claimed=1
2026/04/04 17:56:27 WARN outbox_mark_published_failed event_id=0c33ac02-0d40-4136-96dc-0557c2432f02 event_type=decision.completed aggregate_type=envelope aggregate_id=env-mark-fail topic=midas.decisions error="postgres connection lost"
2026/04/04 17:56:27 INFO outbox_batch_dispatched count=1 claimed=1
2026/04/04 17:56:27 WARN outbox_mark_published_failed event_id=0c33ac02-0d40-4136-96dc-0557c2432f02 event_type=decision.completed aggregate_type=envelope aggregate_id=env-mark-fail topic=midas.decisions error="postgres connection lost"
2026/04/04 17:56:27 INFO outbox_batch_dispatched count=1 claimed=1
2026/04/04 17:56:27 WARN outbox_mark_published_failed event_id=0c33ac02-0d40-4136-96dc-0557c2432f02 event_type=decision.completed aggregate_type=envelope aggregate_id=env-mark-fail topic=midas.decisions error="postgres connection lost"
2026/04/04 17:56:27 INFO outbox_batch_dispatched count=1 claimed=1
2026/04/04 17:56:27 WARN outbox_mark_published_failed event_id=0c33ac02-0d40-4136-96dc-0557c2432f02 event_type=decision.completed aggregate_type=envelope aggregate_id=env-mark-fail topic=midas.decisions error="postgres connection lost"
2026/04/04 17:56:27 INFO outbox_batch_dispatched count=1 claimed=1
2026/04/04 17:56:27 WARN outbox_mark_published_failed event_id=0c33ac02-0d40-4136-96dc-0557c2432f02 event_type=decision.completed aggregate_type=envelope aggregate_id=env-mark-fail topic=midas.decisions error="postgres connection lost"
2026/04/04 17:56:27 INFO outbox_batch_dispatched count=1 claimed=1
2026/04/04 17:56:27 WARN outbox_mark_published_failed event_id=0c33ac02-0d40-4136-96dc-0557c2432f02 event_type=decision.completed aggregate_type=envelope aggregate_id=env-mark-fail topic=midas.decisions error="postgres connection lost"
2026/04/04 17:56:27 INFO outbox_batch_dispatched count=1 claimed=1
2026/04/04 17:56:27 WARN outbox_mark_published_failed event_id=0c33ac02-0d40-4136-96dc-0557c2432f02 event_type=decision.completed aggregate_type=envelope aggregate_id=env-mark-fail topic=midas.decisions error="postgres connection lost"
2026/04/04 17:56:27 INFO outbox_batch_dispatched count=1 claimed=1
2026/04/04 17:56:27 WARN outbox_mark_published_failed event_id=0c33ac02-0d40-4136-96dc-0557c2432f02 event_type=decision.completed aggregate_type=envelope aggregate_id=env-mark-fail topic=midas.decisions error="postgres connection lost"
2026/04/04 17:56:27 INFO outbox_batch_dispatched count=1 claimed=1
2026/04/04 17:56:27 WARN outbox_mark_published_failed event_id=0c33ac02-0d40-4136-96dc-0557c2432f02 event_type=decision.completed aggregate_type=envelope aggregate_id=env-mark-fail topic=midas.decisions error="postgres connection lost"
2026/04/04 17:56:27 INFO outbox_batch_dispatched count=1 claimed=1
2026/04/04 17:56:27 WARN outbox_mark_published_failed event_id=0c33ac02-0d40-4136-96dc-0557c2432f02 event_type=decision.completed aggregate_type=envelope aggregate_id=env-mark-fail topic=midas.decisions error="postgres connection lost"
2026/04/04 17:56:27 INFO outbox_batch_dispatched count=1 claimed=1
2026/04/04 17:56:27 WARN outbox_mark_published_failed event_id=0c33ac02-0d40-4136-96dc-0557c2432f02 event_type=decision.completed aggregate_type=envelope aggregate_id=env-mark-fail topic=midas.decisions error="postgres connection lost"
2026/04/04 17:56:27 INFO outbox_batch_dispatched count=1 claimed=1
2026/04/04 17:56:27 WARN outbox_mark_published_failed event_id=0c33ac02-0d40-4136-96dc-0557c2432f02 event_type=decision.completed aggregate_type=envelope aggregate_id=env-mark-fail topic=midas.decisions error="postgres connection lost"
2026/04/04 17:56:27 INFO outbox_batch_dispatched count=1 claimed=1
2026/04/04 17:56:27 WARN outbox_mark_published_failed event_id=0c33ac02-0d40-4136-96dc-0557c2432f02 event_type=decision.completed aggregate_type=envelope aggregate_id=env-mark-fail topic=midas.decisions error="postgres connection lost"
2026/04/04 17:56:27 INFO outbox_batch_dispatched count=1 claimed=1
2026/04/04 17:56:27 WARN outbox_mark_published_failed event_id=0c33ac02-0d40-4136-96dc-0557c2432f02 event_type=decision.completed aggregate_type=envelope aggregate_id=env-mark-fail topic=midas.decisions error="postgres connection lost"
2026/04/04 17:56:27 INFO outbox_batch_dispatched count=1 claimed=1
2026/04/04 17:56:27 WARN outbox_mark_published_failed event_id=0c33ac02-0d40-4136-96dc-0557c2432f02 event_type=decision.completed aggregate_type=envelope aggregate_id=env-mark-fail topic=midas.decisions error="postgres connection lost"
2026/04/04 17:56:27 INFO outbox_batch_dispatched count=1 claimed=1
2026/04/04 17:56:27 WARN outbox_mark_published_failed event_id=0c33ac02-0d40-4136-96dc-0557c2432f02 event_type=decision.completed aggregate_type=envelope aggregate_id=env-mark-fail topic=midas.decisions error="postgres connection lost"
2026/04/04 17:56:27 INFO outbox_batch_dispatched count=1 claimed=1
2026/04/04 17:56:27 WARN outbox_mark_published_failed event_id=0c33ac02-0d40-4136-96dc-0557c2432f02 event_type=decision.completed aggregate_type=envelope aggregate_id=env-mark-fail topic=midas.decisions error="postgres connection lost"
2026/04/04 17:56:27 INFO outbox_batch_dispatched count=1 claimed=1
2026/04/04 17:56:27 WARN outbox_mark_published_failed event_id=0c33ac02-0d40-4136-96dc-0557c2432f02 event_type=decision.completed aggregate_type=envelope aggregate_id=env-mark-fail topic=midas.decisions error="postgres connection lost"
2026/04/04 17:56:27 INFO outbox_batch_dispatched count=1 claimed=1
2026/04/04 17:56:27 WARN outbox_mark_published_failed event_id=0c33ac02-0d40-4136-96dc-0557c2432f02 event_type=decision.completed aggregate_type=envelope aggregate_id=env-mark-fail topic=midas.decisions error="postgres connection lost"
2026/04/04 17:56:27 INFO outbox_batch_dispatched count=1 claimed=1
2026/04/04 17:56:27 WARN outbox_mark_published_failed event_id=0c33ac02-0d40-4136-96dc-0557c2432f02 event_type=decision.completed aggregate_type=envelope aggregate_id=env-mark-fail topic=midas.decisions error="postgres connection lost"
2026/04/04 17:56:27 INFO outbox_batch_dispatched count=1 claimed=1
2026/04/04 17:56:27 WARN outbox_mark_published_failed event_id=0c33ac02-0d40-4136-96dc-0557c2432f02 event_type=decision.completed aggregate_type=envelope aggregate_id=env-mark-fail topic=midas.decisions error="postgres connection lost"
2026/04/04 17:56:27 INFO outbox_batch_dispatched count=1 claimed=1
2026/04/04 17:56:27 WARN outbox_mark_published_failed event_id=0c33ac02-0d40-4136-96dc-0557c2432f02 event_type=decision.completed aggregate_type=envelope aggregate_id=env-mark-fail topic=midas.decisions error="postgres connection lost"
2026/04/04 17:56:27 INFO outbox_batch_dispatched count=1 claimed=1
2026/04/04 17:56:27 WARN outbox_mark_published_failed event_id=0c33ac02-0d40-4136-96dc-0557c2432f02 event_type=decision.completed aggregate_type=envelope aggregate_id=env-mark-fail topic=midas.decisions error="postgres connection lost"
2026/04/04 17:56:27 INFO outbox_batch_dispatched count=1 claimed=1
2026/04/04 17:56:27 WARN outbox_mark_published_failed event_id=0c33ac02-0d40-4136-96dc-0557c2432f02 event_type=decision.completed aggregate_type=envelope aggregate_id=env-mark-fail topic=midas.decisions error="postgres connection lost"
2026/04/04 17:56:27 INFO outbox_batch_dispatched count=1 claimed=1
2026/04/04 17:56:27 WARN outbox_mark_published_failed event_id=0c33ac02-0d40-4136-96dc-0557c2432f02 event_type=decision.completed aggregate_type=envelope aggregate_id=env-mark-fail topic=midas.decisions error="postgres connection lost"
2026/04/04 17:56:27 INFO outbox_batch_dispatched count=1 claimed=1
2026/04/04 17:56:27 WARN outbox_mark_published_failed event_id=0c33ac02-0d40-4136-96dc-0557c2432f02 event_type=decision.completed aggregate_type=envelope aggregate_id=env-mark-fail topic=midas.decisions error="postgres connection lost"
2026/04/04 17:56:27 INFO outbox_batch_dispatched count=1 claimed=1
2026/04/04 17:56:27 WARN outbox_mark_published_failed event_id=0c33ac02-0d40-4136-96dc-0557c2432f02 event_type=decision.completed aggregate_type=envelope aggregate_id=env-mark-fail topic=midas.decisions error="postgres connection lost"
2026/04/04 17:56:27 INFO outbox_batch_dispatched count=1 claimed=1
2026/04/04 17:56:27 WARN outbox_mark_published_failed event_id=0c33ac02-0d40-4136-96dc-0557c2432f02 event_type=decision.completed aggregate_type=envelope aggregate_id=env-mark-fail topic=midas.decisions error="postgres connection lost"
2026/04/04 17:56:27 INFO outbox_batch_dispatched count=1 claimed=1
2026/04/04 17:56:27 WARN outbox_mark_published_failed event_id=0c33ac02-0d40-4136-96dc-0557c2432f02 event_type=decision.completed aggregate_type=envelope aggregate_id=env-mark-fail topic=midas.decisions error="postgres connection lost"
2026/04/04 17:56:27 INFO outbox_batch_dispatched count=1 claimed=1
2026/04/04 17:56:27 WARN outbox_mark_published_failed event_id=0c33ac02-0d40-4136-96dc-0557c2432f02 event_type=decision.completed aggregate_type=envelope aggregate_id=env-mark-fail topic=midas.decisions error="postgres connection lost"
2026/04/04 17:56:27 INFO outbox_batch_dispatched count=1 claimed=1
2026/04/04 17:56:27 WARN outbox_mark_published_failed event_id=0c33ac02-0d40-4136-96dc-0557c2432f02 event_type=decision.completed aggregate_type=envelope aggregate_id=env-mark-fail topic=midas.decisions error="postgres connection lost"
2026/04/04 17:56:27 INFO outbox_batch_dispatched count=1 claimed=1
2026/04/04 17:56:27 WARN outbox_mark_published_failed event_id=0c33ac02-0d40-4136-96dc-0557c2432f02 event_type=decision.completed aggregate_type=envelope aggregate_id=env-mark-fail topic=midas.decisions error="postgres connection lost"
2026/04/04 17:56:27 INFO outbox_batch_dispatched count=1 claimed=1
2026/04/04 17:56:27 WARN outbox_mark_published_failed event_id=0c33ac02-0d40-4136-96dc-0557c2432f02 event_type=decision.completed aggregate_type=envelope aggregate_id=env-mark-fail topic=midas.decisions error="postgres connection lost"
2026/04/04 17:56:27 INFO outbox_batch_dispatched count=1 claimed=1
2026/04/04 17:56:27 WARN outbox_mark_published_failed event_id=0c33ac02-0d40-4136-96dc-0557c2432f02 event_type=decision.completed aggregate_type=envelope aggregate_id=env-mark-fail topic=midas.decisions error="postgres connection lost"
2026/04/04 17:56:27 INFO outbox_batch_dispatched count=1 claimed=1
2026/04/04 17:56:27 WARN outbox_mark_published_failed event_id=0c33ac02-0d40-4136-96dc-0557c2432f02 event_type=decision.completed aggregate_type=envelope aggregate_id=env-mark-fail topic=midas.decisions error="postgres connection lost"
2026/04/04 17:56:27 INFO outbox_batch_dispatched count=1 claimed=1
2026/04/04 17:56:27 WARN outbox_mark_published_failed event_id=0c33ac02-0d40-4136-96dc-0557c2432f02 event_type=decision.completed aggregate_type=envelope aggregate_id=env-mark-fail topic=midas.decisions error="postgres connection lost"
2026/04/04 17:56:27 INFO outbox_batch_dispatched count=1 claimed=1
2026/04/04 17:56:27 WARN outbox_mark_published_failed event_id=0c33ac02-0d40-4136-96dc-0557c2432f02 event_type=decision.completed aggregate_type=envelope aggregate_id=env-mark-fail topic=midas.decisions error="postgres connection lost"
2026/04/04 17:56:27 INFO outbox_batch_dispatched count=1 claimed=1
2026/04/04 17:56:27 WARN outbox_mark_published_failed event_id=0c33ac02-0d40-4136-96dc-0557c2432f02 event_type=decision.completed aggregate_type=envelope aggregate_id=env-mark-fail topic=midas.decisions error="postgres connection lost"
2026/04/04 17:56:27 INFO outbox_batch_dispatched count=1 claimed=1
2026/04/04 17:56:27 WARN outbox_mark_published_failed event_id=0c33ac02-0d40-4136-96dc-0557c2432f02 event_type=decision.completed aggregate_type=envelope aggregate_id=env-mark-fail topic=midas.decisions error="postgres connection lost"
2026/04/04 17:56:27 INFO outbox_batch_dispatched count=1 claimed=1
2026/04/04 17:56:27 WARN outbox_mark_published_failed event_id=0c33ac02-0d40-4136-96dc-0557c2432f02 event_type=decision.completed aggregate_type=envelope aggregate_id=env-mark-fail topic=midas.decisions error="postgres connection lost"
2026/04/04 17:56:27 INFO outbox_batch_dispatched count=1 claimed=1
2026/04/04 17:56:27 WARN outbox_mark_published_failed event_id=0c33ac02-0d40-4136-96dc-0557c2432f02 event_type=decision.completed aggregate_type=envelope aggregate_id=env-mark-fail topic=midas.decisions error="postgres connection lost"
2026/04/04 17:56:27 INFO outbox_batch_dispatched count=1 claimed=1
2026/04/04 17:56:27 WARN outbox_mark_published_failed event_id=0c33ac02-0d40-4136-96dc-0557c2432f02 event_type=decision.completed aggregate_type=envelope aggregate_id=env-mark-fail topic=midas.decisions error="postgres connection lost"
2026/04/04 17:56:27 INFO outbox_batch_dispatched count=1 claimed=1
2026/04/04 17:56:27 WARN outbox_mark_published_failed event_id=0c33ac02-0d40-4136-96dc-0557c2432f02 event_type=decision.completed aggregate_type=envelope aggregate_id=env-mark-fail topic=midas.decisions error="postgres connection lost"
2026/04/04 17:56:27 INFO outbox_batch_dispatched count=1 claimed=1
2026/04/04 17:56:27 WARN outbox_mark_published_failed event_id=0c33ac02-0d40-4136-96dc-0557c2432f02 event_type=decision.completed aggregate_type=envelope aggregate_id=env-mark-fail topic=midas.decisions error="postgres connection lost"
2026/04/04 17:56:27 INFO outbox_batch_dispatched count=1 claimed=1
2026/04/04 17:56:27 WARN outbox_mark_published_failed event_id=0c33ac02-0d40-4136-96dc-0557c2432f02 event_type=decision.completed aggregate_type=envelope aggregate_id=env-mark-fail topic=midas.decisions error="postgres connection lost"
2026/04/04 17:56:27 INFO outbox_batch_dispatched count=1 claimed=1
2026/04/04 17:56:27 WARN outbox_mark_published_failed event_id=0c33ac02-0d40-4136-96dc-0557c2432f02 event_type=decision.completed aggregate_type=envelope aggregate_id=env-mark-fail topic=midas.decisions error="postgres connection lost"
2026/04/04 17:56:27 INFO outbox_batch_dispatched count=1 claimed=1
2026/04/04 17:56:27 WARN outbox_mark_published_failed event_id=0c33ac02-0d40-4136-96dc-0557c2432f02 event_type=decision.completed aggregate_type=envelope aggregate_id=env-mark-fail topic=midas.decisions error="postgres connection lost"
2026/04/04 17:56:27 INFO outbox_batch_dispatched count=1 claimed=1
2026/04/04 17:56:27 WARN outbox_mark_published_failed event_id=0c33ac02-0d40-4136-96dc-0557c2432f02 event_type=decision.completed aggregate_type=envelope aggregate_id=env-mark-fail topic=midas.decisions error="postgres connection lost"
2026/04/04 17:56:27 INFO outbox_batch_dispatched count=1 claimed=1
2026/04/04 17:56:27 WARN outbox_mark_published_failed event_id=0c33ac02-0d40-4136-96dc-0557c2432f02 event_type=decision.completed aggregate_type=envelope aggregate_id=env-mark-fail topic=midas.decisions error="postgres connection lost"
2026/04/04 17:56:27 INFO outbox_batch_dispatched count=1 claimed=1
2026/04/04 17:56:27 WARN outbox_mark_published_failed event_id=0c33ac02-0d40-4136-96dc-0557c2432f02 event_type=decision.completed aggregate_type=envelope aggregate_id=env-mark-fail topic=midas.decisions error="postgres connection lost"
2026/04/04 17:56:27 INFO outbox_batch_dispatched count=1 claimed=1
2026/04/04 17:56:27 WARN outbox_mark_published_failed event_id=0c33ac02-0d40-4136-96dc-0557c2432f02 event_type=decision.completed aggregate_type=envelope aggregate_id=env-mark-fail topic=midas.decisions error="postgres connection lost"
2026/04/04 17:56:27 INFO outbox_batch_dispatched count=1 claimed=1
2026/04/04 17:56:27 WARN outbox_mark_published_failed event_id=0c33ac02-0d40-4136-96dc-0557c2432f02 event_type=decision.completed aggregate_type=envelope aggregate_id=env-mark-fail topic=midas.decisions error="postgres connection lost"
2026/04/04 17:56:27 INFO outbox_batch_dispatched count=1 claimed=1
2026/04/04 17:56:27 WARN outbox_mark_published_failed event_id=0c33ac02-0d40-4136-96dc-0557c2432f02 event_type=decision.completed aggregate_type=envelope aggregate_id=env-mark-fail topic=midas.decisions error="postgres connection lost"
2026/04/04 17:56:27 INFO outbox_batch_dispatched count=1 claimed=1
2026/04/04 17:56:27 WARN outbox_mark_published_failed event_id=0c33ac02-0d40-4136-96dc-0557c2432f02 event_type=decision.completed aggregate_type=envelope aggregate_id=env-mark-fail topic=midas.decisions error="postgres connection lost"
2026/04/04 17:56:27 INFO outbox_batch_dispatched count=1 claimed=1
2026/04/04 17:56:27 WARN outbox_mark_published_failed event_id=0c33ac02-0d40-4136-96dc-0557c2432f02 event_type=decision.completed aggregate_type=envelope aggregate_id=env-mark-fail topic=midas.decisions error="postgres connection lost"
2026/04/04 17:56:27 INFO outbox_batch_dispatched count=1 claimed=1
2026/04/04 17:56:27 WARN outbox_mark_published_failed event_id=0c33ac02-0d40-4136-96dc-0557c2432f02 event_type=decision.completed aggregate_type=envelope aggregate_id=env-mark-fail topic=midas.decisions error="postgres connection lost"
2026/04/04 17:56:27 INFO outbox_batch_dispatched count=1 claimed=1
2026/04/04 17:56:27 WARN outbox_mark_published_failed event_id=0c33ac02-0d40-4136-96dc-0557c2432f02 event_type=decision.completed aggregate_type=envelope aggregate_id=env-mark-fail topic=midas.decisions error="postgres connection lost"
2026/04/04 17:56:27 INFO outbox_batch_dispatched count=1 claimed=1
2026/04/04 17:56:27 WARN outbox_mark_published_failed event_id=0c33ac02-0d40-4136-96dc-0557c2432f02 event_type=decision.completed aggregate_type=envelope aggregate_id=env-mark-fail topic=midas.decisions error="postgres connection lost"
2026/04/04 17:56:27 INFO outbox_batch_dispatched count=1 claimed=1
2026/04/04 17:56:27 WARN outbox_mark_published_failed event_id=0c33ac02-0d40-4136-96dc-0557c2432f02 event_type=decision.completed aggregate_type=envelope aggregate_id=env-mark-fail topic=midas.decisions error="postgres connection lost"
2026/04/04 17:56:27 INFO outbox_batch_dispatched count=1 claimed=1
2026/04/04 17:56:27 WARN outbox_mark_published_failed event_id=0c33ac02-0d40-4136-96dc-0557c2432f02 event_type=decision.completed aggregate_type=envelope aggregate_id=env-mark-fail topic=midas.decisions error="postgres connection lost"
2026/04/04 17:56:27 INFO outbox_batch_dispatched count=1 claimed=1
2026/04/04 17:56:27 WARN outbox_mark_published_failed event_id=0c33ac02-0d40-4136-96dc-0557c2432f02 event_type=decision.completed aggregate_type=envelope aggregate_id=env-mark-fail topic=midas.decisions error="postgres connection lost"
2026/04/04 17:56:27 INFO outbox_batch_dispatched count=1 claimed=1
2026/04/04 17:56:27 WARN outbox_mark_published_failed event_id=0c33ac02-0d40-4136-96dc-0557c2432f02 event_type=decision.completed aggregate_type=envelope aggregate_id=env-mark-fail topic=midas.decisions error="postgres connection lost"
2026/04/04 17:56:27 INFO outbox_batch_dispatched count=1 claimed=1
2026/04/04 17:56:27 WARN outbox_mark_published_failed event_id=0c33ac02-0d40-4136-96dc-0557c2432f02 event_type=decision.completed aggregate_type=envelope aggregate_id=env-mark-fail topic=midas.decisions error="postgres connection lost"
2026/04/04 17:56:27 INFO outbox_batch_dispatched count=1 claimed=1
2026/04/04 17:56:27 WARN outbox_mark_published_failed event_id=0c33ac02-0d40-4136-96dc-0557c2432f02 event_type=decision.completed aggregate_type=envelope aggregate_id=env-mark-fail topic=midas.decisions error="postgres connection lost"
2026/04/04 17:56:27 INFO outbox_batch_dispatched count=1 claimed=1
2026/04/04 17:56:27 WARN outbox_mark_published_failed event_id=0c33ac02-0d40-4136-96dc-0557c2432f02 event_type=decision.completed aggregate_type=envelope aggregate_id=env-mark-fail topic=midas.decisions error="postgres connection lost"
2026/04/04 17:56:27 INFO outbox_batch_dispatched count=1 claimed=1
2026/04/04 17:56:27 WARN outbox_mark_published_failed event_id=0c33ac02-0d40-4136-96dc-0557c2432f02 event_type=decision.completed aggregate_type=envelope aggregate_id=env-mark-fail topic=midas.decisions error="postgres connection lost"
2026/04/04 17:56:27 INFO outbox_batch_dispatched count=1 claimed=1
2026/04/04 17:56:27 WARN outbox_mark_published_failed event_id=0c33ac02-0d40-4136-96dc-0557c2432f02 event_type=decision.completed aggregate_type=envelope aggregate_id=env-mark-fail topic=midas.decisions error="postgres connection lost"
2026/04/04 17:56:27 INFO outbox_batch_dispatched count=1 claimed=1
2026/04/04 17:56:27 WARN outbox_mark_published_failed event_id=0c33ac02-0d40-4136-96dc-0557c2432f02 event_type=decision.completed aggregate_type=envelope aggregate_id=env-mark-fail topic=midas.decisions error="postgres connection lost"
2026/04/04 17:56:27 INFO outbox_batch_dispatched count=1 claimed=1
2026/04/04 17:56:27 WARN outbox_mark_published_failed event_id=0c33ac02-0d40-4136-96dc-0557c2432f02 event_type=decision.completed aggregate_type=envelope aggregate_id=env-mark-fail topic=midas.decisions error="postgres connection lost"
2026/04/04 17:56:27 INFO outbox_batch_dispatched count=1 claimed=1
2026/04/04 17:56:27 WARN outbox_mark_published_failed event_id=0c33ac02-0d40-4136-96dc-0557c2432f02 event_type=decision.completed aggregate_type=envelope aggregate_id=env-mark-fail topic=midas.decisions error="postgres connection lost"
2026/04/04 17:56:27 INFO outbox_batch_dispatched count=1 claimed=1
2026/04/04 17:56:27 WARN outbox_mark_published_failed event_id=0c33ac02-0d40-4136-96dc-0557c2432f02 event_type=decision.completed aggregate_type=envelope aggregate_id=env-mark-fail topic=midas.decisions error="postgres connection lost"
2026/04/04 17:56:27 INFO outbox_batch_dispatched count=1 claimed=1
2026/04/04 17:56:27 WARN outbox_mark_published_failed event_id=0c33ac02-0d40-4136-96dc-0557c2432f02 event_type=decision.completed aggregate_type=envelope aggregate_id=env-mark-fail topic=midas.decisions error="postgres connection lost"
2026/04/04 17:56:27 INFO outbox_batch_dispatched count=1 claimed=1
2026/04/04 17:56:27 WARN outbox_mark_published_failed event_id=0c33ac02-0d40-4136-96dc-0557c2432f02 event_type=decision.completed aggregate_type=envelope aggregate_id=env-mark-fail topic=midas.decisions error="postgres connection lost"
2026/04/04 17:56:27 INFO outbox_batch_dispatched count=1 claimed=1
2026/04/04 17:56:27 WARN outbox_mark_published_failed event_id=0c33ac02-0d40-4136-96dc-0557c2432f02 event_type=decision.completed aggregate_type=envelope aggregate_id=env-mark-fail topic=midas.decisions error="postgres connection lost"
2026/04/04 17:56:27 INFO outbox_batch_dispatched count=1 claimed=1
2026/04/04 17:56:27 WARN outbox_mark_published_failed event_id=0c33ac02-0d40-4136-96dc-0557c2432f02 event_type=decision.completed aggregate_type=envelope aggregate_id=env-mark-fail topic=midas.decisions error="postgres connection lost"
2026/04/04 17:56:27 INFO outbox_batch_dispatched count=1 claimed=1
2026/04/04 17:56:27 WARN outbox_mark_published_failed event_id=0c33ac02-0d40-4136-96dc-0557c2432f02 event_type=decision.completed aggregate_type=envelope aggregate_id=env-mark-fail topic=midas.decisions error="postgres connection lost"
2026/04/04 17:56:27 INFO outbox_batch_dispatched count=1 claimed=1
2026/04/04 17:56:27 WARN outbox_mark_published_failed event_id=0c33ac02-0d40-4136-96dc-0557c2432f02 event_type=decision.completed aggregate_type=envelope aggregate_id=env-mark-fail topic=midas.decisions error="postgres connection lost"
2026/04/04 17:56:27 INFO outbox_batch_dispatched count=1 claimed=1
2026/04/04 17:56:27 WARN outbox_mark_published_failed event_id=0c33ac02-0d40-4136-96dc-0557c2432f02 event_type=decision.completed aggregate_type=envelope aggregate_id=env-mark-fail topic=midas.decisions error="postgres connection lost"
2026/04/04 17:56:27 INFO outbox_batch_dispatched count=1 claimed=1
2026/04/04 17:56:27 WARN outbox_mark_published_failed event_id=0c33ac02-0d40-4136-96dc-0557c2432f02 event_type=decision.completed aggregate_type=envelope aggregate_id=env-mark-fail topic=midas.decisions error="postgres connection lost"
2026/04/04 17:56:27 INFO outbox_batch_dispatched count=1 claimed=1
2026/04/04 17:56:27 WARN outbox_mark_published_failed event_id=0c33ac02-0d40-4136-96dc-0557c2432f02 event_type=decision.completed aggregate_type=envelope aggregate_id=env-mark-fail topic=midas.decisions error="postgres connection lost"
2026/04/04 17:56:27 INFO outbox_batch_dispatched count=1 claimed=1
2026/04/04 17:56:27 WARN outbox_mark_published_failed event_id=0c33ac02-0d40-4136-96dc-0557c2432f02 event_type=decision.completed aggregate_type=envelope aggregate_id=env-mark-fail topic=midas.decisions error="postgres connection lost"
2026/04/04 17:56:27 INFO outbox_batch_dispatched count=1 claimed=1
2026/04/04 17:56:27 WARN outbox_mark_published_failed event_id=0c33ac02-0d40-4136-96dc-0557c2432f02 event_type=decision.completed aggregate_type=envelope aggregate_id=env-mark-fail topic=midas.decisions error="postgres connection lost"
2026/04/04 17:56:27 INFO outbox_batch_dispatched count=1 claimed=1
2026/04/04 17:56:27 WARN outbox_mark_published_failed event_id=0c33ac02-0d40-4136-96dc-0557c2432f02 event_type=decision.completed aggregate_type=envelope aggregate_id=env-mark-fail topic=midas.decisions error="postgres connection lost"
2026/04/04 17:56:27 INFO outbox_batch_dispatched count=1 claimed=1
2026/04/04 17:56:27 WARN outbox_mark_published_failed event_id=0c33ac02-0d40-4136-96dc-0557c2432f02 event_type=decision.completed aggregate_type=envelope aggregate_id=env-mark-fail topic=midas.decisions error="postgres connection lost"
2026/04/04 17:56:27 INFO outbox_batch_dispatched count=1 claimed=1
2026/04/04 17:56:27 WARN outbox_mark_published_failed event_id=0c33ac02-0d40-4136-96dc-0557c2432f02 event_type=decision.completed aggregate_type=envelope aggregate_id=env-mark-fail topic=midas.decisions error="postgres connection lost"
2026/04/04 17:56:27 INFO outbox_batch_dispatched count=1 claimed=1
2026/04/04 17:56:27 WARN outbox_mark_published_failed event_id=0c33ac02-0d40-4136-96dc-0557c2432f02 event_type=decision.completed aggregate_type=envelope aggregate_id=env-mark-fail topic=midas.decisions error="postgres connection lost"
2026/04/04 17:56:27 INFO outbox_batch_dispatched count=1 claimed=1
2026/04/04 17:56:27 WARN outbox_mark_published_failed event_id=0c33ac02-0d40-4136-96dc-0557c2432f02 event_type=decision.completed aggregate_type=envelope aggregate_id=env-mark-fail topic=midas.decisions error="postgres connection lost"
2026/04/04 17:56:27 INFO outbox_batch_dispatched count=1 claimed=1
2026/04/04 17:56:27 WARN outbox_mark_published_failed event_id=0c33ac02-0d40-4136-96dc-0557c2432f02 event_type=decision.completed aggregate_type=envelope aggregate_id=env-mark-fail topic=midas.decisions error="postgres connection lost"
2026/04/04 17:56:27 INFO outbox_batch_dispatched count=1 claimed=1
2026/04/04 17:56:27 WARN outbox_mark_published_failed event_id=0c33ac02-0d40-4136-96dc-0557c2432f02 event_type=decision.completed aggregate_type=envelope aggregate_id=env-mark-fail topic=midas.decisions error="postgres connection lost"
2026/04/04 17:56:27 INFO outbox_batch_dispatched count=1 claimed=1
2026/04/04 17:56:27 WARN outbox_mark_published_failed event_id=0c33ac02-0d40-4136-96dc-0557c2432f02 event_type=decision.completed aggregate_type=envelope aggregate_id=env-mark-fail topic=midas.decisions error="postgres connection lost"
2026/04/04 17:56:27 INFO outbox_batch_dispatched count=1 claimed=1
2026/04/04 17:56:27 WARN outbox_mark_published_failed event_id=0c33ac02-0d40-4136-96dc-0557c2432f02 event_type=decision.completed aggregate_type=envelope aggregate_id=env-mark-fail topic=midas.decisions error="postgres connection lost"
2026/04/04 17:56:27 INFO outbox_batch_dispatched count=1 claimed=1
2026/04/04 17:56:27 WARN outbox_mark_published_failed event_id=0c33ac02-0d40-4136-96dc-0557c2432f02 event_type=decision.completed aggregate_type=envelope aggregate_id=env-mark-fail topic=midas.decisions error="postgres connection lost"
2026/04/04 17:56:27 INFO outbox_batch_dispatched count=1 claimed=1
2026/04/04 17:56:27 WARN outbox_mark_published_failed event_id=0c33ac02-0d40-4136-96dc-0557c2432f02 event_type=decision.completed aggregate_type=envelope aggregate_id=env-mark-fail topic=midas.decisions error="postgres connection lost"
2026/04/04 17:56:27 INFO outbox_batch_dispatched count=1 claimed=1
2026/04/04 17:56:27 WARN outbox_mark_published_failed event_id=0c33ac02-0d40-4136-96dc-0557c2432f02 event_type=decision.completed aggregate_type=envelope aggregate_id=env-mark-fail topic=midas.decisions error="postgres connection lost"
2026/04/04 17:56:27 INFO outbox_batch_dispatched count=1 claimed=1
2026/04/04 17:56:27 WARN outbox_mark_published_failed event_id=0c33ac02-0d40-4136-96dc-0557c2432f02 event_type=decision.completed aggregate_type=envelope aggregate_id=env-mark-fail topic=midas.decisions error="postgres connection lost"
2026/04/04 17:56:27 INFO outbox_batch_dispatched count=1 claimed=1
2026/04/04 17:56:27 WARN outbox_mark_published_failed event_id=0c33ac02-0d40-4136-96dc-0557c2432f02 event_type=decision.completed aggregate_type=envelope aggregate_id=env-mark-fail topic=midas.decisions error="postgres connection lost"
2026/04/04 17:56:27 INFO outbox_batch_dispatched count=1 claimed=1
2026/04/04 17:56:27 WARN outbox_mark_published_failed event_id=0c33ac02-0d40-4136-96dc-0557c2432f02 event_type=decision.completed aggregate_type=envelope aggregate_id=env-mark-fail topic=midas.decisions error="postgres connection lost"
2026/04/04 17:56:27 INFO outbox_batch_dispatched count=1 claimed=1
2026/04/04 17:56:27 WARN outbox_mark_published_failed event_id=0c33ac02-0d40-4136-96dc-0557c2432f02 event_type=decision.completed aggregate_type=envelope aggregate_id=env-mark-fail topic=midas.decisions error="postgres connection lost"
2026/04/04 17:56:27 INFO outbox_batch_dispatched count=1 claimed=1
2026/04/04 17:56:27 WARN outbox_mark_published_failed event_id=0c33ac02-0d40-4136-96dc-0557c2432f02 event_type=decision.completed aggregate_type=envelope aggregate_id=env-mark-fail topic=midas.decisions error="postgres connection lost"
2026/04/04 17:56:27 INFO outbox_batch_dispatched count=1 claimed=1
2026/04/04 17:56:27 WARN outbox_mark_published_failed event_id=0c33ac02-0d40-4136-96dc-0557c2432f02 event_type=decision.completed aggregate_type=envelope aggregate_id=env-mark-fail topic=midas.decisions error="postgres connection lost"
2026/04/04 17:56:27 INFO outbox_batch_dispatched count=1 claimed=1
2026/04/04 17:56:27 WARN outbox_mark_published_failed event_id=0c33ac02-0d40-4136-96dc-0557c2432f02 event_type=decision.completed aggregate_type=envelope aggregate_id=env-mark-fail topic=midas.decisions error="postgres connection lost"
2026/04/04 17:56:27 INFO outbox_batch_dispatched count=1 claimed=1
2026/04/04 17:56:27 WARN outbox_mark_published_failed event_id=0c33ac02-0d40-4136-96dc-0557c2432f02 event_type=decision.completed aggregate_type=envelope aggregate_id=env-mark-fail topic=midas.decisions error="postgres connection lost"
2026/04/04 17:56:27 INFO outbox_batch_dispatched count=1 claimed=1
2026/04/04 17:56:27 WARN outbox_mark_published_failed event_id=0c33ac02-0d40-4136-96dc-0557c2432f02 event_type=decision.completed aggregate_type=envelope aggregate_id=env-mark-fail topic=midas.decisions error="postgres connection lost"
2026/04/04 17:56:27 INFO outbox_batch_dispatched count=1 claimed=1
2026/04/04 17:56:27 WARN outbox_mark_published_failed event_id=0c33ac02-0d40-4136-96dc-0557c2432f02 event_type=decision.completed aggregate_type=envelope aggregate_id=env-mark-fail topic=midas.decisions error="postgres connection lost"
2026/04/04 17:56:27 INFO outbox_batch_dispatched count=1 claimed=1
2026/04/04 17:56:27 WARN outbox_mark_published_failed event_id=0c33ac02-0d40-4136-96dc-0557c2432f02 event_type=decision.completed aggregate_type=envelope aggregate_id=env-mark-fail topic=midas.decisions error="postgres connection lost"
2026/04/04 17:56:27 INFO outbox_batch_dispatched count=1 claimed=1
2026/04/04 17:56:27 WARN outbox_mark_published_failed event_id=0c33ac02-0d40-4136-96dc-0557c2432f02 event_type=decision.completed aggregate_type=envelope aggregate_id=env-mark-fail topic=midas.decisions error="postgres connection lost"
2026/04/04 17:56:27 INFO outbox_batch_dispatched count=1 claimed=1
2026/04/04 17:56:27 WARN outbox_mark_published_failed event_id=0c33ac02-0d40-4136-96dc-0557c2432f02 event_type=decision.completed aggregate_type=envelope aggregate_id=env-mark-fail topic=midas.decisions error="postgres connection lost"
2026/04/04 17:56:27 INFO outbox_batch_dispatched count=1 claimed=1
2026/04/04 17:56:27 WARN outbox_mark_published_failed event_id=0c33ac02-0d40-4136-96dc-0557c2432f02 event_type=decision.completed aggregate_type=envelope aggregate_id=env-mark-fail topic=midas.decisions error="postgres connection lost"
2026/04/04 17:56:27 INFO outbox_batch_dispatched count=1 claimed=1
2026/04/04 17:56:27 WARN outbox_mark_published_failed event_id=0c33ac02-0d40-4136-96dc-0557c2432f02 event_type=decision.completed aggregate_type=envelope aggregate_id=env-mark-fail topic=midas.decisions error="postgres connection lost"
2026/04/04 17:56:27 INFO outbox_batch_dispatched count=1 claimed=1
2026/04/04 17:56:27 WARN outbox_mark_published_failed event_id=0c33ac02-0d40-4136-96dc-0557c2432f02 event_type=decision.completed aggregate_type=envelope aggregate_id=env-mark-fail topic=midas.decisions error="postgres connection lost"
2026/04/04 17:56:27 INFO outbox_batch_dispatched count=1 claimed=1
2026/04/04 17:56:27 WARN outbox_mark_published_failed event_id=0c33ac02-0d40-4136-96dc-0557c2432f02 event_type=decision.completed aggregate_type=envelope aggregate_id=env-mark-fail topic=midas.decisions error="postgres connection lost"
2026/04/04 17:56:27 INFO outbox_batch_dispatched count=1 claimed=1
2026/04/04 17:56:27 WARN outbox_mark_published_failed event_id=0c33ac02-0d40-4136-96dc-0557c2432f02 event_type=decision.completed aggregate_type=envelope aggregate_id=env-mark-fail topic=midas.decisions error="postgres connection lost"
2026/04/04 17:56:27 INFO outbox_batch_dispatched count=1 claimed=1
2026/04/04 17:56:27 WARN outbox_mark_published_failed event_id=0c33ac02-0d40-4136-96dc-0557c2432f02 event_type=decision.completed aggregate_type=envelope aggregate_id=env-mark-fail topic=midas.decisions error="postgres connection lost"
2026/04/04 17:56:27 INFO outbox_batch_dispatched count=1 claimed=1
2026/04/04 17:56:27 WARN outbox_mark_published_failed event_id=0c33ac02-0d40-4136-96dc-0557c2432f02 event_type=decision.completed aggregate_type=envelope aggregate_id=env-mark-fail topic=midas.decisions error="postgres connection lost"
2026/04/04 17:56:27 INFO outbox_batch_dispatched count=1 claimed=1
2026/04/04 17:56:27 WARN outbox_mark_published_failed event_id=0c33ac02-0d40-4136-96dc-0557c2432f02 event_type=decision.completed aggregate_type=envelope aggregate_id=env-mark-fail topic=midas.decisions error="postgres connection lost"
2026/04/04 17:56:27 INFO outbox_batch_dispatched count=1 claimed=1
2026/04/04 17:56:27 WARN outbox_mark_published_failed event_id=0c33ac02-0d40-4136-96dc-0557c2432f02 event_type=decision.completed aggregate_type=envelope aggregate_id=env-mark-fail topic=midas.decisions error="postgres connection lost"
2026/04/04 17:56:27 INFO outbox_batch_dispatched count=1 claimed=1
2026/04/04 17:56:27 WARN outbox_mark_published_failed event_id=0c33ac02-0d40-4136-96dc-0557c2432f02 event_type=decision.completed aggregate_type=envelope aggregate_id=env-mark-fail topic=midas.decisions error="postgres connection lost"
2026/04/04 17:56:27 INFO outbox_batch_dispatched count=1 claimed=1
2026/04/04 17:56:27 WARN outbox_mark_published_failed event_id=0c33ac02-0d40-4136-96dc-0557c2432f02 event_type=decision.completed aggregate_type=envelope aggregate_id=env-mark-fail topic=midas.decisions error="postgres connection lost"
2026/04/04 17:56:27 INFO outbox_batch_dispatched count=1 claimed=1
2026/04/04 17:56:27 WARN outbox_mark_published_failed event_id=0c33ac02-0d40-4136-96dc-0557c2432f02 event_type=decision.completed aggregate_type=envelope aggregate_id=env-mark-fail topic=midas.decisions error="postgres connection lost"
2026/04/04 17:56:27 INFO outbox_batch_dispatched count=1 claimed=1
2026/04/04 17:56:27 WARN outbox_mark_published_failed event_id=0c33ac02-0d40-4136-96dc-0557c2432f02 event_type=decision.completed aggregate_type=envelope aggregate_id=env-mark-fail topic=midas.decisions error="postgres connection lost"
2026/04/04 17:56:27 INFO outbox_batch_dispatched count=1 claimed=1
2026/04/04 17:56:27 WARN outbox_mark_published_failed event_id=0c33ac02-0d40-4136-96dc-0557c2432f02 event_type=decision.completed aggregate_type=envelope aggregate_id=env-mark-fail topic=midas.decisions error="postgres connection lost"
2026/04/04 17:56:27 INFO outbox_batch_dispatched count=1 claimed=1
2026/04/04 17:56:27 WARN outbox_mark_published_failed event_id=0c33ac02-0d40-4136-96dc-0557c2432f02 event_type=decision.completed aggregate_type=envelope aggregate_id=env-mark-fail topic=midas.decisions error="postgres connection lost"
2026/04/04 17:56:27 INFO outbox_batch_dispatched count=1 claimed=1
2026/04/04 17:56:27 WARN outbox_mark_published_failed event_id=0c33ac02-0d40-4136-96dc-0557c2432f02 event_type=decision.completed aggregate_type=envelope aggregate_id=env-mark-fail topic=midas.decisions error="postgres connection lost"
2026/04/04 17:56:27 INFO outbox_batch_dispatched count=1 claimed=1
2026/04/04 17:56:27 WARN outbox_mark_published_failed event_id=0c33ac02-0d40-4136-96dc-0557c2432f02 event_type=decision.completed aggregate_type=envelope aggregate_id=env-mark-fail topic=midas.decisions error="postgres connection lost"
2026/04/04 17:56:27 INFO outbox_batch_dispatched count=1 claimed=1
2026/04/04 17:56:27 WARN outbox_mark_published_failed event_id=0c33ac02-0d40-4136-96dc-0557c2432f02 event_type=decision.completed aggregate_type=envelope aggregate_id=env-mark-fail topic=midas.decisions error="postgres connection lost"
2026/04/04 17:56:27 INFO outbox_batch_dispatched count=1 claimed=1
2026/04/04 17:56:27 WARN outbox_mark_published_failed event_id=0c33ac02-0d40-4136-96dc-0557c2432f02 event_type=decision.completed aggregate_type=envelope aggregate_id=env-mark-fail topic=midas.decisions error="postgres connection lost"
2026/04/04 17:56:27 INFO outbox_batch_dispatched count=1 claimed=1
2026/04/04 17:56:27 WARN outbox_mark_published_failed event_id=0c33ac02-0d40-4136-96dc-0557c2432f02 event_type=decision.completed aggregate_type=envelope aggregate_id=env-mark-fail topic=midas.decisions error="postgres connection lost"
2026/04/04 17:56:27 INFO outbox_batch_dispatched count=1 claimed=1
2026/04/04 17:56:27 WARN outbox_mark_published_failed event_id=0c33ac02-0d40-4136-96dc-0557c2432f02 event_type=decision.completed aggregate_type=envelope aggregate_id=env-mark-fail topic=midas.decisions error="postgres connection lost"
2026/04/04 17:56:27 INFO outbox_batch_dispatched count=1 claimed=1
2026/04/04 17:56:27 WARN outbox_mark_published_failed event_id=0c33ac02-0d40-4136-96dc-0557c2432f02 event_type=decision.completed aggregate_type=envelope aggregate_id=env-mark-fail topic=midas.decisions error="postgres connection lost"
2026/04/04 17:56:27 INFO outbox_batch_dispatched count=1 claimed=1
2026/04/04 17:56:27 WARN outbox_mark_published_failed event_id=0c33ac02-0d40-4136-96dc-0557c2432f02 event_type=decision.completed aggregate_type=envelope aggregate_id=env-mark-fail topic=midas.decisions error="postgres connection lost"
2026/04/04 17:56:27 INFO outbox_batch_dispatched count=1 claimed=1
2026/04/04 17:56:27 WARN outbox_mark_published_failed event_id=0c33ac02-0d40-4136-96dc-0557c2432f02 event_type=decision.completed aggregate_type=envelope aggregate_id=env-mark-fail topic=midas.decisions error="postgres connection lost"
2026/04/04 17:56:27 INFO outbox_batch_dispatched count=1 claimed=1
2026/04/04 17:56:27 WARN outbox_mark_published_failed event_id=0c33ac02-0d40-4136-96dc-0557c2432f02 event_type=decision.completed aggregate_type=envelope aggregate_id=env-mark-fail topic=midas.decisions error="postgres connection lost"
2026/04/04 17:56:27 INFO outbox_batch_dispatched count=1 claimed=1
2026/04/04 17:56:27 WARN outbox_mark_published_failed event_id=0c33ac02-0d40-4136-96dc-0557c2432f02 event_type=decision.completed aggregate_type=envelope aggregate_id=env-mark-fail topic=midas.decisions error="postgres connection lost"
2026/04/04 17:56:27 INFO outbox_batch_dispatched count=1 claimed=1
2026/04/04 17:56:27 WARN outbox_mark_published_failed event_id=0c33ac02-0d40-4136-96dc-0557c2432f02 event_type=decision.completed aggregate_type=envelope aggregate_id=env-mark-fail topic=midas.decisions error="postgres connection lost"
2026/04/04 17:56:27 INFO outbox_batch_dispatched count=1 claimed=1
2026/04/04 17:56:27 WARN outbox_mark_published_failed event_id=0c33ac02-0d40-4136-96dc-0557c2432f02 event_type=decision.completed aggregate_type=envelope aggregate_id=env-mark-fail topic=midas.decisions error="postgres connection lost"
2026/04/04 17:56:27 INFO outbox_batch_dispatched count=1 claimed=1
2026/04/04 17:56:27 WARN outbox_mark_published_failed event_id=0c33ac02-0d40-4136-96dc-0557c2432f02 event_type=decision.completed aggregate_type=envelope aggregate_id=env-mark-fail topic=midas.decisions error="postgres connection lost"
2026/04/04 17:56:27 INFO outbox_batch_dispatched count=1 claimed=1
2026/04/04 17:56:27 WARN outbox_mark_published_failed event_id=0c33ac02-0d40-4136-96dc-0557c2432f02 event_type=decision.completed aggregate_type=envelope aggregate_id=env-mark-fail topic=midas.decisions error="postgres connection lost"
2026/04/04 17:56:27 INFO outbox_batch_dispatched count=1 claimed=1
2026/04/04 17:56:27 WARN outbox_mark_published_failed event_id=0c33ac02-0d40-4136-96dc-0557c2432f02 event_type=decision.completed aggregate_type=envelope aggregate_id=env-mark-fail topic=midas.decisions error="postgres connection lost"
2026/04/04 17:56:27 INFO outbox_batch_dispatched count=1 claimed=1
2026/04/04 17:56:27 WARN outbox_mark_published_failed event_id=0c33ac02-0d40-4136-96dc-0557c2432f02 event_type=decision.completed aggregate_type=envelope aggregate_id=env-mark-fail topic=midas.decisions error="postgres connection lost"
2026/04/04 17:56:27 INFO outbox_batch_dispatched count=1 claimed=1
2026/04/04 17:56:27 WARN outbox_mark_published_failed event_id=0c33ac02-0d40-4136-96dc-0557c2432f02 event_type=decision.completed aggregate_type=envelope aggregate_id=env-mark-fail topic=midas.decisions error="postgres connection lost"
2026/04/04 17:56:27 INFO outbox_batch_dispatched count=1 claimed=1
2026/04/04 17:56:27 WARN outbox_mark_published_failed event_id=0c33ac02-0d40-4136-96dc-0557c2432f02 event_type=decision.completed aggregate_type=envelope aggregate_id=env-mark-fail topic=midas.decisions error="postgres connection lost"
2026/04/04 17:56:27 INFO outbox_batch_dispatched count=1 claimed=1
2026/04/04 17:56:27 WARN outbox_mark_published_failed event_id=0c33ac02-0d40-4136-96dc-0557c2432f02 event_type=decision.completed aggregate_type=envelope aggregate_id=env-mark-fail topic=midas.decisions error="postgres connection lost"
2026/04/04 17:56:27 INFO outbox_batch_dispatched count=1 claimed=1
2026/04/04 17:56:27 WARN outbox_mark_published_failed event_id=0c33ac02-0d40-4136-96dc-0557c2432f02 event_type=decision.completed aggregate_type=envelope aggregate_id=env-mark-fail topic=midas.decisions error="postgres connection lost"
2026/04/04 17:56:27 INFO outbox_batch_dispatched count=1 claimed=1
2026/04/04 17:56:27 WARN outbox_mark_published_failed event_id=0c33ac02-0d40-4136-96dc-0557c2432f02 event_type=decision.completed aggregate_type=envelope aggregate_id=env-mark-fail topic=midas.decisions error="postgres connection lost"
2026/04/04 17:56:27 INFO outbox_batch_dispatched count=1 claimed=1
2026/04/04 17:56:27 WARN outbox_mark_published_failed event_id=0c33ac02-0d40-4136-96dc-0557c2432f02 event_type=decision.completed aggregate_type=envelope aggregate_id=env-mark-fail topic=midas.decisions error="postgres connection lost"
2026/04/04 17:56:27 INFO outbox_batch_dispatched count=1 claimed=1
2026/04/04 17:56:27 WARN outbox_mark_published_failed event_id=0c33ac02-0d40-4136-96dc-0557c2432f02 event_type=decision.completed aggregate_type=envelope aggregate_id=env-mark-fail topic=midas.decisions error="postgres connection lost"
2026/04/04 17:56:27 INFO outbox_batch_dispatched count=1 claimed=1
2026/04/04 17:56:27 WARN outbox_mark_published_failed event_id=0c33ac02-0d40-4136-96dc-0557c2432f02 event_type=decision.completed aggregate_type=envelope aggregate_id=env-mark-fail topic=midas.decisions error="postgres connection lost"
2026/04/04 17:56:27 INFO outbox_batch_dispatched count=1 claimed=1
2026/04/04 17:56:27 WARN outbox_mark_published_failed event_id=0c33ac02-0d40-4136-96dc-0557c2432f02 event_type=decision.completed aggregate_type=envelope aggregate_id=env-mark-fail topic=midas.decisions error="postgres connection lost"
2026/04/04 17:56:27 INFO outbox_batch_dispatched count=1 claimed=1
2026/04/04 17:56:27 WARN outbox_mark_published_failed event_id=0c33ac02-0d40-4136-96dc-0557c2432f02 event_type=decision.completed aggregate_type=envelope aggregate_id=env-mark-fail topic=midas.decisions error="postgres connection lost"
2026/04/04 17:56:27 INFO outbox_batch_dispatched count=1 claimed=1
2026/04/04 17:56:27 WARN outbox_mark_published_failed event_id=0c33ac02-0d40-4136-96dc-0557c2432f02 event_type=decision.completed aggregate_type=envelope aggregate_id=env-mark-fail topic=midas.decisions error="postgres connection lost"
2026/04/04 17:56:27 INFO outbox_batch_dispatched count=1 claimed=1
2026/04/04 17:56:27 WARN outbox_mark_published_failed event_id=0c33ac02-0d40-4136-96dc-0557c2432f02 event_type=decision.completed aggregate_type=envelope aggregate_id=env-mark-fail topic=midas.decisions error="postgres connection lost"
2026/04/04 17:56:27 INFO outbox_batch_dispatched count=1 claimed=1
2026/04/04 17:56:27 WARN outbox_mark_published_failed event_id=0c33ac02-0d40-4136-96dc-0557c2432f02 event_type=decision.completed aggregate_type=envelope aggregate_id=env-mark-fail topic=midas.decisions error="postgres connection lost"
2026/04/04 17:56:27 INFO outbox_batch_dispatched count=1 claimed=1
2026/04/04 17:56:27 WARN outbox_mark_published_failed event_id=0c33ac02-0d40-4136-96dc-0557c2432f02 event_type=decision.completed aggregate_type=envelope aggregate_id=env-mark-fail topic=midas.decisions error="postgres connection lost"
2026/04/04 17:56:27 INFO outbox_batch_dispatched count=1 claimed=1
2026/04/04 17:56:27 WARN outbox_mark_published_failed event_id=0c33ac02-0d40-4136-96dc-0557c2432f02 event_type=decision.completed aggregate_type=envelope aggregate_id=env-mark-fail topic=midas.decisions error="postgres connection lost"
2026/04/04 17:56:27 INFO outbox_batch_dispatched count=1 claimed=1
2026/04/04 17:56:27 WARN outbox_mark_published_failed event_id=0c33ac02-0d40-4136-96dc-0557c2432f02 event_type=decision.completed aggregate_type=envelope aggregate_id=env-mark-fail topic=midas.decisions error="postgres connection lost"
2026/04/04 17:56:27 INFO outbox_batch_dispatched count=1 claimed=1
2026/04/04 17:56:27 WARN outbox_mark_published_failed event_id=0c33ac02-0d40-4136-96dc-0557c2432f02 event_type=decision.completed aggregate_type=envelope aggregate_id=env-mark-fail topic=midas.decisions error="postgres connection lost"
2026/04/04 17:56:27 INFO outbox_batch_dispatched count=1 claimed=1
2026/04/04 17:56:27 WARN outbox_mark_published_failed event_id=0c33ac02-0d40-4136-96dc-0557c2432f02 event_type=decision.completed aggregate_type=envelope aggregate_id=env-mark-fail topic=midas.decisions error="postgres connection lost"
2026/04/04 17:56:27 INFO outbox_batch_dispatched count=1 claimed=1
2026/04/04 17:56:27 WARN outbox_mark_published_failed event_id=0c33ac02-0d40-4136-96dc-0557c2432f02 event_type=decision.completed aggregate_type=envelope aggregate_id=env-mark-fail topic=midas.decisions error="postgres connection lost"
2026/04/04 17:56:27 INFO outbox_batch_dispatched count=1 claimed=1
2026/04/04 17:56:27 WARN outbox_mark_published_failed event_id=0c33ac02-0d40-4136-96dc-0557c2432f02 event_type=decision.completed aggregate_type=envelope aggregate_id=env-mark-fail topic=midas.decisions error="postgres connection lost"
2026/04/04 17:56:27 INFO outbox_batch_dispatched count=1 claimed=1
2026/04/04 17:56:27 WARN outbox_mark_published_failed event_id=0c33ac02-0d40-4136-96dc-0557c2432f02 event_type=decision.completed aggregate_type=envelope aggregate_id=env-mark-fail topic=midas.decisions error="postgres connection lost"
2026/04/04 17:56:27 INFO outbox_batch_dispatched count=1 claimed=1
2026/04/04 17:56:27 WARN outbox_mark_published_failed event_id=0c33ac02-0d40-4136-96dc-0557c2432f02 event_type=decision.completed aggregate_type=envelope aggregate_id=env-mark-fail topic=midas.decisions error="postgres connection lost"
2026/04/04 17:56:27 INFO outbox_batch_dispatched count=1 claimed=1
2026/04/04 17:56:27 WARN outbox_mark_published_failed event_id=0c33ac02-0d40-4136-96dc-0557c2432f02 event_type=decision.completed aggregate_type=envelope aggregate_id=env-mark-fail topic=midas.decisions error="postgres connection lost"
2026/04/04 17:56:27 INFO outbox_batch_dispatched count=1 claimed=1
2026/04/04 17:56:27 WARN outbox_mark_published_failed event_id=0c33ac02-0d40-4136-96dc-0557c2432f02 event_type=decision.completed aggregate_type=envelope aggregate_id=env-mark-fail topic=midas.decisions error="postgres connection lost"
2026/04/04 17:56:27 INFO outbox_batch_dispatched count=1 claimed=1
2026/04/04 17:56:27 WARN outbox_mark_published_failed event_id=0c33ac02-0d40-4136-96dc-0557c2432f02 event_type=decision.completed aggregate_type=envelope aggregate_id=env-mark-fail topic=midas.decisions error="postgres connection lost"
2026/04/04 17:56:27 INFO outbox_batch_dispatched count=1 claimed=1
2026/04/04 17:56:27 WARN outbox_mark_published_failed event_id=0c33ac02-0d40-4136-96dc-0557c2432f02 event_type=decision.completed aggregate_type=envelope aggregate_id=env-mark-fail topic=midas.decisions error="postgres connection lost"
2026/04/04 17:56:27 INFO outbox_batch_dispatched count=1 claimed=1
2026/04/04 17:56:27 WARN outbox_mark_published_failed event_id=0c33ac02-0d40-4136-96dc-0557c2432f02 event_type=decision.completed aggregate_type=envelope aggregate_id=env-mark-fail topic=midas.decisions error="postgres connection lost"
2026/04/04 17:56:27 INFO outbox_batch_dispatched count=1 claimed=1
2026/04/04 17:56:27 WARN outbox_mark_published_failed event_id=0c33ac02-0d40-4136-96dc-0557c2432f02 event_type=decision.completed aggregate_type=envelope aggregate_id=env-mark-fail topic=midas.decisions error="postgres connection lost"
2026/04/04 17:56:27 INFO outbox_batch_dispatched count=1 claimed=1
2026/04/04 17:56:27 WARN outbox_mark_published_failed event_id=0c33ac02-0d40-4136-96dc-0557c2432f02 event_type=decision.completed aggregate_type=envelope aggregate_id=env-mark-fail topic=midas.decisions error="postgres connection lost"
2026/04/04 17:56:27 INFO outbox_batch_dispatched count=1 claimed=1
2026/04/04 17:56:27 WARN outbox_mark_published_failed event_id=0c33ac02-0d40-4136-96dc-0557c2432f02 event_type=decision.completed aggregate_type=envelope aggregate_id=env-mark-fail topic=midas.decisions error="postgres connection lost"
2026/04/04 17:56:27 INFO outbox_batch_dispatched count=1 claimed=1
2026/04/04 17:56:27 WARN outbox_mark_published_failed event_id=0c33ac02-0d40-4136-96dc-0557c2432f02 event_type=decision.completed aggregate_type=envelope aggregate_id=env-mark-fail topic=midas.decisions error="postgres connection lost"
2026/04/04 17:56:27 INFO outbox_batch_dispatched count=1 claimed=1
2026/04/04 17:56:27 WARN outbox_mark_published_failed event_id=0c33ac02-0d40-4136-96dc-0557c2432f02 event_type=decision.completed aggregate_type=envelope aggregate_id=env-mark-fail topic=midas.decisions error="postgres connection lost"
2026/04/04 17:56:27 INFO outbox_batch_dispatched count=1 claimed=1
2026/04/04 17:56:27 WARN outbox_mark_published_failed event_id=0c33ac02-0d40-4136-96dc-0557c2432f02 event_type=decision.completed aggregate_type=envelope aggregate_id=env-mark-fail topic=midas.decisions error="postgres connection lost"
2026/04/04 17:56:27 INFO outbox_batch_dispatched count=1 claimed=1
2026/04/04 17:56:27 WARN outbox_mark_published_failed event_id=0c33ac02-0d40-4136-96dc-0557c2432f02 event_type=decision.completed aggregate_type=envelope aggregate_id=env-mark-fail topic=midas.decisions error="postgres connection lost"
2026/04/04 17:56:27 INFO outbox_batch_dispatched count=1 claimed=1
2026/04/04 17:56:27 WARN outbox_mark_published_failed event_id=0c33ac02-0d40-4136-96dc-0557c2432f02 event_type=decision.completed aggregate_type=envelope aggregate_id=env-mark-fail topic=midas.decisions error="postgres connection lost"
2026/04/04 17:56:27 INFO outbox_batch_dispatched count=1 claimed=1
2026/04/04 17:56:27 WARN outbox_mark_published_failed event_id=0c33ac02-0d40-4136-96dc-0557c2432f02 event_type=decision.completed aggregate_type=envelope aggregate_id=env-mark-fail topic=midas.decisions error="postgres connection lost"
2026/04/04 17:56:27 INFO outbox_batch_dispatched count=1 claimed=1
2026/04/04 17:56:27 WARN outbox_mark_published_failed event_id=0c33ac02-0d40-4136-96dc-0557c2432f02 event_type=decision.completed aggregate_type=envelope aggregate_id=env-mark-fail topic=midas.decisions error="postgres connection lost"
2026/04/04 17:56:27 INFO outbox_batch_dispatched count=1 claimed=1
2026/04/04 17:56:27 WARN outbox_mark_published_failed event_id=0c33ac02-0d40-4136-96dc-0557c2432f02 event_type=decision.completed aggregate_type=envelope aggregate_id=env-mark-fail topic=midas.decisions error="postgres connection lost"
2026/04/04 17:56:27 INFO outbox_batch_dispatched count=1 claimed=1
2026/04/04 17:56:27 WARN outbox_mark_published_failed event_id=0c33ac02-0d40-4136-96dc-0557c2432f02 event_type=decision.completed aggregate_type=envelope aggregate_id=env-mark-fail topic=midas.decisions error="postgres connection lost"
2026/04/04 17:56:27 INFO outbox_batch_dispatched count=1 claimed=1
2026/04/04 17:56:27 WARN outbox_mark_published_failed event_id=0c33ac02-0d40-4136-96dc-0557c2432f02 event_type=decision.completed aggregate_type=envelope aggregate_id=env-mark-fail topic=midas.decisions error="postgres connection lost"
2026/04/04 17:56:27 INFO outbox_batch_dispatched count=1 claimed=1
2026/04/04 17:56:27 WARN outbox_mark_published_failed event_id=0c33ac02-0d40-4136-96dc-0557c2432f02 event_type=decision.completed aggregate_type=envelope aggregate_id=env-mark-fail topic=midas.decisions error="postgres connection lost"
2026/04/04 17:56:27 INFO outbox_batch_dispatched count=1 claimed=1
2026/04/04 17:56:27 WARN outbox_mark_published_failed event_id=0c33ac02-0d40-4136-96dc-0557c2432f02 event_type=decision.completed aggregate_type=envelope aggregate_id=env-mark-fail topic=midas.decisions error="postgres connection lost"
2026/04/04 17:56:27 INFO outbox_batch_dispatched count=1 claimed=1
2026/04/04 17:56:27 WARN outbox_mark_published_failed event_id=0c33ac02-0d40-4136-96dc-0557c2432f02 event_type=decision.completed aggregate_type=envelope aggregate_id=env-mark-fail topic=midas.decisions error="postgres connection lost"
2026/04/04 17:56:27 INFO outbox_batch_dispatched count=1 claimed=1
2026/04/04 17:56:27 WARN outbox_mark_published_failed event_id=0c33ac02-0d40-4136-96dc-0557c2432f02 event_type=decision.completed aggregate_type=envelope aggregate_id=env-mark-fail topic=midas.decisions error="postgres connection lost"
2026/04/04 17:56:27 INFO outbox_batch_dispatched count=1 claimed=1
2026/04/04 17:56:27 WARN outbox_mark_published_failed event_id=0c33ac02-0d40-4136-96dc-0557c2432f02 event_type=decision.completed aggregate_type=envelope aggregate_id=env-mark-fail topic=midas.decisions error="postgres connection lost"
2026/04/04 17:56:27 INFO outbox_batch_dispatched count=1 claimed=1
2026/04/04 17:56:27 WARN outbox_mark_published_failed event_id=0c33ac02-0d40-4136-96dc-0557c2432f02 event_type=decision.completed aggregate_type=envelope aggregate_id=env-mark-fail topic=midas.decisions error="postgres connection lost"
2026/04/04 17:56:27 INFO outbox_batch_dispatched count=1 claimed=1
2026/04/04 17:56:27 WARN outbox_mark_published_failed event_id=0c33ac02-0d40-4136-96dc-0557c2432f02 event_type=decision.completed aggregate_type=envelope aggregate_id=env-mark-fail topic=midas.decisions error="postgres connection lost"
2026/04/04 17:56:27 INFO outbox_batch_dispatched count=1 claimed=1
2026/04/04 17:56:27 WARN outbox_mark_published_failed event_id=0c33ac02-0d40-4136-96dc-0557c2432f02 event_type=decision.completed aggregate_type=envelope aggregate_id=env-mark-fail topic=midas.decisions error="postgres connection lost"
2026/04/04 17:56:27 INFO outbox_batch_dispatched count=1 claimed=1
2026/04/04 17:56:27 WARN outbox_mark_published_failed event_id=0c33ac02-0d40-4136-96dc-0557c2432f02 event_type=decision.completed aggregate_type=envelope aggregate_id=env-mark-fail topic=midas.decisions error="postgres connection lost"
2026/04/04 17:56:27 INFO outbox_batch_dispatched count=1 claimed=1
2026/04/04 17:56:27 WARN outbox_mark_published_failed event_id=0c33ac02-0d40-4136-96dc-0557c2432f02 event_type=decision.completed aggregate_type=envelope aggregate_id=env-mark-fail topic=midas.decisions error="postgres connection lost"
2026/04/04 17:56:27 INFO outbox_batch_dispatched count=1 claimed=1
2026/04/04 17:56:27 WARN outbox_mark_published_failed event_id=0c33ac02-0d40-4136-96dc-0557c2432f02 event_type=decision.completed aggregate_type=envelope aggregate_id=env-mark-fail topic=midas.decisions error="postgres connection lost"
2026/04/04 17:56:27 INFO outbox_batch_dispatched count=1 claimed=1
2026/04/04 17:56:27 WARN outbox_mark_published_failed event_id=0c33ac02-0d40-4136-96dc-0557c2432f02 event_type=decision.completed aggregate_type=envelope aggregate_id=env-mark-fail topic=midas.decisions error="postgres connection lost"
2026/04/04 17:56:27 INFO outbox_batch_dispatched count=1 claimed=1
2026/04/04 17:56:27 WARN outbox_mark_published_failed event_id=0c33ac02-0d40-4136-96dc-0557c2432f02 event_type=decision.completed aggregate_type=envelope aggregate_id=env-mark-fail topic=midas.decisions error="postgres connection lost"
2026/04/04 17:56:27 INFO outbox_batch_dispatched count=1 claimed=1
2026/04/04 17:56:27 WARN outbox_mark_published_failed event_id=0c33ac02-0d40-4136-96dc-0557c2432f02 event_type=decision.completed aggregate_type=envelope aggregate_id=env-mark-fail topic=midas.decisions error="postgres connection lost"
2026/04/04 17:56:27 INFO outbox_batch_dispatched count=1 claimed=1
2026/04/04 17:56:27 WARN outbox_mark_published_failed event_id=0c33ac02-0d40-4136-96dc-0557c2432f02 event_type=decision.completed aggregate_type=envelope aggregate_id=env-mark-fail topic=midas.decisions error="postgres connection lost"
2026/04/04 17:56:27 INFO outbox_batch_dispatched count=1 claimed=1
2026/04/04 17:56:27 WARN outbox_mark_published_failed event_id=0c33ac02-0d40-4136-96dc-0557c2432f02 event_type=decision.completed aggregate_type=envelope aggregate_id=env-mark-fail topic=midas.decisions error="postgres connection lost"
2026/04/04 17:56:27 INFO outbox_batch_dispatched count=1 claimed=1
2026/04/04 17:56:27 WARN outbox_mark_published_failed event_id=0c33ac02-0d40-4136-96dc-0557c2432f02 event_type=decision.completed aggregate_type=envelope aggregate_id=env-mark-fail topic=midas.decisions error="postgres connection lost"
2026/04/04 17:56:27 INFO outbox_batch_dispatched count=1 claimed=1
2026/04/04 17:56:27 WARN outbox_mark_published_failed event_id=0c33ac02-0d40-4136-96dc-0557c2432f02 event_type=decision.completed aggregate_type=envelope aggregate_id=env-mark-fail topic=midas.decisions error="postgres connection lost"
2026/04/04 17:56:27 INFO outbox_batch_dispatched count=1 claimed=1
2026/04/04 17:56:27 WARN outbox_mark_published_failed event_id=0c33ac02-0d40-4136-96dc-0557c2432f02 event_type=decision.completed aggregate_type=envelope aggregate_id=env-mark-fail topic=midas.decisions error="postgres connection lost"
2026/04/04 17:56:27 INFO outbox_batch_dispatched count=1 claimed=1
2026/04/04 17:56:27 WARN outbox_mark_published_failed event_id=0c33ac02-0d40-4136-96dc-0557c2432f02 event_type=decision.completed aggregate_type=envelope aggregate_id=env-mark-fail topic=midas.decisions error="postgres connection lost"
2026/04/04 17:56:27 INFO outbox_batch_dispatched count=1 claimed=1
2026/04/04 17:56:27 WARN outbox_mark_published_failed event_id=0c33ac02-0d40-4136-96dc-0557c2432f02 event_type=decision.completed aggregate_type=envelope aggregate_id=env-mark-fail topic=midas.decisions error="postgres connection lost"
2026/04/04 17:56:27 INFO outbox_batch_dispatched count=1 claimed=1
2026/04/04 17:56:27 WARN outbox_mark_published_failed event_id=0c33ac02-0d40-4136-96dc-0557c2432f02 event_type=decision.completed aggregate_type=envelope aggregate_id=env-mark-fail topic=midas.decisions error="postgres connection lost"
2026/04/04 17:56:27 INFO outbox_batch_dispatched count=1 claimed=1
2026/04/04 17:56:27 WARN outbox_mark_published_failed event_id=0c33ac02-0d40-4136-96dc-0557c2432f02 event_type=decision.completed aggregate_type=envelope aggregate_id=env-mark-fail topic=midas.decisions error="postgres connection lost"
2026/04/04 17:56:27 INFO outbox_batch_dispatched count=1 claimed=1
2026/04/04 17:56:27 WARN outbox_mark_published_failed event_id=0c33ac02-0d40-4136-96dc-0557c2432f02 event_type=decision.completed aggregate_type=envelope aggregate_id=env-mark-fail topic=midas.decisions error="postgres connection lost"
2026/04/04 17:56:27 INFO outbox_batch_dispatched count=1 claimed=1
2026/04/04 17:56:27 WARN outbox_mark_published_failed event_id=0c33ac02-0d40-4136-96dc-0557c2432f02 event_type=decision.completed aggregate_type=envelope aggregate_id=env-mark-fail topic=midas.decisions error="postgres connection lost"
2026/04/04 17:56:27 INFO outbox_batch_dispatched count=1 claimed=1
2026/04/04 17:56:27 WARN outbox_mark_published_failed event_id=0c33ac02-0d40-4136-96dc-0557c2432f02 event_type=decision.completed aggregate_type=envelope aggregate_id=env-mark-fail topic=midas.decisions error="postgres connection lost"
2026/04/04 17:56:27 INFO outbox_batch_dispatched count=1 claimed=1
2026/04/04 17:56:27 WARN outbox_mark_published_failed event_id=0c33ac02-0d40-4136-96dc-0557c2432f02 event_type=decision.completed aggregate_type=envelope aggregate_id=env-mark-fail topic=midas.decisions error="postgres connection lost"
2026/04/04 17:56:27 INFO outbox_batch_dispatched count=1 claimed=1
2026/04/04 17:56:27 WARN outbox_mark_published_failed event_id=0c33ac02-0d40-4136-96dc-0557c2432f02 event_type=decision.completed aggregate_type=envelope aggregate_id=env-mark-fail topic=midas.decisions error="postgres connection lost"
2026/04/04 17:56:27 INFO outbox_batch_dispatched count=1 claimed=1
2026/04/04 17:56:27 WARN outbox_mark_published_failed event_id=0c33ac02-0d40-4136-96dc-0557c2432f02 event_type=decision.completed aggregate_type=envelope aggregate_id=env-mark-fail topic=midas.decisions error="postgres connection lost"
2026/04/04 17:56:27 INFO outbox_batch_dispatched count=1 claimed=1
2026/04/04 17:56:27 WARN outbox_mark_published_failed event_id=0c33ac02-0d40-4136-96dc-0557c2432f02 event_type=decision.completed aggregate_type=envelope aggregate_id=env-mark-fail topic=midas.decisions error="postgres connection lost"
2026/04/04 17:56:27 INFO outbox_batch_dispatched count=1 claimed=1
2026/04/04 17:56:27 WARN outbox_mark_published_failed event_id=0c33ac02-0d40-4136-96dc-0557c2432f02 event_type=decision.completed aggregate_type=envelope aggregate_id=env-mark-fail topic=midas.decisions error="postgres connection lost"
2026/04/04 17:56:27 INFO outbox_batch_dispatched count=1 claimed=1
2026/04/04 17:56:27 WARN outbox_mark_published_failed event_id=0c33ac02-0d40-4136-96dc-0557c2432f02 event_type=decision.completed aggregate_type=envelope aggregate_id=env-mark-fail topic=midas.decisions error="postgres connection lost"
2026/04/04 17:56:27 INFO outbox_batch_dispatched count=1 claimed=1
2026/04/04 17:56:27 WARN outbox_mark_published_failed event_id=0c33ac02-0d40-4136-96dc-0557c2432f02 event_type=decision.completed aggregate_type=envelope aggregate_id=env-mark-fail topic=midas.decisions error="postgres connection lost"
2026/04/04 17:56:27 INFO outbox_batch_dispatched count=1 claimed=1
2026/04/04 17:56:27 WARN outbox_mark_published_failed event_id=0c33ac02-0d40-4136-96dc-0557c2432f02 event_type=decision.completed aggregate_type=envelope aggregate_id=env-mark-fail topic=midas.decisions error="postgres connection lost"
2026/04/04 17:56:27 INFO outbox_batch_dispatched count=1 claimed=1
2026/04/04 17:56:27 WARN outbox_mark_published_failed event_id=0c33ac02-0d40-4136-96dc-0557c2432f02 event_type=decision.completed aggregate_type=envelope aggregate_id=env-mark-fail topic=midas.decisions error="postgres connection lost"
2026/04/04 17:56:27 INFO outbox_batch_dispatched count=1 claimed=1
2026/04/04 17:56:27 WARN outbox_mark_published_failed event_id=0c33ac02-0d40-4136-96dc-0557c2432f02 event_type=decision.completed aggregate_type=envelope aggregate_id=env-mark-fail topic=midas.decisions error="postgres connection lost"
2026/04/04 17:56:27 INFO outbox_batch_dispatched count=1 claimed=1
2026/04/04 17:56:27 WARN outbox_mark_published_failed event_id=0c33ac02-0d40-4136-96dc-0557c2432f02 event_type=decision.completed aggregate_type=envelope aggregate_id=env-mark-fail topic=midas.decisions error="postgres connection lost"
2026/04/04 17:56:27 INFO outbox_batch_dispatched count=1 claimed=1
2026/04/04 17:56:27 WARN outbox_mark_published_failed event_id=0c33ac02-0d40-4136-96dc-0557c2432f02 event_type=decision.completed aggregate_type=envelope aggregate_id=env-mark-fail topic=midas.decisions error="postgres connection lost"
2026/04/04 17:56:27 INFO outbox_batch_dispatched count=1 claimed=1
2026/04/04 17:56:27 WARN outbox_mark_published_failed event_id=0c33ac02-0d40-4136-96dc-0557c2432f02 event_type=decision.completed aggregate_type=envelope aggregate_id=env-mark-fail topic=midas.decisions error="postgres connection lost"
2026/04/04 17:56:27 INFO outbox_batch_dispatched count=1 claimed=1
2026/04/04 17:56:27 WARN outbox_mark_published_failed event_id=0c33ac02-0d40-4136-96dc-0557c2432f02 event_type=decision.completed aggregate_type=envelope aggregate_id=env-mark-fail topic=midas.decisions error="postgres connection lost"
2026/04/04 17:56:27 INFO outbox_batch_dispatched count=1 claimed=1
2026/04/04 17:56:27 WARN outbox_mark_published_failed event_id=0c33ac02-0d40-4136-96dc-0557c2432f02 event_type=decision.completed aggregate_type=envelope aggregate_id=env-mark-fail topic=midas.decisions error="postgres connection lost"
2026/04/04 17:56:27 INFO outbox_batch_dispatched count=1 claimed=1
2026/04/04 17:56:27 WARN outbox_mark_published_failed event_id=0c33ac02-0d40-4136-96dc-0557c2432f02 event_type=decision.completed aggregate_type=envelope aggregate_id=env-mark-fail topic=midas.decisions error="postgres connection lost"
2026/04/04 17:56:27 INFO outbox_batch_dispatched count=1 claimed=1
2026/04/04 17:56:27 WARN outbox_mark_published_failed event_id=0c33ac02-0d40-4136-96dc-0557c2432f02 event_type=decision.completed aggregate_type=envelope aggregate_id=env-mark-fail topic=midas.decisions error="postgres connection lost"
2026/04/04 17:56:27 INFO outbox_batch_dispatched count=1 claimed=1
2026/04/04 17:56:27 WARN outbox_mark_published_failed event_id=0c33ac02-0d40-4136-96dc-0557c2432f02 event_type=decision.completed aggregate_type=envelope aggregate_id=env-mark-fail topic=midas.decisions error="postgres connection lost"
2026/04/04 17:56:27 INFO outbox_batch_dispatched count=1 claimed=1
2026/04/04 17:56:27 WARN outbox_mark_published_failed event_id=0c33ac02-0d40-4136-96dc-0557c2432f02 event_type=decision.completed aggregate_type=envelope aggregate_id=env-mark-fail topic=midas.decisions error="postgres connection lost"
2026/04/04 17:56:27 INFO outbox_batch_dispatched count=1 claimed=1
2026/04/04 17:56:27 WARN outbox_mark_published_failed event_id=0c33ac02-0d40-4136-96dc-0557c2432f02 event_type=decision.completed aggregate_type=envelope aggregate_id=env-mark-fail topic=midas.decisions error="postgres connection lost"
2026/04/04 17:56:27 INFO outbox_batch_dispatched count=1 claimed=1
2026/04/04 17:56:27 WARN outbox_mark_published_failed event_id=0c33ac02-0d40-4136-96dc-0557c2432f02 event_type=decision.completed aggregate_type=envelope aggregate_id=env-mark-fail topic=midas.decisions error="postgres connection lost"
2026/04/04 17:56:27 INFO outbox_batch_dispatched count=1 claimed=1
2026/04/04 17:56:27 WARN outbox_mark_published_failed event_id=0c33ac02-0d40-4136-96dc-0557c2432f02 event_type=decision.completed aggregate_type=envelope aggregate_id=env-mark-fail topic=midas.decisions error="postgres connection lost"
2026/04/04 17:56:27 INFO outbox_batch_dispatched count=1 claimed=1
2026/04/04 17:56:27 WARN outbox_mark_published_failed event_id=0c33ac02-0d40-4136-96dc-0557c2432f02 event_type=decision.completed aggregate_type=envelope aggregate_id=env-mark-fail topic=midas.decisions error="postgres connection lost"
2026/04/04 17:56:27 INFO outbox_batch_dispatched count=1 claimed=1
2026/04/04 17:56:27 WARN outbox_mark_published_failed event_id=0c33ac02-0d40-4136-96dc-0557c2432f02 event_type=decision.completed aggregate_type=envelope aggregate_id=env-mark-fail topic=midas.decisions error="postgres connection lost"
2026/04/04 17:56:27 INFO outbox_batch_dispatched count=1 claimed=1
2026/04/04 17:56:27 WARN outbox_mark_published_failed event_id=0c33ac02-0d40-4136-96dc-0557c2432f02 event_type=decision.completed aggregate_type=envelope aggregate_id=env-mark-fail topic=midas.decisions error="postgres connection lost"
2026/04/04 17:56:27 INFO outbox_batch_dispatched count=1 claimed=1
2026/04/04 17:56:27 WARN outbox_mark_published_failed event_id=0c33ac02-0d40-4136-96dc-0557c2432f02 event_type=decision.completed aggregate_type=envelope aggregate_id=env-mark-fail topic=midas.decisions error="postgres connection lost"
2026/04/04 17:56:27 INFO outbox_batch_dispatched count=1 claimed=1
2026/04/04 17:56:27 WARN outbox_mark_published_failed event_id=0c33ac02-0d40-4136-96dc-0557c2432f02 event_type=decision.completed aggregate_type=envelope aggregate_id=env-mark-fail topic=midas.decisions error="postgres connection lost"
2026/04/04 17:56:27 INFO outbox_batch_dispatched count=1 claimed=1
2026/04/04 17:56:27 WARN outbox_mark_published_failed event_id=0c33ac02-0d40-4136-96dc-0557c2432f02 event_type=decision.completed aggregate_type=envelope aggregate_id=env-mark-fail topic=midas.decisions error="postgres connection lost"
2026/04/04 17:56:27 INFO outbox_batch_dispatched count=1 claimed=1
2026/04/04 17:56:27 WARN outbox_mark_published_failed event_id=0c33ac02-0d40-4136-96dc-0557c2432f02 event_type=decision.completed aggregate_type=envelope aggregate_id=env-mark-fail topic=midas.decisions error="postgres connection lost"
2026/04/04 17:56:27 INFO outbox_batch_dispatched count=1 claimed=1
2026/04/04 17:56:27 WARN outbox_mark_published_failed event_id=0c33ac02-0d40-4136-96dc-0557c2432f02 event_type=decision.completed aggregate_type=envelope aggregate_id=env-mark-fail topic=midas.decisions error="postgres connection lost"
2026/04/04 17:56:27 INFO outbox_batch_dispatched count=1 claimed=1
2026/04/04 17:56:27 WARN outbox_mark_published_failed event_id=0c33ac02-0d40-4136-96dc-0557c2432f02 event_type=decision.completed aggregate_type=envelope aggregate_id=env-mark-fail topic=midas.decisions error="postgres connection lost"
2026/04/04 17:56:27 INFO outbox_batch_dispatched count=1 claimed=1
2026/04/04 17:56:27 WARN outbox_mark_published_failed event_id=0c33ac02-0d40-4136-96dc-0557c2432f02 event_type=decision.completed aggregate_type=envelope aggregate_id=env-mark-fail topic=midas.decisions error="postgres connection lost"
2026/04/04 17:56:27 INFO outbox_batch_dispatched count=1 claimed=1
2026/04/04 17:56:27 WARN outbox_mark_published_failed event_id=0c33ac02-0d40-4136-96dc-0557c2432f02 event_type=decision.completed aggregate_type=envelope aggregate_id=env-mark-fail topic=midas.decisions error="postgres connection lost"
2026/04/04 17:56:27 INFO outbox_batch_dispatched count=1 claimed=1
2026/04/04 17:56:27 WARN outbox_mark_published_failed event_id=0c33ac02-0d40-4136-96dc-0557c2432f02 event_type=decision.completed aggregate_type=envelope aggregate_id=env-mark-fail topic=midas.decisions error="postgres connection lost"
2026/04/04 17:56:27 INFO outbox_batch_dispatched count=1 claimed=1
2026/04/04 17:56:27 WARN outbox_mark_published_failed event_id=0c33ac02-0d40-4136-96dc-0557c2432f02 event_type=decision.completed aggregate_type=envelope aggregate_id=env-mark-fail topic=midas.decisions error="postgres connection lost"
2026/04/04 17:56:27 INFO outbox_batch_dispatched count=1 claimed=1
2026/04/04 17:56:27 WARN outbox_mark_published_failed event_id=0c33ac02-0d40-4136-96dc-0557c2432f02 event_type=decision.completed aggregate_type=envelope aggregate_id=env-mark-fail topic=midas.decisions error="postgres connection lost"
2026/04/04 17:56:27 INFO outbox_batch_dispatched count=1 claimed=1
2026/04/04 17:56:27 WARN outbox_mark_published_failed event_id=0c33ac02-0d40-4136-96dc-0557c2432f02 event_type=decision.completed aggregate_type=envelope aggregate_id=env-mark-fail topic=midas.decisions error="postgres connection lost"
2026/04/04 17:56:27 INFO outbox_batch_dispatched count=1 claimed=1
2026/04/04 17:56:27 WARN outbox_mark_published_failed event_id=0c33ac02-0d40-4136-96dc-0557c2432f02 event_type=decision.completed aggregate_type=envelope aggregate_id=env-mark-fail topic=midas.decisions error="postgres connection lost"
2026/04/04 17:56:27 INFO outbox_batch_dispatched count=1 claimed=1
2026/04/04 17:56:27 WARN outbox_mark_published_failed event_id=0c33ac02-0d40-4136-96dc-0557c2432f02 event_type=decision.completed aggregate_type=envelope aggregate_id=env-mark-fail topic=midas.decisions error="postgres connection lost"
2026/04/04 17:56:27 INFO outbox_batch_dispatched count=1 claimed=1
2026/04/04 17:56:27 WARN outbox_mark_published_failed event_id=0c33ac02-0d40-4136-96dc-0557c2432f02 event_type=decision.completed aggregate_type=envelope aggregate_id=env-mark-fail topic=midas.decisions error="postgres connection lost"
2026/04/04 17:56:27 INFO outbox_batch_dispatched count=1 claimed=1
2026/04/04 17:56:27 WARN outbox_mark_published_failed event_id=0c33ac02-0d40-4136-96dc-0557c2432f02 event_type=decision.completed aggregate_type=envelope aggregate_id=env-mark-fail topic=midas.decisions error="postgres connection lost"
2026/04/04 17:56:27 INFO outbox_batch_dispatched count=1 claimed=1
2026/04/04 17:56:27 WARN outbox_mark_published_failed event_id=0c33ac02-0d40-4136-96dc-0557c2432f02 event_type=decision.completed aggregate_type=envelope aggregate_id=env-mark-fail topic=midas.decisions error="postgres connection lost"
2026/04/04 17:56:27 INFO outbox_batch_dispatched count=1 claimed=1
2026/04/04 17:56:27 WARN outbox_mark_published_failed event_id=0c33ac02-0d40-4136-96dc-0557c2432f02 event_type=decision.completed aggregate_type=envelope aggregate_id=env-mark-fail topic=midas.decisions error="postgres connection lost"
2026/04/04 17:56:27 INFO outbox_batch_dispatched count=1 claimed=1
2026/04/04 17:56:27 WARN outbox_mark_published_failed event_id=0c33ac02-0d40-4136-96dc-0557c2432f02 event_type=decision.completed aggregate_type=envelope aggregate_id=env-mark-fail topic=midas.decisions error="postgres connection lost"
2026/04/04 17:56:27 INFO outbox_batch_dispatched count=1 claimed=1
2026/04/04 17:56:27 WARN outbox_mark_published_failed event_id=0c33ac02-0d40-4136-96dc-0557c2432f02 event_type=decision.completed aggregate_type=envelope aggregate_id=env-mark-fail topic=midas.decisions error="postgres connection lost"
2026/04/04 17:56:27 INFO outbox_batch_dispatched count=1 claimed=1
2026/04/04 17:56:27 WARN outbox_mark_published_failed event_id=0c33ac02-0d40-4136-96dc-0557c2432f02 event_type=decision.completed aggregate_type=envelope aggregate_id=env-mark-fail topic=midas.decisions error="postgres connection lost"
2026/04/04 17:56:27 INFO outbox_batch_dispatched count=1 claimed=1
2026/04/04 17:56:27 WARN outbox_mark_published_failed event_id=0c33ac02-0d40-4136-96dc-0557c2432f02 event_type=decision.completed aggregate_type=envelope aggregate_id=env-mark-fail topic=midas.decisions error="postgres connection lost"
2026/04/04 17:56:27 INFO outbox_batch_dispatched count=1 claimed=1
2026/04/04 17:56:27 WARN outbox_mark_published_failed event_id=0c33ac02-0d40-4136-96dc-0557c2432f02 event_type=decision.completed aggregate_type=envelope aggregate_id=env-mark-fail topic=midas.decisions error="postgres connection lost"
2026/04/04 17:56:27 INFO outbox_batch_dispatched count=1 claimed=1
2026/04/04 17:56:27 WARN outbox_mark_published_failed event_id=0c33ac02-0d40-4136-96dc-0557c2432f02 event_type=decision.completed aggregate_type=envelope aggregate_id=env-mark-fail topic=midas.decisions error="postgres connection lost"
2026/04/04 17:56:27 INFO outbox_batch_dispatched count=1 claimed=1
2026/04/04 17:56:27 WARN outbox_mark_published_failed event_id=0c33ac02-0d40-4136-96dc-0557c2432f02 event_type=decision.completed aggregate_type=envelope aggregate_id=env-mark-fail topic=midas.decisions error="postgres connection lost"
2026/04/04 17:56:27 INFO outbox_batch_dispatched count=1 claimed=1
2026/04/04 17:56:27 WARN outbox_mark_published_failed event_id=0c33ac02-0d40-4136-96dc-0557c2432f02 event_type=decision.completed aggregate_type=envelope aggregate_id=env-mark-fail topic=midas.decisions error="postgres connection lost"
2026/04/04 17:56:27 INFO outbox_batch_dispatched count=1 claimed=1
2026/04/04 17:56:27 WARN outbox_mark_published_failed event_id=0c33ac02-0d40-4136-96dc-0557c2432f02 event_type=decision.completed aggregate_type=envelope aggregate_id=env-mark-fail topic=midas.decisions error="postgres connection lost"
2026/04/04 17:56:27 INFO outbox_batch_dispatched count=1 claimed=1
2026/04/04 17:56:27 WARN outbox_mark_published_failed event_id=0c33ac02-0d40-4136-96dc-0557c2432f02 event_type=decision.completed aggregate_type=envelope aggregate_id=env-mark-fail topic=midas.decisions error="postgres connection lost"
2026/04/04 17:56:27 INFO outbox_batch_dispatched count=1 claimed=1
2026/04/04 17:56:27 WARN outbox_mark_published_failed event_id=0c33ac02-0d40-4136-96dc-0557c2432f02 event_type=decision.completed aggregate_type=envelope aggregate_id=env-mark-fail topic=midas.decisions error="postgres connection lost"
2026/04/04 17:56:27 INFO outbox_batch_dispatched count=1 claimed=1
2026/04/04 17:56:27 WARN outbox_mark_published_failed event_id=0c33ac02-0d40-4136-96dc-0557c2432f02 event_type=decision.completed aggregate_type=envelope aggregate_id=env-mark-fail topic=midas.decisions error="postgres connection lost"
2026/04/04 17:56:27 INFO outbox_batch_dispatched count=1 claimed=1
2026/04/04 17:56:27 WARN outbox_mark_published_failed event_id=0c33ac02-0d40-4136-96dc-0557c2432f02 event_type=decision.completed aggregate_type=envelope aggregate_id=env-mark-fail topic=midas.decisions error="postgres connection lost"
2026/04/04 17:56:27 INFO outbox_batch_dispatched count=1 claimed=1
2026/04/04 17:56:27 WARN outbox_mark_published_failed event_id=0c33ac02-0d40-4136-96dc-0557c2432f02 event_type=decision.completed aggregate_type=envelope aggregate_id=env-mark-fail topic=midas.decisions error="postgres connection lost"
2026/04/04 17:56:27 INFO outbox_batch_dispatched count=1 claimed=1
2026/04/04 17:56:27 WARN outbox_mark_published_failed event_id=0c33ac02-0d40-4136-96dc-0557c2432f02 event_type=decision.completed aggregate_type=envelope aggregate_id=env-mark-fail topic=midas.decisions error="postgres connection lost"
2026/04/04 17:56:27 INFO outbox_batch_dispatched count=1 claimed=1
2026/04/04 17:56:27 WARN outbox_mark_published_failed event_id=0c33ac02-0d40-4136-96dc-0557c2432f02 event_type=decision.completed aggregate_type=envelope aggregate_id=env-mark-fail topic=midas.decisions error="postgres connection lost"
2026/04/04 17:56:27 INFO outbox_batch_dispatched count=1 claimed=1
2026/04/04 17:56:27 WARN outbox_mark_published_failed event_id=0c33ac02-0d40-4136-96dc-0557c2432f02 event_type=decision.completed aggregate_type=envelope aggregate_id=env-mark-fail topic=midas.decisions error="postgres connection lost"
2026/04/04 17:56:27 INFO outbox_batch_dispatched count=1 claimed=1
2026/04/04 17:56:27 WARN outbox_mark_published_failed event_id=0c33ac02-0d40-4136-96dc-0557c2432f02 event_type=decision.completed aggregate_type=envelope aggregate_id=env-mark-fail topic=midas.decisions error="postgres connection lost"
2026/04/04 17:56:27 INFO outbox_batch_dispatched count=1 claimed=1
2026/04/04 17:56:27 WARN outbox_mark_published_failed event_id=0c33ac02-0d40-4136-96dc-0557c2432f02 event_type=decision.completed aggregate_type=envelope aggregate_id=env-mark-fail topic=midas.decisions error="postgres connection lost"
2026/04/04 17:56:27 INFO outbox_batch_dispatched count=1 claimed=1
2026/04/04 17:56:27 WARN outbox_mark_published_failed event_id=0c33ac02-0d40-4136-96dc-0557c2432f02 event_type=decision.completed aggregate_type=envelope aggregate_id=env-mark-fail topic=midas.decisions error="postgres connection lost"
2026/04/04 17:56:27 INFO outbox_batch_dispatched count=1 claimed=1
2026/04/04 17:56:27 WARN outbox_mark_published_failed event_id=0c33ac02-0d40-4136-96dc-0557c2432f02 event_type=decision.completed aggregate_type=envelope aggregate_id=env-mark-fail topic=midas.decisions error="postgres connection lost"
2026/04/04 17:56:27 INFO outbox_batch_dispatched count=1 claimed=1
2026/04/04 17:56:27 WARN outbox_mark_published_failed event_id=0c33ac02-0d40-4136-96dc-0557c2432f02 event_type=decision.completed aggregate_type=envelope aggregate_id=env-mark-fail topic=midas.decisions error="postgres connection lost"
2026/04/04 17:56:27 INFO outbox_batch_dispatched count=1 claimed=1
2026/04/04 17:56:27 WARN outbox_mark_published_failed event_id=0c33ac02-0d40-4136-96dc-0557c2432f02 event_type=decision.completed aggregate_type=envelope aggregate_id=env-mark-fail topic=midas.decisions error="postgres connection lost"
2026/04/04 17:56:27 INFO outbox_batch_dispatched count=1 claimed=1
2026/04/04 17:56:27 WARN outbox_mark_published_failed event_id=0c33ac02-0d40-4136-96dc-0557c2432f02 event_type=decision.completed aggregate_type=envelope aggregate_id=env-mark-fail topic=midas.decisions error="postgres connection lost"
2026/04/04 17:56:27 INFO outbox_batch_dispatched count=1 claimed=1
2026/04/04 17:56:27 WARN outbox_mark_published_failed event_id=0c33ac02-0d40-4136-96dc-0557c2432f02 event_type=decision.completed aggregate_type=envelope aggregate_id=env-mark-fail topic=midas.decisions error="postgres connection lost"
2026/04/04 17:56:27 INFO outbox_batch_dispatched count=1 claimed=1
2026/04/04 17:56:27 WARN outbox_mark_published_failed event_id=0c33ac02-0d40-4136-96dc-0557c2432f02 event_type=decision.completed aggregate_type=envelope aggregate_id=env-mark-fail topic=midas.decisions error="postgres connection lost"
2026/04/04 17:56:27 INFO outbox_batch_dispatched count=1 claimed=1
2026/04/04 17:56:27 WARN outbox_mark_published_failed event_id=0c33ac02-0d40-4136-96dc-0557c2432f02 event_type=decision.completed aggregate_type=envelope aggregate_id=env-mark-fail topic=midas.decisions error="postgres connection lost"
2026/04/04 17:56:27 INFO outbox_batch_dispatched count=1 claimed=1
2026/04/04 17:56:27 WARN outbox_mark_published_failed event_id=0c33ac02-0d40-4136-96dc-0557c2432f02 event_type=decision.completed aggregate_type=envelope aggregate_id=env-mark-fail topic=midas.decisions error="postgres connection lost"
2026/04/04 17:56:27 INFO outbox_batch_dispatched count=1 claimed=1
2026/04/04 17:56:27 WARN outbox_mark_published_failed event_id=0c33ac02-0d40-4136-96dc-0557c2432f02 event_type=decision.completed aggregate_type=envelope aggregate_id=env-mark-fail topic=midas.decisions error="postgres connection lost"
2026/04/04 17:56:27 INFO outbox_batch_dispatched count=1 claimed=1
2026/04/04 17:56:27 WARN outbox_mark_published_failed event_id=0c33ac02-0d40-4136-96dc-0557c2432f02 event_type=decision.completed aggregate_type=envelope aggregate_id=env-mark-fail topic=midas.decisions error="postgres connection lost"
2026/04/04 17:56:27 INFO outbox_batch_dispatched count=1 claimed=1
2026/04/04 17:56:27 WARN outbox_mark_published_failed event_id=0c33ac02-0d40-4136-96dc-0557c2432f02 event_type=decision.completed aggregate_type=envelope aggregate_id=env-mark-fail topic=midas.decisions error="postgres connection lost"
2026/04/04 17:56:27 INFO outbox_batch_dispatched count=1 claimed=1
2026/04/04 17:56:27 WARN outbox_mark_published_failed event_id=0c33ac02-0d40-4136-96dc-0557c2432f02 event_type=decision.completed aggregate_type=envelope aggregate_id=env-mark-fail topic=midas.decisions error="postgres connection lost"
2026/04/04 17:56:27 INFO outbox_batch_dispatched count=1 claimed=1
2026/04/04 17:56:27 WARN outbox_mark_published_failed event_id=0c33ac02-0d40-4136-96dc-0557c2432f02 event_type=decision.completed aggregate_type=envelope aggregate_id=env-mark-fail topic=midas.decisions error="postgres connection lost"
2026/04/04 17:56:27 INFO outbox_batch_dispatched count=1 claimed=1
2026/04/04 17:56:27 WARN outbox_mark_published_failed event_id=0c33ac02-0d40-4136-96dc-0557c2432f02 event_type=decision.completed aggregate_type=envelope aggregate_id=env-mark-fail topic=midas.decisions error="postgres connection lost"
2026/04/04 17:56:27 INFO outbox_batch_dispatched count=1 claimed=1
2026/04/04 17:56:27 WARN outbox_mark_published_failed event_id=0c33ac02-0d40-4136-96dc-0557c2432f02 event_type=decision.completed aggregate_type=envelope aggregate_id=env-mark-fail topic=midas.decisions error="postgres connection lost"
2026/04/04 17:56:27 INFO outbox_batch_dispatched count=1 claimed=1
2026/04/04 17:56:27 WARN outbox_mark_published_failed event_id=0c33ac02-0d40-4136-96dc-0557c2432f02 event_type=decision.completed aggregate_type=envelope aggregate_id=env-mark-fail topic=midas.decisions error="postgres connection lost"
2026/04/04 17:56:27 INFO outbox_batch_dispatched count=1 claimed=1
2026/04/04 17:56:27 WARN outbox_mark_published_failed event_id=0c33ac02-0d40-4136-96dc-0557c2432f02 event_type=decision.completed aggregate_type=envelope aggregate_id=env-mark-fail topic=midas.decisions error="postgres connection lost"
2026/04/04 17:56:27 INFO outbox_batch_dispatched count=1 claimed=1
2026/04/04 17:56:27 WARN outbox_mark_published_failed event_id=0c33ac02-0d40-4136-96dc-0557c2432f02 event_type=decision.completed aggregate_type=envelope aggregate_id=env-mark-fail topic=midas.decisions error="postgres connection lost"
2026/04/04 17:56:27 INFO outbox_batch_dispatched count=1 claimed=1
2026/04/04 17:56:27 WARN outbox_mark_published_failed event_id=0c33ac02-0d40-4136-96dc-0557c2432f02 event_type=decision.completed aggregate_type=envelope aggregate_id=env-mark-fail topic=midas.decisions error="postgres connection lost"
2026/04/04 17:56:27 INFO outbox_batch_dispatched count=1 claimed=1
2026/04/04 17:56:27 WARN outbox_mark_published_failed event_id=0c33ac02-0d40-4136-96dc-0557c2432f02 event_type=decision.completed aggregate_type=envelope aggregate_id=env-mark-fail topic=midas.decisions error="postgres connection lost"
2026/04/04 17:56:27 INFO outbox_batch_dispatched count=1 claimed=1
2026/04/04 17:56:27 WARN outbox_mark_published_failed event_id=0c33ac02-0d40-4136-96dc-0557c2432f02 event_type=decision.completed aggregate_type=envelope aggregate_id=env-mark-fail topic=midas.decisions error="postgres connection lost"
2026/04/04 17:56:27 INFO outbox_batch_dispatched count=1 claimed=1
2026/04/04 17:56:27 WARN outbox_mark_published_failed event_id=0c33ac02-0d40-4136-96dc-0557c2432f02 event_type=decision.completed aggregate_type=envelope aggregate_id=env-mark-fail topic=midas.decisions error="postgres connection lost"
2026/04/04 17:56:27 INFO outbox_batch_dispatched count=1 claimed=1
2026/04/04 17:56:27 WARN outbox_mark_published_failed event_id=0c33ac02-0d40-4136-96dc-0557c2432f02 event_type=decision.completed aggregate_type=envelope aggregate_id=env-mark-fail topic=midas.decisions error="postgres connection lost"
2026/04/04 17:56:27 INFO outbox_batch_dispatched count=1 claimed=1
2026/04/04 17:56:27 WARN outbox_mark_published_failed event_id=0c33ac02-0d40-4136-96dc-0557c2432f02 event_type=decision.completed aggregate_type=envelope aggregate_id=env-mark-fail topic=midas.decisions error="postgres connection lost"
2026/04/04 17:56:27 INFO outbox_batch_dispatched count=1 claimed=1
2026/04/04 17:56:27 WARN outbox_mark_published_failed event_id=0c33ac02-0d40-4136-96dc-0557c2432f02 event_type=decision.completed aggregate_type=envelope aggregate_id=env-mark-fail topic=midas.decisions error="postgres connection lost"
2026/04/04 17:56:27 INFO outbox_batch_dispatched count=1 claimed=1
2026/04/04 17:56:27 WARN outbox_mark_published_failed event_id=0c33ac02-0d40-4136-96dc-0557c2432f02 event_type=decision.completed aggregate_type=envelope aggregate_id=env-mark-fail topic=midas.decisions error="postgres connection lost"
2026/04/04 17:56:27 INFO outbox_batch_dispatched count=1 claimed=1
2026/04/04 17:56:27 WARN outbox_mark_published_failed event_id=0c33ac02-0d40-4136-96dc-0557c2432f02 event_type=decision.completed aggregate_type=envelope aggregate_id=env-mark-fail topic=midas.decisions error="postgres connection lost"
2026/04/04 17:56:27 INFO outbox_batch_dispatched count=1 claimed=1
2026/04/04 17:56:27 WARN outbox_mark_published_failed event_id=0c33ac02-0d40-4136-96dc-0557c2432f02 event_type=decision.completed aggregate_type=envelope aggregate_id=env-mark-fail topic=midas.decisions error="postgres connection lost"
2026/04/04 17:56:27 INFO outbox_batch_dispatched count=1 claimed=1
2026/04/04 17:56:27 WARN outbox_mark_published_failed event_id=0c33ac02-0d40-4136-96dc-0557c2432f02 event_type=decision.completed aggregate_type=envelope aggregate_id=env-mark-fail topic=midas.decisions error="postgres connection lost"
2026/04/04 17:56:27 INFO outbox_batch_dispatched count=1 claimed=1
2026/04/04 17:56:27 WARN outbox_mark_published_failed event_id=0c33ac02-0d40-4136-96dc-0557c2432f02 event_type=decision.completed aggregate_type=envelope aggregate_id=env-mark-fail topic=midas.decisions error="postgres connection lost"
2026/04/04 17:56:27 INFO outbox_batch_dispatched count=1 claimed=1
2026/04/04 17:56:27 WARN outbox_mark_published_failed event_id=0c33ac02-0d40-4136-96dc-0557c2432f02 event_type=decision.completed aggregate_type=envelope aggregate_id=env-mark-fail topic=midas.decisions error="postgres connection lost"
2026/04/04 17:56:27 INFO outbox_batch_dispatched count=1 claimed=1
2026/04/04 17:56:27 WARN outbox_mark_published_failed event_id=0c33ac02-0d40-4136-96dc-0557c2432f02 event_type=decision.completed aggregate_type=envelope aggregate_id=env-mark-fail topic=midas.decisions error="postgres connection lost"
2026/04/04 17:56:27 INFO outbox_batch_dispatched count=1 claimed=1
2026/04/04 17:56:27 WARN outbox_mark_published_failed event_id=0c33ac02-0d40-4136-96dc-0557c2432f02 event_type=decision.completed aggregate_type=envelope aggregate_id=env-mark-fail topic=midas.decisions error="postgres connection lost"
2026/04/04 17:56:27 INFO outbox_batch_dispatched count=1 claimed=1
2026/04/04 17:56:27 WARN outbox_mark_published_failed event_id=0c33ac02-0d40-4136-96dc-0557c2432f02 event_type=decision.completed aggregate_type=envelope aggregate_id=env-mark-fail topic=midas.decisions error="postgres connection lost"
2026/04/04 17:56:27 INFO outbox_batch_dispatched count=1 claimed=1
2026/04/04 17:56:27 WARN outbox_mark_published_failed event_id=0c33ac02-0d40-4136-96dc-0557c2432f02 event_type=decision.completed aggregate_type=envelope aggregate_id=env-mark-fail topic=midas.decisions error="postgres connection lost"
2026/04/04 17:56:27 INFO outbox_batch_dispatched count=1 claimed=1
2026/04/04 17:56:27 WARN outbox_mark_published_failed event_id=0c33ac02-0d40-4136-96dc-0557c2432f02 event_type=decision.completed aggregate_type=envelope aggregate_id=env-mark-fail topic=midas.decisions error="postgres connection lost"
2026/04/04 17:56:27 INFO outbox_batch_dispatched count=1 claimed=1
2026/04/04 17:56:27 WARN outbox_mark_published_failed event_id=0c33ac02-0d40-4136-96dc-0557c2432f02 event_type=decision.completed aggregate_type=envelope aggregate_id=env-mark-fail topic=midas.decisions error="postgres connection lost"
2026/04/04 17:56:27 INFO outbox_batch_dispatched count=1 claimed=1
2026/04/04 17:56:27 WARN outbox_mark_published_failed event_id=0c33ac02-0d40-4136-96dc-0557c2432f02 event_type=decision.completed aggregate_type=envelope aggregate_id=env-mark-fail topic=midas.decisions error="postgres connection lost"
2026/04/04 17:56:27 INFO outbox_batch_dispatched count=1 claimed=1
2026/04/04 17:56:27 WARN outbox_mark_published_failed event_id=0c33ac02-0d40-4136-96dc-0557c2432f02 event_type=decision.completed aggregate_type=envelope aggregate_id=env-mark-fail topic=midas.decisions error="postgres connection lost"
2026/04/04 17:56:27 INFO outbox_batch_dispatched count=1 claimed=1
2026/04/04 17:56:27 WARN outbox_mark_published_failed event_id=0c33ac02-0d40-4136-96dc-0557c2432f02 event_type=decision.completed aggregate_type=envelope aggregate_id=env-mark-fail topic=midas.decisions error="postgres connection lost"
2026/04/04 17:56:27 INFO outbox_batch_dispatched count=1 claimed=1
2026/04/04 17:56:27 WARN outbox_mark_published_failed event_id=0c33ac02-0d40-4136-96dc-0557c2432f02 event_type=decision.completed aggregate_type=envelope aggregate_id=env-mark-fail topic=midas.decisions error="postgres connection lost"
2026/04/04 17:56:27 INFO outbox_batch_dispatched count=1 claimed=1
2026/04/04 17:56:27 WARN outbox_mark_published_failed event_id=0c33ac02-0d40-4136-96dc-0557c2432f02 event_type=decision.completed aggregate_type=envelope aggregate_id=env-mark-fail topic=midas.decisions error="postgres connection lost"
2026/04/04 17:56:27 INFO outbox_batch_dispatched count=1 claimed=1
2026/04/04 17:56:27 WARN outbox_mark_published_failed event_id=0c33ac02-0d40-4136-96dc-0557c2432f02 event_type=decision.completed aggregate_type=envelope aggregate_id=env-mark-fail topic=midas.decisions error="postgres connection lost"
2026/04/04 17:56:27 INFO outbox_batch_dispatched count=1 claimed=1
2026/04/04 17:56:27 WARN outbox_mark_published_failed event_id=0c33ac02-0d40-4136-96dc-0557c2432f02 event_type=decision.completed aggregate_type=envelope aggregate_id=env-mark-fail topic=midas.decisions error="postgres connection lost"
2026/04/04 17:56:27 INFO outbox_batch_dispatched count=1 claimed=1
2026/04/04 17:56:27 WARN outbox_mark_published_failed event_id=0c33ac02-0d40-4136-96dc-0557c2432f02 event_type=decision.completed aggregate_type=envelope aggregate_id=env-mark-fail topic=midas.decisions error="postgres connection lost"
2026/04/04 17:56:27 INFO outbox_batch_dispatched count=1 claimed=1
2026/04/04 17:56:27 WARN outbox_mark_published_failed event_id=0c33ac02-0d40-4136-96dc-0557c2432f02 event_type=decision.completed aggregate_type=envelope aggregate_id=env-mark-fail topic=midas.decisions error="postgres connection lost"
2026/04/04 17:56:27 INFO outbox_batch_dispatched count=1 claimed=1
2026/04/04 17:56:27 WARN outbox_mark_published_failed event_id=0c33ac02-0d40-4136-96dc-0557c2432f02 event_type=decision.completed aggregate_type=envelope aggregate_id=env-mark-fail topic=midas.decisions error="postgres connection lost"
2026/04/04 17:56:27 INFO outbox_batch_dispatched count=1 claimed=1
2026/04/04 17:56:27 WARN outbox_mark_published_failed event_id=0c33ac02-0d40-4136-96dc-0557c2432f02 event_type=decision.completed aggregate_type=envelope aggregate_id=env-mark-fail topic=midas.decisions error="postgres connection lost"
2026/04/04 17:56:27 INFO outbox_batch_dispatched count=1 claimed=1
2026/04/04 17:56:27 WARN outbox_mark_published_failed event_id=0c33ac02-0d40-4136-96dc-0557c2432f02 event_type=decision.completed aggregate_type=envelope aggregate_id=env-mark-fail topic=midas.decisions error="postgres connection lost"
2026/04/04 17:56:27 INFO outbox_batch_dispatched count=1 claimed=1
2026/04/04 17:56:27 WARN outbox_mark_published_failed event_id=0c33ac02-0d40-4136-96dc-0557c2432f02 event_type=decision.completed aggregate_type=envelope aggregate_id=env-mark-fail topic=midas.decisions error="postgres connection lost"
2026/04/04 17:56:27 INFO outbox_batch_dispatched count=1 claimed=1
2026/04/04 17:56:27 WARN outbox_mark_published_failed event_id=0c33ac02-0d40-4136-96dc-0557c2432f02 event_type=decision.completed aggregate_type=envelope aggregate_id=env-mark-fail topic=midas.decisions error="postgres connection lost"
2026/04/04 17:56:27 INFO outbox_batch_dispatched count=1 claimed=1
2026/04/04 17:56:27 WARN outbox_mark_published_failed event_id=0c33ac02-0d40-4136-96dc-0557c2432f02 event_type=decision.completed aggregate_type=envelope aggregate_id=env-mark-fail topic=midas.decisions error="postgres connection lost"
2026/04/04 17:56:27 INFO outbox_batch_dispatched count=1 claimed=1
2026/04/04 17:56:27 WARN outbox_mark_published_failed event_id=0c33ac02-0d40-4136-96dc-0557c2432f02 event_type=decision.completed aggregate_type=envelope aggregate_id=env-mark-fail topic=midas.decisions error="postgres connection lost"
2026/04/04 17:56:27 INFO outbox_batch_dispatched count=1 claimed=1
2026/04/04 17:56:27 WARN outbox_mark_published_failed event_id=0c33ac02-0d40-4136-96dc-0557c2432f02 event_type=decision.completed aggregate_type=envelope aggregate_id=env-mark-fail topic=midas.decisions error="postgres connection lost"
2026/04/04 17:56:27 INFO outbox_batch_dispatched count=1 claimed=1
2026/04/04 17:56:27 WARN outbox_mark_published_failed event_id=0c33ac02-0d40-4136-96dc-0557c2432f02 event_type=decision.completed aggregate_type=envelope aggregate_id=env-mark-fail topic=midas.decisions error="postgres connection lost"
2026/04/04 17:56:27 INFO outbox_batch_dispatched count=1 claimed=1
2026/04/04 17:56:27 WARN outbox_mark_published_failed event_id=0c33ac02-0d40-4136-96dc-0557c2432f02 event_type=decision.completed aggregate_type=envelope aggregate_id=env-mark-fail topic=midas.decisions error="postgres connection lost"
2026/04/04 17:56:27 INFO outbox_batch_dispatched count=1 claimed=1
2026/04/04 17:56:27 WARN outbox_mark_published_failed event_id=0c33ac02-0d40-4136-96dc-0557c2432f02 event_type=decision.completed aggregate_type=envelope aggregate_id=env-mark-fail topic=midas.decisions error="postgres connection lost"
2026/04/04 17:56:27 INFO outbox_batch_dispatched count=1 claimed=1
2026/04/04 17:56:27 WARN outbox_mark_published_failed event_id=0c33ac02-0d40-4136-96dc-0557c2432f02 event_type=decision.completed aggregate_type=envelope aggregate_id=env-mark-fail topic=midas.decisions error="postgres connection lost"
2026/04/04 17:56:27 INFO outbox_batch_dispatched count=1 claimed=1
2026/04/04 17:56:27 WARN outbox_mark_published_failed event_id=0c33ac02-0d40-4136-96dc-0557c2432f02 event_type=decision.completed aggregate_type=envelope aggregate_id=env-mark-fail topic=midas.decisions error="postgres connection lost"
2026/04/04 17:56:27 INFO outbox_batch_dispatched count=1 claimed=1
2026/04/04 17:56:27 WARN outbox_mark_published_failed event_id=0c33ac02-0d40-4136-96dc-0557c2432f02 event_type=decision.completed aggregate_type=envelope aggregate_id=env-mark-fail topic=midas.decisions error="postgres connection lost"
2026/04/04 17:56:27 INFO outbox_batch_dispatched count=1 claimed=1
2026/04/04 17:56:27 WARN outbox_mark_published_failed event_id=0c33ac02-0d40-4136-96dc-0557c2432f02 event_type=decision.completed aggregate_type=envelope aggregate_id=env-mark-fail topic=midas.decisions error="postgres connection lost"
2026/04/04 17:56:27 INFO outbox_batch_dispatched count=1 claimed=1
2026/04/04 17:56:27 WARN outbox_mark_published_failed event_id=0c33ac02-0d40-4136-96dc-0557c2432f02 event_type=decision.completed aggregate_type=envelope aggregate_id=env-mark-fail topic=midas.decisions error="postgres connection lost"
2026/04/04 17:56:27 INFO outbox_batch_dispatched count=1 claimed=1
2026/04/04 17:56:27 WARN outbox_mark_published_failed event_id=0c33ac02-0d40-4136-96dc-0557c2432f02 event_type=decision.completed aggregate_type=envelope aggregate_id=env-mark-fail topic=midas.decisions error="postgres connection lost"
2026/04/04 17:56:27 INFO outbox_batch_dispatched count=1 claimed=1
2026/04/04 17:56:27 WARN outbox_mark_published_failed event_id=0c33ac02-0d40-4136-96dc-0557c2432f02 event_type=decision.completed aggregate_type=envelope aggregate_id=env-mark-fail topic=midas.decisions error="postgres connection lost"
2026/04/04 17:56:27 INFO outbox_batch_dispatched count=1 claimed=1
2026/04/04 17:56:27 WARN outbox_mark_published_failed event_id=0c33ac02-0d40-4136-96dc-0557c2432f02 event_type=decision.completed aggregate_type=envelope aggregate_id=env-mark-fail topic=midas.decisions error="postgres connection lost"
2026/04/04 17:56:27 INFO outbox_batch_dispatched count=1 claimed=1
2026/04/04 17:56:27 WARN outbox_mark_published_failed event_id=0c33ac02-0d40-4136-96dc-0557c2432f02 event_type=decision.completed aggregate_type=envelope aggregate_id=env-mark-fail topic=midas.decisions error="postgres connection lost"
2026/04/04 17:56:27 INFO outbox_batch_dispatched count=1 claimed=1
2026/04/04 17:56:27 WARN outbox_mark_published_failed event_id=0c33ac02-0d40-4136-96dc-0557c2432f02 event_type=decision.completed aggregate_type=envelope aggregate_id=env-mark-fail topic=midas.decisions error="postgres connection lost"
2026/04/04 17:56:27 INFO outbox_batch_dispatched count=1 claimed=1
2026/04/04 17:56:27 WARN outbox_mark_published_failed event_id=0c33ac02-0d40-4136-96dc-0557c2432f02 event_type=decision.completed aggregate_type=envelope aggregate_id=env-mark-fail topic=midas.decisions error="postgres connection lost"
2026/04/04 17:56:27 INFO outbox_batch_dispatched count=1 claimed=1
2026/04/04 17:56:27 WARN outbox_mark_published_failed event_id=0c33ac02-0d40-4136-96dc-0557c2432f02 event_type=decision.completed aggregate_type=envelope aggregate_id=env-mark-fail topic=midas.decisions error="postgres connection lost"
2026/04/04 17:56:27 INFO outbox_batch_dispatched count=1 claimed=1
2026/04/04 17:56:27 WARN outbox_mark_published_failed event_id=0c33ac02-0d40-4136-96dc-0557c2432f02 event_type=decision.completed aggregate_type=envelope aggregate_id=env-mark-fail topic=midas.decisions error="postgres connection lost"
2026/04/04 17:56:27 INFO outbox_batch_dispatched count=1 claimed=1
2026/04/04 17:56:27 WARN outbox_mark_published_failed event_id=0c33ac02-0d40-4136-96dc-0557c2432f02 event_type=decision.completed aggregate_type=envelope aggregate_id=env-mark-fail topic=midas.decisions error="postgres connection lost"
2026/04/04 17:56:27 INFO outbox_batch_dispatched count=1 claimed=1
2026/04/04 17:56:27 WARN outbox_mark_published_failed event_id=0c33ac02-0d40-4136-96dc-0557c2432f02 event_type=decision.completed aggregate_type=envelope aggregate_id=env-mark-fail topic=midas.decisions error="postgres connection lost"
2026/04/04 17:56:27 INFO outbox_batch_dispatched count=1 claimed=1
2026/04/04 17:56:27 WARN outbox_mark_published_failed event_id=0c33ac02-0d40-4136-96dc-0557c2432f02 event_type=decision.completed aggregate_type=envelope aggregate_id=env-mark-fail topic=midas.decisions error="postgres connection lost"
2026/04/04 17:56:27 INFO outbox_batch_dispatched count=1 claimed=1
2026/04/04 17:56:27 WARN outbox_mark_published_failed event_id=0c33ac02-0d40-4136-96dc-0557c2432f02 event_type=decision.completed aggregate_type=envelope aggregate_id=env-mark-fail topic=midas.decisions error="postgres connection lost"
2026/04/04 17:56:27 INFO outbox_batch_dispatched count=1 claimed=1
2026/04/04 17:56:27 WARN outbox_mark_published_failed event_id=0c33ac02-0d40-4136-96dc-0557c2432f02 event_type=decision.completed aggregate_type=envelope aggregate_id=env-mark-fail topic=midas.decisions error="postgres connection lost"
2026/04/04 17:56:27 INFO outbox_batch_dispatched count=1 claimed=1
2026/04/04 17:56:27 WARN outbox_mark_published_failed event_id=0c33ac02-0d40-4136-96dc-0557c2432f02 event_type=decision.completed aggregate_type=envelope aggregate_id=env-mark-fail topic=midas.decisions error="postgres connection lost"
2026/04/04 17:56:27 INFO outbox_batch_dispatched count=1 claimed=1
2026/04/04 17:56:27 WARN outbox_mark_published_failed event_id=0c33ac02-0d40-4136-96dc-0557c2432f02 event_type=decision.completed aggregate_type=envelope aggregate_id=env-mark-fail topic=midas.decisions error="postgres connection lost"
2026/04/04 17:56:27 INFO outbox_batch_dispatched count=1 claimed=1
2026/04/04 17:56:27 WARN outbox_mark_published_failed event_id=0c33ac02-0d40-4136-96dc-0557c2432f02 event_type=decision.completed aggregate_type=envelope aggregate_id=env-mark-fail topic=midas.decisions error="postgres connection lost"
2026/04/04 17:56:27 INFO outbox_batch_dispatched count=1 claimed=1
2026/04/04 17:56:27 WARN outbox_mark_published_failed event_id=0c33ac02-0d40-4136-96dc-0557c2432f02 event_type=decision.completed aggregate_type=envelope aggregate_id=env-mark-fail topic=midas.decisions error="postgres connection lost"
2026/04/04 17:56:28 INFO outbox_batch_dispatched count=1 claimed=1
2026/04/04 17:56:28 WARN outbox_mark_published_failed event_id=0c33ac02-0d40-4136-96dc-0557c2432f02 event_type=decision.completed aggregate_type=envelope aggregate_id=env-mark-fail topic=midas.decisions error="postgres connection lost"
2026/04/04 17:56:28 INFO outbox_batch_dispatched count=1 claimed=1
2026/04/04 17:56:28 WARN outbox_mark_published_failed event_id=0c33ac02-0d40-4136-96dc-0557c2432f02 event_type=decision.completed aggregate_type=envelope aggregate_id=env-mark-fail topic=midas.decisions error="postgres connection lost"
2026/04/04 17:56:28 INFO outbox_batch_dispatched count=1 claimed=1
2026/04/04 17:56:28 WARN outbox_mark_published_failed event_id=0c33ac02-0d40-4136-96dc-0557c2432f02 event_type=decision.completed aggregate_type=envelope aggregate_id=env-mark-fail topic=midas.decisions error="postgres connection lost"
2026/04/04 17:56:28 INFO outbox_batch_dispatched count=1 claimed=1
2026/04/04 17:56:28 WARN outbox_mark_published_failed event_id=0c33ac02-0d40-4136-96dc-0557c2432f02 event_type=decision.completed aggregate_type=envelope aggregate_id=env-mark-fail topic=midas.decisions error="postgres connection lost"
2026/04/04 17:56:28 INFO outbox_batch_dispatched count=1 claimed=1
2026/04/04 17:56:28 WARN outbox_mark_published_failed event_id=0c33ac02-0d40-4136-96dc-0557c2432f02 event_type=decision.completed aggregate_type=envelope aggregate_id=env-mark-fail topic=midas.decisions error="postgres connection lost"
2026/04/04 17:56:28 INFO outbox_batch_dispatched count=1 claimed=1
2026/04/04 17:56:28 WARN outbox_mark_published_failed event_id=0c33ac02-0d40-4136-96dc-0557c2432f02 event_type=decision.completed aggregate_type=envelope aggregate_id=env-mark-fail topic=midas.decisions error="postgres connection lost"
2026/04/04 17:56:28 INFO outbox_batch_dispatched count=1 claimed=1
2026/04/04 17:56:28 WARN outbox_mark_published_failed event_id=0c33ac02-0d40-4136-96dc-0557c2432f02 event_type=decision.completed aggregate_type=envelope aggregate_id=env-mark-fail topic=midas.decisions error="postgres connection lost"
2026/04/04 17:56:28 INFO outbox_batch_dispatched count=1 claimed=1
2026/04/04 17:56:28 WARN outbox_mark_published_failed event_id=0c33ac02-0d40-4136-96dc-0557c2432f02 event_type=decision.completed aggregate_type=envelope aggregate_id=env-mark-fail topic=midas.decisions error="postgres connection lost"
2026/04/04 17:56:28 INFO outbox_batch_dispatched count=1 claimed=1
2026/04/04 17:56:28 WARN outbox_mark_published_failed event_id=0c33ac02-0d40-4136-96dc-0557c2432f02 event_type=decision.completed aggregate_type=envelope aggregate_id=env-mark-fail topic=midas.decisions error="postgres connection lost"
2026/04/04 17:56:28 INFO outbox_batch_dispatched count=1 claimed=1
2026/04/04 17:56:28 WARN outbox_mark_published_failed event_id=0c33ac02-0d40-4136-96dc-0557c2432f02 event_type=decision.completed aggregate_type=envelope aggregate_id=env-mark-fail topic=midas.decisions error="postgres connection lost"
2026/04/04 17:56:28 INFO outbox_batch_dispatched count=1 claimed=1
2026/04/04 17:56:28 WARN outbox_mark_published_failed event_id=0c33ac02-0d40-4136-96dc-0557c2432f02 event_type=decision.completed aggregate_type=envelope aggregate_id=env-mark-fail topic=midas.decisions error="postgres connection lost"
2026/04/04 17:56:28 INFO outbox_batch_dispatched count=1 claimed=1
2026/04/04 17:56:28 WARN outbox_mark_published_failed event_id=0c33ac02-0d40-4136-96dc-0557c2432f02 event_type=decision.completed aggregate_type=envelope aggregate_id=env-mark-fail topic=midas.decisions error="postgres connection lost"
2026/04/04 17:56:28 INFO outbox_batch_dispatched count=1 claimed=1
2026/04/04 17:56:28 WARN outbox_mark_published_failed event_id=0c33ac02-0d40-4136-96dc-0557c2432f02 event_type=decision.completed aggregate_type=envelope aggregate_id=env-mark-fail topic=midas.decisions error="postgres connection lost"
2026/04/04 17:56:28 INFO outbox_batch_dispatched count=1 claimed=1
2026/04/04 17:56:28 WARN outbox_mark_published_failed event_id=0c33ac02-0d40-4136-96dc-0557c2432f02 event_type=decision.completed aggregate_type=envelope aggregate_id=env-mark-fail topic=midas.decisions error="postgres connection lost"
2026/04/04 17:56:28 INFO outbox_batch_dispatched count=1 claimed=1
2026/04/04 17:56:28 WARN outbox_mark_published_failed event_id=0c33ac02-0d40-4136-96dc-0557c2432f02 event_type=decision.completed aggregate_type=envelope aggregate_id=env-mark-fail topic=midas.decisions error="postgres connection lost"
2026/04/04 17:56:28 INFO outbox_batch_dispatched count=1 claimed=1
2026/04/04 17:56:28 WARN outbox_mark_published_failed event_id=0c33ac02-0d40-4136-96dc-0557c2432f02 event_type=decision.completed aggregate_type=envelope aggregate_id=env-mark-fail topic=midas.decisions error="postgres connection lost"
2026/04/04 17:56:28 INFO outbox_batch_dispatched count=1 claimed=1
2026/04/04 17:56:28 WARN outbox_mark_published_failed event_id=0c33ac02-0d40-4136-96dc-0557c2432f02 event_type=decision.completed aggregate_type=envelope aggregate_id=env-mark-fail topic=midas.decisions error="postgres connection lost"
2026/04/04 17:56:28 INFO outbox_batch_dispatched count=1 claimed=1
2026/04/04 17:56:28 WARN outbox_mark_published_failed event_id=0c33ac02-0d40-4136-96dc-0557c2432f02 event_type=decision.completed aggregate_type=envelope aggregate_id=env-mark-fail topic=midas.decisions error="postgres connection lost"
2026/04/04 17:56:28 INFO outbox_batch_dispatched count=1 claimed=1
2026/04/04 17:56:28 WARN outbox_mark_published_failed event_id=0c33ac02-0d40-4136-96dc-0557c2432f02 event_type=decision.completed aggregate_type=envelope aggregate_id=env-mark-fail topic=midas.decisions error="postgres connection lost"
2026/04/04 17:56:28 INFO outbox_batch_dispatched count=1 claimed=1
2026/04/04 17:56:28 WARN outbox_mark_published_failed event_id=0c33ac02-0d40-4136-96dc-0557c2432f02 event_type=decision.completed aggregate_type=envelope aggregate_id=env-mark-fail topic=midas.decisions error="postgres connection lost"
2026/04/04 17:56:28 INFO outbox_batch_dispatched count=1 claimed=1
2026/04/04 17:56:28 WARN outbox_mark_published_failed event_id=0c33ac02-0d40-4136-96dc-0557c2432f02 event_type=decision.completed aggregate_type=envelope aggregate_id=env-mark-fail topic=midas.decisions error="postgres connection lost"
2026/04/04 17:56:28 INFO outbox_batch_dispatched count=1 claimed=1
2026/04/04 17:56:28 WARN outbox_mark_published_failed event_id=0c33ac02-0d40-4136-96dc-0557c2432f02 event_type=decision.completed aggregate_type=envelope aggregate_id=env-mark-fail topic=midas.decisions error="postgres connection lost"
2026/04/04 17:56:28 INFO outbox_batch_dispatched count=1 claimed=1
2026/04/04 17:56:28 WARN outbox_mark_published_failed event_id=0c33ac02-0d40-4136-96dc-0557c2432f02 event_type=decision.completed aggregate_type=envelope aggregate_id=env-mark-fail topic=midas.decisions error="postgres connection lost"
2026/04/04 17:56:28 INFO outbox_batch_dispatched count=1 claimed=1
2026/04/04 17:56:28 WARN outbox_mark_published_failed event_id=0c33ac02-0d40-4136-96dc-0557c2432f02 event_type=decision.completed aggregate_type=envelope aggregate_id=env-mark-fail topic=midas.decisions error="postgres connection lost"
2026/04/04 17:56:28 INFO outbox_batch_dispatched count=1 claimed=1
2026/04/04 17:56:28 WARN outbox_mark_published_failed event_id=0c33ac02-0d40-4136-96dc-0557c2432f02 event_type=decision.completed aggregate_type=envelope aggregate_id=env-mark-fail topic=midas.decisions error="postgres connection lost"
2026/04/04 17:56:28 INFO outbox_batch_dispatched count=1 claimed=1
2026/04/04 17:56:28 WARN outbox_mark_published_failed event_id=0c33ac02-0d40-4136-96dc-0557c2432f02 event_type=decision.completed aggregate_type=envelope aggregate_id=env-mark-fail topic=midas.decisions error="postgres connection lost"
2026/04/04 17:56:28 INFO outbox_batch_dispatched count=1 claimed=1
2026/04/04 17:56:28 WARN outbox_mark_published_failed event_id=0c33ac02-0d40-4136-96dc-0557c2432f02 event_type=decision.completed aggregate_type=envelope aggregate_id=env-mark-fail topic=midas.decisions error="postgres connection lost"
2026/04/04 17:56:28 INFO outbox_batch_dispatched count=1 claimed=1
2026/04/04 17:56:28 WARN outbox_mark_published_failed event_id=0c33ac02-0d40-4136-96dc-0557c2432f02 event_type=decision.completed aggregate_type=envelope aggregate_id=env-mark-fail topic=midas.decisions error="postgres connection lost"
2026/04/04 17:56:28 INFO outbox_batch_dispatched count=1 claimed=1
2026/04/04 17:56:28 WARN outbox_mark_published_failed event_id=0c33ac02-0d40-4136-96dc-0557c2432f02 event_type=decision.completed aggregate_type=envelope aggregate_id=env-mark-fail topic=midas.decisions error="postgres connection lost"
2026/04/04 17:56:28 INFO outbox_batch_dispatched count=1 claimed=1
2026/04/04 17:56:28 WARN outbox_mark_published_failed event_id=0c33ac02-0d40-4136-96dc-0557c2432f02 event_type=decision.completed aggregate_type=envelope aggregate_id=env-mark-fail topic=midas.decisions error="postgres connection lost"
2026/04/04 17:56:28 INFO outbox_batch_dispatched count=1 claimed=1
2026/04/04 17:56:28 WARN outbox_mark_published_failed event_id=0c33ac02-0d40-4136-96dc-0557c2432f02 event_type=decision.completed aggregate_type=envelope aggregate_id=env-mark-fail topic=midas.decisions error="postgres connection lost"
2026/04/04 17:56:28 INFO outbox_batch_dispatched count=1 claimed=1
2026/04/04 17:56:28 WARN outbox_mark_published_failed event_id=0c33ac02-0d40-4136-96dc-0557c2432f02 event_type=decision.completed aggregate_type=envelope aggregate_id=env-mark-fail topic=midas.decisions error="postgres connection lost"
2026/04/04 17:56:28 INFO outbox_batch_dispatched count=1 claimed=1
2026/04/04 17:56:28 WARN outbox_mark_published_failed event_id=0c33ac02-0d40-4136-96dc-0557c2432f02 event_type=decision.completed aggregate_type=envelope aggregate_id=env-mark-fail topic=midas.decisions error="postgres connection lost"
2026/04/04 17:56:28 INFO outbox_batch_dispatched count=1 claimed=1
2026/04/04 17:56:28 WARN outbox_mark_published_failed event_id=0c33ac02-0d40-4136-96dc-0557c2432f02 event_type=decision.completed aggregate_type=envelope aggregate_id=env-mark-fail topic=midas.decisions error="postgres connection lost"
2026/04/04 17:56:28 INFO outbox_batch_dispatched count=1 claimed=1
2026/04/04 17:56:28 WARN outbox_mark_published_failed event_id=0c33ac02-0d40-4136-96dc-0557c2432f02 event_type=decision.completed aggregate_type=envelope aggregate_id=env-mark-fail topic=midas.decisions error="postgres connection lost"
2026/04/04 17:56:28 INFO outbox_batch_dispatched count=1 claimed=1
2026/04/04 17:56:28 WARN outbox_mark_published_failed event_id=0c33ac02-0d40-4136-96dc-0557c2432f02 event_type=decision.completed aggregate_type=envelope aggregate_id=env-mark-fail topic=midas.decisions error="postgres connection lost"
2026/04/04 17:56:28 INFO outbox_batch_dispatched count=1 claimed=1
2026/04/04 17:56:28 WARN outbox_mark_published_failed event_id=0c33ac02-0d40-4136-96dc-0557c2432f02 event_type=decision.completed aggregate_type=envelope aggregate_id=env-mark-fail topic=midas.decisions error="postgres connection lost"
2026/04/04 17:56:28 INFO outbox_batch_dispatched count=1 claimed=1
2026/04/04 17:56:28 WARN outbox_mark_published_failed event_id=0c33ac02-0d40-4136-96dc-0557c2432f02 event_type=decision.completed aggregate_type=envelope aggregate_id=env-mark-fail topic=midas.decisions error="postgres connection lost"
2026/04/04 17:56:28 INFO outbox_batch_dispatched count=1 claimed=1
2026/04/04 17:56:28 WARN outbox_mark_published_failed event_id=0c33ac02-0d40-4136-96dc-0557c2432f02 event_type=decision.completed aggregate_type=envelope aggregate_id=env-mark-fail topic=midas.decisions error="postgres connection lost"
2026/04/04 17:56:28 INFO outbox_batch_dispatched count=1 claimed=1
2026/04/04 17:56:28 WARN outbox_mark_published_failed event_id=0c33ac02-0d40-4136-96dc-0557c2432f02 event_type=decision.completed aggregate_type=envelope aggregate_id=env-mark-fail topic=midas.decisions error="postgres connection lost"
2026/04/04 17:56:28 INFO outbox_batch_dispatched count=1 claimed=1
2026/04/04 17:56:28 WARN outbox_mark_published_failed event_id=0c33ac02-0d40-4136-96dc-0557c2432f02 event_type=decision.completed aggregate_type=envelope aggregate_id=env-mark-fail topic=midas.decisions error="postgres connection lost"
2026/04/04 17:56:28 INFO outbox_batch_dispatched count=1 claimed=1
2026/04/04 17:56:28 WARN outbox_mark_published_failed event_id=0c33ac02-0d40-4136-96dc-0557c2432f02 event_type=decision.completed aggregate_type=envelope aggregate_id=env-mark-fail topic=midas.decisions error="postgres connection lost"
2026/04/04 17:56:28 INFO outbox_batch_dispatched count=1 claimed=1
2026/04/04 17:56:28 WARN outbox_mark_published_failed event_id=0c33ac02-0d40-4136-96dc-0557c2432f02 event_type=decision.completed aggregate_type=envelope aggregate_id=env-mark-fail topic=midas.decisions error="postgres connection lost"
2026/04/04 17:56:28 INFO outbox_batch_dispatched count=1 claimed=1
2026/04/04 17:56:28 WARN outbox_mark_published_failed event_id=0c33ac02-0d40-4136-96dc-0557c2432f02 event_type=decision.completed aggregate_type=envelope aggregate_id=env-mark-fail topic=midas.decisions error="postgres connection lost"
2026/04/04 17:56:28 INFO outbox_batch_dispatched count=1 claimed=1
2026/04/04 17:56:28 WARN outbox_mark_published_failed event_id=0c33ac02-0d40-4136-96dc-0557c2432f02 event_type=decision.completed aggregate_type=envelope aggregate_id=env-mark-fail topic=midas.decisions error="postgres connection lost"
2026/04/04 17:56:28 INFO outbox_batch_dispatched count=1 claimed=1
2026/04/04 17:56:28 WARN outbox_mark_published_failed event_id=0c33ac02-0d40-4136-96dc-0557c2432f02 event_type=decision.completed aggregate_type=envelope aggregate_id=env-mark-fail topic=midas.decisions error="postgres connection lost"
2026/04/04 17:56:28 INFO outbox_batch_dispatched count=1 claimed=1
2026/04/04 17:56:28 WARN outbox_mark_published_failed event_id=0c33ac02-0d40-4136-96dc-0557c2432f02 event_type=decision.completed aggregate_type=envelope aggregate_id=env-mark-fail topic=midas.decisions error="postgres connection lost"
2026/04/04 17:56:28 INFO outbox_batch_dispatched count=1 claimed=1
2026/04/04 17:56:28 WARN outbox_mark_published_failed event_id=0c33ac02-0d40-4136-96dc-0557c2432f02 event_type=decision.completed aggregate_type=envelope aggregate_id=env-mark-fail topic=midas.decisions error="postgres connection lost"
2026/04/04 17:56:28 INFO outbox_batch_dispatched count=1 claimed=1
2026/04/04 17:56:28 WARN outbox_mark_published_failed event_id=0c33ac02-0d40-4136-96dc-0557c2432f02 event_type=decision.completed aggregate_type=envelope aggregate_id=env-mark-fail topic=midas.decisions error="postgres connection lost"
2026/04/04 17:56:28 INFO outbox_batch_dispatched count=1 claimed=1
2026/04/04 17:56:28 WARN outbox_mark_published_failed event_id=0c33ac02-0d40-4136-96dc-0557c2432f02 event_type=decision.completed aggregate_type=envelope aggregate_id=env-mark-fail topic=midas.decisions error="postgres connection lost"
2026/04/04 17:56:28 INFO outbox_batch_dispatched count=1 claimed=1
2026/04/04 17:56:28 WARN outbox_mark_published_failed event_id=0c33ac02-0d40-4136-96dc-0557c2432f02 event_type=decision.completed aggregate_type=envelope aggregate_id=env-mark-fail topic=midas.decisions error="postgres connection lost"
2026/04/04 17:56:28 INFO outbox_batch_dispatched count=1 claimed=1
2026/04/04 17:56:28 WARN outbox_mark_published_failed event_id=0c33ac02-0d40-4136-96dc-0557c2432f02 event_type=decision.completed aggregate_type=envelope aggregate_id=env-mark-fail topic=midas.decisions error="postgres connection lost"
2026/04/04 17:56:28 INFO outbox_batch_dispatched count=1 claimed=1
2026/04/04 17:56:28 WARN outbox_mark_published_failed event_id=0c33ac02-0d40-4136-96dc-0557c2432f02 event_type=decision.completed aggregate_type=envelope aggregate_id=env-mark-fail topic=midas.decisions error="postgres connection lost"
2026/04/04 17:56:28 INFO outbox_batch_dispatched count=1 claimed=1
2026/04/04 17:56:28 WARN outbox_mark_published_failed event_id=0c33ac02-0d40-4136-96dc-0557c2432f02 event_type=decision.completed aggregate_type=envelope aggregate_id=env-mark-fail topic=midas.decisions error="postgres connection lost"
2026/04/04 17:56:28 INFO outbox_batch_dispatched count=1 claimed=1
2026/04/04 17:56:28 WARN outbox_mark_published_failed event_id=0c33ac02-0d40-4136-96dc-0557c2432f02 event_type=decision.completed aggregate_type=envelope aggregate_id=env-mark-fail topic=midas.decisions error="postgres connection lost"
2026/04/04 17:56:28 INFO outbox_batch_dispatched count=1 claimed=1
2026/04/04 17:56:28 WARN outbox_mark_published_failed event_id=0c33ac02-0d40-4136-96dc-0557c2432f02 event_type=decision.completed aggregate_type=envelope aggregate_id=env-mark-fail topic=midas.decisions error="postgres connection lost"
2026/04/04 17:56:28 INFO outbox_batch_dispatched count=1 claimed=1
2026/04/04 17:56:28 WARN outbox_mark_published_failed event_id=0c33ac02-0d40-4136-96dc-0557c2432f02 event_type=decision.completed aggregate_type=envelope aggregate_id=env-mark-fail topic=midas.decisions error="postgres connection lost"
2026/04/04 17:56:28 INFO outbox_batch_dispatched count=1 claimed=1
2026/04/04 17:56:28 WARN outbox_mark_published_failed event_id=0c33ac02-0d40-4136-96dc-0557c2432f02 event_type=decision.completed aggregate_type=envelope aggregate_id=env-mark-fail topic=midas.decisions error="postgres connection lost"
2026/04/04 17:56:28 INFO outbox_batch_dispatched count=1 claimed=1
2026/04/04 17:56:28 WARN outbox_mark_published_failed event_id=0c33ac02-0d40-4136-96dc-0557c2432f02 event_type=decision.completed aggregate_type=envelope aggregate_id=env-mark-fail topic=midas.decisions error="postgres connection lost"
2026/04/04 17:56:28 INFO outbox_batch_dispatched count=1 claimed=1
2026/04/04 17:56:28 WARN outbox_mark_published_failed event_id=0c33ac02-0d40-4136-96dc-0557c2432f02 event_type=decision.completed aggregate_type=envelope aggregate_id=env-mark-fail topic=midas.decisions error="postgres connection lost"
2026/04/04 17:56:28 INFO outbox_batch_dispatched count=1 claimed=1
2026/04/04 17:56:28 WARN outbox_mark_published_failed event_id=0c33ac02-0d40-4136-96dc-0557c2432f02 event_type=decision.completed aggregate_type=envelope aggregate_id=env-mark-fail topic=midas.decisions error="postgres connection lost"
2026/04/04 17:56:28 INFO outbox_batch_dispatched count=1 claimed=1
2026/04/04 17:56:28 WARN outbox_mark_published_failed event_id=0c33ac02-0d40-4136-96dc-0557c2432f02 event_type=decision.completed aggregate_type=envelope aggregate_id=env-mark-fail topic=midas.decisions error="postgres connection lost"
2026/04/04 17:56:28 INFO outbox_batch_dispatched count=1 claimed=1
2026/04/04 17:56:28 WARN outbox_mark_published_failed event_id=0c33ac02-0d40-4136-96dc-0557c2432f02 event_type=decision.completed aggregate_type=envelope aggregate_id=env-mark-fail topic=midas.decisions error="postgres connection lost"
2026/04/04 17:56:28 INFO outbox_batch_dispatched count=1 claimed=1
2026/04/04 17:56:28 WARN outbox_mark_published_failed event_id=0c33ac02-0d40-4136-96dc-0557c2432f02 event_type=decision.completed aggregate_type=envelope aggregate_id=env-mark-fail topic=midas.decisions error="postgres connection lost"
2026/04/04 17:56:28 INFO outbox_batch_dispatched count=1 claimed=1
2026/04/04 17:56:28 WARN outbox_mark_published_failed event_id=0c33ac02-0d40-4136-96dc-0557c2432f02 event_type=decision.completed aggregate_type=envelope aggregate_id=env-mark-fail topic=midas.decisions error="postgres connection lost"
2026/04/04 17:56:28 INFO outbox_batch_dispatched count=1 claimed=1
2026/04/04 17:56:28 WARN outbox_mark_published_failed event_id=0c33ac02-0d40-4136-96dc-0557c2432f02 event_type=decision.completed aggregate_type=envelope aggregate_id=env-mark-fail topic=midas.decisions error="postgres connection lost"
2026/04/04 17:56:28 INFO outbox_batch_dispatched count=1 claimed=1
2026/04/04 17:56:28 WARN outbox_mark_published_failed event_id=0c33ac02-0d40-4136-96dc-0557c2432f02 event_type=decision.completed aggregate_type=envelope aggregate_id=env-mark-fail topic=midas.decisions error="postgres connection lost"
2026/04/04 17:56:28 INFO outbox_batch_dispatched count=1 claimed=1
2026/04/04 17:56:28 WARN outbox_mark_published_failed event_id=0c33ac02-0d40-4136-96dc-0557c2432f02 event_type=decision.completed aggregate_type=envelope aggregate_id=env-mark-fail topic=midas.decisions error="postgres connection lost"
2026/04/04 17:56:28 INFO outbox_batch_dispatched count=1 claimed=1
2026/04/04 17:56:28 WARN outbox_mark_published_failed event_id=0c33ac02-0d40-4136-96dc-0557c2432f02 event_type=decision.completed aggregate_type=envelope aggregate_id=env-mark-fail topic=midas.decisions error="postgres connection lost"
2026/04/04 17:56:28 INFO outbox_batch_dispatched count=1 claimed=1
2026/04/04 17:56:28 WARN outbox_mark_published_failed event_id=0c33ac02-0d40-4136-96dc-0557c2432f02 event_type=decision.completed aggregate_type=envelope aggregate_id=env-mark-fail topic=midas.decisions error="postgres connection lost"
2026/04/04 17:56:28 INFO outbox_batch_dispatched count=1 claimed=1
2026/04/04 17:56:28 WARN outbox_mark_published_failed event_id=0c33ac02-0d40-4136-96dc-0557c2432f02 event_type=decision.completed aggregate_type=envelope aggregate_id=env-mark-fail topic=midas.decisions error="postgres connection lost"
2026/04/04 17:56:28 INFO outbox_batch_dispatched count=1 claimed=1
2026/04/04 17:56:28 WARN outbox_mark_published_failed event_id=0c33ac02-0d40-4136-96dc-0557c2432f02 event_type=decision.completed aggregate_type=envelope aggregate_id=env-mark-fail topic=midas.decisions error="postgres connection lost"
2026/04/04 17:56:28 INFO outbox_batch_dispatched count=1 claimed=1
2026/04/04 17:56:28 WARN outbox_mark_published_failed event_id=0c33ac02-0d40-4136-96dc-0557c2432f02 event_type=decision.completed aggregate_type=envelope aggregate_id=env-mark-fail topic=midas.decisions error="postgres connection lost"
2026/04/04 17:56:28 INFO outbox_batch_dispatched count=1 claimed=1
2026/04/04 17:56:28 WARN outbox_mark_published_failed event_id=0c33ac02-0d40-4136-96dc-0557c2432f02 event_type=decision.completed aggregate_type=envelope aggregate_id=env-mark-fail topic=midas.decisions error="postgres connection lost"
2026/04/04 17:56:28 INFO outbox_batch_dispatched count=1 claimed=1
2026/04/04 17:56:28 WARN outbox_mark_published_failed event_id=0c33ac02-0d40-4136-96dc-0557c2432f02 event_type=decision.completed aggregate_type=envelope aggregate_id=env-mark-fail topic=midas.decisions error="postgres connection lost"
2026/04/04 17:56:28 INFO outbox_batch_dispatched count=1 claimed=1
2026/04/04 17:56:28 WARN outbox_mark_published_failed event_id=0c33ac02-0d40-4136-96dc-0557c2432f02 event_type=decision.completed aggregate_type=envelope aggregate_id=env-mark-fail topic=midas.decisions error="postgres connection lost"
2026/04/04 17:56:28 INFO outbox_batch_dispatched count=1 claimed=1
2026/04/04 17:56:28 WARN outbox_mark_published_failed event_id=0c33ac02-0d40-4136-96dc-0557c2432f02 event_type=decision.completed aggregate_type=envelope aggregate_id=env-mark-fail topic=midas.decisions error="postgres connection lost"
2026/04/04 17:56:28 INFO outbox_batch_dispatched count=1 claimed=1
2026/04/04 17:56:28 WARN outbox_mark_published_failed event_id=0c33ac02-0d40-4136-96dc-0557c2432f02 event_type=decision.completed aggregate_type=envelope aggregate_id=env-mark-fail topic=midas.decisions error="postgres connection lost"
2026/04/04 17:56:28 INFO outbox_batch_dispatched count=1 claimed=1
2026/04/04 17:56:28 WARN outbox_mark_published_failed event_id=0c33ac02-0d40-4136-96dc-0557c2432f02 event_type=decision.completed aggregate_type=envelope aggregate_id=env-mark-fail topic=midas.decisions error="postgres connection lost"
2026/04/04 17:56:28 INFO outbox_batch_dispatched count=1 claimed=1
2026/04/04 17:56:28 WARN outbox_mark_published_failed event_id=0c33ac02-0d40-4136-96dc-0557c2432f02 event_type=decision.completed aggregate_type=envelope aggregate_id=env-mark-fail topic=midas.decisions error="postgres connection lost"
2026/04/04 17:56:28 INFO outbox_batch_dispatched count=1 claimed=1
2026/04/04 17:56:28 WARN outbox_mark_published_failed event_id=0c33ac02-0d40-4136-96dc-0557c2432f02 event_type=decision.completed aggregate_type=envelope aggregate_id=env-mark-fail topic=midas.decisions error="postgres connection lost"
2026/04/04 17:56:28 INFO outbox_batch_dispatched count=1 claimed=1
2026/04/04 17:56:28 WARN outbox_mark_published_failed event_id=0c33ac02-0d40-4136-96dc-0557c2432f02 event_type=decision.completed aggregate_type=envelope aggregate_id=env-mark-fail topic=midas.decisions error="postgres connection lost"
2026/04/04 17:56:28 INFO outbox_batch_dispatched count=1 claimed=1
2026/04/04 17:56:28 WARN outbox_mark_published_failed event_id=0c33ac02-0d40-4136-96dc-0557c2432f02 event_type=decision.completed aggregate_type=envelope aggregate_id=env-mark-fail topic=midas.decisions error="postgres connection lost"
2026/04/04 17:56:28 INFO outbox_batch_dispatched count=1 claimed=1
2026/04/04 17:56:28 WARN outbox_mark_published_failed event_id=0c33ac02-0d40-4136-96dc-0557c2432f02 event_type=decision.completed aggregate_type=envelope aggregate_id=env-mark-fail topic=midas.decisions error="postgres connection lost"
2026/04/04 17:56:28 INFO outbox_batch_dispatched count=1 claimed=1
2026/04/04 17:56:28 WARN outbox_mark_published_failed event_id=0c33ac02-0d40-4136-96dc-0557c2432f02 event_type=decision.completed aggregate_type=envelope aggregate_id=env-mark-fail topic=midas.decisions error="postgres connection lost"
2026/04/04 17:56:28 INFO outbox_batch_dispatched count=1 claimed=1
2026/04/04 17:56:28 WARN outbox_mark_published_failed event_id=0c33ac02-0d40-4136-96dc-0557c2432f02 event_type=decision.completed aggregate_type=envelope aggregate_id=env-mark-fail topic=midas.decisions error="postgres connection lost"
2026/04/04 17:56:28 INFO outbox_batch_dispatched count=1 claimed=1
2026/04/04 17:56:28 WARN outbox_mark_published_failed event_id=0c33ac02-0d40-4136-96dc-0557c2432f02 event_type=decision.completed aggregate_type=envelope aggregate_id=env-mark-fail topic=midas.decisions error="postgres connection lost"
2026/04/04 17:56:28 INFO outbox_batch_dispatched count=1 claimed=1
2026/04/04 17:56:28 WARN outbox_mark_published_failed event_id=0c33ac02-0d40-4136-96dc-0557c2432f02 event_type=decision.completed aggregate_type=envelope aggregate_id=env-mark-fail topic=midas.decisions error="postgres connection lost"
2026/04/04 17:56:28 INFO outbox_batch_dispatched count=1 claimed=1
2026/04/04 17:56:28 WARN outbox_mark_published_failed event_id=0c33ac02-0d40-4136-96dc-0557c2432f02 event_type=decision.completed aggregate_type=envelope aggregate_id=env-mark-fail topic=midas.decisions error="postgres connection lost"
2026/04/04 17:56:28 INFO outbox_batch_dispatched count=1 claimed=1
2026/04/04 17:56:28 WARN outbox_mark_published_failed event_id=0c33ac02-0d40-4136-96dc-0557c2432f02 event_type=decision.completed aggregate_type=envelope aggregate_id=env-mark-fail topic=midas.decisions error="postgres connection lost"
2026/04/04 17:56:28 INFO outbox_batch_dispatched count=1 claimed=1
2026/04/04 17:56:28 WARN outbox_mark_published_failed event_id=0c33ac02-0d40-4136-96dc-0557c2432f02 event_type=decision.completed aggregate_type=envelope aggregate_id=env-mark-fail topic=midas.decisions error="postgres connection lost"
2026/04/04 17:56:28 INFO outbox_batch_dispatched count=1 claimed=1
2026/04/04 17:56:28 WARN outbox_mark_published_failed event_id=0c33ac02-0d40-4136-96dc-0557c2432f02 event_type=decision.completed aggregate_type=envelope aggregate_id=env-mark-fail topic=midas.decisions error="postgres connection lost"
2026/04/04 17:56:28 INFO outbox_batch_dispatched count=1 claimed=1
2026/04/04 17:56:28 WARN outbox_mark_published_failed event_id=0c33ac02-0d40-4136-96dc-0557c2432f02 event_type=decision.completed aggregate_type=envelope aggregate_id=env-mark-fail topic=midas.decisions error="postgres connection lost"
2026/04/04 17:56:28 INFO outbox_batch_dispatched count=1 claimed=1
2026/04/04 17:56:28 WARN outbox_mark_published_failed event_id=0c33ac02-0d40-4136-96dc-0557c2432f02 event_type=decision.completed aggregate_type=envelope aggregate_id=env-mark-fail topic=midas.decisions error="postgres connection lost"
2026/04/04 17:56:28 INFO outbox_batch_dispatched count=1 claimed=1
2026/04/04 17:56:28 WARN outbox_mark_published_failed event_id=0c33ac02-0d40-4136-96dc-0557c2432f02 event_type=decision.completed aggregate_type=envelope aggregate_id=env-mark-fail topic=midas.decisions error="postgres connection lost"
2026/04/04 17:56:28 INFO outbox_batch_dispatched count=1 claimed=1
2026/04/04 17:56:28 WARN outbox_mark_published_failed event_id=0c33ac02-0d40-4136-96dc-0557c2432f02 event_type=decision.completed aggregate_type=envelope aggregate_id=env-mark-fail topic=midas.decisions error="postgres connection lost"
2026/04/04 17:56:28 INFO outbox_batch_dispatched count=1 claimed=1
2026/04/04 17:56:28 WARN outbox_mark_published_failed event_id=0c33ac02-0d40-4136-96dc-0557c2432f02 event_type=decision.completed aggregate_type=envelope aggregate_id=env-mark-fail topic=midas.decisions error="postgres connection lost"
2026/04/04 17:56:28 INFO outbox_batch_dispatched count=1 claimed=1
2026/04/04 17:56:28 WARN outbox_mark_published_failed event_id=0c33ac02-0d40-4136-96dc-0557c2432f02 event_type=decision.completed aggregate_type=envelope aggregate_id=env-mark-fail topic=midas.decisions error="postgres connection lost"
2026/04/04 17:56:28 INFO outbox_batch_dispatched count=1 claimed=1
2026/04/04 17:56:28 WARN outbox_mark_published_failed event_id=0c33ac02-0d40-4136-96dc-0557c2432f02 event_type=decision.completed aggregate_type=envelope aggregate_id=env-mark-fail topic=midas.decisions error="postgres connection lost"
2026/04/04 17:56:28 INFO outbox_batch_dispatched count=1 claimed=1
2026/04/04 17:56:28 WARN outbox_mark_published_failed event_id=0c33ac02-0d40-4136-96dc-0557c2432f02 event_type=decision.completed aggregate_type=envelope aggregate_id=env-mark-fail topic=midas.decisions error="postgres connection lost"
2026/04/04 17:56:28 INFO outbox_batch_dispatched count=1 claimed=1
2026/04/04 17:56:28 WARN outbox_mark_published_failed event_id=0c33ac02-0d40-4136-96dc-0557c2432f02 event_type=decision.completed aggregate_type=envelope aggregate_id=env-mark-fail topic=midas.decisions error="postgres connection lost"
2026/04/04 17:56:28 INFO outbox_batch_dispatched count=1 claimed=1
2026/04/04 17:56:28 WARN outbox_mark_published_failed event_id=0c33ac02-0d40-4136-96dc-0557c2432f02 event_type=decision.completed aggregate_type=envelope aggregate_id=env-mark-fail topic=midas.decisions error="postgres connection lost"
2026/04/04 17:56:28 INFO outbox_batch_dispatched count=1 claimed=1
2026/04/04 17:56:28 WARN outbox_mark_published_failed event_id=0c33ac02-0d40-4136-96dc-0557c2432f02 event_type=decision.completed aggregate_type=envelope aggregate_id=env-mark-fail topic=midas.decisions error="postgres connection lost"
2026/04/04 17:56:28 INFO outbox_batch_dispatched count=1 claimed=1
2026/04/04 17:56:28 WARN outbox_mark_published_failed event_id=0c33ac02-0d40-4136-96dc-0557c2432f02 event_type=decision.completed aggregate_type=envelope aggregate_id=env-mark-fail topic=midas.decisions error="postgres connection lost"
2026/04/04 17:56:28 INFO outbox_batch_dispatched count=1 claimed=1
2026/04/04 17:56:28 WARN outbox_mark_published_failed event_id=0c33ac02-0d40-4136-96dc-0557c2432f02 event_type=decision.completed aggregate_type=envelope aggregate_id=env-mark-fail topic=midas.decisions error="postgres connection lost"
2026/04/04 17:56:28 INFO outbox_batch_dispatched count=1 claimed=1
2026/04/04 17:56:28 WARN outbox_mark_published_failed event_id=0c33ac02-0d40-4136-96dc-0557c2432f02 event_type=decision.completed aggregate_type=envelope aggregate_id=env-mark-fail topic=midas.decisions error="postgres connection lost"
2026/04/04 17:56:28 INFO outbox_batch_dispatched count=1 claimed=1
2026/04/04 17:56:28 WARN outbox_mark_published_failed event_id=0c33ac02-0d40-4136-96dc-0557c2432f02 event_type=decision.completed aggregate_type=envelope aggregate_id=env-mark-fail topic=midas.decisions error="postgres connection lost"
2026/04/04 17:56:28 INFO outbox_batch_dispatched count=1 claimed=1
2026/04/04 17:56:28 WARN outbox_mark_published_failed event_id=0c33ac02-0d40-4136-96dc-0557c2432f02 event_type=decision.completed aggregate_type=envelope aggregate_id=env-mark-fail topic=midas.decisions error="postgres connection lost"
2026/04/04 17:56:28 INFO outbox_batch_dispatched count=1 claimed=1
2026/04/04 17:56:28 WARN outbox_mark_published_failed event_id=0c33ac02-0d40-4136-96dc-0557c2432f02 event_type=decision.completed aggregate_type=envelope aggregate_id=env-mark-fail topic=midas.decisions error="postgres connection lost"
2026/04/04 17:56:28 INFO outbox_batch_dispatched count=1 claimed=1
2026/04/04 17:56:28 WARN outbox_mark_published_failed event_id=0c33ac02-0d40-4136-96dc-0557c2432f02 event_type=decision.completed aggregate_type=envelope aggregate_id=env-mark-fail topic=midas.decisions error="postgres connection lost"
2026/04/04 17:56:28 INFO outbox_batch_dispatched count=1 claimed=1
2026/04/04 17:56:28 WARN outbox_mark_published_failed event_id=0c33ac02-0d40-4136-96dc-0557c2432f02 event_type=decision.completed aggregate_type=envelope aggregate_id=env-mark-fail topic=midas.decisions error="postgres connection lost"
2026/04/04 17:56:28 INFO outbox_batch_dispatched count=1 claimed=1
2026/04/04 17:56:28 WARN outbox_mark_published_failed event_id=0c33ac02-0d40-4136-96dc-0557c2432f02 event_type=decision.completed aggregate_type=envelope aggregate_id=env-mark-fail topic=midas.decisions error="postgres connection lost"
2026/04/04 17:56:28 INFO outbox_batch_dispatched count=1 claimed=1
2026/04/04 17:56:28 WARN outbox_mark_published_failed event_id=0c33ac02-0d40-4136-96dc-0557c2432f02 event_type=decision.completed aggregate_type=envelope aggregate_id=env-mark-fail topic=midas.decisions error="postgres connection lost"
2026/04/04 17:56:28 INFO outbox_batch_dispatched count=1 claimed=1
2026/04/04 17:56:28 WARN outbox_mark_published_failed event_id=0c33ac02-0d40-4136-96dc-0557c2432f02 event_type=decision.completed aggregate_type=envelope aggregate_id=env-mark-fail topic=midas.decisions error="postgres connection lost"
2026/04/04 17:56:28 INFO outbox_batch_dispatched count=1 claimed=1
2026/04/04 17:56:28 WARN outbox_mark_published_failed event_id=0c33ac02-0d40-4136-96dc-0557c2432f02 event_type=decision.completed aggregate_type=envelope aggregate_id=env-mark-fail topic=midas.decisions error="postgres connection lost"
2026/04/04 17:56:28 INFO outbox_batch_dispatched count=1 claimed=1
2026/04/04 17:56:28 WARN outbox_mark_published_failed event_id=0c33ac02-0d40-4136-96dc-0557c2432f02 event_type=decision.completed aggregate_type=envelope aggregate_id=env-mark-fail topic=midas.decisions error="postgres connection lost"
2026/04/04 17:56:28 INFO outbox_batch_dispatched count=1 claimed=1
2026/04/04 17:56:28 WARN outbox_mark_published_failed event_id=0c33ac02-0d40-4136-96dc-0557c2432f02 event_type=decision.completed aggregate_type=envelope aggregate_id=env-mark-fail topic=midas.decisions error="postgres connection lost"
2026/04/04 17:56:28 INFO outbox_batch_dispatched count=1 claimed=1
2026/04/04 17:56:28 WARN outbox_mark_published_failed event_id=0c33ac02-0d40-4136-96dc-0557c2432f02 event_type=decision.completed aggregate_type=envelope aggregate_id=env-mark-fail topic=midas.decisions error="postgres connection lost"
2026/04/04 17:56:28 INFO outbox_batch_dispatched count=1 claimed=1
2026/04/04 17:56:28 WARN outbox_mark_published_failed event_id=0c33ac02-0d40-4136-96dc-0557c2432f02 event_type=decision.completed aggregate_type=envelope aggregate_id=env-mark-fail topic=midas.decisions error="postgres connection lost"
2026/04/04 17:56:28 INFO outbox_batch_dispatched count=1 claimed=1
2026/04/04 17:56:28 WARN outbox_mark_published_failed event_id=0c33ac02-0d40-4136-96dc-0557c2432f02 event_type=decision.completed aggregate_type=envelope aggregate_id=env-mark-fail topic=midas.decisions error="postgres connection lost"
2026/04/04 17:56:28 INFO outbox_batch_dispatched count=1 claimed=1
2026/04/04 17:56:28 WARN outbox_mark_published_failed event_id=0c33ac02-0d40-4136-96dc-0557c2432f02 event_type=decision.completed aggregate_type=envelope aggregate_id=env-mark-fail topic=midas.decisions error="postgres connection lost"
2026/04/04 17:56:28 INFO outbox_batch_dispatched count=1 claimed=1
2026/04/04 17:56:28 WARN outbox_mark_published_failed event_id=0c33ac02-0d40-4136-96dc-0557c2432f02 event_type=decision.completed aggregate_type=envelope aggregate_id=env-mark-fail topic=midas.decisions error="postgres connection lost"
2026/04/04 17:56:28 INFO outbox_batch_dispatched count=1 claimed=1
2026/04/04 17:56:28 WARN outbox_mark_published_failed event_id=0c33ac02-0d40-4136-96dc-0557c2432f02 event_type=decision.completed aggregate_type=envelope aggregate_id=env-mark-fail topic=midas.decisions error="postgres connection lost"
2026/04/04 17:56:28 INFO outbox_batch_dispatched count=1 claimed=1
2026/04/04 17:56:28 WARN outbox_mark_published_failed event_id=0c33ac02-0d40-4136-96dc-0557c2432f02 event_type=decision.completed aggregate_type=envelope aggregate_id=env-mark-fail topic=midas.decisions error="postgres connection lost"
2026/04/04 17:56:28 INFO outbox_batch_dispatched count=1 claimed=1
2026/04/04 17:56:28 WARN outbox_mark_published_failed event_id=0c33ac02-0d40-4136-96dc-0557c2432f02 event_type=decision.completed aggregate_type=envelope aggregate_id=env-mark-fail topic=midas.decisions error="postgres connection lost"
2026/04/04 17:56:28 INFO outbox_batch_dispatched count=1 claimed=1
2026/04/04 17:56:28 WARN outbox_mark_published_failed event_id=0c33ac02-0d40-4136-96dc-0557c2432f02 event_type=decision.completed aggregate_type=envelope aggregate_id=env-mark-fail topic=midas.decisions error="postgres connection lost"
2026/04/04 17:56:28 INFO outbox_batch_dispatched count=1 claimed=1
2026/04/04 17:56:28 WARN outbox_mark_published_failed event_id=0c33ac02-0d40-4136-96dc-0557c2432f02 event_type=decision.completed aggregate_type=envelope aggregate_id=env-mark-fail topic=midas.decisions error="postgres connection lost"
2026/04/04 17:56:28 INFO outbox_batch_dispatched count=1 claimed=1
2026/04/04 17:56:28 WARN outbox_mark_published_failed event_id=0c33ac02-0d40-4136-96dc-0557c2432f02 event_type=decision.completed aggregate_type=envelope aggregate_id=env-mark-fail topic=midas.decisions error="postgres connection lost"
2026/04/04 17:56:28 INFO outbox_batch_dispatched count=1 claimed=1
2026/04/04 17:56:28 WARN outbox_mark_published_failed event_id=0c33ac02-0d40-4136-96dc-0557c2432f02 event_type=decision.completed aggregate_type=envelope aggregate_id=env-mark-fail topic=midas.decisions error="postgres connection lost"
2026/04/04 17:56:28 INFO outbox_batch_dispatched count=1 claimed=1
2026/04/04 17:56:28 WARN outbox_mark_published_failed event_id=0c33ac02-0d40-4136-96dc-0557c2432f02 event_type=decision.completed aggregate_type=envelope aggregate_id=env-mark-fail topic=midas.decisions error="postgres connection lost"
2026/04/04 17:56:28 INFO outbox_batch_dispatched count=1 claimed=1
2026/04/04 17:56:28 WARN outbox_mark_published_failed event_id=0c33ac02-0d40-4136-96dc-0557c2432f02 event_type=decision.completed aggregate_type=envelope aggregate_id=env-mark-fail topic=midas.decisions error="postgres connection lost"
2026/04/04 17:56:28 INFO outbox_batch_dispatched count=1 claimed=1
2026/04/04 17:56:28 WARN outbox_mark_published_failed event_id=0c33ac02-0d40-4136-96dc-0557c2432f02 event_type=decision.completed aggregate_type=envelope aggregate_id=env-mark-fail topic=midas.decisions error="postgres connection lost"
2026/04/04 17:56:28 INFO outbox_batch_dispatched count=1 claimed=1
2026/04/04 17:56:28 WARN outbox_mark_published_failed event_id=0c33ac02-0d40-4136-96dc-0557c2432f02 event_type=decision.completed aggregate_type=envelope aggregate_id=env-mark-fail topic=midas.decisions error="postgres connection lost"
2026/04/04 17:56:28 INFO outbox_batch_dispatched count=1 claimed=1
2026/04/04 17:56:28 WARN outbox_mark_published_failed event_id=0c33ac02-0d40-4136-96dc-0557c2432f02 event_type=decision.completed aggregate_type=envelope aggregate_id=env-mark-fail topic=midas.decisions error="postgres connection lost"
2026/04/04 17:56:28 INFO outbox_batch_dispatched count=1 claimed=1
2026/04/04 17:56:28 WARN outbox_mark_published_failed event_id=0c33ac02-0d40-4136-96dc-0557c2432f02 event_type=decision.completed aggregate_type=envelope aggregate_id=env-mark-fail topic=midas.decisions error="postgres connection lost"
2026/04/04 17:56:28 INFO outbox_batch_dispatched count=1 claimed=1
2026/04/04 17:56:28 WARN outbox_mark_published_failed event_id=0c33ac02-0d40-4136-96dc-0557c2432f02 event_type=decision.completed aggregate_type=envelope aggregate_id=env-mark-fail topic=midas.decisions error="postgres connection lost"
2026/04/04 17:56:28 INFO outbox_batch_dispatched count=1 claimed=1
2026/04/04 17:56:28 WARN outbox_mark_published_failed event_id=0c33ac02-0d40-4136-96dc-0557c2432f02 event_type=decision.completed aggregate_type=envelope aggregate_id=env-mark-fail topic=midas.decisions error="postgres connection lost"
2026/04/04 17:56:28 INFO outbox_batch_dispatched count=1 claimed=1
2026/04/04 17:56:28 WARN outbox_mark_published_failed event_id=0c33ac02-0d40-4136-96dc-0557c2432f02 event_type=decision.completed aggregate_type=envelope aggregate_id=env-mark-fail topic=midas.decisions error="postgres connection lost"
2026/04/04 17:56:28 INFO outbox_batch_dispatched count=1 claimed=1
2026/04/04 17:56:28 WARN outbox_mark_published_failed event_id=0c33ac02-0d40-4136-96dc-0557c2432f02 event_type=decision.completed aggregate_type=envelope aggregate_id=env-mark-fail topic=midas.decisions error="postgres connection lost"
2026/04/04 17:56:28 INFO outbox_batch_dispatched count=1 claimed=1
2026/04/04 17:56:28 WARN outbox_mark_published_failed event_id=0c33ac02-0d40-4136-96dc-0557c2432f02 event_type=decision.completed aggregate_type=envelope aggregate_id=env-mark-fail topic=midas.decisions error="postgres connection lost"
2026/04/04 17:56:28 INFO outbox_batch_dispatched count=1 claimed=1
2026/04/04 17:56:28 WARN outbox_mark_published_failed event_id=0c33ac02-0d40-4136-96dc-0557c2432f02 event_type=decision.completed aggregate_type=envelope aggregate_id=env-mark-fail topic=midas.decisions error="postgres connection lost"
2026/04/04 17:56:28 INFO outbox_batch_dispatched count=1 claimed=1
2026/04/04 17:56:28 WARN outbox_mark_published_failed event_id=0c33ac02-0d40-4136-96dc-0557c2432f02 event_type=decision.completed aggregate_type=envelope aggregate_id=env-mark-fail topic=midas.decisions error="postgres connection lost"
2026/04/04 17:56:28 INFO outbox_batch_dispatched count=1 claimed=1
2026/04/04 17:56:28 WARN outbox_mark_published_failed event_id=0c33ac02-0d40-4136-96dc-0557c2432f02 event_type=decision.completed aggregate_type=envelope aggregate_id=env-mark-fail topic=midas.decisions error="postgres connection lost"
2026/04/04 17:56:28 INFO outbox_batch_dispatched count=1 claimed=1
2026/04/04 17:56:28 WARN outbox_mark_published_failed event_id=0c33ac02-0d40-4136-96dc-0557c2432f02 event_type=decision.completed aggregate_type=envelope aggregate_id=env-mark-fail topic=midas.decisions error="postgres connection lost"
2026/04/04 17:56:28 INFO outbox_batch_dispatched count=1 claimed=1
2026/04/04 17:56:28 WARN outbox_mark_published_failed event_id=0c33ac02-0d40-4136-96dc-0557c2432f02 event_type=decision.completed aggregate_type=envelope aggregate_id=env-mark-fail topic=midas.decisions error="postgres connection lost"
2026/04/04 17:56:28 INFO outbox_batch_dispatched count=1 claimed=1
2026/04/04 17:56:28 WARN outbox_mark_published_failed event_id=0c33ac02-0d40-4136-96dc-0557c2432f02 event_type=decision.completed aggregate_type=envelope aggregate_id=env-mark-fail topic=midas.decisions error="postgres connection lost"
2026/04/04 17:56:28 INFO outbox_batch_dispatched count=1 claimed=1
2026/04/04 17:56:28 WARN outbox_mark_published_failed event_id=0c33ac02-0d40-4136-96dc-0557c2432f02 event_type=decision.completed aggregate_type=envelope aggregate_id=env-mark-fail topic=midas.decisions error="postgres connection lost"
2026/04/04 17:56:28 INFO outbox_batch_dispatched count=1 claimed=1
2026/04/04 17:56:28 WARN outbox_mark_published_failed event_id=0c33ac02-0d40-4136-96dc-0557c2432f02 event_type=decision.completed aggregate_type=envelope aggregate_id=env-mark-fail topic=midas.decisions error="postgres connection lost"
2026/04/04 17:56:28 INFO outbox_batch_dispatched count=1 claimed=1
2026/04/04 17:56:28 WARN outbox_mark_published_failed event_id=0c33ac02-0d40-4136-96dc-0557c2432f02 event_type=decision.completed aggregate_type=envelope aggregate_id=env-mark-fail topic=midas.decisions error="postgres connection lost"
2026/04/04 17:56:28 INFO outbox_batch_dispatched count=1 claimed=1
2026/04/04 17:56:28 WARN outbox_mark_published_failed event_id=0c33ac02-0d40-4136-96dc-0557c2432f02 event_type=decision.completed aggregate_type=envelope aggregate_id=env-mark-fail topic=midas.decisions error="postgres connection lost"
2026/04/04 17:56:28 INFO outbox_batch_dispatched count=1 claimed=1
2026/04/04 17:56:28 WARN outbox_mark_published_failed event_id=0c33ac02-0d40-4136-96dc-0557c2432f02 event_type=decision.completed aggregate_type=envelope aggregate_id=env-mark-fail topic=midas.decisions error="postgres connection lost"
2026/04/04 17:56:28 INFO outbox_batch_dispatched count=1 claimed=1
2026/04/04 17:56:28 WARN outbox_mark_published_failed event_id=0c33ac02-0d40-4136-96dc-0557c2432f02 event_type=decision.completed aggregate_type=envelope aggregate_id=env-mark-fail topic=midas.decisions error="postgres connection lost"
2026/04/04 17:56:28 INFO outbox_batch_dispatched count=1 claimed=1
2026/04/04 17:56:28 WARN outbox_mark_published_failed event_id=0c33ac02-0d40-4136-96dc-0557c2432f02 event_type=decision.completed aggregate_type=envelope aggregate_id=env-mark-fail topic=midas.decisions error="postgres connection lost"
2026/04/04 17:56:28 INFO outbox_batch_dispatched count=1 claimed=1
2026/04/04 17:56:28 WARN outbox_mark_published_failed event_id=0c33ac02-0d40-4136-96dc-0557c2432f02 event_type=decision.completed aggregate_type=envelope aggregate_id=env-mark-fail topic=midas.decisions error="postgres connection lost"
2026/04/04 17:56:28 INFO outbox_batch_dispatched count=1 claimed=1
2026/04/04 17:56:28 WARN outbox_mark_published_failed event_id=0c33ac02-0d40-4136-96dc-0557c2432f02 event_type=decision.completed aggregate_type=envelope aggregate_id=env-mark-fail topic=midas.decisions error="postgres connection lost"
2026/04/04 17:56:28 INFO outbox_batch_dispatched count=1 claimed=1
2026/04/04 17:56:28 WARN outbox_mark_published_failed event_id=0c33ac02-0d40-4136-96dc-0557c2432f02 event_type=decision.completed aggregate_type=envelope aggregate_id=env-mark-fail topic=midas.decisions error="postgres connection lost"
2026/04/04 17:56:28 INFO outbox_batch_dispatched count=1 claimed=1
2026/04/04 17:56:28 WARN outbox_mark_published_failed event_id=0c33ac02-0d40-4136-96dc-0557c2432f02 event_type=decision.completed aggregate_type=envelope aggregate_id=env-mark-fail topic=midas.decisions error="postgres connection lost"
2026/04/04 17:56:28 INFO outbox_batch_dispatched count=1 claimed=1
2026/04/04 17:56:28 WARN outbox_mark_published_failed event_id=0c33ac02-0d40-4136-96dc-0557c2432f02 event_type=decision.completed aggregate_type=envelope aggregate_id=env-mark-fail topic=midas.decisions error="postgres connection lost"
2026/04/04 17:56:28 INFO outbox_batch_dispatched count=1 claimed=1
2026/04/04 17:56:28 WARN outbox_mark_published_failed event_id=0c33ac02-0d40-4136-96dc-0557c2432f02 event_type=decision.completed aggregate_type=envelope aggregate_id=env-mark-fail topic=midas.decisions error="postgres connection lost"
2026/04/04 17:56:28 INFO outbox_batch_dispatched count=1 claimed=1
2026/04/04 17:56:28 WARN outbox_mark_published_failed event_id=0c33ac02-0d40-4136-96dc-0557c2432f02 event_type=decision.completed aggregate_type=envelope aggregate_id=env-mark-fail topic=midas.decisions error="postgres connection lost"
2026/04/04 17:56:28 INFO outbox_batch_dispatched count=1 claimed=1
2026/04/04 17:56:28 WARN outbox_mark_published_failed event_id=0c33ac02-0d40-4136-96dc-0557c2432f02 event_type=decision.completed aggregate_type=envelope aggregate_id=env-mark-fail topic=midas.decisions error="postgres connection lost"
2026/04/04 17:56:28 INFO outbox_batch_dispatched count=1 claimed=1
2026/04/04 17:56:28 WARN outbox_mark_published_failed event_id=0c33ac02-0d40-4136-96dc-0557c2432f02 event_type=decision.completed aggregate_type=envelope aggregate_id=env-mark-fail topic=midas.decisions error="postgres connection lost"
2026/04/04 17:56:28 INFO outbox_batch_dispatched count=1 claimed=1
2026/04/04 17:56:28 WARN outbox_mark_published_failed event_id=0c33ac02-0d40-4136-96dc-0557c2432f02 event_type=decision.completed aggregate_type=envelope aggregate_id=env-mark-fail topic=midas.decisions error="postgres connection lost"
2026/04/04 17:56:28 INFO outbox_batch_dispatched count=1 claimed=1
2026/04/04 17:56:28 WARN outbox_mark_published_failed event_id=0c33ac02-0d40-4136-96dc-0557c2432f02 event_type=decision.completed aggregate_type=envelope aggregate_id=env-mark-fail topic=midas.decisions error="postgres connection lost"
2026/04/04 17:56:28 INFO outbox_batch_dispatched count=1 claimed=1
2026/04/04 17:56:28 WARN outbox_mark_published_failed event_id=0c33ac02-0d40-4136-96dc-0557c2432f02 event_type=decision.completed aggregate_type=envelope aggregate_id=env-mark-fail topic=midas.decisions error="postgres connection lost"
2026/04/04 17:56:28 INFO outbox_batch_dispatched count=1 claimed=1
2026/04/04 17:56:28 WARN outbox_mark_published_failed event_id=0c33ac02-0d40-4136-96dc-0557c2432f02 event_type=decision.completed aggregate_type=envelope aggregate_id=env-mark-fail topic=midas.decisions error="postgres connection lost"
2026/04/04 17:56:28 INFO outbox_batch_dispatched count=1 claimed=1
2026/04/04 17:56:28 WARN outbox_mark_published_failed event_id=0c33ac02-0d40-4136-96dc-0557c2432f02 event_type=decision.completed aggregate_type=envelope aggregate_id=env-mark-fail topic=midas.decisions error="postgres connection lost"
2026/04/04 17:56:28 INFO outbox_batch_dispatched count=1 claimed=1
2026/04/04 17:56:28 WARN outbox_mark_published_failed event_id=0c33ac02-0d40-4136-96dc-0557c2432f02 event_type=decision.completed aggregate_type=envelope aggregate_id=env-mark-fail topic=midas.decisions error="postgres connection lost"
2026/04/04 17:56:28 INFO outbox_batch_dispatched count=1 claimed=1
2026/04/04 17:56:28 WARN outbox_mark_published_failed event_id=0c33ac02-0d40-4136-96dc-0557c2432f02 event_type=decision.completed aggregate_type=envelope aggregate_id=env-mark-fail topic=midas.decisions error="postgres connection lost"
2026/04/04 17:56:28 INFO outbox_batch_dispatched count=1 claimed=1
2026/04/04 17:56:28 WARN outbox_mark_published_failed event_id=0c33ac02-0d40-4136-96dc-0557c2432f02 event_type=decision.completed aggregate_type=envelope aggregate_id=env-mark-fail topic=midas.decisions error="postgres connection lost"
2026/04/04 17:56:28 INFO outbox_batch_dispatched count=1 claimed=1
2026/04/04 17:56:28 WARN outbox_mark_published_failed event_id=0c33ac02-0d40-4136-96dc-0557c2432f02 event_type=decision.completed aggregate_type=envelope aggregate_id=env-mark-fail topic=midas.decisions error="postgres connection lost"
2026/04/04 17:56:28 INFO outbox_batch_dispatched count=1 claimed=1
2026/04/04 17:56:28 WARN outbox_mark_published_failed event_id=0c33ac02-0d40-4136-96dc-0557c2432f02 event_type=decision.completed aggregate_type=envelope aggregate_id=env-mark-fail topic=midas.decisions error="postgres connection lost"
2026/04/04 17:56:28 INFO outbox_batch_dispatched count=1 claimed=1
2026/04/04 17:56:28 WARN outbox_mark_published_failed event_id=0c33ac02-0d40-4136-96dc-0557c2432f02 event_type=decision.completed aggregate_type=envelope aggregate_id=env-mark-fail topic=midas.decisions error="postgres connection lost"
2026/04/04 17:56:28 INFO outbox_batch_dispatched count=1 claimed=1
2026/04/04 17:56:28 WARN outbox_mark_published_failed event_id=0c33ac02-0d40-4136-96dc-0557c2432f02 event_type=decision.completed aggregate_type=envelope aggregate_id=env-mark-fail topic=midas.decisions error="postgres connection lost"
2026/04/04 17:56:28 INFO outbox_batch_dispatched count=1 claimed=1
2026/04/04 17:56:28 WARN outbox_mark_published_failed event_id=0c33ac02-0d40-4136-96dc-0557c2432f02 event_type=decision.completed aggregate_type=envelope aggregate_id=env-mark-fail topic=midas.decisions error="postgres connection lost"
2026/04/04 17:56:28 INFO outbox_batch_dispatched count=1 claimed=1
2026/04/04 17:56:28 WARN outbox_mark_published_failed event_id=0c33ac02-0d40-4136-96dc-0557c2432f02 event_type=decision.completed aggregate_type=envelope aggregate_id=env-mark-fail topic=midas.decisions error="postgres connection lost"
2026/04/04 17:56:28 INFO outbox_batch_dispatched count=1 claimed=1
2026/04/04 17:56:28 WARN outbox_mark_published_failed event_id=0c33ac02-0d40-4136-96dc-0557c2432f02 event_type=decision.completed aggregate_type=envelope aggregate_id=env-mark-fail topic=midas.decisions error="postgres connection lost"
2026/04/04 17:56:28 INFO outbox_batch_dispatched count=1 claimed=1
2026/04/04 17:56:28 WARN outbox_mark_published_failed event_id=0c33ac02-0d40-4136-96dc-0557c2432f02 event_type=decision.completed aggregate_type=envelope aggregate_id=env-mark-fail topic=midas.decisions error="postgres connection lost"
2026/04/04 17:56:28 INFO outbox_batch_dispatched count=1 claimed=1
2026/04/04 17:56:28 WARN outbox_mark_published_failed event_id=0c33ac02-0d40-4136-96dc-0557c2432f02 event_type=decision.completed aggregate_type=envelope aggregate_id=env-mark-fail topic=midas.decisions error="postgres connection lost"
2026/04/04 17:56:28 INFO outbox_batch_dispatched count=1 claimed=1
2026/04/04 17:56:28 WARN outbox_mark_published_failed event_id=0c33ac02-0d40-4136-96dc-0557c2432f02 event_type=decision.completed aggregate_type=envelope aggregate_id=env-mark-fail topic=midas.decisions error="postgres connection lost"
2026/04/04 17:56:28 INFO outbox_batch_dispatched count=1 claimed=1
2026/04/04 17:56:28 WARN outbox_mark_published_failed event_id=0c33ac02-0d40-4136-96dc-0557c2432f02 event_type=decision.completed aggregate_type=envelope aggregate_id=env-mark-fail topic=midas.decisions error="postgres connection lost"
2026/04/04 17:56:28 INFO outbox_batch_dispatched count=1 claimed=1
2026/04/04 17:56:28 WARN outbox_mark_published_failed event_id=0c33ac02-0d40-4136-96dc-0557c2432f02 event_type=decision.completed aggregate_type=envelope aggregate_id=env-mark-fail topic=midas.decisions error="postgres connection lost"
2026/04/04 17:56:28 INFO outbox_batch_dispatched count=1 claimed=1
2026/04/04 17:56:28 WARN outbox_mark_published_failed event_id=0c33ac02-0d40-4136-96dc-0557c2432f02 event_type=decision.completed aggregate_type=envelope aggregate_id=env-mark-fail topic=midas.decisions error="postgres connection lost"
2026/04/04 17:56:28 INFO outbox_batch_dispatched count=1 claimed=1
2026/04/04 17:56:28 WARN outbox_mark_published_failed event_id=0c33ac02-0d40-4136-96dc-0557c2432f02 event_type=decision.completed aggregate_type=envelope aggregate_id=env-mark-fail topic=midas.decisions error="postgres connection lost"
2026/04/04 17:56:28 INFO outbox_batch_dispatched count=1 claimed=1
2026/04/04 17:56:28 WARN outbox_mark_published_failed event_id=0c33ac02-0d40-4136-96dc-0557c2432f02 event_type=decision.completed aggregate_type=envelope aggregate_id=env-mark-fail topic=midas.decisions error="postgres connection lost"
2026/04/04 17:56:28 INFO outbox_batch_dispatched count=1 claimed=1
2026/04/04 17:56:28 WARN outbox_mark_published_failed event_id=0c33ac02-0d40-4136-96dc-0557c2432f02 event_type=decision.completed aggregate_type=envelope aggregate_id=env-mark-fail topic=midas.decisions error="postgres connection lost"
2026/04/04 17:56:28 INFO outbox_batch_dispatched count=1 claimed=1
2026/04/04 17:56:28 WARN outbox_mark_published_failed event_id=0c33ac02-0d40-4136-96dc-0557c2432f02 event_type=decision.completed aggregate_type=envelope aggregate_id=env-mark-fail topic=midas.decisions error="postgres connection lost"
2026/04/04 17:56:28 INFO outbox_batch_dispatched count=1 claimed=1
2026/04/04 17:56:28 WARN outbox_mark_published_failed event_id=0c33ac02-0d40-4136-96dc-0557c2432f02 event_type=decision.completed aggregate_type=envelope aggregate_id=env-mark-fail topic=midas.decisions error="postgres connection lost"
2026/04/04 17:56:28 INFO outbox_batch_dispatched count=1 claimed=1
2026/04/04 17:56:28 WARN outbox_mark_published_failed event_id=0c33ac02-0d40-4136-96dc-0557c2432f02 event_type=decision.completed aggregate_type=envelope aggregate_id=env-mark-fail topic=midas.decisions error="postgres connection lost"
2026/04/04 17:56:28 INFO outbox_batch_dispatched count=1 claimed=1
2026/04/04 17:56:28 WARN outbox_mark_published_failed event_id=0c33ac02-0d40-4136-96dc-0557c2432f02 event_type=decision.completed aggregate_type=envelope aggregate_id=env-mark-fail topic=midas.decisions error="postgres connection lost"
2026/04/04 17:56:28 INFO outbox_batch_dispatched count=1 claimed=1
2026/04/04 17:56:28 WARN outbox_mark_published_failed event_id=0c33ac02-0d40-4136-96dc-0557c2432f02 event_type=decision.completed aggregate_type=envelope aggregate_id=env-mark-fail topic=midas.decisions error="postgres connection lost"
2026/04/04 17:56:28 INFO outbox_batch_dispatched count=1 claimed=1
2026/04/04 17:56:28 WARN outbox_mark_published_failed event_id=0c33ac02-0d40-4136-96dc-0557c2432f02 event_type=decision.completed aggregate_type=envelope aggregate_id=env-mark-fail topic=midas.decisions error="postgres connection lost"
2026/04/04 17:56:28 INFO outbox_batch_dispatched count=1 claimed=1
2026/04/04 17:56:28 WARN outbox_mark_published_failed event_id=0c33ac02-0d40-4136-96dc-0557c2432f02 event_type=decision.completed aggregate_type=envelope aggregate_id=env-mark-fail topic=midas.decisions error="postgres connection lost"
2026/04/04 17:56:28 INFO outbox_batch_dispatched count=1 claimed=1
2026/04/04 17:56:28 WARN outbox_mark_published_failed event_id=0c33ac02-0d40-4136-96dc-0557c2432f02 event_type=decision.completed aggregate_type=envelope aggregate_id=env-mark-fail topic=midas.decisions error="postgres connection lost"
2026/04/04 17:56:28 INFO outbox_batch_dispatched count=1 claimed=1
2026/04/04 17:56:28 WARN outbox_mark_published_failed event_id=0c33ac02-0d40-4136-96dc-0557c2432f02 event_type=decision.completed aggregate_type=envelope aggregate_id=env-mark-fail topic=midas.decisions error="postgres connection lost"
2026/04/04 17:56:28 INFO outbox_batch_dispatched count=1 claimed=1
2026/04/04 17:56:28 WARN outbox_mark_published_failed event_id=0c33ac02-0d40-4136-96dc-0557c2432f02 event_type=decision.completed aggregate_type=envelope aggregate_id=env-mark-fail topic=midas.decisions error="postgres connection lost"
2026/04/04 17:56:28 INFO outbox_batch_dispatched count=1 claimed=1
2026/04/04 17:56:28 WARN outbox_mark_published_failed event_id=0c33ac02-0d40-4136-96dc-0557c2432f02 event_type=decision.completed aggregate_type=envelope aggregate_id=env-mark-fail topic=midas.decisions error="postgres connection lost"
2026/04/04 17:56:28 INFO outbox_batch_dispatched count=1 claimed=1
2026/04/04 17:56:28 WARN outbox_mark_published_failed event_id=0c33ac02-0d40-4136-96dc-0557c2432f02 event_type=decision.completed aggregate_type=envelope aggregate_id=env-mark-fail topic=midas.decisions error="postgres connection lost"
2026/04/04 17:56:28 INFO outbox_batch_dispatched count=1 claimed=1
2026/04/04 17:56:28 WARN outbox_mark_published_failed event_id=0c33ac02-0d40-4136-96dc-0557c2432f02 event_type=decision.completed aggregate_type=envelope aggregate_id=env-mark-fail topic=midas.decisions error="postgres connection lost"
2026/04/04 17:56:28 INFO outbox_batch_dispatched count=1 claimed=1
2026/04/04 17:56:28 WARN outbox_mark_published_failed event_id=0c33ac02-0d40-4136-96dc-0557c2432f02 event_type=decision.completed aggregate_type=envelope aggregate_id=env-mark-fail topic=midas.decisions error="postgres connection lost"
2026/04/04 17:56:28 INFO outbox_batch_dispatched count=1 claimed=1
2026/04/04 17:56:28 WARN outbox_mark_published_failed event_id=0c33ac02-0d40-4136-96dc-0557c2432f02 event_type=decision.completed aggregate_type=envelope aggregate_id=env-mark-fail topic=midas.decisions error="postgres connection lost"
2026/04/04 17:56:28 INFO outbox_batch_dispatched count=1 claimed=1
2026/04/04 17:56:28 WARN outbox_mark_published_failed event_id=0c33ac02-0d40-4136-96dc-0557c2432f02 event_type=decision.completed aggregate_type=envelope aggregate_id=env-mark-fail topic=midas.decisions error="postgres connection lost"
2026/04/04 17:56:28 INFO outbox_batch_dispatched count=1 claimed=1
2026/04/04 17:56:28 WARN outbox_mark_published_failed event_id=0c33ac02-0d40-4136-96dc-0557c2432f02 event_type=decision.completed aggregate_type=envelope aggregate_id=env-mark-fail topic=midas.decisions error="postgres connection lost"
2026/04/04 17:56:28 INFO outbox_batch_dispatched count=1 claimed=1
2026/04/04 17:56:28 WARN outbox_mark_published_failed event_id=0c33ac02-0d40-4136-96dc-0557c2432f02 event_type=decision.completed aggregate_type=envelope aggregate_id=env-mark-fail topic=midas.decisions error="postgres connection lost"
2026/04/04 17:56:28 INFO outbox_batch_dispatched count=1 claimed=1
2026/04/04 17:56:28 WARN outbox_mark_published_failed event_id=0c33ac02-0d40-4136-96dc-0557c2432f02 event_type=decision.completed aggregate_type=envelope aggregate_id=env-mark-fail topic=midas.decisions error="postgres connection lost"
2026/04/04 17:56:28 INFO outbox_batch_dispatched count=1 claimed=1
2026/04/04 17:56:28 WARN outbox_mark_published_failed event_id=0c33ac02-0d40-4136-96dc-0557c2432f02 event_type=decision.completed aggregate_type=envelope aggregate_id=env-mark-fail topic=midas.decisions error="postgres connection lost"
2026/04/04 17:56:28 INFO outbox_batch_dispatched count=1 claimed=1
2026/04/04 17:56:28 WARN outbox_mark_published_failed event_id=0c33ac02-0d40-4136-96dc-0557c2432f02 event_type=decision.completed aggregate_type=envelope aggregate_id=env-mark-fail topic=midas.decisions error="postgres connection lost"
2026/04/04 17:56:28 INFO outbox_batch_dispatched count=1 claimed=1
2026/04/04 17:56:28 WARN outbox_mark_published_failed event_id=0c33ac02-0d40-4136-96dc-0557c2432f02 event_type=decision.completed aggregate_type=envelope aggregate_id=env-mark-fail topic=midas.decisions error="postgres connection lost"
2026/04/04 17:56:28 INFO outbox_batch_dispatched count=1 claimed=1
2026/04/04 17:56:28 WARN outbox_mark_published_failed event_id=0c33ac02-0d40-4136-96dc-0557c2432f02 event_type=decision.completed aggregate_type=envelope aggregate_id=env-mark-fail topic=midas.decisions error="postgres connection lost"
2026/04/04 17:56:28 INFO outbox_batch_dispatched count=1 claimed=1
2026/04/04 17:56:28 WARN outbox_mark_published_failed event_id=0c33ac02-0d40-4136-96dc-0557c2432f02 event_type=decision.completed aggregate_type=envelope aggregate_id=env-mark-fail topic=midas.decisions error="postgres connection lost"
2026/04/04 17:56:28 INFO outbox_batch_dispatched count=1 claimed=1
2026/04/04 17:56:28 WARN outbox_mark_published_failed event_id=0c33ac02-0d40-4136-96dc-0557c2432f02 event_type=decision.completed aggregate_type=envelope aggregate_id=env-mark-fail topic=midas.decisions error="postgres connection lost"
2026/04/04 17:56:28 INFO outbox_batch_dispatched count=1 claimed=1
2026/04/04 17:56:28 WARN outbox_mark_published_failed event_id=0c33ac02-0d40-4136-96dc-0557c2432f02 event_type=decision.completed aggregate_type=envelope aggregate_id=env-mark-fail topic=midas.decisions error="postgres connection lost"
2026/04/04 17:56:28 INFO outbox_batch_dispatched count=1 claimed=1
2026/04/04 17:56:28 WARN outbox_mark_published_failed event_id=0c33ac02-0d40-4136-96dc-0557c2432f02 event_type=decision.completed aggregate_type=envelope aggregate_id=env-mark-fail topic=midas.decisions error="postgres connection lost"
2026/04/04 17:56:28 INFO outbox_batch_dispatched count=1 claimed=1
2026/04/04 17:56:28 WARN outbox_mark_published_failed event_id=0c33ac02-0d40-4136-96dc-0557c2432f02 event_type=decision.completed aggregate_type=envelope aggregate_id=env-mark-fail topic=midas.decisions error="postgres connection lost"
2026/04/04 17:56:28 INFO outbox_batch_dispatched count=1 claimed=1
2026/04/04 17:56:28 WARN outbox_mark_published_failed event_id=0c33ac02-0d40-4136-96dc-0557c2432f02 event_type=decision.completed aggregate_type=envelope aggregate_id=env-mark-fail topic=midas.decisions error="postgres connection lost"
2026/04/04 17:56:28 INFO outbox_batch_dispatched count=1 claimed=1
2026/04/04 17:56:28 WARN outbox_mark_published_failed event_id=0c33ac02-0d40-4136-96dc-0557c2432f02 event_type=decision.completed aggregate_type=envelope aggregate_id=env-mark-fail topic=midas.decisions error="postgres connection lost"
2026/04/04 17:56:28 INFO outbox_batch_dispatched count=1 claimed=1
2026/04/04 17:56:28 WARN outbox_mark_published_failed event_id=0c33ac02-0d40-4136-96dc-0557c2432f02 event_type=decision.completed aggregate_type=envelope aggregate_id=env-mark-fail topic=midas.decisions error="postgres connection lost"
2026/04/04 17:56:28 INFO outbox_batch_dispatched count=1 claimed=1
2026/04/04 17:56:28 WARN outbox_mark_published_failed event_id=0c33ac02-0d40-4136-96dc-0557c2432f02 event_type=decision.completed aggregate_type=envelope aggregate_id=env-mark-fail topic=midas.decisions error="postgres connection lost"
2026/04/04 17:56:28 INFO outbox_batch_dispatched count=1 claimed=1
2026/04/04 17:56:28 WARN outbox_mark_published_failed event_id=0c33ac02-0d40-4136-96dc-0557c2432f02 event_type=decision.completed aggregate_type=envelope aggregate_id=env-mark-fail topic=midas.decisions error="postgres connection lost"
2026/04/04 17:56:28 INFO outbox_batch_dispatched count=1 claimed=1
2026/04/04 17:56:28 WARN outbox_mark_published_failed event_id=0c33ac02-0d40-4136-96dc-0557c2432f02 event_type=decision.completed aggregate_type=envelope aggregate_id=env-mark-fail topic=midas.decisions error="postgres connection lost"
2026/04/04 17:56:28 INFO outbox_batch_dispatched count=1 claimed=1
2026/04/04 17:56:28 WARN outbox_mark_published_failed event_id=0c33ac02-0d40-4136-96dc-0557c2432f02 event_type=decision.completed aggregate_type=envelope aggregate_id=env-mark-fail topic=midas.decisions error="postgres connection lost"
2026/04/04 17:56:28 INFO outbox_batch_dispatched count=1 claimed=1
2026/04/04 17:56:28 WARN outbox_mark_published_failed event_id=0c33ac02-0d40-4136-96dc-0557c2432f02 event_type=decision.completed aggregate_type=envelope aggregate_id=env-mark-fail topic=midas.decisions error="postgres connection lost"
2026/04/04 17:56:28 INFO outbox_batch_dispatched count=1 claimed=1
2026/04/04 17:56:28 WARN outbox_mark_published_failed event_id=0c33ac02-0d40-4136-96dc-0557c2432f02 event_type=decision.completed aggregate_type=envelope aggregate_id=env-mark-fail topic=midas.decisions error="postgres connection lost"
2026/04/04 17:56:28 INFO outbox_batch_dispatched count=1 claimed=1
2026/04/04 17:56:28 WARN outbox_mark_published_failed event_id=0c33ac02-0d40-4136-96dc-0557c2432f02 event_type=decision.completed aggregate_type=envelope aggregate_id=env-mark-fail topic=midas.decisions error="postgres connection lost"
2026/04/04 17:56:28 INFO outbox_batch_dispatched count=1 claimed=1
2026/04/04 17:56:28 WARN outbox_mark_published_failed event_id=0c33ac02-0d40-4136-96dc-0557c2432f02 event_type=decision.completed aggregate_type=envelope aggregate_id=env-mark-fail topic=midas.decisions error="postgres connection lost"
2026/04/04 17:56:28 INFO outbox_batch_dispatched count=1 claimed=1
2026/04/04 17:56:28 WARN outbox_mark_published_failed event_id=0c33ac02-0d40-4136-96dc-0557c2432f02 event_type=decision.completed aggregate_type=envelope aggregate_id=env-mark-fail topic=midas.decisions error="postgres connection lost"
2026/04/04 17:56:28 INFO outbox_batch_dispatched count=1 claimed=1
2026/04/04 17:56:28 WARN outbox_mark_published_failed event_id=0c33ac02-0d40-4136-96dc-0557c2432f02 event_type=decision.completed aggregate_type=envelope aggregate_id=env-mark-fail topic=midas.decisions error="postgres connection lost"
2026/04/04 17:56:28 INFO outbox_batch_dispatched count=1 claimed=1
2026/04/04 17:56:28 WARN outbox_mark_published_failed event_id=0c33ac02-0d40-4136-96dc-0557c2432f02 event_type=decision.completed aggregate_type=envelope aggregate_id=env-mark-fail topic=midas.decisions error="postgres connection lost"
2026/04/04 17:56:28 INFO outbox_batch_dispatched count=1 claimed=1
2026/04/04 17:56:28 WARN outbox_mark_published_failed event_id=0c33ac02-0d40-4136-96dc-0557c2432f02 event_type=decision.completed aggregate_type=envelope aggregate_id=env-mark-fail topic=midas.decisions error="postgres connection lost"
2026/04/04 17:56:28 INFO outbox_batch_dispatched count=1 claimed=1
2026/04/04 17:56:28 WARN outbox_mark_published_failed event_id=0c33ac02-0d40-4136-96dc-0557c2432f02 event_type=decision.completed aggregate_type=envelope aggregate_id=env-mark-fail topic=midas.decisions error="postgres connection lost"
2026/04/04 17:56:28 INFO outbox_batch_dispatched count=1 claimed=1
2026/04/04 17:56:28 WARN outbox_mark_published_failed event_id=0c33ac02-0d40-4136-96dc-0557c2432f02 event_type=decision.completed aggregate_type=envelope aggregate_id=env-mark-fail topic=midas.decisions error="postgres connection lost"
2026/04/04 17:56:28 INFO outbox_batch_dispatched count=1 claimed=1
2026/04/04 17:56:28 WARN outbox_mark_published_failed event_id=0c33ac02-0d40-4136-96dc-0557c2432f02 event_type=decision.completed aggregate_type=envelope aggregate_id=env-mark-fail topic=midas.decisions error="postgres connection lost"
2026/04/04 17:56:28 INFO outbox_batch_dispatched count=1 claimed=1
2026/04/04 17:56:28 WARN outbox_mark_published_failed event_id=0c33ac02-0d40-4136-96dc-0557c2432f02 event_type=decision.completed aggregate_type=envelope aggregate_id=env-mark-fail topic=midas.decisions error="postgres connection lost"
2026/04/04 17:56:28 INFO outbox_batch_dispatched count=1 claimed=1
2026/04/04 17:56:28 WARN outbox_mark_published_failed event_id=0c33ac02-0d40-4136-96dc-0557c2432f02 event_type=decision.completed aggregate_type=envelope aggregate_id=env-mark-fail topic=midas.decisions error="postgres connection lost"
2026/04/04 17:56:28 INFO outbox_batch_dispatched count=1 claimed=1
2026/04/04 17:56:28 WARN outbox_mark_published_failed event_id=0c33ac02-0d40-4136-96dc-0557c2432f02 event_type=decision.completed aggregate_type=envelope aggregate_id=env-mark-fail topic=midas.decisions error="postgres connection lost"
2026/04/04 17:56:28 INFO outbox_batch_dispatched count=1 claimed=1
2026/04/04 17:56:28 WARN outbox_mark_published_failed event_id=0c33ac02-0d40-4136-96dc-0557c2432f02 event_type=decision.completed aggregate_type=envelope aggregate_id=env-mark-fail topic=midas.decisions error="postgres connection lost"
2026/04/04 17:56:28 INFO outbox_batch_dispatched count=1 claimed=1
2026/04/04 17:56:28 WARN outbox_mark_published_failed event_id=0c33ac02-0d40-4136-96dc-0557c2432f02 event_type=decision.completed aggregate_type=envelope aggregate_id=env-mark-fail topic=midas.decisions error="postgres connection lost"
2026/04/04 17:56:28 INFO outbox_batch_dispatched count=1 claimed=1
2026/04/04 17:56:28 WARN outbox_mark_published_failed event_id=0c33ac02-0d40-4136-96dc-0557c2432f02 event_type=decision.completed aggregate_type=envelope aggregate_id=env-mark-fail topic=midas.decisions error="postgres connection lost"
2026/04/04 17:56:28 INFO outbox_batch_dispatched count=1 claimed=1
2026/04/04 17:56:28 WARN outbox_mark_published_failed event_id=0c33ac02-0d40-4136-96dc-0557c2432f02 event_type=decision.completed aggregate_type=envelope aggregate_id=env-mark-fail topic=midas.decisions error="postgres connection lost"
2026/04/04 17:56:28 INFO outbox_batch_dispatched count=1 claimed=1
2026/04/04 17:56:28 WARN outbox_mark_published_failed event_id=0c33ac02-0d40-4136-96dc-0557c2432f02 event_type=decision.completed aggregate_type=envelope aggregate_id=env-mark-fail topic=midas.decisions error="postgres connection lost"
2026/04/04 17:56:28 INFO outbox_batch_dispatched count=1 claimed=1
2026/04/04 17:56:28 WARN outbox_mark_published_failed event_id=0c33ac02-0d40-4136-96dc-0557c2432f02 event_type=decision.completed aggregate_type=envelope aggregate_id=env-mark-fail topic=midas.decisions error="postgres connection lost"
2026/04/04 17:56:28 INFO outbox_batch_dispatched count=1 claimed=1
2026/04/04 17:56:28 WARN outbox_mark_published_failed event_id=0c33ac02-0d40-4136-96dc-0557c2432f02 event_type=decision.completed aggregate_type=envelope aggregate_id=env-mark-fail topic=midas.decisions error="postgres connection lost"
2026/04/04 17:56:28 INFO outbox_batch_dispatched count=1 claimed=1
2026/04/04 17:56:28 WARN outbox_mark_published_failed event_id=0c33ac02-0d40-4136-96dc-0557c2432f02 event_type=decision.completed aggregate_type=envelope aggregate_id=env-mark-fail topic=midas.decisions error="postgres connection lost"
2026/04/04 17:56:28 INFO outbox_batch_dispatched count=1 claimed=1
2026/04/04 17:56:28 WARN outbox_mark_published_failed event_id=0c33ac02-0d40-4136-96dc-0557c2432f02 event_type=decision.completed aggregate_type=envelope aggregate_id=env-mark-fail topic=midas.decisions error="postgres connection lost"
2026/04/04 17:56:28 INFO outbox_batch_dispatched count=1 claimed=1
2026/04/04 17:56:28 WARN outbox_mark_published_failed event_id=0c33ac02-0d40-4136-96dc-0557c2432f02 event_type=decision.completed aggregate_type=envelope aggregate_id=env-mark-fail topic=midas.decisions error="postgres connection lost"
2026/04/04 17:56:28 INFO outbox_batch_dispatched count=1 claimed=1
2026/04/04 17:56:28 WARN outbox_mark_published_failed event_id=0c33ac02-0d40-4136-96dc-0557c2432f02 event_type=decision.completed aggregate_type=envelope aggregate_id=env-mark-fail topic=midas.decisions error="postgres connection lost"
2026/04/04 17:56:28 INFO outbox_batch_dispatched count=1 claimed=1
2026/04/04 17:56:28 WARN outbox_mark_published_failed event_id=0c33ac02-0d40-4136-96dc-0557c2432f02 event_type=decision.completed aggregate_type=envelope aggregate_id=env-mark-fail topic=midas.decisions error="postgres connection lost"
2026/04/04 17:56:28 INFO outbox_batch_dispatched count=1 claimed=1
2026/04/04 17:56:28 WARN outbox_mark_published_failed event_id=0c33ac02-0d40-4136-96dc-0557c2432f02 event_type=decision.completed aggregate_type=envelope aggregate_id=env-mark-fail topic=midas.decisions error="postgres connection lost"
2026/04/04 17:56:28 INFO outbox_batch_dispatched count=1 claimed=1
2026/04/04 17:56:28 WARN outbox_mark_published_failed event_id=0c33ac02-0d40-4136-96dc-0557c2432f02 event_type=decision.completed aggregate_type=envelope aggregate_id=env-mark-fail topic=midas.decisions error="postgres connection lost"
2026/04/04 17:56:28 INFO outbox_batch_dispatched count=1 claimed=1
2026/04/04 17:56:28 WARN outbox_mark_published_failed event_id=0c33ac02-0d40-4136-96dc-0557c2432f02 event_type=decision.completed aggregate_type=envelope aggregate_id=env-mark-fail topic=midas.decisions error="postgres connection lost"
2026/04/04 17:56:28 INFO outbox_batch_dispatched count=1 claimed=1
2026/04/04 17:56:28 WARN outbox_mark_published_failed event_id=0c33ac02-0d40-4136-96dc-0557c2432f02 event_type=decision.completed aggregate_type=envelope aggregate_id=env-mark-fail topic=midas.decisions error="postgres connection lost"
2026/04/04 17:56:28 INFO outbox_batch_dispatched count=1 claimed=1
2026/04/04 17:56:28 WARN outbox_mark_published_failed event_id=0c33ac02-0d40-4136-96dc-0557c2432f02 event_type=decision.completed aggregate_type=envelope aggregate_id=env-mark-fail topic=midas.decisions error="postgres connection lost"
2026/04/04 17:56:28 INFO outbox_batch_dispatched count=1 claimed=1
2026/04/04 17:56:28 WARN outbox_mark_published_failed event_id=0c33ac02-0d40-4136-96dc-0557c2432f02 event_type=decision.completed aggregate_type=envelope aggregate_id=env-mark-fail topic=midas.decisions error="postgres connection lost"
2026/04/04 17:56:28 INFO outbox_batch_dispatched count=1 claimed=1
2026/04/04 17:56:28 WARN outbox_mark_published_failed event_id=0c33ac02-0d40-4136-96dc-0557c2432f02 event_type=decision.completed aggregate_type=envelope aggregate_id=env-mark-fail topic=midas.decisions error="postgres connection lost"
2026/04/04 17:56:28 INFO outbox_batch_dispatched count=1 claimed=1
2026/04/04 17:56:28 WARN outbox_mark_published_failed event_id=0c33ac02-0d40-4136-96dc-0557c2432f02 event_type=decision.completed aggregate_type=envelope aggregate_id=env-mark-fail topic=midas.decisions error="postgres connection lost"
2026/04/04 17:56:28 INFO outbox_batch_dispatched count=1 claimed=1
2026/04/04 17:56:28 WARN outbox_mark_published_failed event_id=0c33ac02-0d40-4136-96dc-0557c2432f02 event_type=decision.completed aggregate_type=envelope aggregate_id=env-mark-fail topic=midas.decisions error="postgres connection lost"
2026/04/04 17:56:28 INFO outbox_batch_dispatched count=1 claimed=1
2026/04/04 17:56:28 WARN outbox_mark_published_failed event_id=0c33ac02-0d40-4136-96dc-0557c2432f02 event_type=decision.completed aggregate_type=envelope aggregate_id=env-mark-fail topic=midas.decisions error="postgres connection lost"
2026/04/04 17:56:28 INFO outbox_batch_dispatched count=1 claimed=1
2026/04/04 17:56:28 WARN outbox_mark_published_failed event_id=0c33ac02-0d40-4136-96dc-0557c2432f02 event_type=decision.completed aggregate_type=envelope aggregate_id=env-mark-fail topic=midas.decisions error="postgres connection lost"
2026/04/04 17:56:28 INFO outbox_batch_dispatched count=1 claimed=1
2026/04/04 17:56:28 WARN outbox_mark_published_failed event_id=0c33ac02-0d40-4136-96dc-0557c2432f02 event_type=decision.completed aggregate_type=envelope aggregate_id=env-mark-fail topic=midas.decisions error="postgres connection lost"
2026/04/04 17:56:28 INFO outbox_batch_dispatched count=1 claimed=1
2026/04/04 17:56:28 WARN outbox_mark_published_failed event_id=0c33ac02-0d40-4136-96dc-0557c2432f02 event_type=decision.completed aggregate_type=envelope aggregate_id=env-mark-fail topic=midas.decisions error="postgres connection lost"
2026/04/04 17:56:28 INFO outbox_batch_dispatched count=1 claimed=1
2026/04/04 17:56:28 WARN outbox_mark_published_failed event_id=0c33ac02-0d40-4136-96dc-0557c2432f02 event_type=decision.completed aggregate_type=envelope aggregate_id=env-mark-fail topic=midas.decisions error="postgres connection lost"
2026/04/04 17:56:28 INFO outbox_batch_dispatched count=1 claimed=1
2026/04/04 17:56:28 WARN outbox_mark_published_failed event_id=0c33ac02-0d40-4136-96dc-0557c2432f02 event_type=decision.completed aggregate_type=envelope aggregate_id=env-mark-fail topic=midas.decisions error="postgres connection lost"
2026/04/04 17:56:28 INFO outbox_batch_dispatched count=1 claimed=1
2026/04/04 17:56:28 WARN outbox_mark_published_failed event_id=0c33ac02-0d40-4136-96dc-0557c2432f02 event_type=decision.completed aggregate_type=envelope aggregate_id=env-mark-fail topic=midas.decisions error="postgres connection lost"
2026/04/04 17:56:28 INFO outbox_batch_dispatched count=1 claimed=1
2026/04/04 17:56:28 WARN outbox_mark_published_failed event_id=0c33ac02-0d40-4136-96dc-0557c2432f02 event_type=decision.completed aggregate_type=envelope aggregate_id=env-mark-fail topic=midas.decisions error="postgres connection lost"
2026/04/04 17:56:28 INFO outbox_batch_dispatched count=1 claimed=1
2026/04/04 17:56:28 WARN outbox_mark_published_failed event_id=0c33ac02-0d40-4136-96dc-0557c2432f02 event_type=decision.completed aggregate_type=envelope aggregate_id=env-mark-fail topic=midas.decisions error="postgres connection lost"
2026/04/04 17:56:28 INFO outbox_batch_dispatched count=1 claimed=1
2026/04/04 17:56:28 WARN outbox_mark_published_failed event_id=0c33ac02-0d40-4136-96dc-0557c2432f02 event_type=decision.completed aggregate_type=envelope aggregate_id=env-mark-fail topic=midas.decisions error="postgres connection lost"
2026/04/04 17:56:28 INFO outbox_batch_dispatched count=1 claimed=1
2026/04/04 17:56:28 WARN outbox_mark_published_failed event_id=0c33ac02-0d40-4136-96dc-0557c2432f02 event_type=decision.completed aggregate_type=envelope aggregate_id=env-mark-fail topic=midas.decisions error="postgres connection lost"
2026/04/04 17:56:28 INFO outbox_batch_dispatched count=1 claimed=1
2026/04/04 17:56:28 WARN outbox_mark_published_failed event_id=0c33ac02-0d40-4136-96dc-0557c2432f02 event_type=decision.completed aggregate_type=envelope aggregate_id=env-mark-fail topic=midas.decisions error="postgres connection lost"
2026/04/04 17:56:28 INFO outbox_batch_dispatched count=1 claimed=1
2026/04/04 17:56:28 WARN outbox_mark_published_failed event_id=0c33ac02-0d40-4136-96dc-0557c2432f02 event_type=decision.completed aggregate_type=envelope aggregate_id=env-mark-fail topic=midas.decisions error="postgres connection lost"
2026/04/04 17:56:28 INFO outbox_batch_dispatched count=1 claimed=1
2026/04/04 17:56:28 WARN outbox_mark_published_failed event_id=0c33ac02-0d40-4136-96dc-0557c2432f02 event_type=decision.completed aggregate_type=envelope aggregate_id=env-mark-fail topic=midas.decisions error="postgres connection lost"
2026/04/04 17:56:28 INFO outbox_batch_dispatched count=1 claimed=1
2026/04/04 17:56:28 WARN outbox_mark_published_failed event_id=0c33ac02-0d40-4136-96dc-0557c2432f02 event_type=decision.completed aggregate_type=envelope aggregate_id=env-mark-fail topic=midas.decisions error="postgres connection lost"
2026/04/04 17:56:28 INFO outbox_batch_dispatched count=1 claimed=1
2026/04/04 17:56:28 WARN outbox_mark_published_failed event_id=0c33ac02-0d40-4136-96dc-0557c2432f02 event_type=decision.completed aggregate_type=envelope aggregate_id=env-mark-fail topic=midas.decisions error="postgres connection lost"
2026/04/04 17:56:28 INFO outbox_batch_dispatched count=1 claimed=1
2026/04/04 17:56:28 WARN outbox_mark_published_failed event_id=0c33ac02-0d40-4136-96dc-0557c2432f02 event_type=decision.completed aggregate_type=envelope aggregate_id=env-mark-fail topic=midas.decisions error="postgres connection lost"
2026/04/04 17:56:28 INFO outbox_batch_dispatched count=1 claimed=1
2026/04/04 17:56:28 WARN outbox_mark_published_failed event_id=0c33ac02-0d40-4136-96dc-0557c2432f02 event_type=decision.completed aggregate_type=envelope aggregate_id=env-mark-fail topic=midas.decisions error="postgres connection lost"
2026/04/04 17:56:28 INFO outbox_batch_dispatched count=1 claimed=1
2026/04/04 17:56:28 WARN outbox_mark_published_failed event_id=0c33ac02-0d40-4136-96dc-0557c2432f02 event_type=decision.completed aggregate_type=envelope aggregate_id=env-mark-fail topic=midas.decisions error="postgres connection lost"
2026/04/04 17:56:28 INFO outbox_batch_dispatched count=1 claimed=1
2026/04/04 17:56:28 WARN outbox_mark_published_failed event_id=0c33ac02-0d40-4136-96dc-0557c2432f02 event_type=decision.completed aggregate_type=envelope aggregate_id=env-mark-fail topic=midas.decisions error="postgres connection lost"
2026/04/04 17:56:28 INFO outbox_batch_dispatched count=1 claimed=1
2026/04/04 17:56:28 WARN outbox_mark_published_failed event_id=0c33ac02-0d40-4136-96dc-0557c2432f02 event_type=decision.completed aggregate_type=envelope aggregate_id=env-mark-fail topic=midas.decisions error="postgres connection lost"
2026/04/04 17:56:28 INFO outbox_batch_dispatched count=1 claimed=1
2026/04/04 17:56:28 WARN outbox_mark_published_failed event_id=0c33ac02-0d40-4136-96dc-0557c2432f02 event_type=decision.completed aggregate_type=envelope aggregate_id=env-mark-fail topic=midas.decisions error="postgres connection lost"
2026/04/04 17:56:28 INFO outbox_batch_dispatched count=1 claimed=1
2026/04/04 17:56:28 WARN outbox_mark_published_failed event_id=0c33ac02-0d40-4136-96dc-0557c2432f02 event_type=decision.completed aggregate_type=envelope aggregate_id=env-mark-fail topic=midas.decisions error="postgres connection lost"
2026/04/04 17:56:28 INFO outbox_batch_dispatched count=1 claimed=1
2026/04/04 17:56:28 INFO outbox_dispatcher_stopped
--- PASS: TestDispatcher_MarkPublishedFailure_AcceptedAsAtLeastOnce (0.03s)
=== RUN   TestDispatcher_MultipleEvents_ProcessedInOrder
2026/04/04 17:56:28 INFO outbox_dispatcher_started batch_size=10 poll_interval=5ms max_backoff=10ms
2026/04/04 17:56:28 INFO outbox_event_dispatched event_id=90990c5b-03e0-4223-bcea-c9da8a8e79ac event_type=decision.completed aggregate_type=envelope aggregate_id=env-a topic=midas.decisions
2026/04/04 17:56:28 INFO outbox_event_dispatched event_id=d5a7b68f-05a8-42d2-b553-516e332fc40e event_type=decision.escalated aggregate_type=envelope aggregate_id=env-b topic=midas.decisions
2026/04/04 17:56:28 INFO outbox_event_dispatched event_id=29537992-91c1-41ef-a49a-2fb9a6d002fc event_type=decision.review_resolved aggregate_type=envelope aggregate_id=env-c topic=midas.decisions
2026/04/04 17:56:28 INFO outbox_batch_dispatched count=3 claimed=3
2026/04/04 17:56:28 INFO outbox_dispatcher_stopped
--- PASS: TestDispatcher_MultipleEvents_ProcessedInOrder (0.50s)
=== RUN   TestDispatcher_ContextCancellation_ExitsCleanly
2026/04/04 17:56:28 INFO outbox_dispatcher_started batch_size=10 poll_interval=5ms max_backoff=10ms
2026/04/04 17:56:28 INFO outbox_dispatcher_stopped
--- PASS: TestDispatcher_ContextCancellation_ExitsCleanly (0.00s)
=== RUN   TestDispatcher_ClaimError_BacksOff
2026/04/04 17:56:28 INFO outbox_dispatcher_started batch_size=10 poll_interval=5ms max_backoff=10ms
2026/04/04 17:56:28 ERROR outbox_dispatcher_poll_error error="database error" backoff=5ms
2026/04/04 17:56:28 ERROR outbox_dispatcher_poll_error error="database error" backoff=10ms
2026/04/04 17:56:28 ERROR outbox_dispatcher_poll_error error="database error" backoff=10ms
2026/04/04 17:56:28 INFO outbox_dispatcher_stopped
--- PASS: TestDispatcher_ClaimError_BacksOff (0.03s)
=== RUN   TestDispatcher_MessageConstruction
2026/04/04 17:56:28 INFO outbox_dispatcher_started batch_size=10 poll_interval=5ms max_backoff=10ms
2026/04/04 17:56:28 INFO outbox_event_dispatched event_id=04411108-edc7-45b5-970c-f66a6437cc06 event_type=surface.approved aggregate_type=surface aggregate_id=surf-xyz topic=midas.surfaces
2026/04/04 17:56:28 INFO outbox_batch_dispatched count=1 claimed=1
2026/04/04 17:56:29 INFO outbox_dispatcher_stopped
--- PASS: TestDispatcher_MessageConstruction (0.50s)
=== RUN   TestDispatcher_EmptyEventKey_NilMessageKey
2026/04/04 17:56:29 INFO outbox_dispatcher_started batch_size=10 poll_interval=5ms max_backoff=10ms
2026/04/04 17:56:29 INFO outbox_event_dispatched event_id=c75e8689-2c1b-494e-a9e7-2cde1373be2b event_type=decision.completed aggregate_type=envelope aggregate_id=env-nokey topic=midas.decisions
2026/04/04 17:56:29 INFO outbox_batch_dispatched count=1 claimed=1
2026/04/04 17:56:29 INFO outbox_dispatcher_stopped
--- PASS: TestDispatcher_EmptyEventKey_NilMessageKey (0.50s)
PASS
ok  	github.com/accept-io/midas/internal/dispatch	2.115s
=== RUN   TestNew_CreatesEnvelopeInReceivedState
--- PASS: TestNew_CreatesEnvelopeInReceivedState (0.00s)
=== RUN   TestNew_RejectsInvalidJSON
--- PASS: TestNew_RejectsInvalidJSON (0.00s)
=== RUN   TestTransition_ReceivedToEvaluating
--- PASS: TestTransition_ReceivedToEvaluating (0.00s)
=== RUN   TestTransition_EvaluatingToOutcomeRecorded_RequiresExplanation
--- PASS: TestTransition_EvaluatingToOutcomeRecorded_RequiresExplanation (0.00s)
=== RUN   TestTransition_EvaluatingToEscalated_RequiresExplanation
--- PASS: TestTransition_EvaluatingToEscalated_RequiresExplanation (0.00s)
=== RUN   TestTransition_OutcomeRecordedToClosed_RequiresOutcome
--- PASS: TestTransition_OutcomeRecordedToClosed_RequiresOutcome (0.00s)
=== RUN   TestTransition_EscalatedToAwaitingReview
--- PASS: TestTransition_EscalatedToAwaitingReview (0.00s)
=== RUN   TestTransition_AwaitingReviewToClosed_RequiresReview
--- PASS: TestTransition_AwaitingReviewToClosed_RequiresReview (0.00s)
=== RUN   TestTransition_RejectsInvalidStateChange
--- PASS: TestTransition_RejectsInvalidStateChange (0.00s)
=== RUN   TestTransition_ClosedEnvelopeCannotTransition
--- PASS: TestTransition_ClosedEnvelopeCannotTransition (0.00s)
=== RUN   TestAccessors
--- PASS: TestAccessors (0.00s)
=== RUN   TestEnvelope_FiveSectionStructure
--- PASS: TestEnvelope_FiveSectionStructure (0.00s)
=== RUN   TestEnvelope_ReviewMetadata
--- PASS: TestEnvelope_ReviewMetadata (0.00s)
=== RUN   TestEnvelope_ReviewDecisions
=== RUN   TestEnvelope_ReviewDecisions/Approved
=== RUN   TestEnvelope_ReviewDecisions/Rejected
--- PASS: TestEnvelope_ReviewDecisions (0.00s)
    --- PASS: TestEnvelope_ReviewDecisions/Approved (0.00s)
    --- PASS: TestEnvelope_ReviewDecisions/Rejected (0.00s)
=== RUN   TestEnvelope_IntegrityTracking
--- PASS: TestEnvelope_IntegrityTracking (0.00s)
=== RUN   TestEnvelope_DecisionExplanation
--- PASS: TestEnvelope_DecisionExplanation (0.00s)
PASS
ok  	github.com/accept-io/midas/internal/envelope	0.006s
?   	github.com/accept-io/midas/internal/escalation	[no test files]
?   	github.com/accept-io/midas/internal/eval	[no test files]
?   	github.com/accept-io/midas/internal/events	[no test files]
=== RUN   TestPrincipalFromContext_NoPrincipal
--- PASS: TestPrincipalFromContext_NoPrincipal (0.00s)
=== RUN   TestActorFromContext_NoPrincipal_ReturnsFallback
--- PASS: TestActorFromContext_NoPrincipal_ReturnsFallback (0.00s)
=== RUN   TestRequireAuth_NoAuthenticator_FailsClosed
--- PASS: TestRequireAuth_NoAuthenticator_FailsClosed (0.00s)
=== RUN   TestRequireAuth_ValidToken_StoresPrincipalInContext
--- PASS: TestRequireAuth_ValidToken_StoresPrincipalInContext (0.00s)
=== RUN   TestRequireAuth_MissingToken_Returns401
2026/04/04 17:56:31 WARN auth_no_credentials method=GET path=/test
--- PASS: TestRequireAuth_MissingToken_Returns401 (0.00s)
=== RUN   TestRequireAuth_UnknownToken_Returns401
2026/04/04 17:56:31 WARN auth_failed method=GET path=/test error="auth: unknown token"
--- PASS: TestRequireAuth_UnknownToken_Returns401 (0.00s)
=== RUN   TestWithAuthenticator_AfterConstruction
--- PASS: TestWithAuthenticator_AfterConstruction (0.00s)
=== RUN   TestActorFromContext_WithPrincipal_ReturnsID
--- PASS: TestActorFromContext_WithPrincipal_ReturnsID (0.00s)
=== RUN   TestHandlerAuth_Reviews_NoToken_Returns401
2026/04/04 17:56:31 WARN auth_no_credentials method=POST path=/v1/reviews
--- PASS: TestHandlerAuth_Reviews_NoToken_Returns401 (0.00s)
=== RUN   TestHandlerAuth_Reviews_TokenOverridesBodyReviewer
--- PASS: TestHandlerAuth_Reviews_TokenOverridesBodyReviewer (0.00s)
=== RUN   TestHandlerAuth_ApproveProfile_TokenOverridesBodyActor
--- PASS: TestHandlerAuth_ApproveProfile_TokenOverridesBodyActor (0.00s)
=== RUN   TestRBAC_ApproveSurface_NoToken_Returns401
2026/04/04 17:56:31 WARN auth_no_credentials method=POST path=/v1/controlplane/surfaces/surf-1/approve
--- PASS: TestRBAC_ApproveSurface_NoToken_Returns401 (0.00s)
=== RUN   TestRBAC_ApproveSurface_OperatorToken_Returns403
2026/04/04 17:56:31 WARN authz_forbidden method=POST path=/v1/controlplane/surfaces/surf-1/approve principal_id=user:operator required_roles="[platform.admin governance.approver]"
--- PASS: TestRBAC_ApproveSurface_OperatorToken_Returns403 (0.00s)
=== RUN   TestRBAC_ApproveSurface_ApproverToken_Succeeds
--- PASS: TestRBAC_ApproveSurface_ApproverToken_Succeeds (0.00s)
=== RUN   TestRBAC_ApproveSurface_AdminToken_Succeeds
--- PASS: TestRBAC_ApproveSurface_AdminToken_Succeeds (0.00s)
=== RUN   TestRBAC_Reviews_OperatorToken_Returns403
2026/04/04 17:56:31 WARN authz_forbidden method=POST path=/v1/reviews principal_id=user:operator required_roles="[platform.admin governance.reviewer]"
--- PASS: TestRBAC_Reviews_OperatorToken_Returns403 (0.00s)
=== RUN   TestRBAC_Reviews_ReviewerToken_Succeeds
--- PASS: TestRBAC_Reviews_ReviewerToken_Succeeds (0.00s)
=== RUN   TestRBAC_Apply_OperatorToken_Returns403
2026/04/04 17:56:31 WARN authz_forbidden method=POST path=/v1/controlplane/apply principal_id=user:operator required_roles=[platform.admin]
--- PASS: TestRBAC_Apply_OperatorToken_Returns403 (0.00s)
=== RUN   TestRBAC_Apply_AdminToken_ReachesHandler
--- PASS: TestRBAC_Apply_AdminToken_ReachesHandler (0.00s)
=== RUN   TestRBAC_UnknownRole_Returns403
2026/04/04 17:56:31 WARN authz_forbidden method=POST path=/v1/controlplane/surfaces/surf-1/approve principal_id=user:unknown required_roles="[platform.admin governance.approver]"
--- PASS: TestRBAC_UnknownRole_Returns403 (0.00s)
=== RUN   TestRBAC_MultiRole_AllowedRolePresent_Succeeds
--- PASS: TestRBAC_MultiRole_AllowedRolePresent_Succeeds (0.00s)
=== RUN   TestRBAC_EmptyRoles_Returns403
2026/04/04 17:56:31 WARN authz_forbidden method=POST path=/v1/controlplane/surfaces/surf-1/approve principal_id=user:empty required_roles="[platform.admin governance.approver]"
--- PASS: TestRBAC_EmptyRoles_Returns403 (0.00s)
=== RUN   TestRBAC_RoleNormalization_UppercaseRoleMatches
--- PASS: TestRBAC_RoleNormalization_UppercaseRoleMatches (0.00s)
=== RUN   TestHandlerAuth_Evaluate_NoToken_Returns401
2026/04/04 17:56:31 WARN auth_no_credentials method=POST path=/v1/evaluate
--- PASS: TestHandlerAuth_Evaluate_NoToken_Returns401 (0.00s)
=== RUN   TestHandlerAuth_Evaluate_InvalidToken_Returns401
2026/04/04 17:56:31 WARN auth_failed method=POST path=/v1/evaluate error="auth: unknown token"
--- PASS: TestHandlerAuth_Evaluate_InvalidToken_Returns401 (0.00s)
=== RUN   TestHandlerAuth_Evaluate_OperatorToken_ReachesHandler
--- PASS: TestHandlerAuth_Evaluate_OperatorToken_ReachesHandler (0.00s)
=== RUN   TestHandlerAuth_Evaluate_OpenMode_PassesThrough
--- PASS: TestHandlerAuth_Evaluate_OpenMode_PassesThrough (0.00s)
=== RUN   TestRequireAuth_OpenMode_AllowsUnauthenticated
--- PASS: TestRequireAuth_OpenMode_AllowsUnauthenticated (0.00s)
=== RUN   TestRequireRole_OpenMode_PassesThrough
--- PASS: TestRequireRole_OpenMode_PassesThrough (0.00s)
=== RUN   TestRequireRole_OpenMode_AllowsWithPrincipalAndRole
--- PASS: TestRequireRole_OpenMode_AllowsWithPrincipalAndRole (0.00s)
=== RUN   TestRequireAuth_RequiredMode_NoAuthenticator_FailsClosed
--- PASS: TestRequireAuth_RequiredMode_NoAuthenticator_FailsClosed (0.00s)
=== RUN   TestRequireAuth_RequiredMode_RejectsUnauthenticated
2026/04/04 17:56:31 WARN auth_no_credentials method=GET path=/test
--- PASS: TestRequireAuth_RequiredMode_RejectsUnauthenticated (0.00s)
=== RUN   TestRequireRole_RequiredMode_RejectsNoPrincipal
2026/04/04 17:56:31 WARN authz_no_principal method=POST path=/test required_roles=[platform.admin]
--- PASS: TestRequireRole_RequiredMode_RejectsNoPrincipal (0.00s)
=== RUN   TestRequireRole_WrongRole_Returns403
2026/04/04 17:56:31 WARN authz_forbidden method=POST path=/test principal_id=user:operator required_roles=[platform.admin]
--- PASS: TestRequireRole_WrongRole_Returns403 (0.00s)
=== RUN   TestRequireRole_GovernanceRole_DoesNotGrantPlatformAccess
2026/04/04 17:56:31 WARN authz_forbidden method=POST path=/v1/evaluate principal_id=user:approver required_roles="[platform.operator platform.admin]"
--- PASS: TestRequireRole_GovernanceRole_DoesNotGrantPlatformAccess (0.00s)
=== RUN   TestRequireRole_PlatformRole_DoesNotGrantGovernanceAccess
2026/04/04 17:56:31 WARN authz_forbidden method=POST path=/v1/reviews principal_id=user:viewer required_roles="[platform.admin governance.reviewer]"
--- PASS: TestRequireRole_PlatformRole_DoesNotGrantGovernanceAccess (0.00s)
=== RUN   TestRequireRole_PlatformAdmin_OverridesGovernanceCheck
--- PASS: TestRequireRole_PlatformAdmin_OverridesGovernanceCheck (0.00s)
=== RUN   TestRequireRole_ViewerRole_AllowedOnReadRoutes
--- PASS: TestRequireRole_ViewerRole_AllowedOnReadRoutes (0.00s)
=== RUN   TestListControlAudit_Success
--- PASS: TestListControlAudit_Success (0.00s)
=== RUN   TestListControlAudit_EmptyResult
--- PASS: TestListControlAudit_EmptyResult (0.00s)
=== RUN   TestListControlAudit_NilService_Returns501
--- PASS: TestListControlAudit_NilService_Returns501 (0.00s)
=== RUN   TestListControlAudit_MethodNotAllowed
--- PASS: TestListControlAudit_MethodNotAllowed (0.00s)
=== RUN   TestListControlAudit_InvalidLimit_Returns400
--- PASS: TestListControlAudit_InvalidLimit_Returns400 (0.00s)
=== RUN   TestListControlAudit_LimitExceedsMax_Returns400
--- PASS: TestListControlAudit_LimitExceedsMax_Returns400 (0.00s)
=== RUN   TestListControlAudit_ValidLimit_PassedToService
--- PASS: TestListControlAudit_ValidLimit_PassedToService (0.00s)
=== RUN   TestListControlAudit_FilterParams_PassedToService
--- PASS: TestListControlAudit_FilterParams_PassedToService (0.00s)
=== RUN   TestListControlAudit_ServiceError_Returns500
--- PASS: TestListControlAudit_ServiceError_Returns500 (0.00s)
=== RUN   TestListControlAudit_MetadataFieldsPresent
--- PASS: TestListControlAudit_MetadataFieldsPresent (0.00s)
=== RUN   TestEvaluate_RequiresAuth_WhenConfigured
2026/04/04 17:56:31 WARN auth_no_credentials method=POST path=/v1/evaluate
--- PASS: TestEvaluate_RequiresAuth_WhenConfigured (0.00s)
=== RUN   TestEvaluate_RejectsInvalidToken
2026/04/04 17:56:31 WARN auth_failed method=POST path=/v1/evaluate error="auth: unknown token"
--- PASS: TestEvaluate_RejectsInvalidToken (0.00s)
=== RUN   TestEvaluate_RejectsReviewerRole
2026/04/04 17:56:31 WARN authz_forbidden method=POST path=/v1/evaluate principal_id=user:reviewer required_roles="[platform.operator platform.admin]"
--- PASS: TestEvaluate_RejectsReviewerRole (0.00s)
=== RUN   TestEvaluate_AllowsOperatorRole
--- PASS: TestEvaluate_AllowsOperatorRole (0.00s)
=== RUN   TestEvaluate_AllowsAdminRole
--- PASS: TestEvaluate_AllowsAdminRole (0.00s)
=== RUN   TestEvaluate_OpenMode_AllowsUnauthenticated
--- PASS: TestEvaluate_OpenMode_AllowsUnauthenticated (0.00s)
=== RUN   TestExplorer_Disabled_Returns404
--- PASS: TestExplorer_Disabled_Returns404 (0.00s)
=== RUN   TestExplorer_Enabled_ReturnsHTML
--- PASS: TestExplorer_Enabled_ReturnsHTML (0.00s)
=== RUN   TestExplorer_Config_ReturnsJSON
--- PASS: TestExplorer_Config_ReturnsJSON (0.00s)
=== RUN   TestExplorer_Config_MethodNotAllowed
--- PASS: TestExplorer_Config_MethodNotAllowed (0.00s)
=== RUN   TestExplorer_Config_DemoSeeded_True
--- PASS: TestExplorer_Config_DemoSeeded_True (0.00s)
=== RUN   TestExplorer_Config_DemoSeeded_False
--- PASS: TestExplorer_Config_DemoSeeded_False (0.00s)
=== RUN   TestExplorer_Config_DemoSeeded_Unknown
--- PASS: TestExplorer_Config_DemoSeeded_Unknown (0.00s)
=== RUN   TestExplorer_Config_StoreBackend
--- PASS: TestExplorer_Config_StoreBackend (0.00s)
=== RUN   TestExplorer_Assets_Served
--- PASS: TestExplorer_Assets_Served (0.00s)
=== RUN   TestExplorerEvaluate_UsesIsolatedMemoryStore
2026/04/04 17:56:31 INFO evaluation_started request_source=api request_id=3bdd62d7-8068-4db0-940c-9fc6372206cc surface_id=surf-payments-approval agent_id=agent-payments-bot
2026/04/04 17:56:31 INFO evaluation_completed request_source=api request_id=3bdd62d7-8068-4db0-940c-9fc6372206cc envelope_id=05f5f629-32e7-48db-904d-5df66f8e6025 outcome=accept reason_code=WITHIN_AUTHORITY explanation="Request is within granted authority and may proceed." duration_ms=0
--- PASS: TestExplorerEvaluate_UsesIsolatedMemoryStore (0.00s)
=== RUN   TestExplorerEvaluate_UnknownSurfaceRejects
2026/04/04 17:56:31 INFO evaluation_started request_source=api request_id=c150ca6a-7f0c-41aa-815b-7b5de120bce6 surface_id=unknown-surface-xyz agent_id=agent-payments-bot
2026/04/04 17:56:31 INFO evaluation_completed request_source=api request_id=c150ca6a-7f0c-41aa-815b-7b5de120bce6 envelope_id=6680ffda-9bf5-4f5e-a156-e74793bcc11d outcome=reject reason_code=SURFACE_NOT_FOUND explanation="The requested decision surface was not found." duration_ms=0
--- PASS: TestExplorerEvaluate_UnknownSurfaceRejects (0.00s)
=== RUN   TestExplorerConfig_IncludesExplorerStore
--- PASS: TestExplorerConfig_IncludesExplorerStore (0.00s)
=== RUN   TestExplorerEvaluate_Disabled_Returns404
--- PASS: TestExplorerEvaluate_Disabled_Returns404 (0.00s)
=== RUN   TestExplorerGetEnvelope_ReadsFromSandboxStore
2026/04/04 17:56:31 INFO evaluation_started request_source=api request_id=fce2a54c-8aca-4750-91c9-e98b5fdf1ac3 surface_id=surf-payments-approval agent_id=agent-payments-bot
2026/04/04 17:56:31 INFO evaluation_completed request_source=api request_id=fce2a54c-8aca-4750-91c9-e98b5fdf1ac3 envelope_id=56176535-d913-4e88-99ed-7e86e0a0ff90 outcome=accept reason_code=WITHIN_AUTHORITY explanation="Request is within granted authority and may proceed." duration_ms=0
--- PASS: TestExplorerGetEnvelope_ReadsFromSandboxStore (0.00s)
=== RUN   TestExplorerGetEnvelope_UnknownIDReturns404
--- PASS: TestExplorerGetEnvelope_UnknownIDReturns404 (0.00s)
=== RUN   TestExplorerGetEnvelope_Disabled_Returns404
--- PASS: TestExplorerGetEnvelope_Disabled_Returns404 (0.00s)
=== RUN   TestExplorer_Shell_IAMActive_NoSession_ServesShellWithAuthRequired
2026/04/04 17:56:31 INFO localiam_bootstrap_complete username=admin must_change_password=true message="default admin/admin credentials created — change password on first login"
--- PASS: TestExplorer_Shell_IAMActive_NoSession_ServesShellWithAuthRequired (0.05s)
=== RUN   TestExplorer_Shell_IAMActive_ValidSession_NoAuthRequired
2026/04/04 17:56:31 INFO localiam_bootstrap_complete username=admin must_change_password=true message="default admin/admin credentials created — change password on first login"
--- PASS: TestExplorer_Shell_IAMActive_ValidSession_NoAuthRequired (0.11s)
=== RUN   TestExplorer_Shell_IAMDisabled_OpenAccess
--- PASS: TestExplorer_Shell_IAMDisabled_OpenAccess (0.00s)
=== RUN   TestExplorer_Assets_AccessibleWithoutSession
2026/04/04 17:56:31 INFO localiam_bootstrap_complete username=admin must_change_password=true message="default admin/admin credentials created — change password on first login"
--- PASS: TestExplorer_Assets_AccessibleWithoutSession (0.06s)
=== RUN   TestExplorer_Config_IAMActive_IncludesLocalIAMFlag
2026/04/04 17:56:31 INFO localiam_bootstrap_complete username=admin must_change_password=true message="default admin/admin credentials created — change password on first login"
--- PASS: TestExplorer_Config_IAMActive_IncludesLocalIAMFlag (0.05s)
=== RUN   TestSuspendGrant_Success
--- PASS: TestSuspendGrant_Success (0.00s)
=== RUN   TestSuspendGrant_NotFound_Returns404
--- PASS: TestSuspendGrant_NotFound_Returns404 (0.00s)
=== RUN   TestSuspendGrant_NotActive_Returns409
--- PASS: TestSuspendGrant_NotActive_Returns409 (0.00s)
=== RUN   TestSuspendGrant_NilService_Returns501
--- PASS: TestSuspendGrant_NilService_Returns501 (0.00s)
=== RUN   TestSuspendGrant_MethodNotAllowed
--- PASS: TestSuspendGrant_MethodNotAllowed (0.00s)
=== RUN   TestSuspendGrant_MissingActor_Returns400
--- PASS: TestSuspendGrant_MissingActor_Returns400 (0.00s)
=== RUN   TestRevokeGrant_Success
--- PASS: TestRevokeGrant_Success (0.00s)
=== RUN   TestRevokeGrant_NotFound_Returns404
--- PASS: TestRevokeGrant_NotFound_Returns404 (0.00s)
=== RUN   TestRevokeGrant_NilService_Returns501
--- PASS: TestRevokeGrant_NilService_Returns501 (0.00s)
=== RUN   TestReinstateGrant_Success
--- PASS: TestReinstateGrant_Success (0.00s)
=== RUN   TestReinstateGrant_NotSuspended_Returns409
--- PASS: TestReinstateGrant_NotSuspended_Returns409 (0.00s)
=== RUN   TestReinstateGrant_NilService_Returns501
--- PASS: TestReinstateGrant_NilService_Returns501 (0.00s)
=== RUN   TestHeadless_AuthLogin_Returns404
--- PASS: TestHeadless_AuthLogin_Returns404 (0.00s)
=== RUN   TestHeadless_AuthLogout_Returns404
--- PASS: TestHeadless_AuthLogout_Returns404 (0.00s)
=== RUN   TestHeadless_AuthMe_Returns404
--- PASS: TestHeadless_AuthMe_Returns404 (0.00s)
=== RUN   TestHeadless_AuthOIDCLogin_Returns404
--- PASS: TestHeadless_AuthOIDCLogin_Returns404 (0.00s)
=== RUN   TestHeadless_AuthOIDCCallback_Returns404
--- PASS: TestHeadless_AuthOIDCCallback_Returns404 (0.00s)
=== RUN   TestHeadless_ExplorerIndex_Returns404
--- PASS: TestHeadless_ExplorerIndex_Returns404 (0.00s)
=== RUN   TestHeadless_ExplorerAssets_Returns404
--- PASS: TestHeadless_ExplorerAssets_Returns404 (0.00s)
=== RUN   TestHeadless_ExplorerConfig_Returns404
--- PASS: TestHeadless_ExplorerConfig_Returns404 (0.00s)
=== RUN   TestHeadless_Healthz_Responds
--- PASS: TestHeadless_Healthz_Responds (0.00s)
=== RUN   TestHeadless_Readyz_Responds
--- PASS: TestHeadless_Readyz_Responds (0.00s)
=== RUN   TestHeadless_V1Evaluate_Responds
--- PASS: TestHeadless_V1Evaluate_Responds (0.00s)
=== RUN   TestHandlerLogin_ValidCredentials_Returns200WithCookie
2026/04/04 17:56:31 INFO localiam_bootstrap_complete username=admin must_change_password=true message="default admin/admin credentials created — change password on first login"
--- PASS: TestHandlerLogin_ValidCredentials_Returns200WithCookie (0.11s)
=== RUN   TestHandlerLogin_BadPassword_Returns401
2026/04/04 17:56:31 INFO localiam_bootstrap_complete username=admin must_change_password=true message="default admin/admin credentials created — change password on first login"
--- PASS: TestHandlerLogin_BadPassword_Returns401 (0.13s)
=== RUN   TestHandlerLogin_UnknownUser_Returns401
2026/04/04 17:56:31 INFO localiam_bootstrap_complete username=admin must_change_password=true message="default admin/admin credentials created — change password on first login"
--- PASS: TestHandlerLogin_UnknownUser_Returns401 (0.06s)
=== RUN   TestHandlerLogin_MissingFields_Returns400
2026/04/04 17:56:32 INFO localiam_bootstrap_complete username=admin must_change_password=true message="default admin/admin credentials created — change password on first login"
--- PASS: TestHandlerLogin_MissingFields_Returns400 (0.06s)
=== RUN   TestHandlerLogout_ValidSession_ClearsSessionAndCookie
2026/04/04 17:56:32 INFO localiam_bootstrap_complete username=admin must_change_password=true message="default admin/admin credentials created — change password on first login"
--- PASS: TestHandlerLogout_ValidSession_ClearsSessionAndCookie (0.12s)
=== RUN   TestHandlerLogout_NoSession_Returns200
2026/04/04 17:56:32 INFO localiam_bootstrap_complete username=admin must_change_password=true message="default admin/admin credentials created — change password on first login"
--- PASS: TestHandlerLogout_NoSession_Returns200 (0.06s)
=== RUN   TestHandlerMe_WithSession_ReturnsPrincipal
2026/04/04 17:56:32 INFO localiam_bootstrap_complete username=admin must_change_password=true message="default admin/admin credentials created — change password on first login"
--- PASS: TestHandlerMe_WithSession_ReturnsPrincipal (0.11s)
=== RUN   TestHandlerMe_NoSession_Returns401
2026/04/04 17:56:32 INFO localiam_bootstrap_complete username=admin must_change_password=true message="default admin/admin credentials created — change password on first login"
--- PASS: TestHandlerMe_NoSession_Returns401 (0.06s)
=== RUN   TestHandlerChangePassword_Success_ClearsMustChange
2026/04/04 17:56:32 INFO localiam_bootstrap_complete username=admin must_change_password=true message="default admin/admin credentials created — change password on first login"
--- PASS: TestHandlerChangePassword_Success_ClearsMustChange (0.24s)
=== RUN   TestHandlerChangePassword_WrongCurrent_Returns401
2026/04/04 17:56:32 INFO localiam_bootstrap_complete username=admin must_change_password=true message="default admin/admin credentials created — change password on first login"
--- PASS: TestHandlerChangePassword_WrongCurrent_Returns401 (0.17s)
=== RUN   TestHandlerChangePassword_WeakNew_Returns400
2026/04/04 17:56:32 INFO localiam_bootstrap_complete username=admin must_change_password=true message="default admin/admin credentials created — change password on first login"
--- PASS: TestHandlerChangePassword_WeakNew_Returns400 (0.11s)
=== RUN   TestHandlerChangePassword_NoSession_Returns401
2026/04/04 17:56:32 INFO localiam_bootstrap_complete username=admin must_change_password=true message="default admin/admin credentials created — change password on first login"
--- PASS: TestHandlerChangePassword_NoSession_Returns401 (0.06s)
=== RUN   TestForcedPasswordChange_BlocksExplorerRoutes
2026/04/04 17:56:32 INFO localiam_bootstrap_complete username=admin must_change_password=true message="default admin/admin credentials created — change password on first login"
--- PASS: TestForcedPasswordChange_BlocksExplorerRoutes (0.11s)
=== RUN   TestForcedPasswordChange_AllowsMeAndChangePassword
2026/04/04 17:56:33 INFO localiam_bootstrap_complete username=admin must_change_password=true message="default admin/admin credentials created — change password on first login"
--- PASS: TestForcedPasswordChange_AllowsMeAndChangePassword (0.24s)
=== RUN   TestExplorerRoutes_AfterPasswordChange_AllowsAccess
2026/04/04 17:56:33 INFO localiam_bootstrap_complete username=admin must_change_password=true message="default admin/admin credentials created — change password on first login"
--- PASS: TestExplorerRoutes_AfterPasswordChange_AllowsAccess (0.23s)
=== RUN   TestOIDCLogin_WithOIDC_Returns302
2026/04/04 17:56:33 INFO localiam_bootstrap_complete username=admin must_change_password=true message="default admin/admin credentials created — change password on first login"
--- PASS: TestOIDCLogin_WithOIDC_Returns302 (0.06s)
=== RUN   TestOIDCLogin_RedirectLocationUsesAuthURLReturn
2026/04/04 17:56:33 INFO localiam_bootstrap_complete username=admin must_change_password=true message="default admin/admin credentials created — change password on first login"
--- PASS: TestOIDCLogin_RedirectLocationUsesAuthURLReturn (0.06s)
=== RUN   TestOIDCLogin_SetsStateCookie
2026/04/04 17:56:33 INFO localiam_bootstrap_complete username=admin must_change_password=true message="default admin/admin credentials created — change password on first login"
--- PASS: TestOIDCLogin_SetsStateCookie (0.06s)
=== RUN   TestOIDCLogin_StateCookieValueMatchesRedirectState
2026/04/04 17:56:33 INFO localiam_bootstrap_complete username=admin must_change_password=true message="default admin/admin credentials created — change password on first login"
--- PASS: TestOIDCLogin_StateCookieValueMatchesRedirectState (0.05s)
=== RUN   TestOIDCLogin_WithPKCE_SetsPKCECookie
2026/04/04 17:56:33 INFO localiam_bootstrap_complete username=admin must_change_password=true message="default admin/admin credentials created — change password on first login"
--- PASS: TestOIDCLogin_WithPKCE_SetsPKCECookie (0.06s)
=== RUN   TestOIDCLogin_WithoutPKCE_NoPKCECookie
2026/04/04 17:56:33 INFO localiam_bootstrap_complete username=admin must_change_password=true message="default admin/admin credentials created — change password on first login"
--- PASS: TestOIDCLogin_WithoutPKCE_NoPKCECookie (0.05s)
=== RUN   TestOIDCLogin_WithPKCE_ChallengeInRedirect
2026/04/04 17:56:33 INFO localiam_bootstrap_complete username=admin must_change_password=true message="default admin/admin credentials created — change password on first login"
--- PASS: TestOIDCLogin_WithPKCE_ChallengeInRedirect (0.06s)
=== RUN   TestOIDCLogin_WithoutPKCE_EmptyChallengePassedToAuthURL
2026/04/04 17:56:33 INFO localiam_bootstrap_complete username=admin must_change_password=true message="default admin/admin credentials created — change password on first login"
--- PASS: TestOIDCLogin_WithoutPKCE_EmptyChallengePassedToAuthURL (0.06s)
=== RUN   TestOIDCLogin_DomainHintIncludedWhenPresent
2026/04/04 17:56:34 INFO localiam_bootstrap_complete username=admin must_change_password=true message="default admin/admin credentials created — change password on first login"
--- PASS: TestOIDCLogin_DomainHintIncludedWhenPresent (0.06s)
=== RUN   TestOIDCLogin_NoOIDCService_Returns503
--- PASS: TestOIDCLogin_NoOIDCService_Returns503 (0.00s)
=== RUN   TestOIDCLogin_MethodNotAllowed_Returns405
2026/04/04 17:56:34 INFO localiam_bootstrap_complete username=admin must_change_password=true message="default admin/admin credentials created — change password on first login"
--- PASS: TestOIDCLogin_MethodNotAllowed_Returns405 (0.06s)
=== RUN   TestOIDCCallback_MissingStateParam_Returns400
2026/04/04 17:56:34 INFO localiam_bootstrap_complete username=admin must_change_password=true message="default admin/admin credentials created — change password on first login"
2026/04/04 17:56:34 WARN oidc_invalid_state received="" cookie_present=false
--- PASS: TestOIDCCallback_MissingStateParam_Returns400 (0.06s)
=== RUN   TestOIDCCallback_MissingStateCookie_Returns400
2026/04/04 17:56:34 INFO localiam_bootstrap_complete username=admin must_change_password=true message="default admin/admin credentials created — change password on first login"
2026/04/04 17:56:34 WARN oidc_invalid_state received=somestate cookie_present=false
--- PASS: TestOIDCCallback_MissingStateCookie_Returns400 (0.06s)
=== RUN   TestOIDCCallback_MismatchedState_Returns400
2026/04/04 17:56:34 INFO localiam_bootstrap_complete username=admin must_change_password=true message="default admin/admin credentials created — change password on first login"
2026/04/04 17:56:34 WARN oidc_invalid_state received=different-state cookie_present=true
--- PASS: TestOIDCCallback_MismatchedState_Returns400 (0.06s)
=== RUN   TestOIDCCallback_ProviderError_Returns401
2026/04/04 17:56:34 INFO localiam_bootstrap_complete username=admin must_change_password=true message="default admin/admin credentials created — change password on first login"
2026/04/04 17:56:34 WARN oidc_provider_error error=access_denied description=""
--- PASS: TestOIDCCallback_ProviderError_Returns401 (0.06s)
=== RUN   TestOIDCCallback_ProviderError_DoesNotLeakDetails
2026/04/04 17:56:34 INFO localiam_bootstrap_complete username=admin must_change_password=true message="default admin/admin credentials created — change password on first login"
2026/04/04 17:56:34 WARN oidc_provider_error error=access_denied description="Token contains secret refresh_token xyz"
--- PASS: TestOIDCCallback_ProviderError_DoesNotLeakDetails (0.06s)
=== RUN   TestOIDCCallback_MissingCode_Returns400
2026/04/04 17:56:34 INFO localiam_bootstrap_complete username=admin must_change_password=true message="default admin/admin credentials created — change password on first login"
--- PASS: TestOIDCCallback_MissingCode_Returns400 (0.06s)
=== RUN   TestOIDCCallback_ExchangeFailure_Returns401
2026/04/04 17:56:34 INFO localiam_bootstrap_complete username=admin must_change_password=true message="default admin/admin credentials created — change password on first login"
2026/04/04 17:56:34 ERROR oidc_exchange_failed error="token exchange failed"
--- PASS: TestOIDCCallback_ExchangeFailure_Returns401 (0.06s)
=== RUN   TestOIDCCallback_NoRolesMapped_Returns403
2026/04/04 17:56:34 INFO localiam_bootstrap_complete username=admin must_change_password=true message="default admin/admin credentials created — change password on first login"
2026/04/04 17:56:34 WARN oidc_principal_denied subject=user-123 username=alice error="oidc: no internal roles mapped for this user"
--- PASS: TestOIDCCallback_NoRolesMapped_Returns403 (0.06s)
=== RUN   TestOIDCCallback_GroupNotAllowed_Returns403
2026/04/04 17:56:34 INFO localiam_bootstrap_complete username=admin must_change_password=true message="default admin/admin credentials created — change password on first login"
2026/04/04 17:56:34 WARN oidc_principal_denied subject=user-123 username=alice error="oidc: user is not a member of any allowed group"
--- PASS: TestOIDCCallback_GroupNotAllowed_Returns403 (0.06s)
=== RUN   TestOIDCCallback_AccessDenied_ErrorResponseIsSafe
2026/04/04 17:56:34 INFO localiam_bootstrap_complete username=admin must_change_password=true message="default admin/admin credentials created — change password on first login"
2026/04/04 17:56:34 WARN oidc_principal_denied subject=user-123 username=alice error="oidc: no internal roles mapped for this user"
2026/04/04 17:56:34 INFO localiam_bootstrap_complete username=admin must_change_password=true message="default admin/admin credentials created — change password on first login"
2026/04/04 17:56:34 WARN oidc_principal_denied subject=user-123 username=alice error="oidc: user is not a member of any allowed group"
--- PASS: TestOIDCCallback_AccessDenied_ErrorResponseIsSafe (0.12s)
=== RUN   TestOIDCCallback_Success_Returns302ToExplorer
2026/04/04 17:56:34 INFO localiam_bootstrap_complete username=admin must_change_password=true message="default admin/admin credentials created — change password on first login"
2026/04/04 17:56:34 INFO oidc_login_success subject=user-123 username=alice roles=[platform.admin]
--- PASS: TestOIDCCallback_Success_Returns302ToExplorer (0.05s)
=== RUN   TestOIDCCallback_Success_SetsMIDASSessionCookie
2026/04/04 17:56:34 INFO localiam_bootstrap_complete username=admin must_change_password=true message="default admin/admin credentials created — change password on first login"
2026/04/04 17:56:34 INFO oidc_login_success subject=user-123 username=alice roles=[platform.admin]
--- PASS: TestOIDCCallback_Success_SetsMIDASSessionCookie (0.06s)
=== RUN   TestOIDCCallback_Success_SessionPersistedInStore
2026/04/04 17:56:34 INFO localiam_bootstrap_complete username=admin must_change_password=true message="default admin/admin credentials created — change password on first login"
2026/04/04 17:56:34 INFO oidc_login_success subject=user-123 username=alice roles=[platform.admin]
--- PASS: TestOIDCCallback_Success_SessionPersistedInStore (0.06s)
=== RUN   TestOIDCCallback_Success_SessionResolvesToCorrectPrincipal
2026/04/04 17:56:34 INFO localiam_bootstrap_complete username=admin must_change_password=true message="default admin/admin credentials created — change password on first login"
2026/04/04 17:56:34 INFO oidc_login_success subject=user-456 username=bob roles=[platform.operator]
--- PASS: TestOIDCCallback_Success_SessionResolvesToCorrectPrincipal (0.06s)
=== RUN   TestOIDCCallback_Success_PrincipalJSONContainsOnlyMinimalData
2026/04/04 17:56:34 INFO localiam_bootstrap_complete username=admin must_change_password=true message="default admin/admin credentials created — change password on first login"
2026/04/04 17:56:34 INFO oidc_login_success subject=user-123 username=alice roles=[platform.admin]
--- PASS: TestOIDCCallback_Success_PrincipalJSONContainsOnlyMinimalData (0.05s)
=== RUN   TestOIDCCallback_NoOIDCService_Returns503
--- PASS: TestOIDCCallback_NoOIDCService_Returns503 (0.00s)
=== RUN   TestOIDCCallback_NoLocalIAM_Returns503
--- PASS: TestOIDCCallback_NoLocalIAM_Returns503 (0.00s)
=== RUN   TestOIDCCallback_StateCookieClearedAfterUse
2026/04/04 17:56:35 INFO localiam_bootstrap_complete username=admin must_change_password=true message="default admin/admin credentials created — change password on first login"
2026/04/04 17:56:35 INFO oidc_login_success subject=user-123 username=alice roles=[platform.admin]
--- PASS: TestOIDCCallback_StateCookieClearedAfterUse (0.05s)
=== RUN   TestOIDCCallback_MethodNotAllowed_Returns405
2026/04/04 17:56:35 INFO localiam_bootstrap_complete username=admin must_change_password=true message="default admin/admin credentials created — change password on first login"
--- PASS: TestOIDCCallback_MethodNotAllowed_Returns405 (0.06s)
=== RUN   TestOIDC_ExplorerShell_SessionFromOIDC_NotBlockedByHardening
2026/04/04 17:56:35 INFO localiam_bootstrap_complete username=admin must_change_password=true message="default admin/admin credentials created — change password on first login"
2026/04/04 17:56:35 INFO oidc_login_success subject=user-123 username=alice roles=[platform.admin]
--- PASS: TestOIDC_ExplorerShell_SessionFromOIDC_NotBlockedByHardening (0.06s)
=== RUN   TestEvaluate_Response_IncludesPolicyModeNoop
--- PASS: TestEvaluate_Response_IncludesPolicyModeNoop (0.00s)
=== RUN   TestEvaluate_Response_PolicySkipped_True_WhenNoopAndPolicyRef
--- PASS: TestEvaluate_Response_PolicySkipped_True_WhenNoopAndPolicyRef (0.00s)
=== RUN   TestEvaluate_Response_PolicySkipped_Absent_WhenNoPolicyRef
--- PASS: TestEvaluate_Response_PolicySkipped_Absent_WhenNoPolicyRef (0.00s)
=== RUN   TestHealth_IncludesPolicyMeta_WhenSet
--- PASS: TestHealth_IncludesPolicyMeta_WhenSet (0.00s)
=== RUN   TestHealth_NoPolicyMeta_WhenNotSet
--- PASS: TestHealth_NoPolicyMeta_WhenNotSet (0.00s)
=== RUN   TestReady_IncludesPolicyMeta_WhenSet
--- PASS: TestReady_IncludesPolicyMeta_WhenSet (0.00s)
=== RUN   TestApproveProfile_Success
--- PASS: TestApproveProfile_Success (0.00s)
=== RUN   TestApproveProfile_NotFound_Returns404
--- PASS: TestApproveProfile_NotFound_Returns404 (0.00s)
=== RUN   TestApproveProfile_WrongStatus_Returns409
--- PASS: TestApproveProfile_WrongStatus_Returns409 (0.00s)
=== RUN   TestApproveProfile_NilService_Returns501
--- PASS: TestApproveProfile_NilService_Returns501 (0.00s)
=== RUN   TestApproveProfile_MethodNotAllowed
--- PASS: TestApproveProfile_MethodNotAllowed (0.00s)
=== RUN   TestApproveProfile_MissingApprovedBy_Returns400
--- PASS: TestApproveProfile_MissingApprovedBy_Returns400 (0.00s)
=== RUN   TestDeprecateProfile_Success
--- PASS: TestDeprecateProfile_Success (0.00s)
=== RUN   TestDeprecateProfile_WrongStatus_Returns409
--- PASS: TestDeprecateProfile_WrongStatus_Returns409 (0.00s)
=== RUN   TestDeprecateProfile_NilService_Returns501
--- PASS: TestDeprecateProfile_NilService_Returns501 (0.00s)
=== RUN   TestDeprecateProfile_MethodNotAllowed
--- PASS: TestDeprecateProfile_MethodNotAllowed (0.00s)
=== RUN   TestReady_Returns200_WhenHealthCheckNil
--- PASS: TestReady_Returns200_WhenHealthCheckNil (0.00s)
=== RUN   TestReady_Returns200_WhenHealthCheckPasses
--- PASS: TestReady_Returns200_WhenHealthCheckPasses (0.00s)
=== RUN   TestReady_Returns503_WhenHealthCheckFails
--- PASS: TestReady_Returns503_WhenHealthCheckFails (0.00s)
=== RUN   TestReady_HealthCheckReceivesRequestContext
--- PASS: TestReady_HealthCheckReceivesRequestContext (0.00s)
=== RUN   TestHealth_UnchangedByHealthCheck
--- PASS: TestHealth_UnchangedByHealthCheck (0.00s)
=== RUN   TestGetSurfaceRecovery_ActiveVersion_Success
--- PASS: TestGetSurfaceRecovery_ActiveVersion_Success (0.00s)
=== RUN   TestGetSurfaceRecovery_ReviewOnly_NilActiveVersion
--- PASS: TestGetSurfaceRecovery_ReviewOnly_NilActiveVersion (0.00s)
=== RUN   TestGetSurfaceRecovery_NotFound_Returns404
--- PASS: TestGetSurfaceRecovery_NotFound_Returns404 (0.00s)
=== RUN   TestGetSurfaceRecovery_NilService_Returns501
--- PASS: TestGetSurfaceRecovery_NilService_Returns501 (0.00s)
=== RUN   TestGetSurfaceRecovery_MethodNotAllowed
--- PASS: TestGetSurfaceRecovery_MethodNotAllowed (0.00s)
=== RUN   TestGetSurfaceRecovery_DeprecatedWithSuccessor
--- PASS: TestGetSurfaceRecovery_DeprecatedWithSuccessor (0.00s)
=== RUN   TestGetProfileRecovery_Success
--- PASS: TestGetProfileRecovery_Success (0.00s)
=== RUN   TestGetProfileRecovery_NotFound_Returns404
--- PASS: TestGetProfileRecovery_NotFound_Returns404 (0.00s)
=== RUN   TestGetProfileRecovery_NilService_Returns501
--- PASS: TestGetProfileRecovery_NilService_Returns501 (0.00s)
=== RUN   TestGetProfileRecovery_MethodNotAllowed
--- PASS: TestGetProfileRecovery_MethodNotAllowed (0.00s)
=== RUN   TestGetProfileRecovery_NoActiveVersion
--- PASS: TestGetProfileRecovery_NoActiveVersion (0.00s)
=== RUN   TestSurfaceRecoveryActions_ReviewOnly_NoActive
--- PASS: TestSurfaceRecoveryActions_ReviewOnly_NoActive (0.00s)
=== RUN   TestSurfaceRecoveryActions_ReviewAndActive
--- PASS: TestSurfaceRecoveryActions_ReviewAndActive (0.00s)
=== RUN   TestSurfaceRecoveryActions_DeprecatedWithSuccessor
--- PASS: TestSurfaceRecoveryActions_DeprecatedWithSuccessor (0.00s)
=== RUN   TestSurfaceRecoveryActions_DeprecatedNoSuccessor_NoReview
--- PASS: TestSurfaceRecoveryActions_DeprecatedNoSuccessor_NoReview (0.00s)
=== RUN   TestSurfaceRecoveryActions_DeprecatedNoSuccessor_WithReview
--- PASS: TestSurfaceRecoveryActions_DeprecatedNoSuccessor_WithReview (0.00s)
=== RUN   TestSurfaceRecovery_ActiveV1_ReviewV2_DistinctVersions
--- PASS: TestSurfaceRecovery_ActiveV1_ReviewV2_DistinctVersions (0.00s)
=== RUN   TestSurfaceRecovery_DeprecatedWithSuccessor_SuccessorVisible
--- PASS: TestSurfaceRecovery_DeprecatedWithSuccessor_SuccessorVisible (0.00s)
=== RUN   TestSurfaceRecovery_NotFound
--- PASS: TestSurfaceRecovery_NotFound (0.00s)
=== RUN   TestProfileRecovery_ActiveVersion_NoActions
--- PASS: TestProfileRecovery_ActiveVersion_NoActions (0.00s)
=== RUN   TestProfileRecovery_FutureEffectiveDate_NoActiveVersion
--- PASS: TestProfileRecovery_FutureEffectiveDate_NoActiveVersion (0.00s)
=== RUN   TestProfileRecovery_MultiVersion_LatestActive
--- PASS: TestProfileRecovery_MultiVersion_LatestActive (0.00s)
=== RUN   TestSurfaceRecoveryHTTP_ActiveV1_ReviewV2
--- PASS: TestSurfaceRecoveryHTTP_ActiveV1_ReviewV2 (0.00s)
=== RUN   TestHealthEndpoint
--- PASS: TestHealthEndpoint (0.00s)
=== RUN   TestHealthEndpoint_MethodNotAllowed
--- PASS: TestHealthEndpoint_MethodNotAllowed (0.00s)
=== RUN   TestReadyEndpoint
--- PASS: TestReadyEndpoint (0.00s)
=== RUN   TestReadyEndpoint_MethodNotAllowed
--- PASS: TestReadyEndpoint_MethodNotAllowed (0.00s)
=== RUN   TestEvaluate_Success
--- PASS: TestEvaluate_Success (0.00s)
=== RUN   TestEvaluate_RawBodyPassedVerbatim
--- PASS: TestEvaluate_RawBodyPassedVerbatim (0.00s)
=== RUN   TestEvaluate_MissingRequiredFields
=== RUN   TestEvaluate_MissingRequiredFields/missing_surface_id
=== RUN   TestEvaluate_MissingRequiredFields/missing_agent_id
--- PASS: TestEvaluate_MissingRequiredFields (0.00s)
    --- PASS: TestEvaluate_MissingRequiredFields/missing_surface_id (0.00s)
    --- PASS: TestEvaluate_MissingRequiredFields/missing_agent_id (0.00s)
=== RUN   TestEvaluate_InvalidConfidence
=== RUN   TestEvaluate_InvalidConfidence/below_zero
=== RUN   TestEvaluate_InvalidConfidence/above_one
--- PASS: TestEvaluate_InvalidConfidence (0.00s)
    --- PASS: TestEvaluate_InvalidConfidence/below_zero (0.00s)
    --- PASS: TestEvaluate_InvalidConfidence/above_one (0.00s)
=== RUN   TestEvaluate_ZeroConfidenceIsValid
--- PASS: TestEvaluate_ZeroConfidenceIsValid (0.00s)
=== RUN   TestEvaluate_InvalidJSON
--- PASS: TestEvaluate_InvalidJSON (0.00s)
=== RUN   TestEvaluate_UnknownFieldsRejected
--- PASS: TestEvaluate_UnknownFieldsRejected (0.00s)
=== RUN   TestEvaluate_TrailingGarbageRejected
--- PASS: TestEvaluate_TrailingGarbageRejected (0.00s)
=== RUN   TestEvaluate_EmptyBodyRejected
--- PASS: TestEvaluate_EmptyBodyRejected (0.00s)
=== RUN   TestEvaluate_WhitespaceOnlyBodyRejected
--- PASS: TestEvaluate_WhitespaceOnlyBodyRejected (0.00s)
=== RUN   TestEvaluate_OversizedBodyRejected
--- PASS: TestEvaluate_OversizedBodyRejected (0.00s)
=== RUN   TestEvaluate_WhitespaceTrimming
--- PASS: TestEvaluate_WhitespaceTrimming (0.00s)
=== RUN   TestEvaluate_DefaultRequestSource
--- PASS: TestEvaluate_DefaultRequestSource (0.00s)
=== RUN   TestEvaluate_WhitespaceOnlyRequestSourceDefaultsToAPI
--- PASS: TestEvaluate_WhitespaceOnlyRequestSourceDefaultsToAPI (0.00s)
=== RUN   TestEvaluate_MethodNotAllowed
--- PASS: TestEvaluate_MethodNotAllowed (0.00s)
=== RUN   TestEvaluate_OrchestratorError
--- PASS: TestEvaluate_OrchestratorError (0.00s)
=== RUN   TestEvaluate_NilOrchestrator
--- PASS: TestEvaluate_NilOrchestrator (0.00s)
=== RUN   TestEvaluate_MissingRequestID_Returns400
--- PASS: TestEvaluate_MissingRequestID_Returns400 (0.00s)
=== RUN   TestEvaluate_PreservesProvidedRequestID
--- PASS: TestEvaluate_PreservesProvidedRequestID (0.00s)
=== RUN   TestEvaluate_InvalidRequestID
=== RUN   TestEvaluate_InvalidRequestID/backslash
=== RUN   TestEvaluate_InvalidRequestID/null_byte
=== RUN   TestEvaluate_InvalidRequestID/control_character
=== RUN   TestEvaluate_InvalidRequestID/too_long
--- PASS: TestEvaluate_InvalidRequestID (0.00s)
    --- PASS: TestEvaluate_InvalidRequestID/backslash (0.00s)
    --- PASS: TestEvaluate_InvalidRequestID/null_byte (0.00s)
    --- PASS: TestEvaluate_InvalidRequestID/control_character (0.00s)
    --- PASS: TestEvaluate_InvalidRequestID/too_long (0.00s)
=== RUN   TestReview_Success
--- PASS: TestReview_Success (0.00s)
=== RUN   TestReview_NilEnvelopeReturned
--- PASS: TestReview_NilEnvelopeReturned (0.00s)
=== RUN   TestReview_LegacyDecisionVocabulary
=== RUN   TestReview_LegacyDecisionVocabulary/accept
=== RUN   TestReview_LegacyDecisionVocabulary/approve
=== RUN   TestReview_LegacyDecisionVocabulary/approved
=== RUN   TestReview_LegacyDecisionVocabulary/reject
=== RUN   TestReview_LegacyDecisionVocabulary/deny
=== RUN   TestReview_LegacyDecisionVocabulary/denied
=== RUN   TestReview_LegacyDecisionVocabulary/ACCEPT
=== RUN   TestReview_LegacyDecisionVocabulary/REJECT
--- PASS: TestReview_LegacyDecisionVocabulary (0.00s)
    --- PASS: TestReview_LegacyDecisionVocabulary/accept (0.00s)
    --- PASS: TestReview_LegacyDecisionVocabulary/approve (0.00s)
    --- PASS: TestReview_LegacyDecisionVocabulary/approved (0.00s)
    --- PASS: TestReview_LegacyDecisionVocabulary/reject (0.00s)
    --- PASS: TestReview_LegacyDecisionVocabulary/deny (0.00s)
    --- PASS: TestReview_LegacyDecisionVocabulary/denied (0.00s)
    --- PASS: TestReview_LegacyDecisionVocabulary/ACCEPT (0.00s)
    --- PASS: TestReview_LegacyDecisionVocabulary/REJECT (0.00s)
=== RUN   TestReview_InvalidDecision
--- PASS: TestReview_InvalidDecision (0.00s)
=== RUN   TestReview_MissingRequiredFields
=== RUN   TestReview_MissingRequiredFields/missing_envelope_id
=== RUN   TestReview_MissingRequiredFields/missing_decision
=== RUN   TestReview_MissingRequiredFields/missing_reviewer
--- PASS: TestReview_MissingRequiredFields (0.00s)
    --- PASS: TestReview_MissingRequiredFields/missing_envelope_id (0.00s)
    --- PASS: TestReview_MissingRequiredFields/missing_decision (0.00s)
    --- PASS: TestReview_MissingRequiredFields/missing_reviewer (0.00s)
=== RUN   TestReview_InvalidJSON
--- PASS: TestReview_InvalidJSON (0.00s)
=== RUN   TestReview_UnknownFieldsRejected
--- PASS: TestReview_UnknownFieldsRejected (0.00s)
=== RUN   TestReview_TrailingGarbageRejected
--- PASS: TestReview_TrailingGarbageRejected (0.00s)
=== RUN   TestReview_EmptyBodyRejected
--- PASS: TestReview_EmptyBodyRejected (0.00s)
=== RUN   TestReview_WhitespaceOnlyBodyRejected
--- PASS: TestReview_WhitespaceOnlyBodyRejected (0.00s)
=== RUN   TestReview_OversizedBodyRejected
--- PASS: TestReview_OversizedBodyRejected (0.00s)
=== RUN   TestReview_WhitespaceTrimming
--- PASS: TestReview_WhitespaceTrimming (0.00s)
=== RUN   TestReview_InvalidReviewer
=== RUN   TestReview_InvalidReviewer/backslash
=== RUN   TestReview_InvalidReviewer/null_byte
=== RUN   TestReview_InvalidReviewer/control_character
=== RUN   TestReview_InvalidReviewer/too_long
--- PASS: TestReview_InvalidReviewer (0.00s)
    --- PASS: TestReview_InvalidReviewer/backslash (0.00s)
    --- PASS: TestReview_InvalidReviewer/null_byte (0.00s)
    --- PASS: TestReview_InvalidReviewer/control_character (0.00s)
    --- PASS: TestReview_InvalidReviewer/too_long (0.00s)
=== RUN   TestReview_EnvelopeIdentityInvariantViolation
--- PASS: TestReview_EnvelopeIdentityInvariantViolation (0.00s)
=== RUN   TestReview_MethodNotAllowed
--- PASS: TestReview_MethodNotAllowed (0.00s)
=== RUN   TestReview_NilOrchestrator
--- PASS: TestReview_NilOrchestrator (0.00s)
=== RUN   TestDomainErrorMapping_TypedSentinels
=== RUN   TestDomainErrorMapping_TypedSentinels/ErrEnvelopeNotFound
=== RUN   TestDomainErrorMapping_TypedSentinels/ErrEnvelopeNotAwaitingReview
=== RUN   TestDomainErrorMapping_TypedSentinels/ErrEnvelopeAlreadyClosed
=== RUN   TestDomainErrorMapping_TypedSentinels/ErrEmptyIdentifier
=== RUN   TestDomainErrorMapping_TypedSentinels/ErrInvalidReviewDecision
--- PASS: TestDomainErrorMapping_TypedSentinels (0.00s)
    --- PASS: TestDomainErrorMapping_TypedSentinels/ErrEnvelopeNotFound (0.00s)
    --- PASS: TestDomainErrorMapping_TypedSentinels/ErrEnvelopeNotAwaitingReview (0.00s)
    --- PASS: TestDomainErrorMapping_TypedSentinels/ErrEnvelopeAlreadyClosed (0.00s)
    --- PASS: TestDomainErrorMapping_TypedSentinels/ErrEmptyIdentifier (0.00s)
    --- PASS: TestDomainErrorMapping_TypedSentinels/ErrInvalidReviewDecision (0.00s)
=== RUN   TestDomainErrorMapping_StringMatchFallback
=== RUN   TestDomainErrorMapping_StringMatchFallback/self-review
=== RUN   TestDomainErrorMapping_StringMatchFallback/duplicate
=== RUN   TestDomainErrorMapping_StringMatchFallback/not_found_fallback
=== RUN   TestDomainErrorMapping_StringMatchFallback/invalid_state
--- PASS: TestDomainErrorMapping_StringMatchFallback (0.00s)
    --- PASS: TestDomainErrorMapping_StringMatchFallback/self-review (0.00s)
    --- PASS: TestDomainErrorMapping_StringMatchFallback/duplicate (0.00s)
    --- PASS: TestDomainErrorMapping_StringMatchFallback/not_found_fallback (0.00s)
    --- PASS: TestDomainErrorMapping_StringMatchFallback/invalid_state (0.00s)
=== RUN   TestGetEnvelope_Success
--- PASS: TestGetEnvelope_Success (0.00s)
=== RUN   TestGetEnvelope_NotFound
--- PASS: TestGetEnvelope_NotFound (0.00s)
=== RUN   TestGetEnvelope_MissingID
--- PASS: TestGetEnvelope_MissingID (0.00s)
=== RUN   TestGetEnvelope_InvalidID
=== RUN   TestGetEnvelope_InvalidID/backslash
=== RUN   TestGetEnvelope_InvalidID/slash
=== RUN   TestGetEnvelope_InvalidID/too_long
--- PASS: TestGetEnvelope_InvalidID (0.00s)
    --- PASS: TestGetEnvelope_InvalidID/backslash (0.00s)
    --- PASS: TestGetEnvelope_InvalidID/slash (0.00s)
    --- PASS: TestGetEnvelope_InvalidID/too_long (0.00s)
=== RUN   TestGetEnvelope_OrchestratorError
--- PASS: TestGetEnvelope_OrchestratorError (0.00s)
=== RUN   TestGetEnvelope_MethodNotAllowed
--- PASS: TestGetEnvelope_MethodNotAllowed (0.00s)
=== RUN   TestGetEnvelope_NilOrchestrator
--- PASS: TestGetEnvelope_NilOrchestrator (0.00s)
=== RUN   TestListEnvelopes_Success
--- PASS: TestListEnvelopes_Success (0.00s)
=== RUN   TestListEnvelopes_EmptyList
--- PASS: TestListEnvelopes_EmptyList (0.00s)
=== RUN   TestListEnvelopes_MethodNotAllowed
--- PASS: TestListEnvelopes_MethodNotAllowed (0.00s)
=== RUN   TestListEnvelopes_NilOrchestrator
--- PASS: TestListEnvelopes_NilOrchestrator (0.00s)
=== RUN   TestGetDecisionByRequestID_Success
--- PASS: TestGetDecisionByRequestID_Success (0.00s)
=== RUN   TestGetDecisionByRequestID_CustomSource
--- PASS: TestGetDecisionByRequestID_CustomSource (0.00s)
=== RUN   TestGetDecisionByRequestID_WhitespaceTrimmedSource
--- PASS: TestGetDecisionByRequestID_WhitespaceTrimmedSource (0.00s)
=== RUN   TestGetDecisionByRequestID_NotFound
--- PASS: TestGetDecisionByRequestID_NotFound (0.00s)
=== RUN   TestGetDecisionByRequestID_MissingID
--- PASS: TestGetDecisionByRequestID_MissingID (0.00s)
=== RUN   TestGetDecisionByRequestID_InvalidID
=== RUN   TestGetDecisionByRequestID_InvalidID/backslash
=== RUN   TestGetDecisionByRequestID_InvalidID/too_long
--- PASS: TestGetDecisionByRequestID_InvalidID (0.00s)
    --- PASS: TestGetDecisionByRequestID_InvalidID/backslash (0.00s)
    --- PASS: TestGetDecisionByRequestID_InvalidID/too_long (0.00s)
=== RUN   TestGetDecisionByRequestID_MethodNotAllowed
--- PASS: TestGetDecisionByRequestID_MethodNotAllowed (0.00s)
=== RUN   TestGetDecisionByRequestID_NilOrchestrator
--- PASS: TestGetDecisionByRequestID_NilOrchestrator (0.00s)
=== RUN   TestResponsesHaveJSONContentType
=== RUN   TestResponsesHaveJSONContentType/health
=== RUN   TestResponsesHaveJSONContentType/ready
=== RUN   TestResponsesHaveJSONContentType/evaluate_success
=== RUN   TestResponsesHaveJSONContentType/evaluate_bad_request
=== RUN   TestResponsesHaveJSONContentType/envelope_not_found
=== RUN   TestResponsesHaveJSONContentType/method_not_allowed
--- PASS: TestResponsesHaveJSONContentType (0.00s)
    --- PASS: TestResponsesHaveJSONContentType/health (0.00s)
    --- PASS: TestResponsesHaveJSONContentType/ready (0.00s)
    --- PASS: TestResponsesHaveJSONContentType/evaluate_success (0.00s)
    --- PASS: TestResponsesHaveJSONContentType/evaluate_bad_request (0.00s)
    --- PASS: TestResponsesHaveJSONContentType/envelope_not_found (0.00s)
    --- PASS: TestResponsesHaveJSONContentType/method_not_allowed (0.00s)
=== RUN   TestApplyBundle_Success
--- PASS: TestApplyBundle_Success (0.00s)
=== RUN   TestApplyBundle_AllowedContentTypes
=== RUN   TestApplyBundle_AllowedContentTypes/application/yaml
=== RUN   TestApplyBundle_AllowedContentTypes/application/x-yaml
=== RUN   TestApplyBundle_AllowedContentTypes/text/yaml
=== RUN   TestApplyBundle_AllowedContentTypes/no_content-type
=== RUN   TestApplyBundle_AllowedContentTypes/with_charset
--- PASS: TestApplyBundle_AllowedContentTypes (0.00s)
    --- PASS: TestApplyBundle_AllowedContentTypes/application/yaml (0.00s)
    --- PASS: TestApplyBundle_AllowedContentTypes/application/x-yaml (0.00s)
    --- PASS: TestApplyBundle_AllowedContentTypes/text/yaml (0.00s)
    --- PASS: TestApplyBundle_AllowedContentTypes/no_content-type (0.00s)
    --- PASS: TestApplyBundle_AllowedContentTypes/with_charset (0.00s)
=== RUN   TestApplyBundle_UnsupportedMediaType
--- PASS: TestApplyBundle_UnsupportedMediaType (0.00s)
=== RUN   TestApplyBundle_ValidationErrors
--- PASS: TestApplyBundle_ValidationErrors (0.00s)
=== RUN   TestApplyBundle_EmptyBody
--- PASS: TestApplyBundle_EmptyBody (0.00s)
=== RUN   TestApplyBundle_WhitespaceOnlyBody
--- PASS: TestApplyBundle_WhitespaceOnlyBody (0.00s)
=== RUN   TestApplyBundle_OversizedBody
--- PASS: TestApplyBundle_OversizedBody (0.03s)
=== RUN   TestApplyBundle_MethodNotAllowed
--- PASS: TestApplyBundle_MethodNotAllowed (0.00s)
=== RUN   TestApplyBundle_NilControlPlane
--- PASS: TestApplyBundle_NilControlPlane (0.00s)
=== RUN   TestApplyBundle_MultipleResources
--- PASS: TestApplyBundle_MultipleResources (0.00s)
=== RUN   TestApplyBundle_ParseErrors
--- PASS: TestApplyBundle_ParseErrors (0.00s)
=== RUN   TestApplyBundle_InfrastructureError
--- PASS: TestApplyBundle_InfrastructureError (0.00s)
=== RUN   TestApplyBundle_MixedResults
--- PASS: TestApplyBundle_MixedResults (0.00s)
=== RUN   TestApplyBundle_ResponseStructure
--- PASS: TestApplyBundle_ResponseStructure (0.00s)
=== RUN   TestEvaluate_ScopedConflictReturns409
--- PASS: TestEvaluate_ScopedConflictReturns409 (0.00s)
=== RUN   TestEvaluate_ScopedConflictWrappedReturns409
--- PASS: TestEvaluate_ScopedConflictWrappedReturns409 (0.00s)
=== RUN   TestDomainErrorMapping_ScopedRequestConflict
--- PASS: TestDomainErrorMapping_ScopedRequestConflict (0.00s)
=== RUN   TestEvaluate_SuccessfulReplayPassesThroughResult
--- PASS: TestEvaluate_SuccessfulReplayPassesThroughResult (0.00s)
=== RUN   TestEvaluate_IdempotencyConflict_Returns409
--- PASS: TestEvaluate_IdempotencyConflict_Returns409 (0.00s)
=== RUN   TestPlanBundle_NotConfigured_Returns501
--- PASS: TestPlanBundle_NotConfigured_Returns501 (0.00s)
=== RUN   TestPlanBundle_MethodNotAllowed_Returns405
--- PASS: TestPlanBundle_MethodNotAllowed_Returns405 (0.00s)
=== RUN   TestPlanBundle_UnsupportedMediaType_Returns415
--- PASS: TestPlanBundle_UnsupportedMediaType_Returns415 (0.00s)
=== RUN   TestPlanBundle_EmptyBody_Returns400
--- PASS: TestPlanBundle_EmptyBody_Returns400 (0.00s)
=== RUN   TestPlanBundle_ParseError_Returns400
--- PASS: TestPlanBundle_ParseError_Returns400 (0.00s)
=== RUN   TestPlanBundle_ValidBundle_ReturnsPlanResult
--- PASS: TestPlanBundle_ValidBundle_ReturnsPlanResult (0.00s)
=== RUN   TestPlanBundle_HTTPNoWrites_ReturnsPlanResult
--- PASS: TestPlanBundle_HTTPNoWrites_ReturnsPlanResult (0.00s)
=== RUN   TestPlanBundle_InvalidBundle_WouldApplyFalse
--- PASS: TestPlanBundle_InvalidBundle_WouldApplyFalse (0.00s)
=== RUN   TestPlanBundle_BundleDependency_DecisionSourceVisible
--- PASS: TestPlanBundle_BundleDependency_DecisionSourceVisible (0.00s)
=== RUN   TestApproveSurface_Success
--- PASS: TestApproveSurface_Success (0.00s)
=== RUN   TestApproveSurface_SurfaceNotFound
--- PASS: TestApproveSurface_SurfaceNotFound (0.00s)
=== RUN   TestApproveSurface_Forbidden
--- PASS: TestApproveSurface_Forbidden (0.00s)
=== RUN   TestApproveSurface_InvalidStatus
--- PASS: TestApproveSurface_InvalidStatus (0.00s)
=== RUN   TestApproveSurface_NilApprovalService
--- PASS: TestApproveSurface_NilApprovalService (0.00s)
=== RUN   TestApproveSurface_MissingApproverID
--- PASS: TestApproveSurface_MissingApproverID (0.00s)
=== RUN   TestApproveSurface_InvalidSurfaceID
--- PASS: TestApproveSurface_InvalidSurfaceID (0.00s)
=== RUN   TestApproveSurface_MethodNotAllowed
--- PASS: TestApproveSurface_MethodNotAllowed (0.00s)
=== RUN   TestApproveSurface_UnknownFieldsRejected
--- PASS: TestApproveSurface_UnknownFieldsRejected (0.00s)
=== RUN   TestDeprecateSurface_Success
--- PASS: TestDeprecateSurface_Success (0.00s)
=== RUN   TestDeprecateSurface_NoSuccessor
--- PASS: TestDeprecateSurface_NoSuccessor (0.00s)
=== RUN   TestDeprecateSurface_SurfaceNotFound
--- PASS: TestDeprecateSurface_SurfaceNotFound (0.00s)
=== RUN   TestDeprecateSurface_InvalidTransition
--- PASS: TestDeprecateSurface_InvalidTransition (0.00s)
=== RUN   TestDeprecateSurface_MissingReason
--- PASS: TestDeprecateSurface_MissingReason (0.00s)
=== RUN   TestDeprecateSurface_MissingDeprecatedBy
--- PASS: TestDeprecateSurface_MissingDeprecatedBy (0.00s)
=== RUN   TestDeprecateSurface_NilApprovalService
--- PASS: TestDeprecateSurface_NilApprovalService (0.00s)
=== RUN   TestDeprecateSurface_InvalidSuccessorID
--- PASS: TestDeprecateSurface_InvalidSuccessorID (0.00s)
=== RUN   TestDeprecateSurface_UnknownFieldsRejected
--- PASS: TestDeprecateSurface_UnknownFieldsRejected (0.00s)
=== RUN   TestDeprecateSurface_MethodNotAllowed
--- PASS: TestDeprecateSurface_MethodNotAllowed (0.00s)
=== RUN   TestSurfaceActions_UnknownAction
--- PASS: TestSurfaceActions_UnknownAction (0.00s)
=== RUN   TestLifecycle_ApplyApproveEvaluateDeprecate
--- PASS: TestLifecycle_ApplyApproveEvaluateDeprecate (0.00s)
=== RUN   TestLifecycle_ApproveRejectsAlreadyActive
--- PASS: TestLifecycle_ApproveRejectsAlreadyActive (0.00s)
=== RUN   TestLifecycle_DeprecateRejectsNonActive
--- PASS: TestLifecycle_DeprecateRejectsNonActive (0.00s)
=== RUN   TestListEnvelopes_StateFilter_Closed
--- PASS: TestListEnvelopes_StateFilter_Closed (0.00s)
=== RUN   TestListEnvelopes_StateFilter_AwaitingReview
--- PASS: TestListEnvelopes_StateFilter_AwaitingReview (0.00s)
=== RUN   TestListEnvelopes_StateFilter_Invalid
--- PASS: TestListEnvelopes_StateFilter_Invalid (0.00s)
=== RUN   TestListEscalations_Success
--- PASS: TestListEscalations_Success (0.00s)
=== RUN   TestListEscalations_EmptyQueue
--- PASS: TestListEscalations_EmptyQueue (0.00s)
=== RUN   TestListEscalations_MethodNotAllowed
--- PASS: TestListEscalations_MethodNotAllowed (0.00s)
=== RUN   TestListEscalations_NilOrchestrator
--- PASS: TestListEscalations_NilOrchestrator (0.00s)
=== RUN   TestListEscalations_OrchestratorError
--- PASS: TestListEscalations_OrchestratorError (0.00s)
=== RUN   TestEscalationWorkflow_EndToEnd
--- PASS: TestEscalationWorkflow_EndToEnd (0.00s)
=== RUN   TestGetSurface_Success
--- PASS: TestGetSurface_Success (0.00s)
=== RUN   TestGetSurface_NotFound
--- PASS: TestGetSurface_NotFound (0.00s)
=== RUN   TestGetSurface_InvalidID
--- PASS: TestGetSurface_InvalidID (0.00s)
=== RUN   TestGetSurface_MethodNotAllowed
--- PASS: TestGetSurface_MethodNotAllowed (0.00s)
=== RUN   TestGetSurface_NilIntrospection
--- PASS: TestGetSurface_NilIntrospection (0.00s)
=== RUN   TestGetSurfaceVersions_Success
--- PASS: TestGetSurfaceVersions_Success (0.00s)
=== RUN   TestGetSurfaceVersions_NotFound
--- PASS: TestGetSurfaceVersions_NotFound (0.00s)
=== RUN   TestGetSurfaceVersions_MethodNotAllowed
--- PASS: TestGetSurfaceVersions_MethodNotAllowed (0.00s)
=== RUN   TestGetSurfaceVersions_NilIntrospection
--- PASS: TestGetSurfaceVersions_NilIntrospection (0.00s)
=== RUN   TestListProfiles_Success
--- PASS: TestListProfiles_Success (0.00s)
=== RUN   TestListProfiles_EmptyResult
--- PASS: TestListProfiles_EmptyResult (0.00s)
=== RUN   TestListProfiles_MissingSurfaceID
--- PASS: TestListProfiles_MissingSurfaceID (0.00s)
=== RUN   TestListProfiles_MethodNotAllowed
--- PASS: TestListProfiles_MethodNotAllowed (0.00s)
=== RUN   TestListProfiles_NilIntrospection
--- PASS: TestListProfiles_NilIntrospection (0.00s)
=== RUN   TestE2E_SurfaceLifecycleVisibility
--- PASS: TestE2E_SurfaceLifecycleVisibility (0.00s)
=== RUN   TestGetProfile_Success
--- PASS: TestGetProfile_Success (0.00s)
=== RUN   TestGetProfile_NotFound
--- PASS: TestGetProfile_NotFound (0.00s)
=== RUN   TestGetProfile_MissingID
--- PASS: TestGetProfile_MissingID (0.00s)
=== RUN   TestGetProfile_MethodNotAllowed
--- PASS: TestGetProfile_MethodNotAllowed (0.00s)
=== RUN   TestGetProfile_NilIntrospection
--- PASS: TestGetProfile_NilIntrospection (0.00s)
=== RUN   TestGetProfileVersions_Success
--- PASS: TestGetProfileVersions_Success (0.00s)
=== RUN   TestGetProfileVersions_NotFound
--- PASS: TestGetProfileVersions_NotFound (0.00s)
=== RUN   TestGetProfileVersions_MethodNotAllowed
--- PASS: TestGetProfileVersions_MethodNotAllowed (0.00s)
=== RUN   TestGetProfileVersions_NilIntrospection
--- PASS: TestGetProfileVersions_NilIntrospection (0.00s)
=== RUN   TestGetProfileVersions_InvalidID
--- PASS: TestGetProfileVersions_InvalidID (0.00s)
=== RUN   TestGetAgent_Success
--- PASS: TestGetAgent_Success (0.00s)
=== RUN   TestGetAgent_NotFound
--- PASS: TestGetAgent_NotFound (0.00s)
=== RUN   TestGetAgent_MissingID
--- PASS: TestGetAgent_MissingID (0.00s)
=== RUN   TestGetAgent_MethodNotAllowed
--- PASS: TestGetAgent_MethodNotAllowed (0.00s)
=== RUN   TestGetAgent_NilIntrospection
--- PASS: TestGetAgent_NilIntrospection (0.00s)
=== RUN   TestListGrants_ByAgent_Success
--- PASS: TestListGrants_ByAgent_Success (0.00s)
=== RUN   TestListGrants_ByProfile_Success
--- PASS: TestListGrants_ByProfile_Success (0.00s)
=== RUN   TestListGrants_EmptyResult
--- PASS: TestListGrants_EmptyResult (0.00s)
=== RUN   TestListGrants_MissingParam
--- PASS: TestListGrants_MissingParam (0.00s)
=== RUN   TestListGrants_BothParams
--- PASS: TestListGrants_BothParams (0.00s)
=== RUN   TestListGrants_MethodNotAllowed
--- PASS: TestListGrants_MethodNotAllowed (0.00s)
=== RUN   TestListGrants_NilIntrospection
--- PASS: TestListGrants_NilIntrospection (0.00s)
=== RUN   TestE2E_AgentProfileGrantVisibility
--- PASS: TestE2E_AgentProfileGrantVisibility (0.00s)
=== RUN   TestGetSurfaceImpact_Success
--- PASS: TestGetSurfaceImpact_Success (0.00s)
=== RUN   TestGetSurfaceImpact_NotFound
--- PASS: TestGetSurfaceImpact_NotFound (0.00s)
=== RUN   TestGetSurfaceImpact_InvalidID
--- PASS: TestGetSurfaceImpact_InvalidID (0.00s)
=== RUN   TestGetSurfaceImpact_MethodNotAllowed
--- PASS: TestGetSurfaceImpact_MethodNotAllowed (0.00s)
=== RUN   TestGetSurfaceImpact_NilService
--- PASS: TestGetSurfaceImpact_NilService (0.00s)
=== RUN   TestGetSurfaceImpact_EmptyDependencies
--- PASS: TestGetSurfaceImpact_EmptyDependencies (0.00s)
=== RUN   TestGetSurfaceImpact_Integration
--- PASS: TestGetSurfaceImpact_Integration (0.00s)
PASS
ok  	github.com/accept-io/midas/internal/httpapi	3.932s
=== RUN   TestNormalizeRoles_LegacyToCanonical
--- PASS: TestNormalizeRoles_LegacyToCanonical (0.00s)
=== RUN   TestNormalizeRoles_CanonicalPassThrough
--- PASS: TestNormalizeRoles_CanonicalPassThrough (0.00s)
=== RUN   TestNormalizeRoles_UnknownPreserved
--- PASS: TestNormalizeRoles_UnknownPreserved (0.00s)
=== RUN   TestNormalizeRoles_Deduplication
--- PASS: TestNormalizeRoles_Deduplication (0.00s)
=== RUN   TestNormalizeRoles_CaseInsensitiveLegacyLookup
--- PASS: TestNormalizeRoles_CaseInsensitiveLegacyLookup (0.00s)
=== RUN   TestNormalizeRoles_EmptyInput
--- PASS: TestNormalizeRoles_EmptyInput (0.00s)
=== RUN   TestNormalizeRoles_Deterministic
--- PASS: TestNormalizeRoles_Deterministic (0.00s)
PASS
ok  	github.com/accept-io/midas/internal/identity	0.008s
=== RUN   TestNewKafkaPublisher_NoBrokers_ReturnsError
--- PASS: TestNewKafkaPublisher_NoBrokers_ReturnsError (0.00s)
=== RUN   TestNewKafkaPublisher_WithBrokers_Succeeds
--- PASS: TestNewKafkaPublisher_WithBrokers_Succeeds (0.00s)
=== RUN   TestNewKafkaPublisher_RequiredAcksLeader_Succeeds
--- PASS: TestNewKafkaPublisher_RequiredAcksLeader_Succeeds (0.00s)
=== RUN   TestNewKafkaPublisher_RequiredAcksNone_Succeeds
--- PASS: TestNewKafkaPublisher_RequiredAcksNone_Succeeds (0.00s)
=== RUN   TestNewKafkaPublisher_WriteTimeout_Accepted
--- PASS: TestNewKafkaPublisher_WriteTimeout_Accepted (0.00s)
=== RUN   TestNewKafkaPublisher_ZeroWriteTimeout_Accepted
--- PASS: TestNewKafkaPublisher_ZeroWriteTimeout_Accepted (0.00s)
=== RUN   TestNewKafkaPublisher_ClientID_Accepted
--- PASS: TestNewKafkaPublisher_ClientID_Accepted (0.00s)
=== RUN   TestNewKafkaPublisher_EmptyClientID_Accepted
--- PASS: TestNewKafkaPublisher_EmptyClientID_Accepted (0.00s)
=== RUN   TestDefaultKafkaConfig_RequiredAcksAll
--- PASS: TestDefaultKafkaConfig_RequiredAcksAll (0.00s)
=== RUN   TestRequiredAcksConstants
=== RUN   TestRequiredAcksConstants/None
=== RUN   TestRequiredAcksConstants/Leader
=== RUN   TestRequiredAcksConstants/All
--- PASS: TestRequiredAcksConstants (0.00s)
    --- PASS: TestRequiredAcksConstants/None (0.00s)
    --- PASS: TestRequiredAcksConstants/Leader (0.00s)
    --- PASS: TestRequiredAcksConstants/All (0.00s)
PASS
ok  	github.com/accept-io/midas/internal/kafka	0.010s
=== RUN   TestBootstrap_CreatesAdminUser
2026/04/04 17:56:36 INFO localiam_bootstrap_complete username=admin must_change_password=true message="default admin/admin credentials created — change password on first login"
--- PASS: TestBootstrap_CreatesAdminUser (0.06s)
=== RUN   TestBootstrap_Idempotent_NoDuplicateUser
2026/04/04 17:56:36 INFO localiam_bootstrap_complete username=admin must_change_password=true message="default admin/admin credentials created — change password on first login"
--- PASS: TestBootstrap_Idempotent_NoDuplicateUser (0.05s)
=== RUN   TestLogin_ValidCredentials_ReturnsSession
2026/04/04 17:56:36 INFO localiam_bootstrap_complete username=admin must_change_password=true message="default admin/admin credentials created — change password on first login"
--- PASS: TestLogin_ValidCredentials_ReturnsSession (0.11s)
=== RUN   TestLogin_BadPassword_ReturnsInvalidCredentials
2026/04/04 17:56:36 INFO localiam_bootstrap_complete username=admin must_change_password=true message="default admin/admin credentials created — change password on first login"
--- PASS: TestLogin_BadPassword_ReturnsInvalidCredentials (0.12s)
=== RUN   TestLogin_UnknownUser_ReturnsInvalidCredentials
--- PASS: TestLogin_UnknownUser_ReturnsInvalidCredentials (0.00s)
=== RUN   TestLogin_DisabledUser_ReturnsUserDisabled
2026/04/04 17:56:36 INFO localiam_bootstrap_complete username=admin must_change_password=true message="default admin/admin credentials created — change password on first login"
--- PASS: TestLogin_DisabledUser_ReturnsUserDisabled (0.06s)
=== RUN   TestResolveSession_ValidSession_ReturnsUser
2026/04/04 17:56:36 INFO localiam_bootstrap_complete username=admin must_change_password=true message="default admin/admin credentials created — change password on first login"
--- PASS: TestResolveSession_ValidSession_ReturnsUser (0.11s)
=== RUN   TestResolveSession_UnknownID_ReturnsNotFound
--- PASS: TestResolveSession_UnknownID_ReturnsNotFound (0.00s)
=== RUN   TestResolveSession_ExpiredSession_ReturnsNotFound
2026/04/04 17:56:36 INFO localiam_bootstrap_complete username=admin must_change_password=true message="default admin/admin credentials created — change password on first login"
--- PASS: TestResolveSession_ExpiredSession_ReturnsNotFound (0.11s)
=== RUN   TestLogout_InvalidatesSession
2026/04/04 17:56:36 INFO localiam_bootstrap_complete username=admin must_change_password=true message="default admin/admin credentials created — change password on first login"
--- PASS: TestLogout_InvalidatesSession (0.11s)
=== RUN   TestChangePassword_Success_ClearsMustChange
2026/04/04 17:56:37 INFO localiam_bootstrap_complete username=admin must_change_password=true message="default admin/admin credentials created — change password on first login"
--- PASS: TestChangePassword_Success_ClearsMustChange (0.17s)
=== RUN   TestChangePassword_WrongCurrent_ReturnsInvalidCredentials
2026/04/04 17:56:37 INFO localiam_bootstrap_complete username=admin must_change_password=true message="default admin/admin credentials created — change password on first login"
--- PASS: TestChangePassword_WrongCurrent_ReturnsInvalidCredentials (0.11s)
=== RUN   TestChangePassword_EmptyNew_ReturnsWeakPassword
2026/04/04 17:56:37 INFO localiam_bootstrap_complete username=admin must_change_password=true message="default admin/admin credentials created — change password on first login"
--- PASS: TestChangePassword_EmptyNew_ReturnsWeakPassword (0.06s)
=== RUN   TestChangePassword_AdminLiteral_ReturnsWeakPassword
2026/04/04 17:56:37 INFO localiam_bootstrap_complete username=admin must_change_password=true message="default admin/admin credentials created — change password on first login"
--- PASS: TestChangePassword_AdminLiteral_ReturnsWeakPassword (0.06s)
=== RUN   TestUserToPrincipal_SetsProviderAndFields
--- PASS: TestUserToPrincipal_SetsProviderAndFields (0.00s)
=== RUN   TestUserToPrincipal_RolesAreDefensiveCopy
--- PASS: TestUserToPrincipal_RolesAreDefensiveCopy (0.00s)
=== RUN   TestSeedDemoUser_CreatesUser_WhenAbsent
2026/04/04 17:56:37 INFO localiam_bootstrap_complete username=admin must_change_password=true message="default admin/admin credentials created — change password on first login"
2026/04/04 17:56:37 INFO localiam_demo_user_seeded username=demo roles=[platform.operator]
--- PASS: TestSeedDemoUser_CreatesUser_WhenAbsent (0.11s)
=== RUN   TestSeedDemoUser_NoOp_WhenUserExists
2026/04/04 17:56:37 INFO localiam_bootstrap_complete username=admin must_change_password=true message="default admin/admin credentials created — change password on first login"
2026/04/04 17:56:37 INFO localiam_demo_user_seeded username=demo roles=[platform.operator]
--- PASS: TestSeedDemoUser_NoOp_WhenUserExists (0.11s)
PASS
ok  	github.com/accept-io/midas/internal/localiam	1.366s
?   	github.com/accept-io/midas/internal/metrics	[no test files]
=== RUN   TestGoogle_HDClaim_StringWrapsToSlice
--- PASS: TestGoogle_HDClaim_StringWrapsToSlice (0.00s)
=== RUN   TestGoogle_HDClaim_Missing_ReturnsNil
--- PASS: TestGoogle_HDClaim_Missing_ReturnsNil (0.00s)
=== RUN   TestGoogle_EmailClaim_ExtractedAsUsername
--- PASS: TestGoogle_EmailClaim_ExtractedAsUsername (0.00s)
=== RUN   TestGoogle_MissingPreferredUsername_FallsBackToSubject
--- PASS: TestGoogle_MissingPreferredUsername_FallsBackToSubject (0.00s)
=== RUN   TestGoogle_BuildPrincipal_HDMapped_Success
2026/04/04 17:56:38 INFO oidc_principal_built subject=115977861111111111111 username=alice@example.com roles=[platform.admin]
--- PASS: TestGoogle_BuildPrincipal_HDMapped_Success (0.00s)
=== RUN   TestGoogle_BuildPrincipal_MissingHD_DenyIfNoRoles
2026/04/04 17:56:38 WARN oidc_no_roles_mapped subject=115977861111111111111 username=user@gmail.com groups=[]
--- PASS: TestGoogle_BuildPrincipal_MissingHD_DenyIfNoRoles (0.00s)
=== RUN   TestGoogle_BuildPrincipal_WrongDomain_DenyIfNoRoles
2026/04/04 17:56:38 WARN oidc_no_roles_mapped subject=999 username=user@other.com groups=[other.com]
--- PASS: TestGoogle_BuildPrincipal_WrongDomain_DenyIfNoRoles (0.00s)
=== RUN   TestGoogle_BuildPrincipal_AllowedGroups_DomainGating
2026/04/04 17:56:38 INFO oidc_principal_built subject=1 username=a@example.com roles=[platform.admin]
2026/04/04 17:56:38 WARN oidc_group_not_allowed subject=2 username=b@other.com
--- PASS: TestGoogle_BuildPrincipal_AllowedGroups_DomainGating (0.00s)
=== RUN   TestGoogle_BuildPrincipal_MultipleRoleMappings
2026/04/04 17:56:38 INFO oidc_principal_built subject=1 username=op@ops.example.com roles=[platform.operator]
--- PASS: TestGoogle_BuildPrincipal_MultipleRoleMappings (0.00s)
=== RUN   TestGoogle_PrincipalStructure_IdenticalToEntra
2026/04/04 17:56:38 INFO oidc_principal_built subject=entra-user-guid username=alice roles=[platform.admin]
2026/04/04 17:56:38 INFO oidc_principal_built subject=115977861111111111111 username=alice@example.com roles=[platform.admin]
--- PASS: TestGoogle_PrincipalStructure_IdenticalToEntra (0.00s)
=== RUN   TestGoogle_FullFlow_HappyPath
2026/04/04 17:56:38 INFO oidc_principal_built subject=115977861111111111111 username=alice@example.com roles=[platform.admin]
--- PASS: TestGoogle_FullFlow_HappyPath (0.00s)
=== RUN   TestGoogle_FullFlow_PersonalGmail_Rejected
2026/04/04 17:56:38 WARN oidc_no_roles_mapped subject=987654321 username=user@gmail.com groups=[]
--- PASS: TestGoogle_FullFlow_PersonalGmail_Rejected (0.00s)
=== RUN   TestGoogle_FullFlow_UnmappedDomain_Rejected
2026/04/04 17:56:38 WARN oidc_no_roles_mapped subject=111222333 username=user@partner.com groups=[partner.com]
--- PASS: TestGoogle_FullFlow_UnmappedDomain_Rejected (0.00s)
=== RUN   TestGoogle_RoleMapping_ExactDomainMatch
--- PASS: TestGoogle_RoleMapping_ExactDomainMatch (0.00s)
=== RUN   TestGoogle_RoleMapping_DomainCaseSensitive
--- PASS: TestGoogle_RoleMapping_DomainCaseSensitive (0.00s)
=== RUN   TestGoogle_RoleMapping_GovernanceRoleViaDomain
--- PASS: TestGoogle_RoleMapping_GovernanceRoleViaDomain (0.00s)
=== RUN   TestGoogle_UsePKCE_TrueByDefault
--- PASS: TestGoogle_UsePKCE_TrueByDefault (0.00s)
=== RUN   TestMapExternalRoles_BasicMapping
--- PASS: TestMapExternalRoles_BasicMapping (0.00s)
=== RUN   TestMapExternalRoles_UnknownGroupsIgnored
--- PASS: TestMapExternalRoles_UnknownGroupsIgnored (0.00s)
=== RUN   TestMapExternalRoles_EmptyGroups_ReturnsEmpty
--- PASS: TestMapExternalRoles_EmptyGroups_ReturnsEmpty (0.00s)
=== RUN   TestMapExternalRoles_EmptyMappings_ReturnsEmpty
--- PASS: TestMapExternalRoles_EmptyMappings_ReturnsEmpty (0.00s)
=== RUN   TestMapExternalRoles_Deduplication
--- PASS: TestMapExternalRoles_Deduplication (0.00s)
=== RUN   TestMapExternalRoles_MapsCanonicalThroughNormalize
--- PASS: TestMapExternalRoles_MapsCanonicalThroughNormalize (0.00s)
=== RUN   TestMapExternalRoles_DeterministicOrder
--- PASS: TestMapExternalRoles_DeterministicOrder (0.00s)
=== RUN   TestMapExternalRoles_ExactCaseMatch
--- PASS: TestMapExternalRoles_ExactCaseMatch (0.00s)
=== RUN   TestMapExternalRoles_GovernanceRoles
--- PASS: TestMapExternalRoles_GovernanceRoles (0.00s)
=== RUN   TestBuildPrincipal_Success
2026/04/04 17:56:38 INFO oidc_principal_built subject=user-123 username=alice roles=[platform.admin]
--- PASS: TestBuildPrincipal_Success (0.00s)
=== RUN   TestBuildPrincipal_DenyIfNoRoles
2026/04/04 17:56:38 WARN oidc_no_roles_mapped subject=user-456 username=bob groups=[some-unmapped-group]
--- PASS: TestBuildPrincipal_DenyIfNoRoles (0.00s)
=== RUN   TestBuildPrincipal_AllowNoRolesWhenFlagFalse
2026/04/04 17:56:38 INFO oidc_principal_built subject=user-789 username=charlie roles=[]
--- PASS: TestBuildPrincipal_AllowNoRolesWhenFlagFalse (0.00s)
=== RUN   TestBuildPrincipal_AllowedGroups_Denied
2026/04/04 17:56:38 WARN oidc_group_not_allowed subject=user-111 username=""
--- PASS: TestBuildPrincipal_AllowedGroups_Denied (0.00s)
=== RUN   TestBuildPrincipal_AllowedGroups_Allowed
2026/04/04 17:56:38 INFO oidc_principal_built subject=user-222 username="" roles=[platform.operator]
--- PASS: TestBuildPrincipal_AllowedGroups_Allowed (0.00s)
=== RUN   TestBuildPrincipal_AllowedGroups_Empty_AllowsAll
2026/04/04 17:56:38 INFO oidc_principal_built subject=user-333 username="" roles=[platform.viewer]
--- PASS: TestBuildPrincipal_AllowedGroups_Empty_AllowsAll (0.00s)
=== RUN   TestGenerateState_IsNonEmpty
--- PASS: TestGenerateState_IsNonEmpty (0.00s)
=== RUN   TestGenerateState_IsUnique
--- PASS: TestGenerateState_IsUnique (0.00s)
=== RUN   TestSetAndConsumeStateCookie
--- PASS: TestSetAndConsumeStateCookie (0.00s)
=== RUN   TestConsumeStateCookie_MissingCookie
--- PASS: TestConsumeStateCookie_MissingCookie (0.00s)
=== RUN   TestGeneratePKCE_VerifierAndChallengeFormat
--- PASS: TestGeneratePKCE_VerifierAndChallengeFormat (0.00s)
=== RUN   TestGeneratePKCE_IsUnique
--- PASS: TestGeneratePKCE_IsUnique (0.00s)
=== RUN   TestSetAndConsumePKCECookie
--- PASS: TestSetAndConsumePKCECookie (0.00s)
=== RUN   TestExtractStringSlice_ArrayValue
--- PASS: TestExtractStringSlice_ArrayValue (0.00s)
=== RUN   TestExtractStringSlice_StringValue
--- PASS: TestExtractStringSlice_StringValue (0.00s)
=== RUN   TestExtractStringSlice_MissingKey
--- PASS: TestExtractStringSlice_MissingKey (0.00s)
=== RUN   TestExtractStringSlice_EmptyStringsFiltered
--- PASS: TestExtractStringSlice_EmptyStringsFiltered (0.00s)
=== RUN   TestUsePKCE
--- PASS: TestUsePKCE (0.00s)
PASS
ok  	github.com/accept-io/midas/internal/oidc	0.010s
=== RUN   TestBuildDecisionCompletedEvent_ValidJSON
--- PASS: TestBuildDecisionCompletedEvent_ValidJSON (0.00s)
=== RUN   TestBuildDecisionCompletedEvent_EventVersion
--- PASS: TestBuildDecisionCompletedEvent_EventVersion (0.00s)
=== RUN   TestBuildDecisionCompletedEvent_TimestampPresent
--- PASS: TestBuildDecisionCompletedEvent_TimestampPresent (0.00s)
=== RUN   TestBuildDecisionCompletedEvent_FieldsPopulated
--- PASS: TestBuildDecisionCompletedEvent_FieldsPopulated (0.00s)
=== RUN   TestBuildDecisionEscalatedEvent_ValidJSON
--- PASS: TestBuildDecisionEscalatedEvent_ValidJSON (0.00s)
=== RUN   TestBuildDecisionEscalatedEvent_EventVersion
--- PASS: TestBuildDecisionEscalatedEvent_EventVersion (0.00s)
=== RUN   TestBuildDecisionEscalatedEvent_TimestampPresent
--- PASS: TestBuildDecisionEscalatedEvent_TimestampPresent (0.00s)
=== RUN   TestBuildDecisionEscalatedEvent_FieldsPopulated
--- PASS: TestBuildDecisionEscalatedEvent_FieldsPopulated (0.00s)
=== RUN   TestBuildDecisionReviewResolvedEvent_ValidJSON
--- PASS: TestBuildDecisionReviewResolvedEvent_ValidJSON (0.00s)
=== RUN   TestBuildDecisionReviewResolvedEvent_EventVersion
--- PASS: TestBuildDecisionReviewResolvedEvent_EventVersion (0.00s)
=== RUN   TestBuildDecisionReviewResolvedEvent_TimestampPresent
--- PASS: TestBuildDecisionReviewResolvedEvent_TimestampPresent (0.00s)
=== RUN   TestBuildDecisionReviewResolvedEvent_FieldsPopulated
--- PASS: TestBuildDecisionReviewResolvedEvent_FieldsPopulated (0.00s)
=== RUN   TestBuildSurfaceApprovedEvent_ValidJSON
--- PASS: TestBuildSurfaceApprovedEvent_ValidJSON (0.00s)
=== RUN   TestBuildSurfaceApprovedEvent_EventVersion
--- PASS: TestBuildSurfaceApprovedEvent_EventVersion (0.00s)
=== RUN   TestBuildSurfaceApprovedEvent_TimestampPresent
--- PASS: TestBuildSurfaceApprovedEvent_TimestampPresent (0.00s)
=== RUN   TestBuildSurfaceApprovedEvent_FieldsPopulated
--- PASS: TestBuildSurfaceApprovedEvent_FieldsPopulated (0.00s)
=== RUN   TestBuildDecisionCompletedEvent_EmptyFields_ValidJSON
--- PASS: TestBuildDecisionCompletedEvent_EmptyFields_ValidJSON (0.00s)
=== RUN   TestBuildDecisionEscalatedEvent_EmptyFields_ValidJSON
--- PASS: TestBuildDecisionEscalatedEvent_EmptyFields_ValidJSON (0.00s)
=== RUN   TestBuildDecisionReviewResolvedEvent_EmptyFields_ValidJSON
--- PASS: TestBuildDecisionReviewResolvedEvent_EmptyFields_ValidJSON (0.00s)
=== RUN   TestBuildSurfaceApprovedEvent_EmptyFields_ValidJSON
--- PASS: TestBuildSurfaceApprovedEvent_EmptyFields_ValidJSON (0.00s)
=== RUN   TestBuildSurfaceDeprecatedEvent_EmptyFields_ValidJSON
--- PASS: TestBuildSurfaceDeprecatedEvent_EmptyFields_ValidJSON (0.00s)
=== RUN   TestBuildSurfaceDeprecatedEvent_ValidJSON
--- PASS: TestBuildSurfaceDeprecatedEvent_ValidJSON (0.00s)
=== RUN   TestBuildSurfaceDeprecatedEvent_EventVersion
--- PASS: TestBuildSurfaceDeprecatedEvent_EventVersion (0.00s)
=== RUN   TestBuildSurfaceDeprecatedEvent_TimestampPresent
--- PASS: TestBuildSurfaceDeprecatedEvent_TimestampPresent (0.00s)
=== RUN   TestBuildSurfaceDeprecatedEvent_FieldsPopulated
--- PASS: TestBuildSurfaceDeprecatedEvent_FieldsPopulated (0.00s)
=== RUN   TestBuildDecisionOutcomeRecordedEvent_ValidJSON
--- PASS: TestBuildDecisionOutcomeRecordedEvent_ValidJSON (0.00s)
=== RUN   TestBuildDecisionOutcomeRecordedEvent_EnvelopeWrapper
--- PASS: TestBuildDecisionOutcomeRecordedEvent_EnvelopeWrapper (0.00s)
=== RUN   TestBuildDecisionOutcomeRecordedEvent_Payload
--- PASS: TestBuildDecisionOutcomeRecordedEvent_Payload (0.00s)
=== RUN   TestBuildDecisionOutcomeRecordedEvent_EmptyFields_ValidJSON
--- PASS: TestBuildDecisionOutcomeRecordedEvent_EmptyFields_ValidJSON (0.00s)
=== RUN   TestBuildDecisionEnvelopeClosedEvent_ValidJSON
--- PASS: TestBuildDecisionEnvelopeClosedEvent_ValidJSON (0.00s)
=== RUN   TestBuildDecisionEnvelopeClosedEvent_DirectClose_NoReview
--- PASS: TestBuildDecisionEnvelopeClosedEvent_DirectClose_NoReview (0.00s)
=== RUN   TestBuildDecisionEnvelopeClosedEvent_WithReview
--- PASS: TestBuildDecisionEnvelopeClosedEvent_WithReview (0.00s)
=== RUN   TestBuildDecisionEnvelopeClosedEvent_ReviewerKind_NoOmitEmpty
--- PASS: TestBuildDecisionEnvelopeClosedEvent_ReviewerKind_NoOmitEmpty (0.00s)
=== RUN   TestNew_PopulatesFields
--- PASS: TestNew_PopulatesFields (0.00s)
=== RUN   TestNew_NilPayload_NormalisedToEmptyObject
--- PASS: TestNew_NilPayload_NormalisedToEmptyObject (0.00s)
=== RUN   TestNew_InvalidPayload_ReturnsError
--- PASS: TestNew_InvalidPayload_ReturnsError (0.00s)
=== RUN   TestNew_EmptyEventType_ReturnsError
--- PASS: TestNew_EmptyEventType_ReturnsError (0.00s)
=== RUN   TestNew_EmptyAggregateType_ReturnsError
--- PASS: TestNew_EmptyAggregateType_ReturnsError (0.00s)
=== RUN   TestNew_EmptyAggregateID_ReturnsError
--- PASS: TestNew_EmptyAggregateID_ReturnsError (0.00s)
=== RUN   TestNew_EmptyTopic_ReturnsError
--- PASS: TestNew_EmptyTopic_ReturnsError (0.00s)
=== RUN   TestNew_ValidEmptyObjectPayload_Succeeds
--- PASS: TestNew_ValidEmptyObjectPayload_Succeeds (0.00s)
=== RUN   TestMemoryRepository_AppendAndListUnpublished
--- PASS: TestMemoryRepository_AppendAndListUnpublished (0.00s)
=== RUN   TestMemoryRepository_MarkPublished
--- PASS: TestMemoryRepository_MarkPublished (0.00s)
=== RUN   TestMemoryRepository_MarkPublished_NotFound
--- PASS: TestMemoryRepository_MarkPublished_NotFound (0.00s)
=== RUN   TestMemoryRepository_Append_NilEvent
--- PASS: TestMemoryRepository_Append_NilEvent (0.00s)
=== RUN   TestMemoryRepository_ListUnpublished_MixedState
--- PASS: TestMemoryRepository_ListUnpublished_MixedState (0.00s)
=== RUN   TestMemoryRepository_All
--- PASS: TestMemoryRepository_All (0.00s)
=== RUN   TestMemoryRepository_All_Empty
--- PASS: TestMemoryRepository_All_Empty (0.00s)
PASS
ok  	github.com/accept-io/midas/internal/outbox	0.010s
=== RUN   TestWithPrincipal_StoresAndRetrieves
--- PASS: TestWithPrincipal_StoresAndRetrieves (0.00s)
=== RUN   TestPrincipalFromContext_EmptyContext_ReturnsFalse
--- PASS: TestPrincipalFromContext_EmptyContext_ReturnsFalse (0.00s)
=== RUN   TestPrincipalFromContext_NilPrincipal_ReturnsFalse
--- PASS: TestPrincipalFromContext_NilPrincipal_ReturnsFalse (0.00s)
=== RUN   TestMustPrincipalFromContext_Present_ReturnsPrincipal
--- PASS: TestMustPrincipalFromContext_Present_ReturnsPrincipal (0.00s)
=== RUN   TestMustPrincipalFromContext_Absent_Panics
--- PASS: TestMustPrincipalFromContext_Absent_Panics (0.00s)
=== RUN   TestAuthenticate_NilAuthenticator_PassesThrough
--- PASS: TestAuthenticate_NilAuthenticator_PassesThrough (0.00s)
=== RUN   TestAuthenticate_ValidPrincipal_StoresInContext
--- PASS: TestAuthenticate_ValidPrincipal_StoresInContext (0.00s)
=== RUN   TestAuthenticate_Error_PassesThroughWithoutPrincipal
--- PASS: TestAuthenticate_Error_PassesThroughWithoutPrincipal (0.00s)
=== RUN   TestAuthenticate_NilPrincipalNilError_PassesThroughWithoutPrincipal
--- PASS: TestAuthenticate_NilPrincipalNilError_PassesThroughWithoutPrincipal (0.00s)
=== RUN   TestAuthenticate_DoesNotOverwriteExistingPrincipal
--- PASS: TestAuthenticate_DoesNotOverwriteExistingPrincipal (0.00s)
=== RUN   TestAuthenticate_ErrNoCredentials_PassesThrough
--- PASS: TestAuthenticate_ErrNoCredentials_PassesThrough (0.00s)
=== RUN   TestRequireAuthenticated_NoPrincipal_Returns401
--- PASS: TestRequireAuthenticated_NoPrincipal_Returns401 (0.00s)
=== RUN   TestRequireAuthenticated_WithPrincipal_CallsNext
--- PASS: TestRequireAuthenticated_WithPrincipal_CallsNext (0.00s)
=== RUN   TestRequireRole_ZeroRoles_Panics
--- PASS: TestRequireRole_ZeroRoles_Panics (0.00s)
=== RUN   TestRequireRole_NoPrincipal_Returns401
--- PASS: TestRequireRole_NoPrincipal_Returns401 (0.00s)
=== RUN   TestRequireRole_WrongRole_Returns403
--- PASS: TestRequireRole_WrongRole_Returns403 (0.00s)
=== RUN   TestRequireRole_CorrectRole_CallsNext
--- PASS: TestRequireRole_CorrectRole_CallsNext (0.00s)
=== RUN   TestRequireRole_MultiRole_AnyMatch_CallsNext
--- PASS: TestRequireRole_MultiRole_AnyMatch_CallsNext (0.00s)
=== RUN   TestRequireRole_CaseInsensitive_Matches
--- PASS: TestRequireRole_CaseInsensitive_Matches (0.00s)
=== RUN   TestMiddlewareChain_AuthenticateThenRequireRole
--- PASS: TestMiddlewareChain_AuthenticateThenRequireRole (0.00s)
=== RUN   TestMiddlewareChain_AuthFailThenRequireRole_Returns401
--- PASS: TestMiddlewareChain_AuthFailThenRequireRole_Returns401 (0.00s)
PASS
ok  	github.com/accept-io/midas/internal/platformauth	0.008s
?   	github.com/accept-io/midas/internal/policy	[no test files]
?   	github.com/accept-io/midas/internal/review	[no test files]
?   	github.com/accept-io/midas/internal/store	[no test files]
=== RUN   TestControlAuditRepo_AppendAndList
--- PASS: TestControlAuditRepo_AppendAndList (0.00s)
=== RUN   TestControlAuditRepo_AppendNilIsNoOp
--- PASS: TestControlAuditRepo_AppendNilIsNoOp (0.00s)
=== RUN   TestControlAuditRepo_ListNewestFirst
--- PASS: TestControlAuditRepo_ListNewestFirst (0.00s)
=== RUN   TestControlAuditRepo_FilterByResourceKind
--- PASS: TestControlAuditRepo_FilterByResourceKind (0.00s)
=== RUN   TestControlAuditRepo_FilterByResourceID
--- PASS: TestControlAuditRepo_FilterByResourceID (0.00s)
=== RUN   TestControlAuditRepo_FilterByActor
--- PASS: TestControlAuditRepo_FilterByActor (0.00s)
=== RUN   TestControlAuditRepo_FilterByAction
--- PASS: TestControlAuditRepo_FilterByAction (0.00s)
=== RUN   TestControlAuditRepo_LimitDefault
--- PASS: TestControlAuditRepo_LimitDefault (0.00s)
=== RUN   TestControlAuditRepo_LimitExplicit
--- PASS: TestControlAuditRepo_LimitExplicit (0.00s)
=== RUN   TestControlAuditRepo_LimitClampedToMax
--- PASS: TestControlAuditRepo_LimitClampedToMax (0.00s)
=== RUN   TestControlAuditRepo_EmptyFilterReturnsAll
--- PASS: TestControlAuditRepo_EmptyFilterReturnsAll (0.00s)
=== RUN   TestControlAuditRepo_DefensiveCopy
--- PASS: TestControlAuditRepo_DefensiveCopy (0.00s)
=== RUN   TestProfileRepo_MultiVersion_FindByID_ReturnsLatest
--- PASS: TestProfileRepo_MultiVersion_FindByID_ReturnsLatest (0.00s)
=== RUN   TestProfileRepo_MultiVersion_FindByIDAndVersion_ReturnsExact
--- PASS: TestProfileRepo_MultiVersion_FindByIDAndVersion_ReturnsExact (0.00s)
=== RUN   TestProfileRepo_MultiVersion_ListVersions_DescendingOrder
--- PASS: TestProfileRepo_MultiVersion_ListVersions_DescendingOrder (0.00s)
=== RUN   TestProfileRepo_MultiVersion_ListVersions_UnknownID_Empty
--- PASS: TestProfileRepo_MultiVersion_ListVersions_UnknownID_Empty (0.00s)
=== RUN   TestProfileRepo_MultiVersion_FindActiveAt_SelectsCorrectVersion
--- PASS: TestProfileRepo_MultiVersion_FindActiveAt_SelectsCorrectVersion (0.00s)
=== RUN   TestProfileRepo_MultiVersion_FindActiveAt_InactiveVersion_Excluded
--- PASS: TestProfileRepo_MultiVersion_FindActiveAt_InactiveVersion_Excluded (0.00s)
=== RUN   TestProfileRepo_MultiVersion_Update_MutatesCorrectVersion
--- PASS: TestProfileRepo_MultiVersion_Update_MutatesCorrectVersion (0.00s)
=== RUN   TestProfileRepo_MultiVersion_FindByID_Empty_ReturnsNil
--- PASS: TestProfileRepo_MultiVersion_FindByID_Empty_ReturnsNil (0.00s)
=== RUN   TestSurfaceRepo_MultiVersion_FindLatestByID_ReturnsLatest
--- PASS: TestSurfaceRepo_MultiVersion_FindLatestByID_ReturnsLatest (0.00s)
=== RUN   TestSurfaceRepo_MultiVersion_FindByIDVersion_ReturnsExact
--- PASS: TestSurfaceRepo_MultiVersion_FindByIDVersion_ReturnsExact (0.00s)
=== RUN   TestSurfaceRepo_MultiVersion_ListVersions_DescendingOrder
--- PASS: TestSurfaceRepo_MultiVersion_ListVersions_DescendingOrder (0.00s)
=== RUN   TestSurfaceRepo_MultiVersion_ListVersions_UnknownID_Empty
--- PASS: TestSurfaceRepo_MultiVersion_ListVersions_UnknownID_Empty (0.00s)
=== RUN   TestSurfaceRepo_MultiVersion_Create_DoesNotOverwrite
--- PASS: TestSurfaceRepo_MultiVersion_Create_DoesNotOverwrite (0.00s)
=== RUN   TestSurfaceRepo_MultiVersion_FindActiveAt_LatestIsReview_ReturnsOlderActive
--- PASS: TestSurfaceRepo_MultiVersion_FindActiveAt_LatestIsReview_ReturnsOlderActive (0.00s)
=== RUN   TestSurfaceRepo_MultiVersion_FindActiveAt_FutureEffectiveFrom_Excluded
--- PASS: TestSurfaceRepo_MultiVersion_FindActiveAt_FutureEffectiveFrom_Excluded (0.00s)
=== RUN   TestSurfaceRepo_MultiVersion_FindActiveAt_InactiveStatus_Excluded
--- PASS: TestSurfaceRepo_MultiVersion_FindActiveAt_InactiveStatus_Excluded (0.00s)
=== RUN   TestSurfaceRepo_MultiVersion_Update_MutatesCorrectVersion
--- PASS: TestSurfaceRepo_MultiVersion_Update_MutatesCorrectVersion (0.00s)
=== RUN   TestSurfaceRepo_MultiVersion_FindLatestByID_Empty_ReturnsNil
--- PASS: TestSurfaceRepo_MultiVersion_FindLatestByID_Empty_ReturnsNil (0.00s)
PASS
ok  	github.com/accept-io/midas/internal/store/memory	0.010s
=== RUN   TestControlAuditRepo_Postgres_AppendAndList
--- PASS: TestControlAuditRepo_Postgres_AppendAndList (0.10s)
=== RUN   TestControlAuditRepo_Postgres_ListNewestFirst
--- PASS: TestControlAuditRepo_Postgres_ListNewestFirst (0.06s)
=== RUN   TestControlAuditRepo_Postgres_FilterByResourceKind
--- PASS: TestControlAuditRepo_Postgres_FilterByResourceKind (0.07s)
=== RUN   TestControlAuditRepo_Postgres_FilterByResourceID
--- PASS: TestControlAuditRepo_Postgres_FilterByResourceID (0.06s)
=== RUN   TestControlAuditRepo_Postgres_FilterByActor
--- PASS: TestControlAuditRepo_Postgres_FilterByActor (0.06s)
=== RUN   TestControlAuditRepo_Postgres_FilterByAction
--- PASS: TestControlAuditRepo_Postgres_FilterByAction (0.06s)
=== RUN   TestControlAuditRepo_Postgres_NullableVersionAndMetadata
--- PASS: TestControlAuditRepo_Postgres_NullableVersionAndMetadata (0.06s)
=== RUN   TestControlAuditRepo_Postgres_AllActionConstants
--- PASS: TestControlAuditRepo_Postgres_AllActionConstants (0.07s)
=== RUN   TestControlAuditRepo_Postgres_LimitEnforced
--- PASS: TestControlAuditRepo_Postgres_LimitEnforced (0.07s)
=== RUN   TestGrantRepo_Create_GrantReasonRoundTrip
--- PASS: TestGrantRepo_Create_GrantReasonRoundTrip (0.05s)
=== RUN   TestGrantRepo_Update_SuspensionFieldsRoundTrip
--- PASS: TestGrantRepo_Update_SuspensionFieldsRoundTrip (0.06s)
=== RUN   TestGrantRepo_Update_RevocationFieldsRoundTrip
--- PASS: TestGrantRepo_Update_RevocationFieldsRoundTrip (0.06s)
=== RUN   TestGrantRepo_Update_ReinstateClears_SuspensionFields
--- PASS: TestGrantRepo_Update_ReinstateClears_SuspensionFields (0.06s)
=== RUN   TestOutboxRepo_AppendAndListUnpublished
--- PASS: TestOutboxRepo_AppendAndListUnpublished (0.11s)
=== RUN   TestOutboxRepo_MarkPublished
--- PASS: TestOutboxRepo_MarkPublished (0.11s)
=== RUN   TestOutboxRepo_MarkPublished_NotFound
--- PASS: TestOutboxRepo_MarkPublished_NotFound (0.05s)
=== RUN   TestOutboxRepo_TransactionRollbackLeavesNoRow
--- PASS: TestOutboxRepo_TransactionRollbackLeavesNoRow (0.11s)
=== RUN   TestOutboxRepo_ClaimUnpublished_ReturnsOnlyUnpublished
--- PASS: TestOutboxRepo_ClaimUnpublished_ReturnsOnlyUnpublished (0.16s)
=== RUN   TestOutboxRepo_ClaimUnpublished_OrderedByCreatedAtThenID
--- PASS: TestOutboxRepo_ClaimUnpublished_OrderedByCreatedAtThenID (0.19s)
=== RUN   TestOutboxRepo_ClaimUnpublished_AfterMarkPublished_NotReturned
--- PASS: TestOutboxRepo_ClaimUnpublished_AfterMarkPublished_NotReturned (0.13s)
=== RUN   TestOutboxRepo_ClaimUnpublished_UsesTransaction
--- PASS: TestOutboxRepo_ClaimUnpublished_UsesTransaction (0.11s)
=== RUN   TestOutboxRepo_TransactionCommitPersistsRow
--- PASS: TestOutboxRepo_TransactionCommitPersistsRow (0.12s)
=== RUN   TestStore_WithTx_CommitsOnSuccess
--- PASS: TestStore_WithTx_CommitsOnSuccess (0.07s)
=== RUN   TestStore_WithTx_RollsBackOnError
--- PASS: TestStore_WithTx_RollsBackOnError (0.06s)
=== RUN   TestSurfaceRepo_ProcessID_Persistence
=== RUN   TestSurfaceRepo_ProcessID_Persistence/with_process_id_round-trips_correctly
=== RUN   TestSurfaceRepo_ProcessID_Persistence/without_process_id_round-trips_as_empty
--- PASS: TestSurfaceRepo_ProcessID_Persistence (0.07s)
    --- PASS: TestSurfaceRepo_ProcessID_Persistence/with_process_id_round-trips_correctly (0.01s)
    --- PASS: TestSurfaceRepo_ProcessID_Persistence/without_process_id_round-trips_as_empty (0.00s)
=== RUN   TestSurfaceRepo_ProcessID_UpdateRoundTrip
--- PASS: TestSurfaceRepo_ProcessID_UpdateRoundTrip (0.06s)
PASS
ok  	github.com/accept-io/midas/internal/store/postgres	2.217s
?   	github.com/accept-io/midas/internal/store/sqltx	[no test files]
=== RUN   TestValidateLifecycleTransition
=== RUN   TestValidateLifecycleTransition/draft→review
=== RUN   TestValidateLifecycleTransition/draft→retired
=== RUN   TestValidateLifecycleTransition/review→active
=== RUN   TestValidateLifecycleTransition/review→draft
=== RUN   TestValidateLifecycleTransition/active→deprecated
=== RUN   TestValidateLifecycleTransition/deprecated→retired
=== RUN   TestValidateLifecycleTransition/draft→active
=== RUN   TestValidateLifecycleTransition/draft→deprecated
=== RUN   TestValidateLifecycleTransition/review→deprecated
=== RUN   TestValidateLifecycleTransition/review→retired
=== RUN   TestValidateLifecycleTransition/active→draft
=== RUN   TestValidateLifecycleTransition/active→review
=== RUN   TestValidateLifecycleTransition/active→retired
=== RUN   TestValidateLifecycleTransition/deprecated→active
=== RUN   TestValidateLifecycleTransition/deprecated→draft
=== RUN   TestValidateLifecycleTransition/deprecated→review
=== RUN   TestValidateLifecycleTransition/retired→draft
=== RUN   TestValidateLifecycleTransition/retired→review
=== RUN   TestValidateLifecycleTransition/retired→active
=== RUN   TestValidateLifecycleTransition/retired→deprecated
--- PASS: TestValidateLifecycleTransition (0.00s)
    --- PASS: TestValidateLifecycleTransition/draft→review (0.00s)
    --- PASS: TestValidateLifecycleTransition/draft→retired (0.00s)
    --- PASS: TestValidateLifecycleTransition/review→active (0.00s)
    --- PASS: TestValidateLifecycleTransition/review→draft (0.00s)
    --- PASS: TestValidateLifecycleTransition/active→deprecated (0.00s)
    --- PASS: TestValidateLifecycleTransition/deprecated→retired (0.00s)
    --- PASS: TestValidateLifecycleTransition/draft→active (0.00s)
    --- PASS: TestValidateLifecycleTransition/draft→deprecated (0.00s)
    --- PASS: TestValidateLifecycleTransition/review→deprecated (0.00s)
    --- PASS: TestValidateLifecycleTransition/review→retired (0.00s)
    --- PASS: TestValidateLifecycleTransition/active→draft (0.00s)
    --- PASS: TestValidateLifecycleTransition/active→review (0.00s)
    --- PASS: TestValidateLifecycleTransition/active→retired (0.00s)
    --- PASS: TestValidateLifecycleTransition/deprecated→active (0.00s)
    --- PASS: TestValidateLifecycleTransition/deprecated→draft (0.00s)
    --- PASS: TestValidateLifecycleTransition/deprecated→review (0.00s)
    --- PASS: TestValidateLifecycleTransition/retired→draft (0.00s)
    --- PASS: TestValidateLifecycleTransition/retired→review (0.00s)
    --- PASS: TestValidateLifecycleTransition/retired→active (0.00s)
    --- PASS: TestValidateLifecycleTransition/retired→deprecated (0.00s)
=== RUN   TestValidateLifecycleTransition_RetiredIsTerminal
--- PASS: TestValidateLifecycleTransition_RetiredIsTerminal (0.00s)
PASS
ok  	github.com/accept-io/midas/internal/surface	0.007s
?   	github.com/accept-io/midas/internal/value	[no test files]

[0;32m✓ Tests complete[0m
